01-01 12:05:50.881316  1613  2476 I dvm_lock_sample: [system_server,1,Binder_8,363,ActivityManagerService.java,17328,BroadcastQueue.java,738,72]
01-01 12:05:50.885044  1613  2474 I dvm_lock_sample: [system_server,0,Binder_6,6,ActivityManagerService.java,17374,-,17149,1]
01-01 12:05:50.887350  3360  3360 I dvm_lock_sample: [com.google.android.gms,1,main,502,:com.google.android.gms,119,Binder.java,-2,100]
01-01 12:05:51.095398  1613  1613 I notification_cancel: [10016,2512,com.android.systemui,2131361826,low_battery,-1,0,64,8,NULL]
01-01 12:05:51.095916  1613  1613 I notification_cancel: [10016,2512,com.android.systemui,20150528,low_battery,0,0,64,8,NULL]
01-01 12:05:51.096430  1613  1613 I notification_cancel: [1000,3554,com.asus.hardwarestub,2130837527,NULL,-1,0,0,8,NULL]
01-01 12:05:51.401229  1613  1647 I dvm_lock_sample: [system_server,1,android.ui,8,ActivityManagerService.java,4032,BroadcastQueue.java,738,1]
01-01 12:05:51.476453  1613  2472 I am_proc_start: [0,10423,1000,com.fw.upgrade.sysoper,broadcast,com.fw.upgrade.sysoper/com.adups.fota.sysoper.TaskReceiver]
01-01 12:05:51.477207  1613  1639 I dvm_lock_sample: [system_server,1,Binder_1,29,ActivityManagerService.java,7502,BroadcastQueue.java,738,5]
01-01 12:05:51.673163  1613  3159 I am_proc_bound: [0,10423,com.fw.upgrade.sysoper]
01-01 12:05:51.810000  3899  3899 I auditd  : type=1400 audit(0.0:412): avc: denied { search } for comm="GpuAppSpectator" name="9925" dev="proc" ino=59554 scontext=u:r:gas_srv:s0 tcontext=u:r:system_app:s0 tclass=dir permissive=0
01-01 12:05:51.960323  1613  2475 I dvm_lock_sample: [system_server,0,Binder_7,12,ActivityManagerService.java,1390,BroadcastQueue.java,738,2]
01-01 12:05:51.964930  1613  2475 I am_proc_died: [0,10423,com.fw.upgrade.sysoper]
01-01 12:05:52.780238  1613  3158 I dvm_lock_sample: [system_server,0,Binder_D,430,UserManagerService.java,441,PackageManagerService.java,5634,86]
01-01 12:05:52.785229  1613  2475 I dvm_lock_sample: [system_server,1,Binder_7,436,ActivityManagerService.java,7502,BroadcastQueue.java,738,87]
01-01 12:05:52.820000  3899  3899 I auditd  : type=1400 audit(0.0:413): avc: denied { search } for comm="GpuAppSpectator" name="9925" dev="proc" ino=59554 scontext=u:r:gas_srv:s0 tcontext=u:r:system_app:s0 tclass=dir permissive=0
01-01 12:05:53.670838  1613  3175 I am_proc_start: [0,10454,10123,com.asus.zencircle,broadcast,com.asus.zencircle/com.parse.GcmBroadcastReceiver]
01-01 12:05:53.820000  3899  3899 I auditd  : type=1400 audit(0.0:414): avc: denied { search } for comm="GpuAppSpectator" name="9925" dev="proc" ino=59554 scontext=u:r:gas_srv:s0 tcontext=u:r:system_app:s0 tclass=dir permissive=0
01-01 12:05:53.860387  1613  2477 I am_proc_bound: [0,10454,com.asus.zencircle]
01-01 12:05:54.788889  1613  2471 I am_kill : [0,9629,com.android.providers.calendar,15,empty #17]
01-01 12:05:54.820000  3899  3899 I auditd  : type=1400 audit(0.0:415): avc: denied { search } for comm="GpuAppSpectator" name="9925" dev="proc" ino=59554 scontext=u:r:gas_srv:s0 tcontext=u:r:system_app:s0 tclass=dir permissive=0
01-01 12:05:54.866178  1613  1647 I dvm_lock_sample: [system_server,1,android.ui,80,ActivityManagerService.java,4032,-,17374,16]
01-01 12:05:54.885819  1613  3175 I am_proc_died: [0,9629,com.android.providers.calendar]
01-01 12:05:55.554409  1613  2479 I dvm_lock_sample: [system_server,0,Binder_B,450,PackageManagerService.java,6744,-,5634,90]
01-01 12:05:55.555790  1613  1639 I dvm_lock_sample: [system_server,1,Binder_1,450,ActivityManagerService.java,17149,BroadcastQueue.java,738,90]
01-01 12:05:55.559139  1613  1640 I dvm_lock_sample: [system_server,1,Binder_2,452,ActivityManagerService.java,17346,BroadcastQueue.java,738,90]
01-01 12:05:55.560311  1613  1648 I dvm_lock_sample: [system_server,0,android.fg,162,ActivityManagerService.java,21451,BroadcastQueue.java,738,32]
01-01 12:05:55.713168  1613  1647 I dvm_lock_sample: [system_server,1,android.ui,38,ActivityManagerService.java,4032,-,10412,7]
01-01 12:05:55.745228  1613  1645 I am_pss  : [9925,1000,com.android.settings,53392384,48787456]
01-01 12:05:55.820000  3899  3899 I auditd  : type=1400 audit(0.0:416): avc: denied { search } for comm="GpuAppSpectator" name="9925" dev="proc" ino=59554 scontext=u:r:gas_srv:s0 tcontext=u:r:system_app:s0 tclass=dir permissive=0
01-01 12:05:55.831450  1613  2471 I am_proc_start: [0,10514,1000,com.fw.upgrade.sysoper,broadcast,com.fw.upgrade.sysoper/com.adups.fota.sysoper.TaskReceiver]
01-01 12:05:56.033245  1613  3158 I am_proc_bound: [0,10514,com.fw.upgrade.sysoper]
01-01 12:05:56.214805  1613  1645 I am_pss  : [6406,10092,com.mediatek.mtklogger,30163968,26292224]
01-01 12:05:56.308968  1613  3175 I am_proc_died: [0,10514,com.fw.upgrade.sysoper]
01-01 12:05:56.407409  1613  1613 I notification_cancel: [10083,9732,com.google.android.talk,8,com.google.android.talk:gmscore,0,0,64,8,NULL]
01-01 12:05:56.410062  1613  3158 I dvm_lock_sample: [system_server,0,Binder_D,54,ActivityManagerService.java,17374,-,17090,10]
01-01 12:05:56.543846  1613  3158 I dvm_lock_sample: [system_server,0,Binder_D,49,ActivityManagerService.java,17374,-,17090,9]
01-01 12:05:56.820000  3899  3899 I auditd  : type=1400 audit(0.0:417): avc: denied { search } for comm="GpuAppSpectator" name="9925" dev="proc" ino=59554 scontext=u:r:gas_srv:s0 tcontext=u:r:system_app:s0 tclass=dir permissive=0
01-01 12:05:57.077518  1613  2471 I dvm_lock_sample: [system_server,0,Binder_4,442,PackageManagerService.java,6744,-,5634,88]
01-01 12:05:57.078093  1613  3328 I dvm_lock_sample: [system_server,1,Binder_10,439,UserManagerService.java,441,PackageManagerService.java,5634,87]
01-01 12:05:57.085668  1613  1647 I dvm_lock_sample: [system_server,1,android.ui,6,ActivityManagerService.java,4032,-,21160,1]
01-01 12:05:57.472250  1613  3012 I am_proc_start: [0,10543,10003,com.asus.appinstallationservice,broadcast,com.asus.appinstallationservice/.AppUpdaterEventReceiver]
01-01 12:05:57.475943  1613  1640 I dvm_lock_sample: [system_server,1,Binder_2,30,ActivityManagerService.java,10970,BroadcastQueue.java,738,6]
01-01 12:05:57.699751  1613  1640 I am_proc_bound: [0,10543,com.asus.appinstallationservice]
01-01 12:05:57.820000  3899  3899 I auditd  : type=1400 audit(0.0:418): avc: denied { search } for comm="GpuAppSpectator" name="9925" dev="proc" ino=59554 scontext=u:r:gas_srv:s0 tcontext=u:r:system_app:s0 tclass=dir permissive=0
01-01 12:05:57.947992  1613  1640 I dvm_lock_sample: [system_server,1,Binder_2,247,PackageManagerService.java,5862,-,5634,49]
01-01 12:05:58.423802  1613  2474 I am_kill : [0,10222,com.asus.deskclock:main,15,empty #17]
01-01 12:05:58.488502  1613  3159 I dvm_lock_sample: [system_server,1,Binder_E,68,ActivityManagerService.java,7502,BroadcastQueue.java,738,13]
01-01 12:05:58.503353  1613  3158 I am_proc_died: [0,10222,com.asus.deskclock:main]
01-01 12:05:58.609600  1613  2476 I am_proc_start: [0,10569,1000,com.asus.dm,broadcast,com.asus.dm/.BootCompletedReceiver]
01-01 12:05:58.819712  1613  2475 I am_proc_bound: [0,10569,com.asus.dm]
01-01 12:05:58.830000  3899  3899 I auditd  : type=1400 audit(0.0:419): avc: denied { search } for comm="GpuAppSpectator" name="9925" dev="proc" ino=59554 scontext=u:r:gas_srv:s0 tcontext=u:r:system_app:s0 tclass=dir permissive=0
01-01 12:05:59.008671  1613  2474 I am_kill : [0,10259,com.asus.appmanager,15,empty #17]
01-01 12:05:59.085506  1613  3158 I am_proc_died: [0,10259,com.asus.appmanager]
01-01 12:05:59.830000  3899  3899 I auditd  : type=1400 audit(0.0:420): avc: denied { search } for comm="GpuAppSpectator" name="9925" dev="proc" ino=59554 scontext=u:r:gas_srv:s0 tcontext=u:r:system_app:s0 tclass=dir permissive=0
01-01 12:06:00.830000  3899  3899 I auditd  : type=1400 audit(0.0:421): avc: denied { search } for comm="GpuAppSpectator" name="9925" dev="proc" ino=59554 scontext=u:r:gas_srv:s0 tcontext=u:r:system_app:s0 tclass=dir permissive=0
01-01 12:06:01.156220  1613  1613 I notification_cancel: [10016,2512,com.android.systemui,2131361826,low_battery,-1,0,64,8,NULL]
01-01 12:06:01.156691  1613  1613 I notification_cancel: [10016,2512,com.android.systemui,20150528,low_battery,0,0,64,8,NULL]
01-01 12:06:01.157123  1613  1613 I notification_cancel: [1000,3554,com.asus.hardwarestub,2130837527,NULL,-1,0,0,8,NULL]
01-01 12:06:01.160228  1613  3158 I dvm_lock_sample: [system_server,1,Binder_D,36,ActivityManagerService.java,22208,BroadcastQueue.java,738,7]
01-01 12:06:01.830000  3899  3899 I auditd  : type=1400 audit(0.0:422): avc: denied { search } for comm="GpuAppSpectator" name="9925" dev="proc" ino=59554 scontext=u:r:gas_srv:s0 tcontext=u:r:system_app:s0 tclass=dir permissive=0
01-01 12:06:02.182896  1613  3328 I am_kill : [0,10306,com.asus.microfilm,15,empty #17]
01-01 12:06:02.235285  1613  3158 I am_proc_died: [0,10306,com.asus.microfilm]
01-01 12:06:02.840000  3899  3899 I auditd  : type=1400 audit(0.0:423): avc: denied { search } for comm="GpuAppSpectator" name="9925" dev="proc" ino=59554 scontext=u:r:gas_srv:s0 tcontext=u:r:system_app:s0 tclass=dir permissive=0
01-01 12:06:03.605439  1613  3012 I am_kill : [0,8915,android.process.media,15,empty #17]
01-01 12:06:03.676630  1613  3175 I am_proc_died: [0,8915,android.process.media]
01-01 12:06:03.840000  3899  3899 I auditd  : type=1400 audit(0.0:424): avc: denied { search } for comm="GpuAppSpectator" name="9925" dev="proc" ino=59554 scontext=u:r:gas_srv:s0 tcontext=u:r:system_app:s0 tclass=dir permissive=0
01-01 12:06:04.840000  3899  3899 I auditd  : type=1400 audit(0.0:425): avc: denied { search } for comm="GpuAppSpectator" name="9925" dev="proc" ino=59554 scontext=u:r:gas_srv:s0 tcontext=u:r:system_app:s0 tclass=dir permissive=0
01-01 12:06:05.850000  3899  3899 I auditd  : type=1400 audit(0.0:426): avc: denied { search } for comm="GpuAppSpectator" name="9925" dev="proc" ino=59554 scontext=u:r:gas_srv:s0 tcontext=u:r:system_app:s0 tclass=dir permissive=0
01-01 12:06:06.850000  3899  3899 I auditd  : type=1400 audit(0.0:427): avc: denied { search } for comm="GpuAppSpectator" name="9925" dev="proc" ino=59554 scontext=u:r:gas_srv:s0 tcontext=u:r:system_app:s0 tclass=dir permissive=0
01-01 12:06:07.860000  3899  3899 I auditd  : type=1400 audit(0.0:428): avc: denied { search } for comm="GpuAppSpectator" name="9925" dev="proc" ino=59554 scontext=u:r:gas_srv:s0 tcontext=u:r:system_app:s0 tclass=dir permissive=0
01-01 12:06:08.860000  3899  3899 I auditd  : type=1400 audit(0.0:429): avc: denied { search } for comm="GpuAppSpectator" name="9925" dev="proc" ino=59554 scontext=u:r:gas_srv:s0 tcontext=u:r:system_app:s0 tclass=dir permissive=0
01-01 12:06:09.860000  3899  3899 I auditd  : type=1400 audit(0.0:430): avc: denied { search } for comm="GpuAppSpectator" name="9925" dev="proc" ino=59554 scontext=u:r:gas_srv:s0 tcontext=u:r:system_app:s0 tclass=dir permissive=0
01-01 12:06:10.860000  3899  3899 I auditd  : type=1400 audit(0.0:431): avc: denied { search } for comm="GpuAppSpectator" name="9925" dev="proc" ino=59554 scontext=u:r:gas_srv:s0 tcontext=u:r:system_app:s0 tclass=dir permissive=0
01-01 12:06:11.119934  1613  1613 I notification_cancel: [10016,2512,com.android.systemui,2131361826,low_battery,-1,0,64,8,NULL]
01-01 12:06:11.120450  1613  1613 I notification_cancel: [10016,2512,com.android.systemui,20150528,low_battery,0,0,64,8,NULL]
01-01 12:06:11.122051  1613  1613 I notification_cancel: [1000,3554,com.asus.hardwarestub,2130837527,NULL,-1,0,0,8,NULL]
01-01 12:06:11.860000  3899  3899 I auditd  : type=1400 audit(0.0:432): avc: denied { search } for comm="GpuAppSpectator" name="9925" dev="proc" ino=59554 scontext=u:r:gas_srv:s0 tcontext=u:r:system_app:s0 tclass=dir permissive=0
01-01 12:06:12.788427  1613  1643 I am_home_stack_moved: [0,0,2,2,sourceStackToFront]
01-01 12:06:12.788748  1613  1643 I wm_task_moved: [10,1,0]
01-01 12:06:12.794710  1613  1643 I am_create_activity: [0,44936772,10,com.android.settings/.SubSettings,android.intent.action.MAIN,NULL,NULL,0]
01-01 12:06:12.796969  1613  1643 I am_pause_activity: [0,25494689,com.android.settings/.Settings]
01-01 12:06:12.801803  1613  1643 I am_home_stack_moved: [0,0,2,2,startedActivity setFocusedActivity]
01-01 12:06:12.802009  1613  1643 I wm_task_moved: [10,1,0]
01-01 12:06:12.808956  1613  1643 I am_focused_activity: [0,com.android.settings/.SubSettings]
01-01 12:06:12.823382  9925  9925 I sysui_view_visibility: [35,0]
01-01 12:06:12.824582  9925  9925 I sysui_view_visibility: [1,0]
01-01 12:06:12.830582  9925  9925 I am_on_paused_called: [0,com.android.settings.Settings]
01-01 12:06:12.839990  1613  2479 I am_restart_activity: [0,44936772,10,com.android.settings/.SubSettings]
01-01 12:06:12.870000  3899  3899 I auditd  : type=1400 audit(0.0:433): avc: denied { search } for comm="GpuAppSpectator" name="9925" dev="proc" ino=59554 scontext=u:r:gas_srv:s0 tcontext=u:r:system_app:s0 tclass=dir permissive=0
01-01 12:06:12.884931  1613  1645 I am_pss  : [10196,10017,com.asus.task,10724352,8572928]
01-01 12:06:13.090644  9925  9925 I sysui_view_visibility: [87,100]
01-01 12:06:13.160632  9925  9925 I am_on_resume_called: [0,com.android.settings.SubSettings]
01-01 12:06:13.180000   268   268 I auditd  : type=1400 audit(0.0:434): avc: granted { read write } for comm="vold" name="mmcblk0p22" dev="tmpfs" ino=3527 scontext=u:r:vold:s0 tcontext=u:object_r:block_device:s0 tclass=blk_file
01-01 12:06:13.180000   268   268 I auditd  : type=1400 audit(0.0:435): avc: granted { read write open } for comm="vold" path="/dev/block/mmcblk0p22" dev="tmpfs" ino=3527 scontext=u:r:vold:s0 tcontext=u:object_r:block_device:s0 tclass=blk_file
01-01 12:06:13.180000   268   268 I auditd  : type=1400 audit(0.0:436): avc: granted { getattr } for comm="vold" path="/dev/block/mmcblk0p22" dev="tmpfs" ino=3527 scontext=u:r:vold:s0 tcontext=u:object_r:block_device:s0 tclass=blk_file
01-01 12:06:13.190000   268   268 I auditd  : type=1400 audit(0.0:437): avc: granted { read write } for comm="vold" name="mmcblk0p22" dev="tmpfs" ino=3527 scontext=u:r:vold:s0 tcontext=u:object_r:block_device:s0 tclass=blk_file
01-01 12:06:13.190000   268   268 I auditd  : type=1400 audit(0.0:438): avc: granted { read write open } for comm="vold" path="/dev/block/mmcblk0p22" dev="tmpfs" ino=3527 scontext=u:r:vold:s0 tcontext=u:object_r:block_device:s0 tclass=blk_file
01-01 12:06:13.190000   268   268 I auditd  : type=1400 audit(0.0:439): avc: granted { getattr } for comm="vold" path="/dev/block/mmcblk0p22" dev="tmpfs" ino=3527 scontext=u:r:vold:s0 tcontext=u:object_r:block_device:s0 tclass=blk_file
01-01 12:06:13.505303  1613  1651 I am_activity_launch_time: [0,44936772,com.android.settings/.SubSettings,673,673]
01-01 12:06:13.723405   256   256 I sf_frame_dur: [com.android.settings/com.android.settings.Settings,294,6,1,1,6,1,2]
01-01 12:06:13.870000  3899  3899 I auditd  : type=1400 audit(0.0:440): avc: denied { search } for comm="GpuAppSpectator" name="9925" dev="proc" ino=59554 scontext=u:r:gas_srv:s0 tcontext=u:r:system_app:s0 tclass=dir permissive=0
01-01 12:06:14.870000  3899  3899 I auditd  : type=1400 audit(0.0:441): avc: denied { search } for comm="GpuAppSpectator" name="9925" dev="proc" ino=59554 scontext=u:r:gas_srv:s0 tcontext=u:r:system_app:s0 tclass=dir permissive=0
01-01 12:06:15.870000  3899  3899 I auditd  : type=1400 audit(0.0:442): avc: denied { search } for comm="GpuAppSpectator" name="9925" dev="proc" ino=59554 scontext=u:r:gas_srv:s0 tcontext=u:r:system_app:s0 tclass=dir permissive=0
01-01 12:06:15.967052   256   256 I sf_frame_dur: [com.android.settings/com.android.settings.SubSettings,2,1,0,0,0,1,0]
01-01 12:06:16.870000  3899  3899 I auditd  : type=1400 audit(0.0:443): avc: denied { search } for comm="GpuAppSpectator" name="9925" dev="proc" ino=59554 scontext=u:r:gas_srv:s0 tcontext=u:r:system_app:s0 tclass=dir permissive=0
01-01 12:06:16.966243  1613  2477 I am_finish_activity: [0,44936772,10,com.android.settings/.SubSettings,app-request]
01-01 12:06:16.968388  1613  2477 I am_home_stack_moved: [0,0,2,2,finishActivity adjustFocus setFocusedActivity]
01-01 12:06:16.968645  1613  2477 I wm_task_moved: [10,1,0]
01-01 12:06:16.980465  1613  2477 I am_focused_activity: [0,com.android.settings/.Settings]
01-01 12:06:16.982706  1613  2477 I am_pause_activity: [0,44936772,com.android.settings/.SubSettings]
01-01 12:06:16.988573  9925  9925 I sysui_view_visibility: [87,0]
01-01 12:06:16.998992  9925  9925 I am_on_paused_called: [0,com.android.settings.SubSettings]
01-01 12:06:17.011095  1613  1639 I am_resume_activity: [0,25494689,10,com.android.settings/.Settings]
01-01 12:06:17.022067  9925  9925 I sysui_view_visibility: [1,100]
01-01 12:06:17.049048  9925  9925 I sysui_view_visibility: [35,100]
01-01 12:06:17.051940  1613  1645 I am_pss  : [10337,10066,com.android.chrome,13345792,8142848]
01-01 12:06:17.082268  1613  1645 I am_pss  : [10275,10000,com.asus.collage,16632832,10489856]
01-01 12:06:17.084079  9925  9925 I am_on_resume_called: [0,com.android.settings.Settings]
01-01 12:06:17.870000  3899  3899 I auditd  : type=1400 audit(0.0:444): avc: denied { search } for comm="GpuAppSpectator" name="9925" dev="proc" ino=59554 scontext=u:r:gas_srv:s0 tcontext=u:r:system_app:s0 tclass=dir permissive=0
01-01 12:06:17.938016  1613  1651 I am_activity_launch_time: [0,25494689,com.android.settings/.Settings,922,922]
01-01 12:06:18.195082  1613  1646 I am_destroy_activity: [0,44936772,10,com.android.settings/.SubSettings,finish-imm]
01-01 12:06:18.209905   256   256 I sf_frame_dur: [com.android.settings/com.android.settings.SubSettings,53,5,1,0,0,1,0]
01-01 12:06:18.880000  3899  3899 I auditd  : type=1400 audit(0.0:445): avc: denied { search } for comm="GpuAppSpectator" name="9925" dev="proc" ino=59554 scontext=u:r:gas_srv:s0 tcontext=u:r:system_app:s0 tclass=dir permissive=0
01-01 12:06:19.880000  3899  3899 I auditd  : type=1400 audit(0.0:446): avc: denied { search } for comm="GpuAppSpectator" name="9925" dev="proc" ino=59554 scontext=u:r:gas_srv:s0 tcontext=u:r:system_app:s0 tclass=dir permissive=0
01-01 12:06:20.890000  3899  3899 I auditd  : type=1400 audit(0.0:447): avc: denied { search } for comm="GpuAppSpectator" name="9925" dev="proc" ino=59554 scontext=u:r:gas_srv:s0 tcontext=u:r:system_app:s0 tclass=dir permissive=0
01-01 12:06:21.900000  3899  3899 I auditd  : type=1400 audit(0.0:448): avc: denied { search } for comm="GpuAppSpectator" name="9925" dev="proc" ino=59554 scontext=u:r:gas_srv:s0 tcontext=u:r:system_app:s0 tclass=dir permissive=0
01-01 12:06:22.910000  3899  3899 I auditd  : type=1400 audit(0.0:449): avc: denied { search } for comm="GpuAppSpectator" name="9925" dev="proc" ino=59554 scontext=u:r:gas_srv:s0 tcontext=u:r:system_app:s0 tclass=dir permissive=0
01-01 12:06:23.086768  1613  1645 I am_pss  : [4858,10007,com.asus.contacts,15976448,13799424]
01-01 12:06:23.112460  1613  1645 I am_pss  : [9752,10021,android.process.acore,14559232,12222464]
01-01 12:06:23.910000  3899  3899 I auditd  : type=1400 audit(0.0:450): avc: denied { search } for comm="GpuAppSpectator" name="9925" dev="proc" ino=59554 scontext=u:r:gas_srv:s0 tcontext=u:r:system_app:s0 tclass=dir permissive=0
01-01 12:06:24.910000  3899  3899 I auditd  : type=1400 audit(0.0:451): avc: denied { search } for comm="GpuAppSpectator" name="9925" dev="proc" ino=59554 scontext=u:r:gas_srv:s0 tcontext=u:r:system_app:s0 tclass=dir permissive=0
01-01 12:06:25.910000  3899  3899 I auditd  : type=1400 audit(0.0:452): avc: denied { search } for comm="GpuAppSpectator" name="9925" dev="proc" ino=59554 scontext=u:r:gas_srv:s0 tcontext=u:r:system_app:s0 tclass=dir permissive=0
01-01 12:06:26.085402  1613  1645 I am_pss  : [8609,10036,com.android.vending,21831680,19578880]
01-01 12:06:26.131757  1613  1613 I notification_cancel: [10096,9413,com.google.android.music,10436,NULL,0,0,64,8,NULL]
01-01 12:06:26.140616  1613  1645 I am_pss  : [7064,10029,com.google.process.gapps,9598976,7458816]
01-01 12:06:26.910000  3899  3899 I auditd  : type=1400 audit(0.0:453): avc: denied { search } for comm="GpuAppSpectator" name="9925" dev="proc" ino=59554 scontext=u:r:gas_srv:s0 tcontext=u:r:system_app:s0 tclass=dir permissive=0
01-01 12:06:27.920000  3899  3899 I auditd  : type=1400 audit(0.0:454): avc: denied { search } for comm="GpuAppSpectator" name="9925" dev="proc" ino=59554 scontext=u:r:gas_srv:s0 tcontext=u:r:system_app:s0 tclass=dir permissive=0
01-01 12:06:28.056039  1613  1645 I am_pss  : [10543,10003,com.asus.appinstallationservice,10815488,8679424]
01-01 12:06:28.084481  1613  1645 I am_pss  : [8385,10042,com.google.android.googlequicksearchbox:search,32136192,27590656]
01-01 12:06:28.112448  1613  1645 I am_pss  : [10355,10106,com.google.android.apps.photos,24650752,19046400]
01-01 12:06:28.920000  3899  3899 I auditd  : type=1400 audit(0.0:455): avc: denied { search } for comm="GpuAppSpectator" name="9925" dev="proc" ino=59554 scontext=u:r:gas_srv:s0 tcontext=u:r:system_app:s0 tclass=dir permissive=0
01-01 12:06:29.109300  1613  1645 I am_pss  : [10454,10123,com.asus.zencircle,23910400,21590016]
01-01 12:06:29.930000  3899  3899 I auditd  : type=1400 audit(0.0:456): avc: denied { search } for comm="GpuAppSpectator" name="9925" dev="proc" ino=59554 scontext=u:r:gas_srv:s0 tcontext=u:r:system_app:s0 tclass=dir permissive=0
01-01 12:06:30.940000  3899  3899 I auditd  : type=1400 audit(0.0:457): avc: denied { search } for comm="GpuAppSpectator" name="9925" dev="proc" ino=59554 scontext=u:r:gas_srv:s0 tcontext=u:r:system_app:s0 tclass=dir permissive=0
01-01 12:06:31.456099  1613  1645 I am_pss  : [10145,10079,com.google.android.gm,19482624,17211392]
01-01 12:06:31.930000  3899  3899 I auditd  : type=1400 audit(0.0:458): avc: denied { search } for comm="GpuAppSpectator" name="9925" dev="proc" ino=59554 scontext=u:r:gas_srv:s0 tcontext=u:r:system_app:s0 tclass=dir permissive=0
01-01 12:06:32.940000  3899  3899 I auditd  : type=1400 audit(0.0:459): avc: denied { search } for comm="GpuAppSpectator" name="9925" dev="proc" ino=59554 scontext=u:r:gas_srv:s0 tcontext=u:r:system_app:s0 tclass=dir permissive=0
01-01 12:06:33.940000  3899  3899 I auditd  : type=1400 audit(0.0:460): avc: denied { search } for comm="GpuAppSpectator" name="9925" dev="proc" ino=59554 scontext=u:r:gas_srv:s0 tcontext=u:r:system_app:s0 tclass=dir permissive=0
01-01 12:06:34.950000  3899  3899 I auditd  : type=1400 audit(0.0:461): avc: denied { search } for comm="GpuAppSpectator" name="9925" dev="proc" ino=59554 scontext=u:r:gas_srv:s0 tcontext=u:r:system_app:s0 tclass=dir permissive=0
01-01 12:06:35.960000  3899  3899 I auditd  : type=1400 audit(0.0:462): avc: denied { search } for comm="GpuAppSpectator" name="9925" dev="proc" ino=59554 scontext=u:r:gas_srv:s0 tcontext=u:r:system_app:s0 tclass=dir permissive=0
01-01 12:06:36.655130  1613  2478 I am_home_stack_moved: [0,1,0,0,startingNewTask]
01-01 12:06:36.655307  1613  2478 I wm_task_moved: [4,1,0]
01-01 12:06:36.661885  1613  2478 I am_create_task: [0,11]
01-01 12:06:36.662445  1613  2478 I am_create_activity: [0,111343336,11,com.android.systemui/.recents.RecentsActivity,com.android.systemui.recents.SHOW_RECENTS,NULL,NULL,276840448]
01-01 12:06:36.663205  1613  2478 I wm_task_created: [11,0]
01-01 12:06:36.663367  1613  2478 I wm_task_moved: [11,1,1]
01-01 12:06:36.687023  1613  2478 I am_pause_activity: [0,25494689,com.android.settings/.Settings]
01-01 12:06:36.688448  9925  9925 I sysui_view_visibility: [35,0]
01-01 12:06:36.702222  1613  2478 I am_restart_activity: [0,111343336,11,com.android.systemui/.recents.RecentsActivity]
01-01 12:06:36.709804  1613  2478 I am_home_stack_moved: [0,1,0,0,startedActivity setFocusedActivity]
01-01 12:06:36.709998  1613  2478 I wm_task_moved: [11,1,1]
01-01 12:06:36.716036  1613  2478 I am_focused_activity: [0,com.android.systemui/.recents.RecentsActivity]
01-01 12:06:36.716541  1613  1646 I dvm_lock_sample: [system_server,1,ActivityManager,24,ActivityStackSupervisor.java,4551,-,1071,4]
01-01 12:06:36.716750  9925  9925 I sysui_view_visibility: [1,0]
01-01 12:06:36.738126  9925  9925 I am_on_paused_called: [0,com.android.settings.Settings]
01-01 12:06:36.816603  1613  1645 I am_pss  : [4665,10013,com.asus.launcher,93667328,83652608]
01-01 12:06:36.820420  2512  2512 I sysui_view_visibility: [224,100]
01-01 12:06:36.847308  1613  1645 I am_pss  : [9732,10083,com.google.android.talk,31453184,27893760]
01-01 12:06:36.956861  2512  2512 I sysui_count: [overview_trigger_nav_btn,1]
01-01 12:06:36.956963  2512  2512 I sysui_count: [overview_source_app,1]
01-01 12:06:36.957025  2512  2512 I sysui_histogram: [overview_source_app_index,0]
01-01 12:06:36.957095  2512  2512 I sysui_histogram: [overview_task_count,2]
01-01 12:06:36.950000  3899  3899 I auditd  : type=1400 audit(0.0:463): avc: denied { search } for comm="GpuAppSpectator" name="9925" dev="proc" ino=59554 scontext=u:r:gas_srv:s0 tcontext=u:r:system_app:s0 tclass=dir permissive=0
01-01 12:06:37.109825  2512  2512 I am_on_resume_called: [0,com.android.systemui.recents.RecentsActivity]
01-01 12:06:37.332497  1613  2479 I dvm_lock_sample: [system_server,0,Binder_B,23,WindowManagerService.java,11602,-,8255,4]
01-01 12:06:37.332709  1613  1651 I am_activity_launch_time: [0,111343336,com.android.systemui/.recents.RecentsActivity,638,638]
01-01 12:06:37.706779   256   256 I sf_frame_dur: [com.android.settings/com.android.settings.Settings,180,2,0,0,1,0,1]
01-01 12:06:37.960000  3899  3899 I auditd  : type=1400 audit(0.0:464): avc: denied { search } for comm="GpuAppSpectator" name="9925" dev="proc" ino=59554 scontext=u:r:gas_srv:s0 tcontext=u:r:system_app:s0 tclass=dir permissive=0
01-01 12:06:38.194593  2512  2512 I sysui_histogram: [overview_task_launch_index,1]
01-01 12:06:38.203321  1613  3159 I am_home_stack_moved: [0,0,2,2,inTaskToFront setFocusedActivity]
01-01 12:06:38.206262  1613  3159 I am_focused_activity: [0,com.android.settings/.Settings]
01-01 12:06:38.208202  1613  3159 I am_pause_activity: [0,111343336,com.android.systemui/.recents.RecentsActivity]
01-01 12:06:38.212545  1613  3159 I am_task_to_front: [0,5]
01-01 12:06:38.212993  1613  3159 I am_home_stack_moved: [0,0,2,2,inTaskToFront]
01-01 12:06:38.213165  1613  3159 I am_create_activity: [0,234813609,5,com.mediatek.mtklogger/.MainActivity,NULL,NULL,NULL,-1877999616]
01-01 12:06:38.213974  1613  3159 I wm_task_created: [5,2]
01-01 12:06:38.214124  1613  3159 I wm_task_moved: [5,1,1]
01-01 12:06:38.215230  1613  3159 I am_home_stack_moved: [0,0,2,2,startedActivity setFocusedActivity]
01-01 12:06:38.215397  1613  3159 I wm_task_moved: [5,1,1]
01-01 12:06:38.223023  1613  3159 I am_focused_activity: [0,com.mediatek.mtklogger/.MainActivity]
01-01 12:06:38.231356  2512  2512 I am_on_paused_called: [0,com.android.systemui.recents.RecentsActivity]
01-01 12:06:38.247259  1613  2477 I am_restart_activity: [0,234813609,5,com.mediatek.mtklogger/.MainActivity]
01-01 12:06:38.363666  6406  6406 I am_on_resume_called: [0,com.mediatek.mtklogger.MainActivity]
01-01 12:06:38.411335  1613  1651 I dvm_lock_sample: [system_server,1,android.display,10,WindowAnimator.java,134,WindowManagerService.java,3334,2]
01-01 12:06:38.554429  1613  1651 I am_activity_launch_time: [0,234813609,com.mediatek.mtklogger/.MainActivity,320,320]
01-01 12:06:38.911581  2512  2512 I sysui_view_visibility: [224,0]
01-01 12:06:38.911964   256   256 I sf_frame_dur: [com.android.systemui/com.android.systemui.recents.RecentsActivity,26,3,2,0,0,0,0]
01-01 12:06:41.110244  1613  1613 I notification_cancel: [10016,2512,com.android.systemui,2131361826,low_battery,-1,0,64,8,NULL]
01-01 12:06:41.110796  1613  1613 I notification_cancel: [10016,2512,com.android.systemui,20150528,low_battery,0,0,64,8,NULL]
01-01 12:06:41.111430  1613  1613 I notification_cancel: [1000,3554,com.asus.hardwarestub,2130837527,NULL,-1,0,0,8,NULL]
01-01 12:06:41.153535   256   256 I sf_frame_dur: [,16,2,0,1,0,0,0]
01-01 12:06:41.823032  1613  1613 I notification_enqueue: [10092,6406,com.mediatek.mtklogger,2130837539,NULL,0,Notification(pri=0 contentView=com.mediatek.mtklogger/0x10900a2 vibrate=null sound=null tick defaults=0x0 flags=0x60 color=0x00000000 vis=PRIVATE),0]
01-01 12:06:41.948242  1613  2472 I notification_expansion: [0|com.mediatek.mtklogger|2130837539|null|10092,0,1,126,126,0]
01-01 12:06:41.949405  1613  2477 I notification_expansion: [0|com.asus.mobilemanager|0|null|10094,0,0,233635,233430,99747]
01-01 12:06:41.990497  1613  2218 I am_home_stack_moved: [0,1,0,0,bringingFoundTaskToFront setFocusedActivity]
01-01 12:06:41.990653  1613  2218 I wm_task_moved: [4,1,1]
01-01 12:06:42.002576  1613  2218 I am_focused_activity: [0,com.asus.launcher/com.android.launcher3.Launcher]
01-01 12:06:42.031343  1613  2218 I am_pause_activity: [0,234813609,com.mediatek.mtklogger/.MainActivity]
01-01 12:06:42.038078  1613  2218 I am_task_to_front: [0,4]
01-01 12:06:42.038544  1613  2218 I am_new_intent: [0,179325682,4,com.asus.launcher/com.android.launcher3.Launcher,android.intent.action.MAIN,NULL,NULL,274726912]
01-01 12:06:42.041071  6406  6406 I am_on_paused_called: [0,com.mediatek.mtklogger.MainActivity]
01-01 12:06:42.059005  1613  2478 I am_resume_activity: [0,118310183,4,com.asus.launcher/com.android.launcher3.Launcher]
01-01 12:06:42.115282  4665  4665 I am_on_resume_called: [0,com.android.launcher3.Launcher]
01-01 12:06:42.301702  1613  1651 I am_activity_launch_time: [0,118310183,com.asus.launcher/com.android.launcher3.Launcher,238,238]
01-01 12:06:42.722192   256   256 I sf_frame_dur: [com.mediatek.mtklogger/com.mediatek.mtklogger.MainActivity,2,0,1,0,1,3,0]
01-01 12:06:44.950000  5908  5908 I auditd  : type=1400 audit(0.0:465): avc: denied { read } for comm="LogHelper" name="gpu_memory" dev="debugfs" ino=3167 scontext=u:r:untrusted_app:s0:c512,c768 tcontext=u:object_r:debugfs:s0 tclass=file permissive=0
01-01 12:06:44.950000  5908  5908 I auditd  : type=1400 audit(0.0:466): avc: denied { read } for comm="LogHelper" name="4665-0" dev="debugfs" ino=34369 scontext=u:r:untrusted_app:s0:c512,c768 tcontext=u:object_r:debugfs:s0 tclass=file permissive=0
01-01 12:06:45.301859  1613  3159 I am_home_stack_moved: [0,0,2,2,startingNewTask]
01-01 12:06:45.302033  1613  3159 I wm_task_moved: [5,1,1]
01-01 12:06:45.306646  1613  3159 I am_create_task: [0,12]
01-01 12:06:45.307136  1613  3159 I am_create_activity: [0,93148322,12,com.asus.filemanager/.activity.FileManagerActivity,android.intent.action.MAIN,NULL,NULL,270532608]
01-01 12:06:45.307961  1613  3159 I wm_task_created: [12,2]
01-01 12:06:45.308216  1613  3159 I wm_task_moved: [12,1,2]
01-01 12:06:45.309047  1613  3159 I am_pause_activity: [0,118310183,com.asus.launcher/com.android.launcher3.Launcher]
01-01 12:06:45.314371  1613  3159 I am_home_stack_moved: [0,0,2,2,startedActivity setFocusedActivity]
01-01 12:06:45.314572  1613  3159 I wm_task_moved: [12,1,2]
01-01 12:06:45.322252  1613  3159 I am_focused_activity: [0,com.asus.filemanager/.activity.FileManagerActivity]
01-01 12:06:45.334784  4665  4665 I am_on_paused_called: [0,com.android.launcher3.Launcher]
01-01 12:06:45.386965  1613  1639 I am_proc_start: [0,10624,10028,com.asus.filemanager,activity,com.asus.filemanager/.activity.FileManagerActivity]
01-01 12:06:45.558572  1613  3175 I am_proc_bound: [0,10624,com.asus.filemanager]
01-01 12:06:45.572754  1613  3175 I am_restart_activity: [0,93148322,12,com.asus.filemanager/.activity.FileManagerActivity]
01-01 12:06:45.950103   256   256 I sf_frame_dur: [com.asus.launcher/com.android.launcher3.Launcher,36,1,0,2,1,0,1]
01-01 12:06:47.136449  1613  2475 I am_home_stack_moved: [0,0,2,2,sourceStackToFront]
01-01 12:06:47.136629  1613  2475 I wm_task_moved: [12,1,2]
01-01 12:06:47.140579  1613  2475 I am_create_activity: [0,188741456,12,com.asus.filemanager/.activity.TutorialActivity,NULL,NULL,NULL,0]
01-01 12:06:47.149048  1613  2475 I am_pause_activity: [0,93148322,com.asus.filemanager/.activity.FileManagerActivity]
01-01 12:06:47.152874  1613  2475 I am_home_stack_moved: [0,0,2,2,startedActivity setFocusedActivity]
01-01 12:06:47.154432  1613  2475 I wm_task_moved: [12,1,2]
01-01 12:06:47.160029  1613  2475 I am_focused_activity: [0,com.asus.filemanager/.activity.TutorialActivity]
01-01 12:06:47.554316 10624 10624 I am_on_resume_called: [0,com.asus.filemanager.activity.FileManagerActivity]
01-01 12:06:47.622921 10624 10624 I am_on_paused_called: [0,com.asus.filemanager.activity.FileManagerActivity]
01-01 12:06:47.631242  1613  3158 I am_restart_activity: [0,188741456,12,com.asus.filemanager/.activity.TutorialActivity]
01-01 12:06:48.211487 10624 10624 I am_on_resume_called: [0,com.asus.filemanager.activity.TutorialActivity]
01-01 12:06:48.491377  1613  1651 I am_activity_launch_time: [0,188741456,com.asus.filemanager/.activity.TutorialActivity,867,3135]
01-01 12:06:52.436043  1613  3159 I am_finish_activity: [0,188741456,12,com.asus.filemanager/.activity.TutorialActivity,app-request]
01-01 12:06:52.438966  1613  3159 I am_home_stack_moved: [0,0,2,2,finishActivity adjustFocus setFocusedActivity]
01-01 12:06:52.439268  1613  3159 I wm_task_moved: [12,1,2]
01-01 12:06:52.448311  1613  3159 I am_focused_activity: [0,com.asus.filemanager/.activity.FileManagerActivity]
01-01 12:06:52.451156  1613  3159 I am_pause_activity: [0,188741456,com.asus.filemanager/.activity.TutorialActivity]
01-01 12:06:52.540178 10624 10624 I am_on_paused_called: [0,com.asus.filemanager.activity.TutorialActivity]
01-01 12:06:52.550186  1613  1640 I am_resume_activity: [0,93148322,12,com.asus.filemanager/.activity.FileManagerActivity]
01-01 12:06:52.588600  1613  1645 I am_pss  : [4858,10007,com.asus.contacts,15899648,13803520]
01-01 12:06:52.889682  1613  3158 I am_home_stack_moved: [0,0,2,2,sourceStackToFront]
01-01 12:06:52.889863  1613  3158 I wm_task_moved: [12,1,2]
01-01 12:06:52.894023  1613  3158 I am_create_activity: [0,253320624,12,com.google.android.packageinstaller/com.android.packageinstaller.permission.ui.GrantPermissionsActivity,android.content.pm.action.REQUEST_PERMISSIONS,NULL,NULL,8388608]
01-01 12:06:52.896204  1613  3158 I am_pause_activity: [0,93148322,com.asus.filemanager/.activity.FileManagerActivity]
01-01 12:06:52.901416  1613  3158 I am_home_stack_moved: [0,0,2,2,startedActivity setFocusedActivity]
01-01 12:06:52.901602  1613  3158 I wm_task_moved: [12,1,2]
01-01 12:06:52.906436  1613  3158 I am_focused_activity: [0,com.google.android.packageinstaller/com.android.packageinstaller.permission.ui.GrantPermissionsActivity]
01-01 12:06:52.966813 10624 10624 I am_on_resume_called: [0,com.asus.filemanager.activity.FileManagerActivity]
01-01 12:06:53.431653  1613  1646 I am_proc_start: [0,10681,10032,com.google.android.packageinstaller,activity,com.google.android.packageinstaller/com.android.packageinstaller.permission.ui.GrantPermissionsActivity]
01-01 12:06:53.674521  1613  3159 I am_proc_bound: [0,10681,com.google.android.packageinstaller]
01-01 12:06:54.009515  1613  3159 I am_restart_activity: [0,253320624,12,com.google.android.packageinstaller/com.android.packageinstaller.permission.ui.GrantPermissionsActivity]
01-01 12:06:54.126080 10624 10624 I am_on_paused_called: [0,com.asus.filemanager.activity.FileManagerActivity]
01-01 12:06:54.127223  1613  2474 I am_failed_to_pause: [0,93148322,com.asus.filemanager/.activity.FileManagerActivity,(none)]
01-01 12:06:54.409878 10681 10681 I am_on_resume_called: [0,com.android.packageinstaller.permission.ui.GrantPermissionsActivity]
01-01 12:06:54.534134  1613  2475 I dvm_lock_sample: [system_server,0,Binder_7,19,WindowManagerService.java,11602,-,3334,3]
01-01 12:06:54.828107  1613  1651 I am_activity_launch_time: [0,253320624,com.google.android.packageinstaller/com.android.packageinstaller.permission.ui.GrantPermissionsActivity,1425,2273]
01-01 12:06:55.051385   256   256 I sf_frame_dur: [com.asus.filemanager/com.asus.filemanager.activity.TutorialActivity,67,2,2,2,0,0,1]
01-01 12:06:55.184247  1613  1646 I am_destroy_activity: [0,188741456,12,com.asus.filemanager/.activity.TutorialActivity,finish-imm]
01-01 12:06:56.151453 10681 10681 I snet_event_log: [permissions_requested,10028,com.asus.filemanager:android.permission-group.STORAGE|true|0]
01-01 12:06:56.153683  1613  2472 I am_finish_activity: [0,253320624,12,com.google.android.packageinstaller/com.android.packageinstaller.permission.ui.GrantPermissionsActivity,app-request]
01-01 12:06:56.156818  1613  2472 I am_home_stack_moved: [0,0,2,2,finishActivity adjustFocus setFocusedActivity]
01-01 12:06:56.157095  1613  2472 I wm_task_moved: [12,1,2]
01-01 12:06:56.167170  1613  2472 I am_focused_activity: [0,com.asus.filemanager/.activity.FileManagerActivity]
01-01 12:06:56.169745  1613  2472 I am_pause_activity: [0,253320624,com.google.android.packageinstaller/com.android.packageinstaller.permission.ui.GrantPermissionsActivity]
01-01 12:06:56.206986 10681 10681 I am_on_paused_called: [0,com.android.packageinstaller.permission.ui.GrantPermissionsActivity]
01-01 12:06:56.223819  1613  3328 I am_resume_activity: [0,93148322,12,com.asus.filemanager/.activity.FileManagerActivity]
01-01 12:06:56.297499  1613  1643 I am_proc_start: [0,10724,10025,android.process.media,content provider,com.android.providers.media/.MediaProvider]
01-01 12:06:56.391343  1613  1645 I am_pss  : [10624,10028,com.asus.filemanager,99155968,95462400]
01-01 12:06:56.550560  1613  2479 I am_proc_bound: [0,10724,android.process.media]
01-01 12:06:56.782733 10624 10624 I am_on_resume_called: [0,com.asus.filemanager.activity.FileManagerActivity]
01-01 12:06:57.140508  1613  2475 I notification_cancel_all: [10025,10724,com.android.providers.downloads,0,0,64,9,NULL]
01-01 12:06:58.133028  1613  3175 I am_kill : [0,7064,com.google.process.gapps,15,empty #17]
01-01 12:06:58.195264  1613  2475 I am_proc_died: [0,7064,com.google.process.gapps]
01-01 12:06:58.376761  1613  2472 I am_destroy_activity: [0,253320624,12,com.google.android.packageinstaller/com.android.packageinstaller.permission.ui.GrantPermissionsActivity,finish-imm]
01-01 12:06:58.382336  1613  2472 I am_kill : [0,10275,com.asus.collage,15,empty #17]
01-01 12:06:58.456449  1613  1639 I am_proc_died: [0,10275,com.asus.collage]
01-01 12:06:58.552749   256   256 I sf_frame_dur: [com.asus.filemanager/com.asus.filemanager.activity.FileManagerActivity,0,0,0,0,0,0,1]
01-01 12:06:59.304166  1613  1613 I free_storage_changed: 9768587264
01-01 12:06:59.529484  1613  2475 I am_home_stack_moved: [0,0,2,2,startingNewTask]
01-01 12:06:59.529713  1613  2475 I wm_task_moved: [12,1,2]
01-01 12:06:59.535016  1613  2475 I am_create_task: [0,13]
01-01 12:06:59.536187  1613  2475 I am_create_activity: [0,87787619,13,com.google.android.packageinstaller/com.android.packageinstaller.PackageInstallerActivity,android.intent.action.VIEW,application/vnd.android.package-archive,file:///sdcard/Download/cmb().apk,277348355]
01-01 12:06:59.538695  1613  2475 I wm_task_created: [13,2]
01-01 12:06:59.538904  1613  2475 I wm_task_moved: [13,1,3]
01-01 12:06:59.564450  1613  2475 I am_pause_activity: [0,93148322,com.asus.filemanager/.activity.FileManagerActivity]
01-01 12:06:59.571189  1613  2475 I am_home_stack_moved: [0,0,2,2,startedActivity setFocusedActivity]
01-01 12:06:59.571376  1613  2475 I wm_task_moved: [13,1,3]
01-01 12:06:59.583968  1613  2475 I am_focused_activity: [0,com.google.android.packageinstaller/com.android.packageinstaller.PackageInstallerActivity]
01-01 12:06:59.695414 10624 10624 I am_on_paused_called: [0,com.asus.filemanager.activity.FileManagerActivity]
01-01 12:06:59.712554  1613  3159 I am_restart_activity: [0,87787619,13,com.google.android.packageinstaller/com.android.packageinstaller.PackageInstallerActivity]
01-01 12:07:00.468366   256   256 I sf_frame_dur: [com.asus.filemanager/com.asus.filemanager.activity.FileManagerActivity,29,8,1,9,0,3,0]
01-01 12:07:00.808388 10681 10681 I am_on_resume_called: [0,com.android.packageinstaller.PackageInstallerActivity]
01-01 12:07:01.097090  1613  1613 I notification_cancel: [10016,2512,com.android.systemui,2131361826,low_battery,-1,0,64,8,NULL]
01-01 12:07:01.097892  1613  1613 I notification_cancel: [10016,2512,com.android.systemui,20150528,low_battery,0,0,64,8,NULL]
01-01 12:07:01.099289  1613  1613 I notification_cancel: [1000,3554,com.asus.hardwarestub,2130837527,NULL,-1,0,0,8,NULL]
01-01 12:07:01.261576  1613  1651 I am_activity_launch_time: [0,87787619,com.google.android.packageinstaller/com.android.packageinstaller.PackageInstallerActivity,1561,5013]
01-01 12:07:04.071030  1613  3175 I am_home_stack_moved: [0,0,2,2,sourceStackToFront]
01-01 12:07:04.071350  1613  3175 I wm_task_moved: [13,1,3]
01-01 12:07:04.078253  1613  3175 I am_create_activity: [0,160993927,13,com.google.android.packageinstaller/com.android.packageinstaller.InstallAppProgress,NULL,NULL,file:///sdcard/Download/cmb().apk,0]
01-01 12:07:04.080067  1613  3175 I am_pause_activity: [0,87787619,com.google.android.packageinstaller/com.android.packageinstaller.PackageInstallerActivity]
01-01 12:07:04.084893  1613  3175 I am_home_stack_moved: [0,0,2,2,startedActivity setFocusedActivity]
01-01 12:07:04.085092  1613  3175 I wm_task_moved: [13,1,3]
01-01 12:07:04.094058  1613  3175 I am_focused_activity: [0,com.google.android.packageinstaller/com.android.packageinstaller.InstallAppProgress]
01-01 12:07:04.096792  1613  2477 I am_finish_activity: [0,87787619,13,com.google.android.packageinstaller/com.android.packageinstaller.PackageInstallerActivity,app-request]
01-01 12:07:04.103211 10681 10681 I am_on_paused_called: [0,com.android.packageinstaller.PackageInstallerActivity]
01-01 12:07:04.113919  1613  3328 I am_restart_activity: [0,160993927,13,com.google.android.packageinstaller/com.android.packageinstaller.InstallAppProgress]
01-01 12:07:04.160047  1613  1645 I am_pss  : [6406,10092,com.mediatek.mtklogger,30782464,27415552]
01-01 12:07:04.255776  1613  1659 I am_proc_start: [0,10764,10024,com.android.defcontainer,service,com.android.defcontainer/.DefaultContainerService]
01-01 12:07:04.257600 10681 10681 I am_on_resume_called: [0,com.android.packageinstaller.InstallAppProgress]
01-01 12:07:04.431969  1613  1651 I am_activity_launch_time: [0,160993927,com.google.android.packageinstaller/com.android.packageinstaller.InstallAppProgress,326,326]
01-01 12:07:04.540681  1613  2474 I am_proc_bound: [0,10764,com.android.defcontainer]
01-01 12:07:04.793687  1613  1646 I am_destroy_activity: [0,87787619,13,com.google.android.packageinstaller/com.android.packageinstaller.PackageInstallerActivity,finish-imm]
01-01 12:07:11.095871  1613  1613 I notification_cancel: [10016,2512,com.android.systemui,2131361826,low_battery,-1,0,64,8,NULL]
01-01 12:07:11.096359  1613  1613 I notification_cancel: [10016,2512,com.android.systemui,20150528,low_battery,0,0,64,8,NULL]
01-01 12:07:11.109089  1613  1613 I notification_cancel: [1000,3554,com.asus.hardwarestub,2130837527,NULL,-1,0,0,8,NULL]
01-01 12:07:16.799475  1613  3012 I dvm_lock_sample: [system_server,1,Binder_C,1315,UserManagerService.java,441,PackageManagerService.java,13004,100]
01-01 12:07:22.151293  1613  3012 I dvm_lock_sample: [system_server,1,Binder_C,5329,UserManagerService.java,441,PackageManagerService.java,13014,100]
01-01 12:07:22.152644  1613  1645 I dvm_lock_sample: [system_server,0,android.bg,3363,Settings.java,4746,PackageManagerService.java,13014,100]
01-01 12:07:22.152291  1613  2228 I dvm_lock_sample: [system_server,0,WifiStateMachine,3756,ActivityManagerService.java,18412,-,18412,100]
01-01 12:07:22.167812  1613  2213 I dvm_lock_sample: [system_server,0,AlarmManager,2581,PendingIntentRecord.java,211,ActivityManagerService.java,18412,100]
01-01 12:07:22.304655  1613  1613 I dvm_lock_sample: [system_server,1,main,9,ActivityManagerService.java,22208,-,18412,1]
01-01 12:07:22.508246  1613  1659 I unknown_sources_enabled: 1
01-01 12:07:22.635078  1613  1645 I am_pss  : [10681,10032,com.google.android.packageinstaller,44522496,41153536]
01-01 12:07:22.719759 10681 10681 I install_package_attempt: [362741760,22923,634,4276,]
01-01 12:07:22.758657  1613  3175 I dvm_lock_sample: [system_server,0,Binder_F,32,ActivityManagerService.java,17374,-,18412,6]
01-01 12:07:22.814079  1613  1645 I am_pss  : [4665,10013,com.asus.launcher,90485760,80412672]
01-01 12:07:22.934254  1613  3159 I am_proc_start: [0,10791,10094,com.asus.mobilemanager,service,com.asus.mobilemanager/.Initializer$InitializerService]
01-01 12:07:22.936016  1613  1645 I am_pss  : [9925,1000,com.android.settings,41070592,36545536]
01-01 12:07:23.057813  1613  1613 I notification_cancel_all: [1000,1613,cmb.pb,0,0,0,5,NULL]
01-01 12:07:23.522651  1613  1640 I dvm_lock_sample: [system_server,1,Binder_2,455,PackageManagerService.java,6744,-,5634,91]
01-01 12:07:23.525779  1613  2471 I dvm_lock_sample: [system_server,0,Binder_4,494,ActivityManagerService.java,18525,-,17090,98]
01-01 12:07:23.527090  1613  2477 I dvm_lock_sample: [system_server,1,Binder_9,455,ActivityManagerService.java,17124,-,17090,91]
01-01 12:07:23.528436  1613  1645 I dvm_lock_sample: [system_server,0,android.bg,452,UserManagerService.java,441,PackageManagerService.java,5634,90]
01-01 12:07:23.528817  1613  2475 I dvm_lock_sample: [system_server,1,Binder_7,452,UserManagerService.java,441,PackageManagerService.java,5634,90]
01-01 12:07:23.543312  1613  3012 I dvm_lock_sample: [system_server,1,Binder_C,455,ActivityManagerService.java,17149,-,17090,91]
01-01 12:07:23.545287  1613  1643 I dvm_lock_sample: [system_server,1,Binder_3,368,ActivityManagerService.java,6995,-,17090,73]
01-01 12:07:23.995440  1613  2472 I dvm_lock_sample: [system_server,1,Binder_5,457,PackageManagerService.java,14781,-,5634,91]
01-01 12:07:23.998003  1613  1645 I dvm_lock_sample: [system_server,0,android.bg,458,UserManagerService.java,441,PackageManagerService.java,5634,91]
01-01 12:07:23.998399  1613  1613 I dvm_lock_sample: [system_server,1,main,458,PackageManagerService.java,3260,-,5634,91]
01-01 12:07:23.999030  1613  3158 I dvm_lock_sample: [system_server,1,Binder_D,447,UserManagerService.java,441,PackageManagerService.java,5634,89]
01-01 12:07:23.999331  1613  2479 I dvm_lock_sample: [system_server,1,Binder_B,443,UserManagerService.java,441,PackageManagerService.java,5634,88]
01-01 12:07:24.026743  1613  1643 I dvm_lock_sample: [system_server,1,Binder_3,481,ActivityManagerService.java,6995,-,21160,96]
01-01 12:07:24.026939  1613  1643 I am_proc_bound: [0,10791,com.asus.mobilemanager]
01-01 12:07:24.087377  1613  2478 I dvm_lock_sample: [system_server,1,Binder_A,538,ActivityManagerService.java,17328,-,21160,100]
01-01 12:07:24.125326  1613  2471 I dvm_lock_sample: [system_server,0,Binder_4,572,ActivityManagerService.java,17374,-,17090,100]
01-01 12:07:24.127938  1613  3175 I dvm_lock_sample: [system_server,1,Binder_F,530,ActivityManagerService.java,17149,-,17090,100]
01-01 12:07:24.153673  1613  3159 I dvm_lock_sample: [system_server,1,Binder_E,5,UserManagerService.java,441,PackageManagerService.java,3039,1]
01-01 12:07:24.876025  1613  1645 I dvm_lock_sample: [system_server,0,android.bg,467,UserManagerService.java,441,PackageManagerService.java,3039,93]
01-01 12:07:24.876419  1613  2478 I dvm_lock_sample: [system_server,1,Binder_A,467,UserManagerService.java,441,PackageManagerService.java,3039,93]
01-01 12:07:24.876913  1613  1639 I dvm_lock_sample: [system_server,1,Binder_1,467,UserManagerService.java,441,PackageManagerService.java,3039,93]
01-01 12:07:24.895514  1613  2474 I dvm_lock_sample: [system_server,1,Binder_6,475,UserManagerService.java,441,PackageManagerService.java,5634,95]
01-01 12:07:24.914543  1613  2471 I dvm_lock_sample: [system_server,0,Binder_4,502,ActivityManagerService.java,17374,-,17328,100]
01-01 12:07:25.074679  1613  1640 I am_proc_start: [0,10819,10078,com.asus.gamewidget,broadcast,com.asus.gamewidget/.app.GameWidgetReceiver]
01-01 12:07:25.294533  1613  3175 I am_proc_bound: [0,10819,com.asus.gamewidget]
01-01 12:07:25.527929  1613  2477 I dvm_lock_sample: [system_server,1,Binder_9,466,UserManagerService.java,441,PackageManagerService.java,3039,93]
01-01 12:07:25.528582  1613  2472 I dvm_lock_sample: [system_server,1,Binder_5,463,UserManagerService.java,441,PackageManagerService.java,5634,92]
01-01 12:07:25.532730  1613  1645 I dvm_lock_sample: [system_server,0,android.bg,468,UserManagerService.java,441,PackageManagerService.java,5634,93]
01-01 12:07:25.569736  1613  1648 I dvm_lock_sample: [system_server,0,android.fg,165,ActivityManagerService.java,21451,-,6995,33]
01-01 12:07:26.211650  1613  2471 I dvm_lock_sample: [system_server,1,Binder_4,482,UserManagerService.java,441,PackageManagerService.java,3039,96]
01-01 12:07:26.212055  1613  1645 I dvm_lock_sample: [system_server,0,android.bg,478,UserManagerService.java,441,PackageManagerService.java,5634,95]
01-01 12:07:26.213756  1613  1639 I dvm_lock_sample: [system_server,1,Binder_1,365,UserManagerService.java,441,PackageManagerService.java,5634,73]
01-01 12:07:26.217128  1613  3328 I dvm_lock_sample: [system_server,1,Binder_10,243,UserManagerService.java,441,PackageManagerService.java,5634,48]
01-01 12:07:27.066726  1613  1640 I dvm_lock_sample: [system_server,1,Binder_2,446,UserManagerService.java,441,PackageManagerService.java,5634,89]
01-01 12:07:27.067100  1613  1645 I dvm_lock_sample: [system_server,0,android.bg,447,UserManagerService.java,441,PackageManagerService.java,5634,89]
01-01 12:07:27.068738  1613  2477 I dvm_lock_sample: [system_server,1,Binder_9,443,PackageManagerService.java,5634,-,5634,88]
01-01 12:07:27.536439  1613  1643 I dvm_lock_sample: [system_server,1,Binder_3,911,UserManagerService.java,441,PackageManagerService.java,5634,100]
01-01 12:07:27.538586  1613  3159 I dvm_lock_sample: [system_server,1,Binder_E,454,UserManagerService.java,441,PackageManagerService.java,5634,90]
01-01 12:07:27.538883  1613  2474 I dvm_lock_sample: [system_server,1,Binder_6,405,UserManagerService.java,441,PackageManagerService.java,5634,81]
