01-01 12:04:35.409188  1613  3012 I am_proc_died: [0,8684,com.mediatek.engineermode]
01-01 12:04:35.488987  1613  2477 I wm_task_removed: [6,removeAppToken: last token]
01-01 12:04:35.489155  1613  2477 I wm_task_removed: [6,removeTask]
01-01 12:04:36.423145  1613  3328 I dvm_lock_sample: [system_server,1,Binder_10,455,UserManagerService.java,441,PackageManagerService.java,5634,91]
01-01 12:04:36.423459  1613  1639 I dvm_lock_sample: [system_server,1,Binder_1,455,UserManagerService.java,441,PackageManagerService.java,5634,91]
01-01 12:04:36.431117  1613  1643 I dvm_lock_sample: [system_server,0,Binder_3,453,UserManagerService.java,441,PackageManagerService.java,5634,90]
01-01 12:04:36.440873  1613  2474 I dvm_lock_sample: [system_server,1,Binder_6,461,ActivityManagerService.java,17157,BroadcastQueue.java,738,92]
01-01 12:04:36.445529  1613  3159 I dvm_lock_sample: [system_server,1,Binder_E,463,ActivityManagerService.java,17346,BroadcastQueue.java,738,92]
01-01 12:04:36.447123  1613  2477 I dvm_lock_sample: [system_server,1,Binder_9,461,ActivityManagerService.java,17149,BroadcastQueue.java,738,92]
01-01 12:04:36.450829  1613  2476 I dvm_lock_sample: [system_server,1,Binder_8,464,ActivityManagerService.java,17335,BroadcastQueue.java,738,92]
01-01 12:04:36.452332  1613  2471 I dvm_lock_sample: [system_server,1,Binder_4,436,ActivityManagerService.java,17149,BroadcastQueue.java,738,87]
01-01 12:04:36.483438  1613  2472 I dvm_lock_sample: [system_server,1,Binder_5,463,ActivityManagerService.java,17346,BroadcastQueue.java,738,92]
01-01 12:04:36.484943  1613  1646 I dvm_lock_sample: [system_server,1,ActivityManager,372,ActivityManagerService.java,2086,BroadcastQueue.java,738,74]
01-01 12:04:36.487515  1613  1613 I dvm_lock_sample: [system_server,1,main,207,ActivityManagerService.java,18412,BroadcastQueue.java,738,41]
01-01 12:04:36.488049  1613  2275 I dvm_lock_sample: [system_server,0,LazyTaskWriterThread,307,TaskPersister.java,488,BroadcastQueue.java,738,61]
01-01 12:04:36.796434  1613  1613 I notification_cancel: [10096,8947,com.google.android.music,1061,NULL,0,0,64,8,NULL]
01-01 12:04:36.832093  1613  3159 I am_kill : [0,8754,com.asus.deskclock:ui,15,empty #17]
01-01 12:04:36.906651  1613  3158 I am_proc_died: [0,8754,com.asus.deskclock:ui]
01-01 12:04:37.299063  1613  1640 I dvm_lock_sample: [system_server,1,Binder_2,437,UserManagerService.java,441,PackageManagerService.java,5634,87]
01-01 12:04:37.404158  1613  1613 I notification_cancel: [10029,3360,com.google.android.gms,2130838171,NULL,0,0,64,8,NULL]
01-01 12:04:37.406164  1613  1613 I notification_cancel: [10029,3360,com.google.android.gms,2130838172,NULL,0,0,64,8,NULL]
01-01 12:04:37.412993  3360  9006 I system_update: [1536,0,0,NULL]
01-01 12:04:37.424705  1613  2477 I am_kill : [0,8729,com.asus.deskclock:main,15,empty #17]
01-01 12:04:37.474711  1613  2479 I dvm_lock_sample: [system_server,1,Binder_B,53,ActivityManagerService.java,17713,-,17374,10]
01-01 12:04:37.509693  1613  1647 I dvm_lock_sample: [system_server,1,android.ui,11,ActivityManagerService.java,4032,BroadcastQueue.java,738,2]
01-01 12:04:37.524906  1613  1643 I am_proc_died: [0,8729,com.asus.deskclock:main]
01-01 12:04:38.175639  1613  2476 I dvm_lock_sample: [system_server,0,Binder_8,447,PackageManagerService.java,6744,-,5634,89]
01-01 12:04:38.176052  1613  2474 I dvm_lock_sample: [system_server,1,Binder_6,389,PackageManagerService.java,3494,-,5634,77]
01-01 12:04:38.179719  1613  2477 I dvm_lock_sample: [system_server,1,Binder_9,439,ActivityManagerService.java,17149,BroadcastQueue.java,738,87]
01-01 12:04:38.180969  1613  3159 I dvm_lock_sample: [system_server,1,Binder_E,441,ActivityManagerService.java,17149,BroadcastQueue.java,738,88]
01-01 12:04:38.181933  1613  3328 I dvm_lock_sample: [system_server,1,Binder_10,398,ActivityManagerService.java,17149,BroadcastQueue.java,738,79]
01-01 12:04:38.274367  1613  2476 I am_proc_start: [0,9014,10029,com.google.android.gms.ui,broadcast,com.google.android.gms/.auth.uiflows.addaccount.setupwizard.SetupWizardPreferences$ClearingReceiver]
01-01 12:04:38.467048  1613  2476 I am_proc_bound: [0,9014,com.google.android.gms.ui]
01-01 12:04:38.922842  1613  1613 I notification_cancel: [10029,9014,com.google.android.gms,10436,NOT_MNC,0,0,64,8,NULL]
01-01 12:04:38.923983  1613  1613 I notification_cancel: [10029,9014,com.google.android.gms,39789,NOT_MNC,0,0,64,8,NULL]
01-01 12:04:39.034300  1613  2477 I am_proc_start: [0,9035,10003,com.asus.appinstallationservice,broadcast,com.asus.appinstallationservice/.AppUpdaterEventReceiver]
01-01 12:04:39.038653  1613  2477 I am_kill : [0,8775,com.asus.userfeedback,15,empty #17]
01-01 12:04:39.103904  1613  2476 I am_proc_died: [0,8775,com.asus.userfeedback]
01-01 12:04:39.207962  1613  3175 I am_proc_bound: [0,9035,com.asus.appinstallationservice]
01-01 12:04:39.247644  1613  1645 I am_pss  : [8300,10021,android.process.acore,20763648,18141184]
01-01 12:04:39.754135  1613  3175 I dvm_lock_sample: [system_server,1,Binder_F,442,UserManagerService.java,441,PackageManagerService.java,5634,88]
01-01 12:04:39.758139  1613  2474 I dvm_lock_sample: [system_server,1,Binder_6,203,UserManagerService.java,441,PackageManagerService.java,5634,40]
01-01 12:04:40.299442  1613  1643 I dvm_lock_sample: [system_server,0,Binder_3,437,UserManagerService.java,441,PackageManagerService.java,5634,87]
01-01 12:04:40.342480  1613  1643 I am_proc_start: [0,9053,10035,com.asus.microfilm,broadcast,com.asus.microfilm/com.asus.push.receiver.RegisterBroadcastReceiver]
01-01 12:04:40.349539  1613  1643 I am_kill : [0,8793,com.google.android.calendar,15,empty #17]
01-01 12:04:40.427286  1613  2475 I am_proc_died: [0,8793,com.google.android.calendar]
01-01 12:04:40.556480  1613  3159 I am_proc_bound: [0,9053,com.asus.microfilm]
01-01 12:04:40.803394  1613  1654 I auto_brightness_adj: [1.000000,50.000000,31,1.000000,1.000000,0.000000,8,1.000000]
01-01 12:04:40.896769  1613  3159 I dvm_lock_sample: [system_server,1,Binder_E,340,PackageManagerService.java,5862,-,5634,68]
01-01 12:04:41.420467  1613  3328 I dvm_lock_sample: [system_server,1,Binder_10,434,UserManagerService.java,441,PackageManagerService.java,5634,86]
01-01 12:04:41.866136  1613  3159 I am_proc_start: [0,9078,10048,com.asus.appmanager,broadcast,com.asus.appmanager/.EventReceiver]
01-01 12:04:41.870077  1613  3159 I am_kill : [0,8810,com.android.providers.calendar,15,empty #17]
01-01 12:04:41.941533  1613  2471 I am_proc_died: [0,8810,com.android.providers.calendar]
01-01 12:04:42.078170  1613  1640 I am_proc_bound: [0,9078,com.asus.appmanager]
01-01 12:04:42.319477  1613  3175 I am_proc_start: [0,9094,10125,com.asus.userfeedback,broadcast,com.asus.userfeedback/com.asus.push.receiver.RegisterBroadcastReceiver]
01-01 12:04:42.455049  1613  2478 I am_kill : [0,8831,com.mediatek.providers.drm,15,empty #17]
01-01 12:04:42.504925  1613  1647 I dvm_lock_sample: [system_server,1,android.ui,52,ActivityManagerService.java,4032,-,17374,10]
01-01 12:04:42.505245  1613  3328 I am_proc_died: [0,8831,com.mediatek.providers.drm]
01-01 12:04:42.535708  1613  2476 I am_proc_bound: [0,9094,com.asus.userfeedback]
01-01 12:04:43.042256  1613  2474 I dvm_lock_sample: [system_server,0,Binder_6,38,ActivityManagerService.java,17374,-,17090,7]
01-01 12:04:43.624727  1613  1643 I dvm_lock_sample: [system_server,1,Binder_3,460,PackageManagerService.java,3494,-,3039,92]
01-01 12:04:43.625094  1613  2475 I dvm_lock_sample: [system_server,0,Binder_7,443,UserManagerService.java,441,PackageManagerService.java,5634,88]
01-01 12:04:43.714414  1613  3012 I am_kill : [0,8846,com.mediatek.schpwronoff,15,empty #17]
01-01 12:04:43.773871  1613  2477 I am_proc_died: [0,8846,com.mediatek.schpwronoff]
01-01 12:04:43.822442  1613  2474 I am_proc_start: [0,9118,10051,com.asus.deskclock:main,broadcast,com.asus.deskclock/com.asus.alarmclock.DigitalAppWidgetProvider]
01-01 12:04:43.842694  1613  1613 I notification_cancel: [10029,3360,com.google.android.gms,2130838171,NULL,0,0,64,8,NULL]
01-01 12:04:43.843305  1613  1613 I notification_cancel: [10029,3360,com.google.android.gms,2130838172,NULL,0,0,64,8,NULL]
01-01 12:04:43.845762  3360  9123 I system_update: [1536,0,0,NULL]
01-01 12:04:43.986616  1613  2474 I am_proc_bound: [0,9118,com.asus.deskclock:main]
01-01 12:04:44.265366  1613  3159 I am_kill : [0,8878,com.asus.UpdateLauncher,15,empty #17]
01-01 12:04:44.325928  1613  1647 I dvm_lock_sample: [system_server,1,android.ui,62,ActivityManagerService.java,4032,BroadcastQueue.java,738,12]
01-01 12:04:44.328677  1613  2471 I am_proc_died: [0,8878,com.asus.UpdateLauncher]
01-01 12:04:45.003894  1613  2476 I dvm_lock_sample: [system_server,1,Binder_8,455,UserManagerService.java,441,PackageManagerService.java,5634,91]
01-01 12:04:45.004223  1613  3159 I dvm_lock_sample: [system_server,0,Binder_E,453,PackageManagerService.java,6744,-,5634,90]
01-01 12:04:45.009542  1613  1647 I dvm_lock_sample: [system_server,1,android.ui,458,ActivityManagerService.java,4095,BroadcastQueue.java,738,91]
01-01 12:04:45.010755  1613  3328 I dvm_lock_sample: [system_server,1,Binder_10,419,ActivityManagerService.java,17149,BroadcastQueue.java,738,83]
01-01 12:04:45.012321  1613  2471 I dvm_lock_sample: [system_server,1,Binder_4,417,ActivityManagerService.java,17149,BroadcastQueue.java,738,83]
01-01 12:04:45.015838  1613  1613 I dvm_lock_sample: [system_server,1,main,287,ActivityManagerService.java,18412,BroadcastQueue.java,738,57]
01-01 12:04:45.059489  1613  1613 I notification_cancel: [10016,2512,com.android.systemui,2131361826,low_battery,-1,0,64,8,NULL]
01-01 12:04:45.059973  1613  1613 I notification_cancel: [10016,2512,com.android.systemui,20150528,low_battery,0,0,64,8,NULL]
01-01 12:04:45.061006  1613  1613 I notification_cancel: [1000,3554,com.asus.hardwarestub,2130837527,NULL,-1,0,0,8,NULL]
01-01 12:04:45.208714  1613  1647 I dvm_lock_sample: [system_server,1,android.ui,34,ActivityManagerService.java,4147,-,17090,6]
01-01 12:04:45.235644  1613  1639 I dvm_lock_sample: [system_server,0,Binder_1,8,ActivityManagerService.java,17374,-,17090,1]
01-01 12:04:45.825806  1613  3012 I dvm_lock_sample: [system_server,1,Binder_C,454,PackageManagerService.java,3494,-,5634,90]
01-01 12:04:45.826191  1613  2472 I dvm_lock_sample: [system_server,1,Binder_5,449,UserManagerService.java,441,PackageManagerService.java,5634,89]
01-01 12:04:45.826481  1613  3159 I dvm_lock_sample: [system_server,0,Binder_E,446,UserManagerService.java,441,PackageManagerService.java,5634,89]
01-01 12:04:45.864802  1613  1640 I dvm_lock_sample: [system_server,1,Binder_2,152,ActivityManagerService.java,17149,BroadcastQueue.java,738,30]
01-01 12:04:45.987338  1613  1647 I dvm_lock_sample: [system_server,1,android.ui,110,ActivityManagerService.java,4032,BroadcastQueue.java,738,22]
01-01 12:04:46.005543  1613  3159 I dvm_lock_sample: [system_server,0,Binder_E,6,PackageManagerService.java,6744,-,3039,1]
01-01 12:04:46.145862  1613  1613 I dvm_lock_sample: [system_server,1,main,17,UserManagerService.java,441,PackageManagerService.java,3039,3]
01-01 12:04:46.382850  1613  2478 I dvm_lock_sample: [system_server,1,Binder_A,36,ActivityManagerService.java,17149,-,17090,7]
01-01 12:04:46.981981  1613  3328 I dvm_lock_sample: [system_server,1,Binder_10,450,UserManagerService.java,359,PackageManagerService.java,3039,90]
01-01 12:04:46.982430  1613  3012 I dvm_lock_sample: [system_server,1,Binder_C,446,UserManagerService.java,441,PackageManagerService.java,5634,89]
01-01 12:04:46.988155  1613  2474 I dvm_lock_sample: [system_server,1,Binder_6,452,PackageManagerService.java,3494,-,5634,90]
01-01 12:04:46.988429  1613  3175 I dvm_lock_sample: [system_server,1,Binder_F,457,UserManagerService.java,441,PackageManagerService.java,3039,91]
01-01 12:04:46.995007  1613  1645 I dvm_lock_sample: [system_server,0,android.bg,458,UserManagerService.java,441,PackageManagerService.java,5634,91]
01-01 12:04:46.995338  1613  1643 I dvm_lock_sample: [system_server,1,Binder_3,178,UserManagerService.java,441,PackageManagerService.java,5634,35]
01-01 12:04:47.520630  1613  1643 I dvm_lock_sample: [system_server,1,Binder_3,464,UserManagerService.java,441,PackageManagerService.java,3039,92]
01-01 12:04:47.528134  1613  1645 I dvm_lock_sample: [system_server,0,android.bg,467,UserManagerService.java,441,PackageManagerService.java,5634,93]
01-01 12:04:47.528399  1613  1640 I dvm_lock_sample: [system_server,1,Binder_2,472,UserManagerService.java,441,PackageManagerService.java,3039,94]
01-01 12:04:47.535403  1613  2479 I dvm_lock_sample: [system_server,1,Binder_B,453,PackageManagerService.java,4216,-,5634,90]
01-01 12:04:47.738407  1613  1645 I dvm_lock_sample: [system_server,0,android.bg,6,UserManagerService.java,441,PackageManagerService.java,3039,1]
01-01 12:04:48.063044  1613  2228 I dvm_lock_sample: [system_server,0,WifiStateMachine,17,ActivityManagerService.java,18412,-,17328,3]
01-01 12:04:48.214906  1613  2478 I am_proc_start: [0,9157,10083,com.google.android.talk,broadcast,com.google.android.talk/com.google.android.apps.hangouts.service.GcmStateReceiver]
01-01 12:04:48.423579  1613  3012 I am_proc_bound: [0,9157,com.google.android.talk]
01-01 12:04:49.120469  1613  1645 I am_pss  : [8591,10054,com.asus.kidslauncher,7141376,5087232]
01-01 12:04:49.144828  1613  1645 I am_pss  : [8576,10052,com.asus.easylauncher,7281664,5332992]
01-01 12:04:49.518501  2512  2512 I sysui_count: [panel_open,1]
01-01 12:04:49.542863  2512  2512 I sysui_histogram: [note_load,3]
01-01 12:04:49.549090  1613  3159 I notification_visibility: [0|com.asus.mobilemanager|0|null|10094,1,121234,121029,0,0]
01-01 12:04:49.700000  9193  9193 I auditd  : type=1400 audit(0.0:391): avc: denied { search } for comm=4173796E635461736B202335 name="256" dev="proc" ino=3571 scontext=u:r:platform_app:s0:c512,c768 tcontext=u:r:surfaceflinger:s0 tclass=dir permissive=0
01-01 12:04:50.464371  1613  3328 I dvm_lock_sample: [system_server,1,Binder_10,467,UserManagerService.java,441,PackageManagerService.java,5634,93]
01-01 12:04:50.464693  1613  1640 I dvm_lock_sample: [system_server,0,Binder_2,462,UserManagerService.java,441,PackageManagerService.java,5634,92]
01-01 12:04:50.464995  1613  1643 I dvm_lock_sample: [system_server,1,Binder_3,412,UserManagerService.java,441,PackageManagerService.java,5634,82]
01-01 12:04:50.465395  1613  1643 I notification_visibility: [-1|android|17040361|null|1000,1,43487692,43487692,0,2]
01-01 12:04:50.465559  1613  3159 I dvm_lock_sample: [system_server,1,Binder_E,390,UserManagerService.java,441,PackageManagerService.java,5634,78]
01-01 12:04:50.465657  1613  1643 I notification_visibility: [0|android|17303337|null|1000,1,43409416,283904,0,1]
01-01 12:04:50.466406  1613  3175 I dvm_lock_sample: [system_server,1,Binder_F,361,UserManagerService.java,441,PackageManagerService.java,5634,72]
01-01 12:04:50.482099  1613  2474 I dvm_lock_sample: [system_server,1,Binder_6,487,ActivityManagerService.java,17149,BroadcastQueue.java,738,97]
01-01 12:04:51.648785  1613  2474 I dvm_lock_sample: [system_server,1,Binder_6,457,UserManagerService.java,441,PackageManagerService.java,5634,91]
01-01 12:04:51.649101  1613  2471 I dvm_lock_sample: [system_server,1,Binder_4,449,UserManagerService.java,441,PackageManagerService.java,5634,89]
01-01 12:04:51.649398  1613  2479 I dvm_lock_sample: [system_server,1,Binder_B,432,UserManagerService.java,441,PackageManagerService.java,5634,86]
01-01 12:04:51.651889  1613  1643 I dvm_lock_sample: [system_server,1,Binder_3,376,UserManagerService.java,441,PackageManagerService.java,5634,75]
01-01 12:04:51.652226  1613  2477 I dvm_lock_sample: [system_server,1,Binder_9,369,UserManagerService.java,441,PackageManagerService.java,5634,73]
01-01 12:04:51.725254  3639  9211 I gtalk_connection: 16974847
01-01 12:04:52.686031  1613  2477 I dvm_lock_sample: [system_server,1,Binder_9,424,UserManagerService.java,441,PackageManagerService.java,5634,84]
01-01 12:04:53.730042  1613  1613 I notification_cancel: [10036,8609,com.android.vending,10436,NULL,0,0,64,8,NULL]
01-01 12:04:54.406511  1613  3159 I battery_status: [4,2,1,0,Li-ion]
01-01 12:04:54.468795  1613  1613 I notification_cancel: [10016,2512,com.android.systemui,2131361826,low_battery,-1,0,64,8,NULL]
01-01 12:04:54.469254  1613  1613 I notification_cancel: [10016,2512,com.android.systemui,20150528,low_battery,0,0,64,8,NULL]
01-01 12:04:54.763547  1613  1613 I notification_cancel: [1000,3554,com.asus.powersaver,3,PowerSaverService,0,0,0,8,NULL]
01-01 12:04:54.765170  1613  1613 I notification_cancel: [1000,3554,com.asus.powersaver,5,PowerSaverService,0,0,0,8,NULL]
01-01 12:04:54.861972  1613  1613 I notification_cancel: [1000,3554,com.asus.hardwarestub,2130837527,NULL,-1,0,0,8,NULL]
01-01 12:04:55.175075  1613  1613 I notification_cancel: [10083,9157,com.google.android.talk,8,com.google.android.talk:gmscore,0,0,64,8,NULL]
01-01 12:04:55.537139  1613  2471 I battery_status: [2,2,1,2,Li-ion]
01-01 12:04:55.798620  1613  3328 I dvm_lock_sample: [system_server,0,Binder_10,461,PackageManagerService.java,6744,-,3039,92]
01-01 12:04:55.799161  1613  3159 I dvm_lock_sample: [system_server,1,Binder_E,452,UserManagerService.java,441,PackageManagerService.java,5634,90]
01-01 12:04:55.801727  1613  1648 I dvm_lock_sample: [system_server,0,android.fg,407,ActivityManagerService.java,21451,BroadcastQueue.java,738,81]
01-01 12:04:55.812525  1613  1613 I dvm_lock_sample: [system_server,1,main,274,ActivityManagerService.java,18412,BroadcastQueue.java,738,54]
01-01 12:04:55.892962  1613  1613 I notification_cancel: [10016,2512,com.android.systemui,2131361826,low_battery,-1,0,64,8,NULL]
01-01 12:04:55.893445  1613  1613 I notification_cancel: [10016,2512,com.android.systemui,20150528,low_battery,0,0,64,8,NULL]
01-01 12:04:55.898066  1613  2476 I dvm_lock_sample: [system_server,1,Binder_8,22,UserManagerService.java,441,PackageManagerService.java,3039,4]
01-01 12:04:56.010725  1613  1613 I notification_cancel: [10016,2512,com.android.systemui,2131361826,low_battery,-1,0,64,8,NULL]
01-01 12:04:56.012309  1613  1613 I notification_cancel: [10016,2512,com.android.systemui,20150528,low_battery,0,0,64,8,NULL]
01-01 12:04:56.036320  1613  1613 I notification_enqueue: [1000,1613,android,17040348,NULL,-1,Notification(pri=-2 contentView=null vibrate=null sound=null tick defaults=0x0 flags=0x2 color=0xff607d8b vis=PUBLIC),0]
01-01 12:04:56.050471  1613  1613 I notification_enqueue: [1000,1613,android,17040354,NULL,-1,Notification(pri=-1 contentView=null vibrate=null sound=null tick defaults=0x0 flags=0x2 color=0xff607d8b vis=PUBLIC),0]
01-01 12:04:56.149587  1613  3159 I am_proc_start: [0,9237,1000,com.asus.UpdateLauncher,broadcast,com.asus.UpdateLauncher/.UpdateLauncherIntentReceiver]
01-01 12:04:56.238350  1613  1613 I notification_cancel: [1000,3554,com.asus.powersaver,3,PowerSaverService,0,0,0,8,NULL]
01-01 12:04:56.242344  1613  1613 I notification_cancel: [1000,3554,com.asus.powersaver,5,PowerSaverService,0,0,0,8,NULL]
01-01 12:04:56.323975  1613  1613 I notification_cancel: [10016,2512,com.android.systemui,2131361826,low_battery,-1,0,64,8,NULL]
01-01 12:04:56.324927  1613  1613 I notification_cancel: [10016,2512,com.android.systemui,20150528,low_battery,0,0,64,8,NULL]
01-01 12:04:56.431764  1613  1613 I notification_cancel: [1000,3554,com.asus.powersaver,100,PowerSaverService,0,0,0,8,NULL]
01-01 12:04:56.432483  1613  1613 I notification_cancel: [1000,3554,com.asus.powersaver,6,PowerSaverService,0,0,0,8,NULL]
01-01 12:04:56.433322  1613  1613 I notification_cancel: [1000,3554,com.asus.powersaver,5,PowerSaverService,0,0,0,8,NULL]
01-01 12:04:56.437308  1613  1613 I notification_cancel: [1000,3554,com.asus.hardwarestub,2130837527,NULL,-1,0,0,8,NULL]
01-01 12:04:56.448852  1613  1613 I notification_cancel: [1000,3554,com.asus.hardwarestub,2130837527,NULL,-1,0,0,8,NULL]
01-01 12:04:56.468225  1613  1613 I notification_cancel: [1000,3554,com.asus.hardwarestub,2130837527,NULL,-1,0,0,8,NULL]
01-01 12:04:56.473999  1613  1613 I notification_cancel: [1000,3554,com.asus.hardwarestub,2130837527,NULL,-1,0,0,8,NULL]
01-01 12:04:56.485009  1613  1613 I notification_cancel: [10083,9157,com.google.android.talk,8,com.google.android.talk:gmscore,0,0,64,8,NULL]
01-01 12:04:56.497990  1613  2478 I am_proc_bound: [0,9237,com.asus.UpdateLauncher]
01-01 12:04:56.512396  1613  1639 I dvm_lock_sample: [system_server,1,Binder_1,34,ActivityManagerService.java,22208,-,17090,6]
01-01 12:04:56.651901  1613  1643 I dvm_lock_sample: [system_server,0,Binder_3,40,ActivityManagerService.java,21160,-,17360,8]
01-01 12:04:56.746746  1613  3158 I dvm_lock_sample: [system_server,1,Binder_D,25,ActivityManagerService.java,17149,BroadcastQueue.java,738,5]
01-01 12:04:56.812767  1613  2476 I am_home_stack_moved: [0,0,1,1,startingNewTask]
01-01 12:04:56.812925  1613  2476 I wm_task_moved: [5,1,0]
01-01 12:04:56.816340  1613  1613 I notification_cancel: [10016,2512,com.android.systemui,2131361826,low_battery,-1,0,64,8,NULL]
01-01 12:04:56.817654  1613  2476 I am_create_task: [0,7]
01-01 12:04:56.818433  1613  2476 I am_create_activity: [0,209469570,7,com.android.settings/.usb.USBChangeConfigDialog,NULL,NULL,NULL,276824064]
01-01 12:04:56.818770  1613  1613 I notification_cancel: [10016,2512,com.android.systemui,20150528,low_battery,0,0,64,8,NULL]
01-01 12:04:56.819076  1613  2476 I wm_task_created: [7,1]
01-01 12:04:56.819211  1613  2476 I wm_task_moved: [7,1,1]
01-01 12:04:56.850007  1613  2476 I am_pause_activity: [0,260128315,com.mediatek.mtklogger/.MainActivity]
01-01 12:04:56.854342  1613  2476 I am_home_stack_moved: [0,0,1,1,startedActivity setFocusedActivity]
01-01 12:04:56.854551  1613  2476 I wm_task_moved: [7,1,1]
01-01 12:04:56.860064  1613  2476 I am_focused_activity: [0,com.android.settings/.usb.USBChangeConfigDialog]
01-01 12:04:57.344334  1613  2475 I dvm_lock_sample: [system_server,1,Binder_7,451,UserManagerService.java,441,PackageManagerService.java,5634,90]
01-01 12:04:57.345367  1613  2472 I dvm_lock_sample: [system_server,1,Binder_5,285,UserManagerService.java,441,PackageManagerService.java,5634,57]
01-01 12:04:57.350226  1613  2477 I dvm_lock_sample: [system_server,1,Binder_9,498,ActivityManagerService.java,17713,ActivityStackSupervisor.java,1071,99]
01-01 12:04:57.358399  1613  3158 I dvm_lock_sample: [system_server,1,Binder_D,494,ActivityManagerService.java,22208,BroadcastQueue.java,738,98]
01-01 12:04:57.359716  1613  3159 I dvm_lock_sample: [system_server,1,Binder_E,428,ActivityManagerService.java,17335,BroadcastQueue.java,738,85]
01-01 12:04:57.364370  1613  1646 I dvm_lock_sample: [system_server,1,ActivityManager,421,PendingIntentRecord.java,345,BroadcastQueue.java,738,84]
01-01 12:04:57.386763  1613  2478 I dvm_lock_sample: [system_server,1,Binder_A,20,ActivityManagerService.java,17149,BroadcastQueue.java,738,4]
01-01 12:04:57.389518  6406  6406 I am_on_paused_called: [0,com.mediatek.mtklogger.MainActivity]
01-01 12:04:57.420768  1613  3158 I am_restart_activity: [0,209469570,7,com.android.settings/.usb.USBChangeConfigDialog]
01-01 12:04:57.494316  1613  2471 I notification_visibility: [-1|android|17040348|null|1000,1,1459,1459,0,4]
01-01 12:04:57.494574  1613  2471 I notification_visibility: [-1|android|17040354|null|1000,1,1445,1445,0,2]
01-01 12:04:57.603989  1613  1647 I dvm_lock_sample: [system_server,1,android.ui,13,ActivityManagerService.java,4095,BroadcastQueue.java,738,2]
01-01 12:04:57.613112  8897  8897 I am_on_resume_called: [0,com.android.settings.usb.USBChangeConfigDialog]
01-01 12:04:57.633458  3639  9264 I gtalk_connection: 16974847
01-01 12:04:57.670000  3899  3899 I auditd  : type=1400 audit(0.0:392): avc: denied { search } for comm="GpuAppSpectator" name="8897" dev="proc" ino=54294 scontext=u:r:gas_srv:s0 tcontext=u:r:system_app:s0 tclass=dir permissive=0
01-01 12:04:57.885397  1613  1647 I dvm_lock_sample: [system_server,1,android.ui,27,ActivityManagerService.java,4032,-,17374,5]
01-01 12:04:57.899173  1613  1651 I am_activity_launch_time: [0,209469570,com.android.settings/.usb.USBChangeConfigDialog,488,22789]
01-01 12:04:58.590332  1613  2472 I dvm_lock_sample: [system_server,1,Binder_5,488,UserManagerService.java,441,PackageManagerService.java,5634,97]
01-01 12:04:58.592205  1613  1647 I dvm_lock_sample: [system_server,1,android.ui,496,ActivityManagerService.java,4032,-,10832,99]
01-01 12:04:58.592597  1613  1643 I dvm_lock_sample: [system_server,0,Binder_3,491,ActivityManagerService.java,17374,-,17090,98]
01-01 12:04:58.592998  1613  1651 I dvm_lock_sample: [system_server,1,android.display,464,ActivityRecord.java,367,ActivityManagerService.java,17090,92]
01-01 12:04:58.670000  3899  3899 I auditd  : type=1400 audit(0.0:393): avc: denied { search } for comm="GpuAppSpectator" name="8897" dev="proc" ino=54294 scontext=u:r:gas_srv:s0 tcontext=u:r:system_app:s0 tclass=dir permissive=0
01-01 12:04:59.114657  1613  2475 I dvm_lock_sample: [system_server,1,Binder_7,453,UserManagerService.java,441,PackageManagerService.java,5634,90]
01-01 12:04:59.118169  1613  2471 I dvm_lock_sample: [system_server,1,Binder_4,445,UserManagerService.java,441,PackageManagerService.java,5634,89]
01-01 12:04:59.129930  1613  1648 I dvm_lock_sample: [system_server,0,android.fg,489,ActivityManagerService.java,18412,-,21160,97]
01-01 12:04:59.132364  1613  2476 I dvm_lock_sample: [system_server,1,Binder_8,491,ActivityManagerService.java,9294,-,21160,98]
01-01 12:04:59.139937  1613  1643 I dvm_lock_sample: [system_server,0,Binder_3,497,ActivityManagerService.java,17374,-,17328,99]
01-01 12:04:59.141399  1613  2220 I dvm_lock_sample: [system_server,0,MountService,499,ActivityManagerService.java,18412,-,17328,99]
01-01 12:04:59.142275  1613  1613 I dvm_lock_sample: [system_server,1,main,295,ActivityManagerService.java,18412,-,17328,59]
01-01 12:04:59.144701  1613  2472 I dvm_lock_sample: [system_server,1,Binder_5,258,ActivityManagerService.java,17335,-,17328,51]
01-01 12:04:59.181628  1613  1613 I notification_cancel: [1000,3554,com.asus.hardwarestub,2130837527,NULL,-1,0,0,8,NULL]
01-01 12:04:59.237462  1613  1613 I notification_cancel: [10016,2512,com.android.systemui,2131361826,low_battery,-1,0,64,8,NULL]
01-01 12:04:59.239383  1613  1613 I notification_cancel: [10016,2512,com.android.systemui,20150528,low_battery,0,0,64,8,NULL]
01-01 12:04:59.270417  1613  1647 I dvm_lock_sample: [system_server,1,android.ui,20,ActivityManagerService.java,4032,BroadcastQueue.java,738,4]
01-01 12:04:59.370723  1613  2472 I notification_visibility: [-1|android|17040361|null|1000,0,43496597,43496597,0,3]
01-01 12:04:59.371019  1613  2472 I notification_visibility: [-1|android|17040348|null|1000,0,3335,3335,0,4]
01-01 12:04:59.371307  1613  2472 I notification_visibility: [0|com.asus.mobilemanager|0|null|10094,0,131057,130852,0,0]
01-01 12:04:59.373040  1613  2472 I notification_visibility: [0|android|17303337|null|1000,0,43418323,292811,0,1]
01-01 12:04:59.379333  1613  2472 I notification_visibility: [-1|android|17040354|null|1000,0,3324,3324,0,2]
01-01 12:04:59.384734  1613  1643 I notification_panel_hidden: []
01-01 12:04:59.438440  1613  2476 I am_home_stack_moved: [0,0,1,1,startingNewTask]
01-01 12:04:59.438684  1613  2476 I wm_task_moved: [7,1,1]
01-01 12:04:59.453083  1613  2476 I am_create_task: [0,8]
01-01 12:04:59.453687  1613  2476 I am_create_activity: [0,6430236,8,com.android.settings/.deviceinfo.UsbModeChooserActivity,android.intent.action.MAIN,NULL,NULL,-1870626816]
01-01 12:04:59.454443  1613  2476 I wm_task_created: [8,1]
01-01 12:04:59.454616  1613  2476 I wm_task_moved: [8,1,2]
01-01 12:04:59.511860  1613  2477 I dvm_lock_sample: [system_server,0,Binder_9,44,WindowManagerService.java,11602,-,6592,8]
01-01 12:04:59.529808  1613  2476 I am_pause_activity: [0,209469570,com.android.settings/.usb.USBChangeConfigDialog]
01-01 12:04:59.545562  1613  2476 I am_home_stack_moved: [0,0,1,1,startedActivity setFocusedActivity]
01-01 12:04:59.546180  1613  2476 I wm_task_moved: [8,1,2]
01-01 12:04:59.546871  8897  8897 I am_on_paused_called: [0,com.android.settings.usb.USBChangeConfigDialog]
01-01 12:04:59.560737  1613  2476 I am_focused_activity: [0,com.android.settings/.deviceinfo.UsbModeChooserActivity]
01-01 12:04:59.564164  1613  1643 I notification_clicked: [-1|android|17040348|null|1000,3529,3529,2070]
01-01 12:04:59.567550  1613  1613 I notification_cancel: [10016,2512,android,17040348,NULL,-1,16,64,1,NULL]
01-01 12:04:59.567971  1613  1613 I sysui_histogram: [note_click_longevity,0]
01-01 12:04:59.574324  1613  3175 I dvm_lock_sample: [system_server,1,Binder_F,111,ActivityManagerService.java,13470,PendingIntentRecord.java,211,22]
01-01 12:04:59.589674  1613  2472 I am_restart_activity: [0,6430236,8,com.android.settings/.deviceinfo.UsbModeChooserActivity]
01-01 12:04:59.670000  3899  3899 I auditd  : type=1400 audit(0.0:394): avc: denied { search } for comm="GpuAppSpectator" name="8897" dev="proc" ino=54294 scontext=u:r:gas_srv:s0 tcontext=u:r:system_app:s0 tclass=dir permissive=0
01-01 12:04:59.844539  1613  2476 I dvm_lock_sample: [system_server,1,Binder_8,20,ActivityManagerService.java,18412,BroadcastQueue.java,738,4]
01-01 12:05:00.441455  1613  1640 I dvm_lock_sample: [system_server,1,Binder_2,445,UserManagerService.java,441,PackageManagerService.java,5634,89]
01-01 12:05:00.441775  1613  2476 I dvm_lock_sample: [system_server,1,Binder_8,442,UserManagerService.java,441,PackageManagerService.java,5634,88]
01-01 12:05:00.442075  1613  3175 I dvm_lock_sample: [system_server,0,Binder_F,443,UserManagerService.java,441,PackageManagerService.java,5634,88]
01-01 12:05:00.449609  1613  2474 I dvm_lock_sample: [system_server,1,Binder_6,449,ActivityManagerService.java,17090,BroadcastQueue.java,738,89]
01-01 12:05:00.453003  1613  1613 I dvm_lock_sample: [system_server,1,main,453,ActivityManagerService.java,18412,BroadcastQueue.java,738,90]
01-01 12:05:00.453894  1613  2213 I dvm_lock_sample: [system_server,0,AlarmManager,452,PendingIntentRecord.java,211,BroadcastQueue.java,738,90]
01-01 12:05:00.455810  1613  2479 I dvm_lock_sample: [system_server,1,Binder_B,401,ActivityManagerService.java,12119,BroadcastQueue.java,738,80]
01-01 12:05:00.458664  8897  8897 I am_on_resume_called: [0,com.android.settings.deviceinfo.UsbModeChooserActivity]
01-01 12:05:00.499715  1613  2213 I am_proc_start: [0,9286,10002,com.ironsource.appcloud.oobe.asus,service,com.ironsource.appcloud.oobe.asus/io.ironbeast.sdk.ReportService]
01-01 12:05:00.670000  3899  3899 I auditd  : type=1400 audit(0.0:395): avc: denied { search } for comm="GpuAppSpectator" name="8897" dev="proc" ino=54294 scontext=u:r:gas_srv:s0 tcontext=u:r:system_app:s0 tclass=dir permissive=0
01-01 12:05:00.713136  1613  1639 I dvm_lock_sample: [system_server,1,Binder_1,44,ActivityManagerService.java,17090,-,21160,8]
01-01 12:05:00.763166  1613  1647 I dvm_lock_sample: [system_server,1,android.ui,13,ActivityManagerService.java,4032,-,17374,2]
01-01 12:05:00.809724  1613  1613 I dvm_lock_sample: [system_server,1,main,25,ActivityManagerService.java,7719,-,21160,5]
01-01 12:05:00.883498  1613  2474 I am_proc_bound: [0,9286,com.ironsource.appcloud.oobe.asus]
01-01 12:05:00.934337  1613  1643 I dvm_lock_sample: [system_server,1,Binder_3,48,ActivityManagerService.java,17090,-,6995,9]
01-01 12:05:01.107006  1613  1651 I am_activity_launch_time: [0,6430236,com.android.settings/.deviceinfo.UsbModeChooserActivity,1526,1526]
01-01 12:05:01.288103  1613  3328 I dvm_lock_sample: [system_server,0,Binder_10,15,UserManagerService.java,441,PackageManagerService.java,3039,3]
01-01 12:05:01.343733  1613  3328 I am_proc_start: [0,9317,1000,com.asus.livedemoservice,broadcast,com.asus.livedemoservice/com.google.android.gms.gcm.GcmReceiver]
01-01 12:05:01.348027  1613  2471 I dvm_lock_sample: [system_server,1,Binder_4,42,ActivityManagerService.java,4614,BroadcastQueue.java,738,8]
01-01 12:05:01.348276  1613  2471 I am_finish_activity: [0,6430236,8,com.android.settings/.deviceinfo.UsbModeChooserActivity,app-request]
01-01 12:05:01.349961  1613  2471 I am_home_stack_moved: [0,0,1,1,finishActivity adjustFocus setFocusedActivity]
01-01 12:05:01.350177  1613  2471 I wm_task_moved: [8,1,2]
01-01 12:05:01.360645  1613  2471 I am_focused_activity: [0,com.android.settings/.usb.USBChangeConfigDialog]
01-01 12:05:01.392266  1613  2471 I am_pause_activity: [0,6430236,com.android.settings/.deviceinfo.UsbModeChooserActivity]
01-01 12:05:01.422871  8897  8897 I am_on_paused_called: [0,com.android.settings.deviceinfo.UsbModeChooserActivity]
01-01 12:05:01.570228  1613  1613 I notification_cancel: [1000,1613,android,17040348,NULL,-1,0,0,8,NULL]
01-01 12:05:01.571404  1613  1613 I notification_canceled: [-1|android|17040348|null|1000,8,5536,5536,4077]
01-01 12:05:01.680000  3899  3899 I auditd  : type=1400 audit(0.0:396): avc: denied { search } for comm="GpuAppSpectator" name="8897" dev="proc" ino=54294 scontext=u:r:gas_srv:s0 tcontext=u:r:system_app:s0 tclass=dir permissive=0
01-01 12:05:01.856314  1613  1639 I dvm_lock_sample: [system_server,1,Binder_1,549,UserManagerService.java,441,PackageManagerService.java,5634,100]
01-01 12:05:01.856751  1613  2475 I dvm_lock_sample: [system_server,1,Binder_7,504,PackageManagerService.java,3494,-,5634,100]
01-01 12:05:01.865609  1613  2479 I dvm_lock_sample: [system_server,1,Binder_B,450,UserManagerService.java,441,PackageManagerService.java,5634,90]
01-01 12:05:01.866098  1613  2474 I dvm_lock_sample: [system_server,1,Binder_6,433,UserManagerService.java,441,PackageManagerService.java,5634,86]
01-01 12:05:01.867302  1613  3175 I dvm_lock_sample: [system_server,1,Binder_F,404,UserManagerService.java,441,PackageManagerService.java,5634,80]
01-01 12:05:01.867923  1613  1640 I dvm_lock_sample: [system_server,1,Binder_2,290,UserManagerService.java,441,PackageManagerService.java,5634,58]
01-01 12:05:01.885294  1613  2474 I am_resume_activity: [0,209469570,7,com.android.settings/.usb.USBChangeConfigDialog]
01-01 12:05:01.910307  2512  2512 I sysui_count: [panel_open,1]
01-01 12:05:01.924038  1613  1648 I dvm_lock_sample: [system_server,0,android.fg,354,ActivityManagerService.java,7502,-,7340,70]
01-01 12:05:01.924353  1613  1646 I dvm_lock_sample: [system_server,1,ActivityManager,419,PendingIntentRecord.java,345,ActivityManagerService.java,7340,83]
01-01 12:05:01.924987  1613  2476 I dvm_lock_sample: [system_server,1,Binder_8,334,ActivityManagerService.java,17149,-,7340,66]
01-01 12:05:01.927241  1613  2478 I dvm_lock_sample: [system_server,1,Binder_A,312,ActivityManagerService.java,6995,-,7340,62]
01-01 12:05:01.927452  1613  2478 I am_proc_bound: [0,9317,com.asus.livedemoservice]
01-01 12:05:01.939614  8897  8897 I am_on_resume_called: [0,com.android.settings.usb.USBChangeConfigDialog]
01-01 12:05:01.945289  1613  1613 I notification_enqueue: [1000,1613,android,134545583,NULL,-1,Notification(pri=-2 contentView=null vibrate=null sound=null tick defaults=0x0 flags=0x2 color=0xff607d8b vis=PUBLIC),0]
01-01 12:05:01.946771  1613  2471 I dvm_lock_sample: [system_server,1,Binder_4,65,ActivityManagerService.java,10970,-,7340,13]
01-01 12:05:01.947286  1613  1647 I dvm_lock_sample: [system_server,1,android.ui,61,ActivityManagerService.java,1710,-,7340,12]
01-01 12:05:01.955151  1613  1646 I dvm_lock_sample: [system_server,1,ActivityManager,31,PendingIntentRecord.java,345,ActivityManagerService.java,7502,6]
01-01 12:05:01.983393  2512  2512 I sysui_histogram: [note_load,4]
01-01 12:05:02.036583  1613  2472 I am_destroy_activity: [0,6430236,8,com.android.settings/.deviceinfo.UsbModeChooserActivity,finish-idle]
01-01 12:05:02.048112  1613  1640 I am_finish_activity: [0,209469570,7,com.android.settings/.usb.USBChangeConfigDialog,app-request]
01-01 12:05:02.071936  1613  1613 I notification_cancel: [1000,3554,com.asus.hardwarestub,2130837527,NULL,-1,0,0,8,NULL]
01-01 12:05:02.070000  3748  3748 I auditd  : type=1400 audit(0.0:397): avc: denied { search } for comm=4173796E635461736B202331 name="256" dev="proc" ino=3571 scontext=u:r:platform_app:s0:c512,c768 tcontext=u:r:surfaceflinger:s0 tclass=dir permissive=0
01-01 12:05:02.107993  1613  1640 I am_home_stack_moved: [0,0,1,1,finishActivity adjustFocus setFocusedActivity]
01-01 12:05:02.108291  1613  1640 I wm_task_moved: [8,1,2]
01-01 12:05:02.115688  1613  1640 I am_focused_activity: [0,com.mediatek.mtklogger/.MainActivity]
01-01 12:05:02.154498  1613  1640 I am_pause_activity: [0,209469570,com.android.settings/.usb.USBChangeConfigDialog]
01-01 12:05:02.180328  1613  2472 I dvm_lock_sample: [system_server,0,Binder_5,132,ActivityManagerService.java,17374,-,4614,26]
01-01 12:05:02.189037  8897  8897 I am_on_paused_called: [0,com.android.settings.usb.USBChangeConfigDialog]
01-01 12:05:02.195653  1613  2474 I dvm_lock_sample: [system_server,1,Binder_6,137,ActivityManagerService.java,18412,-,4614,27]
01-01 12:05:02.199078  1613  2275 I dvm_lock_sample: [system_server,0,LazyTaskWriterThread,134,TaskPersister.java,488,ActivityManagerService.java,4614,26]
01-01 12:05:02.202706  1613  1643 I notification_visibility: [0|com.asus.mobilemanager|0|null|10094,1,133888,133683,0,0]
01-01 12:05:02.219453  1613  2472 I dvm_lock_sample: [system_server,0,Binder_5,27,ActivityManagerService.java,18525,-,17149,5]
01-01 12:05:02.276264  1613  1639 I am_resume_activity: [0,260128315,5,com.mediatek.mtklogger/.MainActivity]
01-01 12:05:02.375706  1613  1613 I notification_cancel: [10016,2512,com.android.systemui,2131361826,low_battery,-1,0,64,8,NULL]
01-01 12:05:02.381467  1613  1613 I notification_cancel: [10016,2512,com.android.systemui,20150528,low_battery,0,0,64,8,NULL]
01-01 12:05:02.388179  6406  6406 I am_on_resume_called: [0,com.mediatek.mtklogger.MainActivity]
01-01 12:05:02.594641   256   256 I sf_frame_dur: [com.android.settings/com.android.settings.usb.USBChangeConfigDialog,9,3,0,0,0,2,0]
01-01 12:05:02.637143  1613  1651 I wm_task_removed: [8,removeAppToken: last token]
01-01 12:05:02.637237  1613  1651 I wm_task_removed: [8,removeTask]
01-01 12:05:02.865647  1613  3328 I dvm_lock_sample: [system_server,1,Binder_10,472,UserManagerService.java,441,PackageManagerService.java,5634,94]
01-01 12:05:02.865969  1613  2474 I dvm_lock_sample: [system_server,1,Binder_6,462,UserManagerService.java,441,PackageManagerService.java,5634,92]
01-01 12:05:02.866293  1613  2478 I dvm_lock_sample: [system_server,1,Binder_A,276,PackageManagerService.java,4444,-,5634,55]
01-01 12:05:02.868080  1613  3158 I dvm_lock_sample: [system_server,1,Binder_D,478,ActivityManagerService.java,7298,-,17090,95]
01-01 12:05:02.868546  1613  2472 I dvm_lock_sample: [system_server,0,Binder_5,476,ActivityManagerService.java,17374,-,18412,95]
01-01 12:05:02.873441  1613  2479 I dvm_lock_sample: [system_server,1,Binder_B,480,ActivityManagerService.java,22208,-,18412,96]
01-01 12:05:02.874396  1613  3159 I dvm_lock_sample: [system_server,1,Binder_E,460,ActivityManagerService.java,17564,-,18412,92]
01-01 12:05:02.976899  1613  2472 I am_destroy_activity: [0,209469570,7,com.android.settings/.usb.USBChangeConfigDialog,finish-imm]
01-01 12:05:03.054177  1613  2472 I am_kill : [0,8947,com.google.android.music:main,15,empty #17]
01-01 12:05:03.299878  1613  2471 I dvm_lock_sample: [system_server,1,Binder_4,31,ActivityManagerService.java,22208,-,17335,6]
01-01 12:05:03.329559  1613  2472 I wm_task_removed: [7,removeAppToken: last token]
01-01 12:05:03.329734  1613  2472 I wm_task_removed: [7,removeTask]
01-01 12:05:03.354184  1613  2479 I dvm_lock_sample: [system_server,1,Binder_B,17,ActivityManagerService.java,17713,BroadcastQueue.java,738,3]
01-01 12:05:03.363717  1613  2472 I am_kill : [0,9014,com.google.android.gms.ui,15,empty #17]
01-01 12:05:03.449956  1613  1647 I dvm_lock_sample: [system_server,1,android.ui,92,ActivityManagerService.java,4095,TaskPersister.java,568,18]
01-01 12:05:03.451175  1613  2475 I dvm_lock_sample: [system_server,1,Binder_7,92,ActivityManagerService.java,13470,-,17374,18]
01-01 12:05:03.460961  1613  1613 I dvm_lock_sample: [system_server,1,main,101,ActivityManagerService.java,22208,-,17374,20]
01-01 12:05:03.462780  1613  2474 I dvm_lock_sample: [system_server,1,Binder_6,99,ActivityManagerService.java,13509,-,17374,19]
01-01 12:05:03.465912  1613  2275 I dvm_lock_sample: [system_server,0,LazyTaskWriterThread,79,TaskPersister.java,488,ActivityManagerService.java,17374,15]
01-01 12:05:03.466683  1613  3158 I am_proc_died: [0,9014,com.google.android.gms.ui]
01-01 12:05:03.472776  1613  2476 I am_proc_died: [0,8947,com.google.android.music:main]
01-01 12:05:03.643390  1613  1613 I am_proc_start: [0,9354,10018,com.asus.themeapp,service,com.asus.themeapp/.UpdateBadgeJobService]
01-01 12:05:03.653230  1613  1639 I am_kill : [0,9035,com.asus.appinstallationservice,15,empty #17]
01-01 12:05:03.777186  1613  2475 I am_proc_died: [0,9035,com.asus.appinstallationservice]
01-01 12:05:03.867236  1613  3175 I am_proc_bound: [0,9354,com.asus.themeapp]
01-01 12:05:03.917065  1613  3012 I notification_visibility: [-1|android|17040361|null|1000,1,43501143,43501143,0,3]
01-01 12:05:03.917328  1613  3012 I notification_visibility: [0|android|17303337|null|1000,1,43422868,297356,0,1]
01-01 12:05:03.917628  1613  3012 I notification_visibility: [-1|android|134545583|null|1000,1,1973,1973,0,4]
01-01 12:05:03.918290  1613  3012 I notification_visibility: [-1|android|17040354|null|1000,1,7869,7869,0,2]
01-01 12:05:04.019402  1613  3175 I am_proc_start: [0,9374,10055,com.asus.sensorapi.service,broadcast,com.asus.sensorapi.service/.AsusSensorServiceGAReceiver]
01-01 12:05:04.280837  1613  3159 I am_proc_bound: [0,9374,com.asus.sensorapi.service]
01-01 12:05:04.491284  1613  3159 I am_kill : [0,9053,com.asus.microfilm,15,empty #17]
01-01 12:05:04.588300  1613  1647 I dvm_lock_sample: [system_server,1,android.ui,99,ActivityManagerService.java,4032,-,17374,19]
01-01 12:05:04.593668  1613  3175 I am_proc_died: [0,9053,com.asus.microfilm]
01-01 12:05:04.725344  1613  2477 I am_proc_start: [0,9413,10096,com.google.android.music:main,broadcast,com.google.android.music/.AccountsBroadcastReceiver]
01-01 12:05:04.729369  1613  2477 I am_kill : [0,9078,com.asus.appmanager,15,empty #17]
01-01 12:05:04.795187  1613  2472 I dvm_lock_sample: [system_server,1,Binder_5,103,ActivityManagerService.java,13509,BroadcastQueue.java,738,20]
01-01 12:05:04.796306  1613  1647 I dvm_lock_sample: [system_server,1,android.ui,101,ActivityManagerService.java,4095,BroadcastQueue.java,738,20]
01-01 12:05:04.799931  1613  1613 I notification_cancel: [10083,9157,com.google.android.talk,10436,NULL,0,0,64,8,NULL]
01-01 12:05:04.826015  1613  2474 I notification_visibility: [-1|android|17040361|null|1000,0,43502052,43502052,0,3]
01-01 12:05:04.827228  1613  2474 I notification_visibility: [0|com.asus.mobilemanager|0|null|10094,0,136513,136308,0,0]
01-01 12:05:04.827470  1613  2474 I notification_visibility: [0|android|17303337|null|1000,0,43423778,298266,0,1]
01-01 12:05:04.827811  1613  2474 I notification_visibility: [-1|android|134545583|null|1000,0,2883,2883,0,4]
01-01 12:05:04.828046  1613  2474 I notification_visibility: [-1|android|17040354|null|1000,0,8778,8778,0,2]
01-01 12:05:04.828876  1613  2477 I notification_panel_hidden: []
01-01 12:05:04.838637  1613  2479 I am_proc_died: [0,9078,com.asus.appmanager]
01-01 12:05:04.855893  1613  2471 I dvm_lock_sample: [system_server,1,Binder_4,6,ActivityManagerService.java,22208,-,17374,1]
01-01 12:05:04.863723  1613  2479 I am_home_stack_moved: [0,0,1,1,startingNewTask]
01-01 12:05:04.863938  1613  2479 I wm_task_moved: [5,1,0]
01-01 12:05:04.875093  1613  2479 I am_create_task: [0,9]
01-01 12:05:04.875813  1613  2479 I am_create_activity: [0,197451517,9,com.android.settings/.deviceinfo.UsbModeChooserActivity,android.intent.action.MAIN,NULL,NULL,-1870626816]
01-01 12:05:04.878499  1613  2479 I wm_task_created: [9,1]
01-01 12:05:04.878731  1613  2479 I wm_task_moved: [9,1,1]
01-01 12:05:04.924119  1613  2479 I am_pause_activity: [0,260128315,com.mediatek.mtklogger/.MainActivity]
01-01 12:05:04.933633  1613  2479 I am_home_stack_moved: [0,0,1,1,startedActivity setFocusedActivity]
01-01 12:05:04.933840  1613  2479 I wm_task_moved: [9,1,1]
01-01 12:05:04.946427  1613  2479 I am_focused_activity: [0,com.android.settings/.deviceinfo.UsbModeChooserActivity]
01-01 12:05:04.947174  1613  1639 I dvm_lock_sample: [system_server,1,Binder_1,62,ActivityManagerService.java,17090,PendingIntentRecord.java,211,12]
01-01 12:05:04.950953  1613  3158 I notification_clicked: [-1|android|134545583|null|1000,3006,3006,1033]
01-01 12:05:04.952538  1613  1613 I notification_cancel: [10016,2512,android,134545583,NULL,-1,16,64,1,NULL]
01-01 12:05:04.952679  1613  1613 I sysui_histogram: [note_click_longevity,0]
01-01 12:05:04.954409  6406  6406 I am_on_paused_called: [0,com.mediatek.mtklogger.MainActivity]
01-01 12:05:04.968835  1613  3012 I am_restart_activity: [0,197451517,9,com.android.settings/.deviceinfo.UsbModeChooserActivity]
01-01 12:05:05.013990  1613  2472 I am_proc_bound: [0,9413,com.google.android.music:main]
01-01 12:05:05.214070  8897  8897 I am_on_resume_called: [0,com.android.settings.deviceinfo.UsbModeChooserActivity]
01-01 12:05:05.258433  1613  1613 I notification_cancel: [1000,3554,com.asus.hardwarestub,2130837527,NULL,-1,0,0,8,NULL]
01-01 12:05:05.262361  1613  1613 I notification_cancel: [10016,2512,com.android.systemui,2131361826,low_battery,-1,0,64,8,NULL]
01-01 12:05:05.264669  1613  1613 I notification_cancel: [10016,2512,com.android.systemui,20150528,low_battery,0,0,64,8,NULL]
01-01 12:05:05.648460  1613  1651 I am_activity_launch_time: [0,197451517,com.android.settings/.deviceinfo.UsbModeChooserActivity,690,3725]
01-01 12:05:05.690000  3899  3899 I auditd  : type=1400 audit(0.0:398): avc: denied { search } for comm="GpuAppSpectator" name="8897" dev="proc" ino=54294 scontext=u:r:gas_srv:s0 tcontext=u:r:system_app:s0 tclass=dir permissive=0
01-01 12:05:06.271271  1613  1654 I auto_brightness_adj: [0.800000,0.000000,6,1.000000,1.000000,0.000000,8,1.000000]
01-01 12:05:06.700000  3899  3899 I auditd  : type=1400 audit(0.0:399): avc: denied { search } for comm="GpuAppSpectator" name="8897" dev="proc" ino=54294 scontext=u:r:gas_srv:s0 tcontext=u:r:system_app:s0 tclass=dir permissive=0
01-01 12:05:07.273339  1613  2475 I am_proc_start: [0,9450,10096,com.google.android.music:ui,service,com.google.android.music/.tutorial.SignupStatus$SignupCheckService]
01-01 12:05:07.279843  1613  1643 I dvm_lock_sample: [system_server,1,Binder_3,66,ActivityManagerService.java,4614,-,17328,13]
01-01 12:05:07.280084  1613  1643 I am_finish_activity: [0,197451517,9,com.android.settings/.deviceinfo.UsbModeChooserActivity,app-request]
01-01 12:05:07.282125  1613  1643 I am_home_stack_moved: [0,0,1,1,finishActivity adjustFocus setFocusedActivity]
01-01 12:05:07.282322  1613  1643 I wm_task_moved: [9,1,1]
01-01 12:05:07.290278  1613  1643 I am_focused_activity: [0,com.mediatek.mtklogger/.MainActivity]
01-01 12:05:07.338870  1613  1643 I am_pause_activity: [0,197451517,com.android.settings/.deviceinfo.UsbModeChooserActivity]
01-01 12:05:07.344883  1613  2478 I dvm_lock_sample: [system_server,1,Binder_A,116,ActivityManagerService.java,17335,-,17328,23]
01-01 12:05:07.347813  1613  2476 I dvm_lock_sample: [system_server,0,Binder_8,62,ActivityManagerService.java,18525,-,4614,12]
01-01 12:05:07.388161  1613  2476 I am_proc_start: [0,9461,10001,com.asus.server.azs,broadcast,com.asus.server.azs/com.asus.server.snm.receiver.SNMReceiver]
01-01 12:05:07.391348  1613  1647 I dvm_lock_sample: [system_server,1,android.ui,41,ActivityManagerService.java,4095,BroadcastQueue.java,738,8]
01-01 12:05:07.398459  8897  8897 I am_on_paused_called: [0,com.android.settings.deviceinfo.UsbModeChooserActivity]
01-01 12:05:07.412649  1613  2475 I am_resume_activity: [0,260128315,5,com.mediatek.mtklogger/.MainActivity]
01-01 12:05:07.456841   256   256 I sf_frame_dur: [com.android.settings/com.android.settings.deviceinfo.UsbModeChooserActivity,7,1,1,0,0,2,0]
01-01 12:05:07.476352  6406  6406 I am_on_resume_called: [0,com.mediatek.mtklogger.MainActivity]
01-01 12:05:07.522895  1613  1639 I am_proc_bound: [0,9450,com.google.android.music:ui]
01-01 12:05:07.548364  1613  1613 I notification_cancel: [1000,1613,android,134545583,NULL,-1,0,0,8,NULL]
01-01 12:05:07.550460  1613  1613 I notification_canceled: [-1|android|134545583|null|1000,8,5606,5606,3633]
01-01 12:05:07.581251  1613  1613 I notification_cancel: [10016,2512,com.android.systemui,2131361826,low_battery,-1,0,64,8,NULL]
01-01 12:05:07.581860  1613  1613 I notification_cancel: [10016,2512,com.android.systemui,20150528,low_battery,0,0,64,8,NULL]
01-01 12:05:07.584125  1613  1613 I notification_cancel: [1000,3554,com.asus.hardwarestub,2130837527,NULL,-1,0,0,8,NULL]
01-01 12:05:07.588373  1613  1613 I notification_enqueue: [1000,1613,android,17040349,NULL,-1,Notification(pri=-2 contentView=null vibrate=null sound=null tick defaults=0x0 flags=0x2 color=0xff607d8b vis=PUBLIC),0]
01-01 12:05:07.671008  1613  2477 I am_destroy_activity: [0,197451517,9,com.android.settings/.deviceinfo.UsbModeChooserActivity,finish-imm]
01-01 12:05:07.722611  1613  3158 I am_proc_bound: [0,9461,com.asus.server.azs]
01-01 12:05:07.927078  1613  1613 I notification_cancel: [10016,2512,com.android.systemui,2131361826,low_battery,-1,0,64,8,NULL]
01-01 12:05:07.927785  1613  1613 I notification_cancel: [10016,2512,com.android.systemui,20150528,low_battery,0,0,64,8,NULL]
01-01 12:05:07.928383  1613  1613 I notification_cancel: [1000,3554,com.asus.hardwarestub,2130837527,NULL,-1,0,0,8,NULL]
01-01 12:05:08.109964  1613  1651 I wm_task_removed: [9,removeAppToken: last token]
01-01 12:05:08.110067  1613  1651 I wm_task_removed: [9,removeTask]
01-01 12:05:08.275380  1613  1645 I am_pss  : [4858,10007,com.asus.contacts,15491072,13578240]
01-01 12:05:08.294842  1613  1643 I dvm_lock_sample: [system_server,1,Binder_3,5,ActivityManagerService.java,10832,-,17090,1]
