01-01 12:02:11.928399  1613  2475 I dvm_lock_sample: [system_server,1,Binder_7,8,PackageManagerService.java,6744,-,3039,1]
01-01 12:02:11.931094  1613  3175 I dvm_lock_sample: [system_server,1,Binder_F,42,ActivityManagerService.java,10970,-,6995,8]
01-01 12:02:12.344990  1613  1645 I am_pss  : [5816,10054,com.asus.kidslauncher,7172096,4784128]
01-01 12:02:12.387035  1613  3328 I am_proc_start: [0,6341,10020,com.android.providers.calendar,content provider,com.android.providers.calendar/.CalendarProvider2]
01-01 12:02:12.439238  1613  3012 I am_proc_start: [0,6347,10029,com.google.process.gapps,content provider,com.google.android.gsf/.gservices.GservicesProvider]
01-01 12:02:12.697533  1613  2474 I am_proc_bound: [0,6347,com.google.process.gapps]
01-01 12:02:12.719005  1613  2477 I am_proc_bound: [0,6341,com.android.providers.calendar]
01-01 12:02:13.074517  1613  1613 I power_screen_broadcast_done: [1,1603,1]
01-01 12:02:13.074752  1613  1613 I power_screen_broadcast_send: 1
01-01 12:02:13.636713  1613  2472 I dvm_lock_sample: [system_server,1,Binder_5,125,ActivityManagerService.java,22208,-,13509,25]
01-01 12:02:14.057275  1613  1647 I dvm_lock_sample: [system_server,1,android.ui,120,ActivityManagerService.java,4032,-,17328,24]
01-01 12:02:14.059501  1613  2475 I dvm_lock_sample: [system_server,1,Binder_7,105,ActivityManagerService.java,10970,-,17328,21]
01-01 12:02:14.281122  1613  1639 I dvm_lock_sample: [system_server,1,Binder_1,70,ActivityManagerService.java,7502,-,13509,14]
01-01 12:02:14.379494  1613  2471 I dvm_lock_sample: [system_server,1,Binder_4,50,ActivityManagerService.java,13509,-,10832,10]
01-01 12:02:14.463783  1613  2476 I dvm_lock_sample: [system_server,1,Binder_8,89,ActivityManagerService.java,13470,-,10832,17]
01-01 12:02:14.564002  1613  2478 I dvm_lock_sample: [system_server,1,Binder_A,78,PendingIntentRecord.java,211,ActivityManagerService.java,13509,15]
01-01 12:02:14.568939  1613  1639 I dvm_lock_sample: [system_server,1,Binder_1,24,ActivityManagerService.java,13470,-,13509,4]
01-01 12:02:14.575581  1613  2476 I dvm_lock_sample: [system_server,1,Binder_8,5,ActivityManagerService.java,13470,BroadcastQueue.java,738,1]
01-01 12:02:14.596213  1613  2475 I am_kill : [0,5603,com.google.android.apps.maps,15,empty #17]
01-01 12:02:14.685048  1613  1647 I dvm_lock_sample: [system_server,1,android.ui,91,ActivityManagerService.java,4032,-,10832,18]
01-01 12:02:14.704181  1613  3158 I dvm_lock_sample: [system_server,1,Binder_D,10,PowerManagerService.java,961,-,1039,2]
01-01 12:02:14.720352  1613  1643 I dvm_lock_sample: [system_server,0,Binder_3,40,ActivityManagerService.java,1390,-,10832,8]
01-01 12:02:14.720618  1613  1643 I am_proc_died: [0,5603,com.google.android.apps.maps]
01-01 12:02:14.728610  1613  3159 I dvm_lock_sample: [system_server,1,Binder_E,43,ActivityManagerService.java,17149,-,17374,8]
01-01 12:02:14.759577  1613  2477 I am_kill : [0,6079,com.google.android.partnersetup,15,empty #17]
01-01 12:02:14.842493  1613  1647 I dvm_lock_sample: [system_server,1,android.ui,90,ActivityManagerService.java,4032,-,17374,18]
01-01 12:02:14.861637  1613  1643 I am_proc_died: [0,6079,com.google.android.partnersetup]
01-01 12:02:14.894091  1613  2477 I am_kill : [0,5799,com.asus.easylauncher,15,empty #17]
01-01 12:02:15.049446  1613  2477 I am_proc_start: [0,6406,10092,com.mediatek.mtklogger,broadcast,com.mediatek.mtklogger/.framework.LogReceiver]
01-01 12:02:15.052980  1613  1639 I am_proc_died: [0,5799,com.asus.easylauncher]
01-01 12:02:15.350955  1613  1640 I am_proc_bound: [0,6406,com.mediatek.mtklogger]
01-01 12:02:15.401581  1613  1613 I power_screen_broadcast_done: [0,2326,1]
01-01 12:02:15.620085  1613  2474 I am_kill : [0,5816,com.asus.kidslauncher,15,empty #17]
01-01 12:02:15.692157  1613  1643 I am_proc_died: [0,5816,com.asus.kidslauncher]
01-01 12:02:15.801335  1613  3012 I am_proc_start: [0,6431,10129,com.google.android.marvin.talkback,broadcast,com.google.android.marvin.talkback/com.android.talkback.BootReceiver]
01-01 12:02:16.035516  1613  2477 I am_proc_bound: [0,6431,com.google.android.marvin.talkback]
01-01 12:02:16.684875  1613  1640 I am_proc_start: [0,6458,10017,com.asus.task,broadcast,com.asus.task/.alerts.AlertReceiver]
01-01 12:02:16.689083  1613  1640 I am_kill : [0,6048,com.asus.contacts.simcontacts,15,empty #17]
01-01 12:02:16.761200  1613  1639 I am_proc_died: [0,6048,com.asus.contacts.simcontacts]
01-01 12:02:16.911056  1613  3158 I am_proc_bound: [0,6458,com.asus.task]
01-01 12:02:17.664415  1613  3328 I am_proc_start: [0,6498,10001,com.asus.server.azs,broadcast,com.asus.server.azs/com.asus.service.cloudstorage.dataprovider.AutoStartNotifyReceiver]
01-01 12:02:17.725000  1613  2471 I am_kill : [0,6185,com.asus.focusapplistener,15,empty #17]
01-01 12:02:17.802876  1613  2475 I am_proc_died: [0,6185,com.asus.focusapplistener]
01-01 12:02:17.941595  1613  3159 I am_proc_bound: [0,6498,com.asus.server.azs]
01-01 12:02:18.036612  1613  3175 I am_kill : [0,5841,com.android.vending,15,empty #17]
01-01 12:02:18.148200  1613  1647 I dvm_lock_sample: [system_server,1,android.ui,110,ActivityManagerService.java,4032,-,17374,22]
01-01 12:02:18.148729  1613  2471 I dvm_lock_sample: [system_server,1,Binder_4,51,ActivityManagerService.java,17328,-,17374,10]
01-01 12:02:18.150123  1613  2476 I am_proc_died: [0,5841,com.android.vending]
01-01 12:02:18.194401  1613  1639 I dvm_lock_sample: [system_server,1,Binder_1,42,ActivityManagerService.java,10412,-,1390,8]
01-01 12:02:18.274545  1613  2471 I am_proc_start: [0,6524,10003,com.asus.appinstallationservice,broadcast,com.asus.appinstallationservice/.AppUpdaterEventReceiver]
01-01 12:02:18.279357  1613  2471 I am_kill : [0,6192,com.android.keychain,15,empty #17]
01-01 12:02:18.363735  1613  1643 I dvm_lock_sample: [system_server,1,Binder_3,127,ActivityManagerService.java,13470,BroadcastQueue.java,738,25]
01-01 12:02:18.368080  1613  2478 I dvm_lock_sample: [system_server,1,Binder_A,108,ActivityManagerService.java,7502,BroadcastQueue.java,738,21]
01-01 12:02:18.370513  1613  1639 I am_proc_died: [0,6192,com.android.keychain]
01-01 12:02:18.492003  1613  2472 I am_proc_bound: [0,6524,com.asus.appinstallationservice]
01-01 12:02:19.107410  1613  3328 I dvm_lock_sample: [system_server,1,Binder_10,610,ActivityManagerService.java,17328,-,6995,100]
01-01 12:02:19.109982  1613  2479 I dvm_lock_sample: [system_server,1,Binder_B,536,ActivityManagerService.java,17328,-,6995,100]
01-01 12:02:19.140619  1613  1613 I notification_enqueue: [10092,6406,com.mediatek.mtklogger,2130837539,NULL,0,Notification(pri=0 contentView=com.mediatek.mtklogger/0x10900a2 vibrate=null sound=null tick defaults=0x0 flags=0x60 color=0x00000000 vis=PRIVATE),0]
01-01 12:02:19.339072  1613  2476 I notification_expansion: [0|com.mediatek.mtklogger|2130837539|null|10092,0,1,199,199,0]
01-01 12:02:19.340988  1613  2479 I notification_expansion: [0|android|17303337|null|1000,0,0,43258291,132779,0]
01-01 12:02:19.636185  1613  1639 I am_proc_start: [0,6548,10005,com.asus.calculator,broadcast,com.asus.calculator/.floatview.BootCompleteReceiver]
01-01 12:02:19.640380  1613  1639 I am_kill : [0,6215,com.asus.quickmemo,15,empty #17]
01-01 12:02:19.722336  1613  2472 I am_proc_died: [0,6215,com.asus.quickmemo]
01-01 12:02:19.871434  1613  1643 I am_proc_bound: [0,6548,com.asus.calculator]
01-01 12:02:20.763278  1613  1643 I am_proc_start: [0,6566,10006,com.asus.camera,broadcast,com.asus.camera/.InstallNotifyReceiver]
01-01 12:02:20.767437  1613  1643 I am_kill : [0,5943,com.android.settings,15,empty #17]
01-01 12:02:20.843724  1613  1613 I dvm_lock_sample: [system_server,1,main,62,ActivityManagerService.java,18412,-,21160,12]
01-01 12:02:20.844768  1613  1639 I am_proc_died: [0,5943,com.android.settings]
01-01 12:02:20.986543  1613  1640 I am_proc_bound: [0,6566,com.asus.camera]
01-01 12:02:22.995457  1613  3159 I dvm_lock_sample: [system_server,1,Binder_E,1209,ActivityManagerService.java,18412,-,6995,100]
01-01 12:02:22.996747  1613  2471 I dvm_lock_sample: [system_server,1,Binder_4,676,ActivityManagerService.java,17328,-,6995,100]
01-01 12:02:23.001423  1613  2213 I dvm_lock_sample: [system_server,0,AlarmManager,527,PendingIntentRecord.java,211,ActivityManagerService.java,6995,100]
01-01 12:02:23.004155  1613  3012 I dvm_lock_sample: [system_server,1,Binder_C,217,ActivityManagerService.java,7502,-,6995,43]
01-01 12:02:23.040270  1613  1613 I notification_cancel: [1000,1613,com.mediatek.mtklogger,2130837539,NULL,0,0,0,8,NULL]
01-01 12:02:23.041626  1613  1613 I notification_canceled: [0|com.mediatek.mtklogger|2130837539|null|10092,8,3902,3902,0]
01-01 12:02:23.043531  1613  1647 I dvm_lock_sample: [system_server,1,android.ui,6,ActivityManagerService.java,4032,-,17157,1]
01-01 12:02:23.065483  1613  2475 I notification_expansion: [0|android|17303337|null|1000,0,1,43262016,136504,0]
01-01 12:02:23.072159  1613  1613 I notification_enqueue: [10092,6406,com.mediatek.mtklogger,2130837539,NULL,0,Notification(pri=0 contentView=com.mediatek.mtklogger/0x10900a2 vibrate=null sound=null tick defaults=0x0 flags=0x60 color=0x00000000 vis=PRIVATE),0]
01-01 12:02:23.249047  1613  2475 I notification_expansion: [0|com.mediatek.mtklogger|2130837539|null|10092,0,1,177,177,0]
01-01 12:02:23.250916  1613  1643 I notification_expansion: [0|android|17303337|null|1000,0,0,43262201,136689,0]
01-01 12:02:23.557471  1613  2471 I am_kill : [0,5886,android.process.media,15,empty #17]
01-01 12:02:23.643297  1613  1647 I dvm_lock_sample: [system_server,1,android.ui,88,ActivityManagerService.java,4032,BroadcastQueue.java,738,17]
01-01 12:02:23.645749  1613  2478 I am_proc_died: [0,5886,android.process.media]
01-01 12:02:23.853099  1613  1643 I am_proc_start: [0,6593,1000,com.asus.livedemoservice,broadcast,com.asus.livedemoservice/.receiver.BootReceiver]
01-01 12:02:24.081440  1613  2471 I am_proc_bound: [0,6593,com.asus.livedemoservice]
01-01 12:02:24.223463  1613  2475 I dvm_lock_sample: [system_server,1,Binder_7,29,UserManagerService.java,441,PackageManagerService.java,1599,5]
01-01 12:02:24.301914  1613  1659 I dvm_lock_sample: [system_server,0,PackageManager,55,ActivityManagerService.java,18412,BroadcastQueue.java,738,11]
01-01 12:02:24.497151  1613  1645 I dvm_lock_sample: [system_server,0,android.bg,42,UserManagerService.java,441,PackageManagerService.java,3039,8]
01-01 12:02:24.883238  1613  2477 I am_proc_start: [0,6612,1000,com.asus.packageinstaller,broadcast,com.asus.packageinstaller/.applist.ReceiverBootComplete]
01-01 12:02:25.122321  1613  2472 I am_proc_bound: [0,6612,com.asus.packageinstaller]
01-01 12:02:25.351795  1613  1659 I am_kill : [0,6612,com.asus.packageinstaller,0,stop com.asus.packageinstaller]
01-01 12:02:25.424649  1613  1659 I am_broadcast_discard_app: [0,39120026,android.intent.action.BOOT_COMPLETED,40,ResolveInfo{dfd868b com.asus.packageinstaller/.applist.ReceiverBootComplete m=0x108000}]
01-01 12:02:25.452680  1613  2475 I dvm_lock_sample: [system_server,0,Binder_7,117,ActivityManagerService.java,18525,-,18412,23]
01-01 12:02:25.453190  1613  1640 I dvm_lock_sample: [system_server,1,Binder_2,116,ActivityManagerService.java,13470,-,18412,23]
01-01 12:02:25.563818  1613  2479 I dvm_lock_sample: [system_server,1,Binder_B,10,UserManagerService.java,441,PackageManagerService.java,3039,2]
01-01 12:02:25.609039  1613  1646 I am_proc_start: [0,6630,10018,com.asus.themeapp,broadcast,com.asus.themeapp/.UpdateBadgeJobService$ImmediateUpdateReceiver]
01-01 12:02:25.831900  1613  1645 I dvm_lock_sample: [system_server,0,android.bg,10,UserManagerService.java,441,PackageManagerService.java,3039,2]
01-01 12:02:25.909324  1613  3012 I am_proc_bound: [0,6630,com.asus.themeapp]
01-01 12:02:26.335594  1613  2474 I am_proc_start: [0,6647,10025,android.process.media,content provider,com.android.providers.downloads/.DownloadProvider]
01-01 12:02:26.598015  1613  2477 I am_proc_bound: [0,6647,android.process.media]
01-01 12:02:26.777034  1613  2471 I am_proc_start: [0,6669,1000,com.asus.dm,broadcast,com.asus.dm/.BootCompletedReceiver]
01-01 12:02:26.781683  1613  2471 I am_kill : [0,4885,android.process.acore,15,empty #17]
01-01 12:02:26.852756  1613  2471 I am_kill : [0,6237,com.wind.emode,15,empty #18]
01-01 12:02:26.924721  1613  2478 I dvm_lock_sample: [system_server,0,Binder_A,75,ActivityManagerService.java,1390,-,21160,15]
01-01 12:02:26.924937  1613  2478 I am_proc_died: [0,4885,android.process.acore]
01-01 12:02:26.934384  1613  2475 I am_proc_died: [0,6237,com.wind.emode]
01-01 12:02:26.999329  1613  3175 I am_proc_bound: [0,6669,com.asus.dm]
01-01 12:02:27.366652  1613  3328 I am_proc_start: [0,6687,10035,com.asus.microfilm,broadcast,com.asus.microfilm/com.asus.push.receiver.RegisterBroadcastReceiver]
01-01 12:02:27.524697  1613  3012 I notification_cancel_all: [10025,6647,com.android.providers.downloads,0,0,64,9,NULL]
01-01 12:02:27.600648  1613  2474 I am_kill : [0,5264,com.google.android.googlequicksearchbox:search,15,empty #17]
01-01 12:02:27.699695  1613  2476 I am_proc_bound: [0,6687,com.asus.microfilm]
01-01 12:02:27.713513  1613  2477 I am_proc_died: [0,5264,com.google.android.googlequicksearchbox:search]
01-01 12:02:27.880251  1613  1613 I notification_cancel: [10016,2512,com.android.systemui,2131361826,low_battery,-1,0,64,8,NULL]
01-01 12:02:27.881653  1613  1613 I notification_cancel: [10016,2512,com.android.systemui,20150528,low_battery,0,0,64,8,NULL]
01-01 12:02:28.360303  1613  3159 I am_proc_start: [0,6714,1000,com.asus.powersaver,broadcast,com.asus.powersaver/.BootReceiver]
01-01 12:02:28.364591  1613  3159 I am_kill : [0,6267,com.asus.ia.asusapp,15,empty #17]
01-01 12:02:28.451671  1613  3158 I am_proc_died: [0,6267,com.asus.ia.asusapp]
01-01 12:02:28.600007  1613  1643 I am_proc_bound: [0,6714,com.asus.powersaver]
01-01 12:02:29.060798  1613  1639 I am_proc_start: [0,6735,10048,com.asus.appmanager,broadcast,com.asus.appmanager/.EventReceiver]
01-01 12:02:29.064970  1613  1639 I am_kill : [0,6341,com.android.providers.calendar,15,empty #17]
01-01 12:02:29.144308  1613  2479 I am_proc_died: [0,6341,com.android.providers.calendar]
01-01 12:02:29.269869  1613  1613 I free_storage_changed: 9807982592
01-01 12:02:29.334804  1613  1639 I am_proc_bound: [0,6735,com.asus.appmanager]
01-01 12:02:29.755304  1613  1613 I notification_cancel: [1000,3554,com.asus.powersaver,3,PowerSaverService,0,0,0,8,NULL]
01-01 12:02:29.756085  1613  1613 I notification_cancel: [1000,3554,com.asus.powersaver,5,PowerSaverService,0,0,0,8,NULL]
01-01 12:02:29.808186  1613  2475 I dvm_lock_sample: [system_server,1,Binder_7,8,UserManagerService.java,441,PackageManagerService.java,3039,1]
01-01 12:02:29.902215  1613  1613 I notification_cancel: [10016,2512,com.android.systemui,2131361826,low_battery,-1,0,64,8,NULL]
01-01 12:02:29.902926  1613  1613 I notification_cancel: [10016,2512,com.android.systemui,20150528,low_battery,0,0,64,8,NULL]
01-01 12:02:29.945443  1613  2478 I am_proc_start: [0,6765,1000,com.asus.as,broadcast,com.asus.as/.receiver.AnalyticsReceiver]
01-01 12:02:29.949295  1613  2474 I dvm_lock_sample: [system_server,1,Binder_6,35,ActivityManagerService.java,18412,BroadcastQueue.java,738,7]
01-01 12:02:30.017121  1613  1639 I am_kill : [0,6309,com.ironsource.appcloud.oobe.asus,15,empty #17]
01-01 12:02:30.106953  1613  2474 I am_proc_died: [0,6309,com.ironsource.appcloud.oobe.asus]
01-01 12:02:30.175442  1613  1640 I am_proc_bound: [0,6765,com.asus.as]
01-01 12:02:30.355205  1613  1639 I am_kill : [0,6304,com.google.android.calendar,15,empty #17]
01-01 12:02:30.425342  1613  1647 I dvm_lock_sample: [system_server,1,android.ui,72,ActivityManagerService.java,4032,BroadcastQueue.java,738,14]
01-01 12:02:30.425787  1613  1640 I am_proc_died: [0,6304,com.google.android.calendar]
01-01 12:02:30.788339  1613  2472 I dvm_lock_sample: [system_server,1,Binder_5,67,ActivityManagerService.java,10970,-,13509,13]
01-01 12:02:30.964370  1613  2471 I dvm_lock_sample: [system_server,1,Binder_4,77,ActivityManagerService.java,10970,-,13509,15]
01-01 12:02:31.144117  1613  2477 I dvm_lock_sample: [system_server,1,Binder_9,77,ActivityManagerService.java,10970,-,13509,15]
01-01 12:02:31.417023  1613  1640 I dvm_lock_sample: [system_server,1,Binder_2,67,ActivityManagerService.java,17149,-,13509,13]
01-01 12:02:31.424746  1613  2474 I am_kill : [0,6347,com.google.process.gapps,15,empty #17]
01-01 12:02:31.485205  1613  2471 I dvm_lock_sample: [system_server,1,Binder_4,61,ActivityManagerService.java,13509,-,17374,12]
01-01 12:02:31.564727  1613  3012 I am_proc_died: [0,6347,com.google.process.gapps]
01-01 12:02:32.441605  1613  2479 I am_proc_start: [0,6788,10051,com.asus.deskclock:ui,broadcast,com.asus.deskclock/.receiver.CentralizedReceiver]
01-01 12:02:32.502227  1613  1645 I am_pss  : [4665,10013,com.asus.launcher,97769472,84504576]
01-01 12:02:32.701325  1613  3012 I am_proc_bound: [0,6788,com.asus.deskclock:ui]
01-01 12:02:33.359371  1613  3328 I am_proc_start: [0,6806,10051,com.asus.deskclock:main,content provider,com.asus.deskclock/.AlarmProvider]
01-01 12:02:33.495563  1613  2478 I am_proc_start: [0,6819,10045,com.asus.weathertime,content provider,com.asus.weathertime/com.asus.abcdatasdk.provider.CollectionProvider]
01-01 12:02:33.678481  1613  1639 I dvm_lock_sample: [system_server,1,Binder_1,80,ActivityManagerService.java,6995,-,13509,16]
01-01 12:02:33.678778  1613  1639 I am_proc_bound: [0,6806,com.asus.deskclock:main]
01-01 12:02:33.785124  1613  3158 I am_proc_bound: [0,6819,com.asus.weathertime]
01-01 12:02:33.985277  1613  2478 I am_kill : [0,6431,com.google.android.marvin.talkback,15,empty #17]
01-01 12:02:34.054293  1613  2479 I am_proc_died: [0,6431,com.google.android.marvin.talkback]
01-01 12:02:34.132209  1613  1639 I am_kill : [0,6458,com.asus.task,15,empty #17]
01-01 12:02:34.205126  1613  1640 I dvm_lock_sample: [system_server,0,Binder_2,71,ActivityManagerService.java,18525,-,10867,14]
01-01 12:02:34.244049  1613  1640 I am_proc_start: [0,6846,10055,com.asus.sensorapi.service,broadcast,com.asus.sensorapi.service/.BootReceiver]
01-01 12:02:34.248581  1613  1640 I am_kill : [0,5283,com.android.defcontainer,15,empty #17]
01-01 12:02:34.336980  1613  1647 I dvm_lock_sample: [system_server,1,android.ui,131,ActivityManagerService.java,4095,-,18525,26]
01-01 12:02:34.339154  1613  2474 I am_proc_died: [0,6458,com.asus.task]
01-01 12:02:34.400576  1613  2475 I am_proc_died: [0,5283,com.android.defcontainer]
01-01 12:02:34.522160  1613  3328 I am_proc_bound: [0,6846,com.asus.sensorapi.service]
01-01 12:02:35.042073  1613  1643 I dvm_lock_sample: [system_server,1,Binder_3,520,ActivityManagerService.java,10867,-,6995,100]
01-01 12:02:35.048455  1613  2471 I dvm_lock_sample: [system_server,1,Binder_4,126,ActivityManagerService.java,17328,-,6995,25]
01-01 12:02:35.082084  1613  1613 I dvm_lock_sample: [system_server,1,main,112,ActivityManagerService.java,18412,-,6995,22]
01-01 12:02:35.083513  1613  2476 I dvm_lock_sample: [system_server,1,Binder_8,33,ActivityManagerService.java,10412,-,17328,6]
01-01 12:02:35.174221  1613  1647 I dvm_lock_sample: [system_server,1,android.ui,5,ActivityManagerService.java,4032,-,17090,1]
01-01 12:02:35.216023  1613  3328 I am_proc_start: [0,6873,10056,com.asus.contacts.simcontacts,broadcast,com.asus.contacts.simcontacts/com.android.contacts.simunbundle.SimStateReceiver]
01-01 12:02:35.216931  1613  1647 I dvm_lock_sample: [system_server,1,android.ui,37,ActivityManagerService.java,4095,BroadcastQueue.java,738,7]
01-01 12:02:35.410355  1613  1639 I am_proc_died: [0,6846,com.asus.sensorapi.service]
01-01 12:02:35.462779  1613  3328 I am_proc_bound: [0,6873,com.asus.contacts.simcontacts]
01-01 12:02:35.651657  1613  2471 I am_proc_start: [0,6889,10078,com.asus.gamewidget,broadcast,com.asus.gamewidget/.app.GameWidgetReceiver]
01-01 12:02:36.263101  1613  3158 I dvm_lock_sample: [system_server,1,Binder_D,607,UserManagerService.java,441,PackageManagerService.java,5634,100]
01-01 12:02:36.271651  1613  1647 I dvm_lock_sample: [system_server,1,android.ui,619,ActivityManagerService.java,4095,-,21160,100]
01-01 12:02:36.272108  1613  2471 I dvm_lock_sample: [system_server,0,Binder_4,617,ActivityManagerService.java,17374,-,17090,100]
01-01 12:02:36.273731  1613  2475 I dvm_lock_sample: [system_server,1,Binder_7,607,ActivityManagerService.java,17328,-,17090,100]
01-01 12:02:36.274414  1613  2478 I dvm_lock_sample: [system_server,1,Binder_A,415,ActivityManagerService.java,6995,-,17090,83]
01-01 12:02:36.276593  1613  2478 I am_proc_bound: [0,6889,com.asus.gamewidget]
01-01 12:02:37.274120  1613  2472 I dvm_lock_sample: [system_server,1,Binder_5,996,ActivityManagerService.java,10412,-,6995,100]
01-01 12:02:37.315157  1613  2472 I am_proc_start: [0,6910,10021,android.process.acore,content provider,com.android.providers.contacts/.ContactsProvider2]
01-01 12:02:37.316507  1613  1639 I dvm_lock_sample: [system_server,1,Binder_1,897,ActivityManagerService.java,17564,-,6995,100]
01-01 12:02:37.577056  1613  2476 I am_proc_bound: [0,6910,android.process.acore]
01-01 12:02:37.685011  1613  2213 I am_proc_start: [0,6931,1000,com.wind.emode,service,com.wind.emode/.EmodeIntentService]
01-01 12:02:37.914158  1613  3012 I am_proc_bound: [0,6931,com.wind.emode]
01-01 12:02:38.060869  1613  1640 I am_proc_start: [0,6950,1000,com.asus.hardwarestub,broadcast,com.asus.hardwarestub/.BootReceiver]
01-01 12:02:38.066473  1613  1640 I am_kill : [0,6498,com.asus.server.azs,15,empty #17]
01-01 12:02:38.154762  1613  2475 I dvm_lock_sample: [system_server,1,Binder_7,96,ActivityManagerService.java,10904,BroadcastQueue.java,738,19]
01-01 12:02:38.155933  1613  3012 I dvm_lock_sample: [system_server,1,Binder_C,95,ActivityManagerService.java,13470,-,21160,19]
01-01 12:02:38.159763  1613  1643 I am_proc_died: [0,6498,com.asus.server.azs]
01-01 12:02:38.292797  1613  1639 I am_proc_bound: [0,6950,com.asus.hardwarestub]
01-01 12:02:38.331023  6910  6956 I dvm_lock_sample: [android.process.acore,0,ContactsProviderWorker,56,SQLiteOpenHelper.java,186,SQLiteConnection.java,-2,11]
01-01 12:02:38.365319  1613  1650 I am_proc_start: [0,6968,1002,com.android.bluetooth,service,com.android.bluetooth/.btservice.AdapterService]
01-01 12:02:38.468567  1613  3328 I am_kill : [0,6548,com.asus.calculator,15,empty #17]
01-01 12:02:38.552678  1613  3175 I am_proc_died: [0,6548,com.asus.calculator]
01-01 12:02:38.666524  1613  3328 I am_proc_start: [0,6986,1000,com.asus.keyboard,broadcast,com.asus.keyboard/.TriggerKeyboardServiceReceiver]
01-01 12:02:38.671572  1613  3328 I am_kill : [0,6566,com.asus.camera,15,empty #17]
01-01 12:02:38.753839  1613  2479 I am_proc_bound: [0,6968,com.android.bluetooth]
01-01 12:02:38.769123  1613  1613 I dvm_lock_sample: [system_server,1,main,73,ActivityManagerService.java,18412,-,21160,14]
01-01 12:02:38.769922  1613  2478 I am_proc_died: [0,6566,com.asus.camera]
01-01 12:02:38.901294  1613  1613 I notification_cancel: [1000,3554,com.asus.hardwarestub,2130837527,NULL,-1,0,0,8,NULL]
01-01 12:02:38.904518  1613  1613 I notification_cancel: [1000,3554,com.asus.hardwarestub,2130837530,NULL,-1,0,0,8,NULL]
01-01 12:02:38.916049  1613  3159 I am_proc_bound: [0,6986,com.asus.keyboard]
01-01 12:02:39.184844  1613  2477 I am_proc_start: [0,7005,10094,com.asus.mobilemanager,broadcast,com.asus.mobilemanager/.Initializer]
01-01 12:02:39.189328  1613  2477 I am_kill : [0,6593,com.asus.livedemoservice,15,empty #17]
01-01 12:02:39.264672  1613  2472 I dvm_lock_sample: [system_server,1,Binder_5,116,ActivityManagerService.java,18412,BroadcastQueue.java,738,23]
01-01 12:02:39.290751  1613  2476 I am_proc_died: [0,6593,com.asus.livedemoservice]
01-01 12:02:39.305554  1613  3175 I dvm_lock_sample: [system_server,1,Binder_F,20,ActivityManagerService.java,17090,BroadcastQueue.java,738,4]
01-01 12:02:39.448023  1613  3328 I dvm_lock_sample: [system_server,1,Binder_10,131,SyncStorageEngine.java,1087,Object.java,148,26]
01-01 12:02:39.527093  1613  1639 I am_proc_bound: [0,7005,com.asus.mobilemanager]
01-01 12:02:39.573432  1613  1613 I notification_cancel: [10029,3639,com.google.android.gms,1,com.google.android.backup.notification.tag,0,0,64,8,NULL]
01-01 12:02:39.645599  1613  2478 I dvm_lock_sample: [system_server,1,Binder_A,23,UserManagerService.java,441,PackageManagerService.java,3039,4]
01-01 12:02:40.496982  1613  2478 I dvm_lock_sample: [system_server,1,Binder_A,685,UserManagerService.java,441,PackageManagerService.java,3039,100]
01-01 12:02:40.497654  1613  3328 I dvm_lock_sample: [system_server,1,Binder_10,667,UserManagerService.java,441,PackageManagerService.java,5634,100]
01-01 12:02:40.498195  1613  1639 I dvm_lock_sample: [system_server,1,Binder_1,685,ActivityManagerService.java,10832,-,7502,100]
01-01 12:02:40.500403  1613  1643 I dvm_lock_sample: [system_server,1,Binder_3,681,UserManagerService.java,441,PackageManagerService.java,3039,100]
01-01 12:02:40.510087  1613  3159 I dvm_lock_sample: [system_server,1,Binder_E,679,ActivityManagerService.java,10904,-,7502,100]
01-01 12:02:41.135735  1613  3012 I dvm_lock_sample: [system_server,1,Binder_C,571,UserManagerService.java,441,PackageManagerService.java,5634,100]
01-01 12:02:41.136456  1613  2478 I dvm_lock_sample: [system_server,1,Binder_A,557,UserManagerService.java,441,PackageManagerService.java,5634,100]
01-01 12:02:41.137169  1613  2476 I dvm_lock_sample: [system_server,1,Binder_8,573,UserManagerService.java,441,PackageManagerService.java,5634,100]
01-01 12:02:41.148172  1613  3158 I dvm_lock_sample: [system_server,1,Binder_D,274,UserManagerService.java,441,PackageManagerService.java,5634,54]
01-01 12:02:41.148542  1613  2477 I dvm_lock_sample: [system_server,1,Binder_9,490,PackageManagerService.java,5634,-,5634,98]
01-01 12:02:41.174685  1613  2479 I dvm_lock_sample: [system_server,1,Binder_B,19,UserManagerService.java,441,PackageManagerService.java,3039,3]
01-01 12:02:41.853719  1613  2471 I dvm_lock_sample: [system_server,1,Binder_4,671,UserManagerService.java,441,PackageManagerService.java,3039,100]
01-01 12:02:41.855697  1613  1643 I dvm_lock_sample: [system_server,1,Binder_3,644,UserManagerService.java,441,PackageManagerService.java,5634,100]
01-01 12:02:41.858260  1613  3159 I dvm_lock_sample: [system_server,1,Binder_E,662,UserManagerService.java,441,PackageManagerService.java,5634,100]
01-01 12:02:41.984169  1613  3159 I am_proc_start: [0,7036,10079,com.google.android.gm,content provider,com.google.android.gm/com.android.exchange.provider.ExchangeDirectoryProvider]
01-01 12:02:41.985414  1613  1639 I dvm_lock_sample: [system_server,1,Binder_1,690,ActivityManagerService.java,17328,-,10412,100]
01-01 12:02:41.987664  1613  3012 I dvm_lock_sample: [system_server,1,Binder_C,618,ActivityManagerService.java,22208,-,10412,100]
01-01 12:02:42.135074  1613  1643 I dvm_lock_sample: [system_server,1,Binder_3,10,UserManagerService.java,441,PackageManagerService.java,3039,2]
01-01 12:02:42.308104  1613  3158 I am_proc_bound: [0,7036,com.google.android.gm]
01-01 12:02:42.372956  1613  3158 I am_kill : [0,6630,com.asus.themeapp,15,empty #17]
01-01 12:02:42.992781  1613  2471 I dvm_lock_sample: [system_server,1,Binder_4,630,UserManagerService.java,441,PackageManagerService.java,3039,100]
01-01 12:02:42.993270  1613  2478 I dvm_lock_sample: [system_server,1,Binder_A,624,UserManagerService.java,441,PackageManagerService.java,5634,100]
01-01 12:02:43.004926  1613  1640 I dvm_lock_sample: [system_server,1,Binder_2,599,UserManagerService.java,441,PackageManagerService.java,5634,100]
01-01 12:02:43.005338  1613  1647 I dvm_lock_sample: [system_server,1,android.ui,513,UserManagerService.java,441,PackageManagerService.java,5634,100]
01-01 12:02:43.009316  1613  3328 I dvm_lock_sample: [system_server,1,Binder_10,515,UserManagerService.java,441,PackageManagerService.java,5634,100]
01-01 12:02:43.011819  1613  1613 I dvm_lock_sample: [system_server,1,main,517,ActivityManagerService.java,18412,-,13509,100]
01-01 12:02:43.012921  1613  2476 I dvm_lock_sample: [system_server,0,Binder_8,518,ActivityManagerService.java,1390,-,13509,100]
01-01 12:02:43.013274  1613  2472 I dvm_lock_sample: [system_server,1,Binder_5,518,ActivityManagerService.java,13311,-,13311,100]
01-01 12:02:43.034953  1613  2476 I am_proc_died: [0,6630,com.asus.themeapp]
01-01 12:02:43.905637  1613  2474 I dvm_lock_sample: [system_server,1,Binder_6,628,UserManagerService.java,441,PackageManagerService.java,5634,100]
01-01 12:02:43.916276  1613  3158 I dvm_lock_sample: [system_server,1,Binder_D,582,UserManagerService.java,441,PackageManagerService.java,5634,100]
01-01 12:02:43.916740  1613  2479 I dvm_lock_sample: [system_server,1,Binder_B,394,UserManagerService.java,441,PackageManagerService.java,5634,78]
01-01 12:02:43.917967  1613  1643 I dvm_lock_sample: [system_server,1,Binder_3,640,UserManagerService.java,441,PackageManagerService.java,5634,100]
01-01 12:02:43.959330  1613  2475 I dvm_lock_sample: [system_server,1,Binder_7,10,UserManagerService.java,441,PackageManagerService.java,3039,2]
01-01 12:02:44.179060  7036  7036 I dvm_lock_sample: [com.google.android.gm,1,main,75,Class.java,-2,-,-2,15]
01-01 12:02:44.273939  1613  1645 I am_pss  : [4858,10007,com.asus.contacts,15191040,12541952]
01-01 12:02:44.295618  1613  3328 I am_kill : [0,6669,com.asus.dm,15,empty #17]
01-01 12:02:44.373993  7036  7058 I dvm_lock_sample: [com.google.android.gm,0,AsyncTask #2,152,SourceFile,157,-,537,30]
01-01 12:02:44.445086  1613  1647 I dvm_lock_sample: [system_server,1,android.ui,157,ActivityManagerService.java,4032,-,17374,31]
01-01 12:02:44.445607  1613  3012 I am_proc_died: [0,6669,com.asus.dm]
01-01 12:02:44.452750  1613  1645 I am_pss  : [6406,10092,com.mediatek.mtklogger,10358784,7962624]
01-01 12:02:44.514325  1613  1645 I am_pss  : [3554,1000,com.asus.services,21121024,17010688]
01-01 12:02:44.562767  1613  1613 I dvm_lock_sample: [system_server,1,main,15,UserManagerService.java,441,PackageManagerService.java,4904,3]
01-01 12:02:45.226135  1613  3175 I dvm_lock_sample: [system_server,1,Binder_F,643,PackageManagerService.java,3039,-,3039,100]
01-01 12:02:45.235124  1613  1613 I dvm_lock_sample: [system_server,1,main,652,UserManagerService.java,441,PackageManagerService.java,3039,100]
01-01 12:02:45.238108  1613  1645 I dvm_lock_sample: [system_server,0,android.bg,642,UserManagerService.java,441,PackageManagerService.java,5634,100]
01-01 12:02:45.248266  1613  2472 I dvm_lock_sample: [system_server,1,Binder_5,608,PackageManagerService.java,4216,-,5634,100]
01-01 12:02:45.249214  1613  1645 I dvm_lock_sample: [system_server,0,android.bg,11,UserManagerService.java,441,PackageManagerService.java,3039,2]
01-01 12:02:45.250834  1613  2479 I dvm_lock_sample: [system_server,1,Binder_B,667,PackageManagerService.java,3039,UserManagerService.java,441,100]
01-01 12:02:45.258248  1613  1640 I dvm_lock_sample: [system_server,1,Binder_2,610,ActivityManagerService.java,18412,-,18412,100]
01-01 12:02:45.516507  1613  2476 I am_proc_start: [0,7064,10029,com.google.process.gapps,content provider,com.google.android.gsf/.gservices.GservicesProvider]
01-01 12:02:45.606365  1613  2472 I am_proc_start: [0,7069,10080,com.google.process.gapps,content provider,com.google.android.syncadapters.contacts/.GalProvider]
01-01 12:02:45.653818  7036  7060 I dvm_lock_sample: [com.google.android.gm,0,EmailProvider thread,319,SourceFile,1356,AssetManager.java,-2,63]
01-01 12:02:45.811334  1613  3012 I am_proc_bound: [0,7064,com.google.process.gapps]
01-01 12:02:45.833444  1613  3012 I am_kill : [0,6647,android.process.media,15,empty #17]
01-01 12:02:45.957654  1613  3175 I dvm_lock_sample: [system_server,1,Binder_F,62,ActivityManagerService.java,6995,-,6995,12]
01-01 12:02:45.974305  1613  1639 I am_proc_died: [0,6647,android.process.media]
01-01 12:02:45.983349  1613  3175 I am_proc_bound: [0,7069,com.google.process.gapps]
01-01 12:02:46.012276  1613  3175 I am_kill : [0,6687,com.asus.microfilm,13,empty #17]
01-01 12:02:46.032373  1613  1645 I dvm_lock_sample: [system_server,0,android.bg,11,UserManagerService.java,441,PackageManagerService.java,3039,2]
01-01 12:02:46.094889  1613  1640 I am_proc_died: [0,6687,com.asus.microfilm]
01-01 12:02:46.191489  1613  1643 I dvm_lock_sample: [system_server,1,Binder_3,10,UserManagerService.java,441,PackageManagerService.java,3039,2]
01-01 12:02:46.511207  1613  1639 I dvm_lock_sample: [system_server,1,Binder_1,11,UserManagerService.java,441,PackageManagerService.java,3039,2]
01-01 12:02:46.748223  1613  3328 I dvm_lock_sample: [system_server,0,Binder_10,15,ActivityManagerService.java,17374,-,17328,3]
01-01 12:02:47.901901  1613  1613 I notification_cancel: [10016,2512,com.android.systemui,2131361826,low_battery,-1,0,64,8,NULL]
01-01 12:02:47.902548  1613  1613 I notification_cancel: [10016,2512,com.android.systemui,20150528,low_battery,0,0,64,8,NULL]
01-01 12:02:47.903217  1613  1613 I notification_cancel: [1000,3554,com.asus.hardwarestub,2130837527,NULL,-1,0,0,8,NULL]
01-01 12:02:48.052476  1613  2476 I am_proc_start: [0,7127,1000,com.asus.mobilemanagerservice,broadcast,com.asus.mobilemanagerservice/.BootReceiver]
01-01 12:02:48.315846  1613  1613 I notification_enqueue: [10094,7005,com.asus.mobilemanager,0,NULL,0,Notification(pri=0 contentView=com.asus.mobilemanager/0x7f04001e vibrate=null sound=null defaults=0x0 flags=0x10 color=0x00000000 vis=PRIVATE),0]
01-01 12:02:48.347930  1613  1659 I am_proc_start: [0,7141,10024,com.android.defcontainer,service,com.android.defcontainer/.DefaultContainerService]
01-01 12:02:48.349431  1613  1639 I am_proc_bound: [0,7127,com.asus.mobilemanagerservice]
01-01 12:02:48.519145  1613  3158 I notification_expansion: [0|com.asus.mobilemanager|0|null|10094,0,1,205,205,0]
01-01 12:02:48.520283  1613  1613 I notification_enqueue: [10094,7005,com.asus.mobilemanager,0,NULL,0,Notification(pri=0 contentView=com.asus.mobilemanager/0x7f04001e vibrate=null sound=null defaults=0x0 flags=0x10 color=0x00000000 vis=PRIVATE),1]
01-01 12:02:48.531410  1613  1640 I notification_expansion: [0|com.mediatek.mtklogger|2130837539|null|10092,0,0,25460,25460,0]
01-01 12:02:48.638326  1613  3175 I am_proc_start: [0,7155,1000,com.asus.UpdateLauncher,broadcast,com.asus.UpdateLauncher/.UpdateLauncherIntentReceiver]
01-01 12:02:48.645281  1613  3175 I am_kill : [0,6714,com.asus.powersaver,15,empty #17]
01-01 12:02:48.752684  1613  1647 I dvm_lock_sample: [system_server,1,android.ui,111,ActivityManagerService.java,4032,-,21160,22]
01-01 12:02:48.753132  1613  1643 I am_proc_bound: [0,7141,com.android.defcontainer]
01-01 12:02:49.319319  1613  2478 I dvm_lock_sample: [system_server,1,Binder_A,647,UserManagerService.java,441,PackageManagerService.java,5634,100]
01-01 12:02:49.319785  1613  1643 I dvm_lock_sample: [system_server,1,Binder_3,566,PackageManagerService.java,5862,-,5634,100]
01-01 12:02:49.334599  1613  2475 I dvm_lock_sample: [system_server,0,Binder_7,584,ActivityManagerService.java,1390,-,21160,100]
01-01 12:02:49.334819  1613  2475 I am_proc_died: [0,6714,com.asus.powersaver]
01-01 12:02:49.339937  1613  1647 I dvm_lock_sample: [system_server,1,android.ui,586,ActivityManagerService.java,4032,-,17642,100]
01-01 12:02:49.340387  1613  2471 I dvm_lock_sample: [system_server,0,Binder_4,586,ActivityManagerService.java,17374,-,6995,100]
01-01 12:02:49.342382  1613  3012 I am_proc_bound: [0,7155,com.asus.UpdateLauncher]
01-01 12:02:50.184650  1613  1640 I dvm_lock_sample: [system_server,1,Binder_2,621,UserManagerService.java,441,PackageManagerService.java,5634,100]
01-01 12:02:50.185950  1613  2476 I dvm_lock_sample: [system_server,1,Binder_8,620,UserManagerService.java,441,PackageManagerService.java,5634,100]
01-01 12:02:50.192806  1613  1659 I dvm_lock_sample: [system_server,0,PackageManager,622,UserManagerService.java,441,PackageManagerService.java,5634,100]
01-01 12:02:50.250338  1613  3012 I am_proc_start: [0,7170,10123,com.asus.zencircle,broadcast,com.asus.zencircle/.receiver.PromoteNotificationPublisher]
01-01 12:02:50.254537  1613  3012 I am_kill : [0,6735,com.asus.appmanager,15,empty #17]
01-01 12:02:50.331826  1613  1647 I dvm_lock_sample: [system_server,1,android.ui,119,ActivityManagerService.java,4095,BroadcastQueue.java,738,23]
01-01 12:02:50.332167  1613  2472 I dvm_lock_sample: [system_server,1,Binder_5,81,ActivityManagerService.java,13470,-,21160,16]
01-01 12:02:50.336072  1613  3328 I am_proc_died: [0,6735,com.asus.appmanager]
01-01 12:02:50.500809  1613  1643 I am_proc_bound: [0,7170,com.asus.zencircle]
01-01 12:02:51.070749  1613  1659 I dvm_lock_sample: [system_server,0,PackageManager,624,UserManagerService.java,441,PackageManagerService.java,5634,100]
01-01 12:02:51.071268  1613  1643 I dvm_lock_sample: [system_server,1,Binder_3,570,PackageManagerService.java,5862,-,5634,100]
01-01 12:02:54.328410  1613  1659 I dvm_lock_sample: [system_server,0,PackageManager,3229,PackageManagerService.java,11126,-,6766,100]
01-01 12:02:54.336427  1613  1639 I dvm_lock_sample: [system_server,1,Binder_1,2933,ActivityManagerService.java,17328,-,6995,100]
01-01 12:02:54.339042  1613  1613 I dvm_lock_sample: [system_server,1,main,1659,ActivityManagerService.java,18412,-,6995,100]
01-01 12:02:54.879385  1613  1659 I dvm_lock_sample: [system_server,0,PackageManager,6,PackageManagerService.java,14626,-,3090,1]
01-01 12:02:55.788258  1613  1639 I am_kill : [0,6765,com.asus.as,15,empty #17]
01-01 12:02:55.925309  1613  1646 I am_proc_start: [0,7224,10125,com.asus.userfeedback,broadcast,com.asus.userfeedback/.BootCompletedBroadcastReceiver]
01-01 12:02:55.926783  1613  3175 I am_proc_died: [0,6765,com.asus.as]
01-01 12:02:55.929451  1613  1645 I dvm_lock_sample: [system_server,0,android.bg,129,ActivityManagerService.java,2357,-,21160,25]
01-01 12:02:55.933085  1613  1645 I am_pss  : [6873,10056,com.asus.contacts.simcontacts,6625280,4542464]
01-01 12:02:55.985268  1613  1659 I dvm_lock_sample: [system_server,0,PackageManager,22,PackageManagerService.java,14626,-,5576,4]
01-01 12:02:56.181955  1613  1643 I am_proc_bound: [0,7224,com.asus.userfeedback]
01-01 12:02:56.206910  7170  7213 I dvm_lock_sample: [com.asus.zencircle,0,Queue,349,IdManager.java,403,Class.java,-2,69]
01-01 12:02:56.957301  1613  1647 I dvm_lock_sample: [system_server,1,android.ui,7,ActivityManagerService.java,4032,-,17090,1]
01-01 12:02:57.005680  1613  2475 I am_proc_start: [0,7256,10002,com.ironsource.appcloud.oobe.asus,broadcast,com.ironsource.appcloud.oobe.asus/com.ironsource.appmanager.receivers.ExportedBroadcastReceiver]
01-01 12:02:57.010643  1613  3328 I dvm_lock_sample: [system_server,1,Binder_10,39,ActivityManagerService.java,17564,BroadcastQueue.java,738,7]
01-01 12:02:57.138528  1613  2478 I am_kill : [0,6788,com.asus.deskclock:ui,15,empty #17]
01-01 12:02:57.223135  1613  1647 I dvm_lock_sample: [system_server,1,android.ui,88,ActivityManagerService.java,4032,-,17374,17]
01-01 12:02:57.228771  1613  3159 I am_proc_died: [0,6788,com.asus.deskclock:ui]
01-01 12:02:57.305154  1613  2476 I am_proc_bound: [0,7256,com.ironsource.appcloud.oobe.asus]
01-01 12:02:58.923787  1613  2474 I am_proc_start: [0,7296,1000,com.android.settings,broadcast,com.android.settings/com.mediatek.settings.SaveImeiPersistReceiver]
01-01 12:02:58.929978  1613  1645 I am_pss  : [6968,1002,com.android.bluetooth,18029568,9437184]
01-01 12:02:59.204019  1613  2477 I am_proc_bound: [0,7296,com.android.settings]
01-01 12:02:59.275318  1613  1613 I free_storage_changed: 9786081280
01-01 12:02:59.691537  1613  2474 I am_proc_start: [0,7314,10020,com.android.providers.calendar,broadcast,com.android.providers.calendar/.CalendarReceiver]
01-01 12:02:59.696121  1613  2474 I am_kill : [0,6819,com.asus.weathertime,15,empty #17]
01-01 12:02:59.790659  1613  2479 I dvm_lock_sample: [system_server,1,Binder_B,98,ActivityManagerService.java,13470,-,21160,19]
01-01 12:02:59.791167  1613  2471 I am_proc_died: [0,6819,com.asus.weathertime]
01-01 12:02:59.951767  1613  1640 I am_proc_bound: [0,7314,com.android.providers.calendar]
01-01 12:03:00.276436  1613  1639 I am_kill : [0,6806,com.asus.deskclock:main,15,empty #17]
01-01 12:03:00.354885  1613  2472 I am_proc_died: [0,6806,com.asus.deskclock:main]
01-01 12:03:00.471345  1613  2475 I am_proc_start: [0,7332,10023,com.google.android.configupdater,broadcast,com.google.android.configupdater/.CertPin.CertPinUpdateRequestReceiver]
01-01 12:03:00.476041  1613  2475 I am_kill : [0,6524,com.asus.appinstallationservice,15,empty #17]
01-01 12:03:00.553177  1613  1647 I dvm_lock_sample: [system_server,1,android.ui,81,ActivityManagerService.java,4095,-,21160,16]
01-01 12:03:00.553452  1613  2478 I am_proc_died: [0,6524,com.asus.appinstallationservice]
01-01 12:03:00.705671  1613  2472 I am_proc_bound: [0,7332,com.google.android.configupdater]
01-01 12:03:01.652143  1613  1659 I dvm_lock_sample: [system_server,0,PackageManager,930,PackageManagerService.java,11126,-,6766,100]
01-01 12:03:01.662018  1613  1613 I dvm_lock_sample: [system_server,1,main,921,ActivityManagerService.java,18412,-,6995,100]
01-01 12:03:02.034923  1613  2475 I am_proc_start: [0,7366,10025,android.process.media,broadcast,com.android.providers.downloads/.DownloadReceiver]
01-01 12:03:02.039936  1613  2475 I am_kill : [0,6889,com.asus.gamewidget,15,empty #17]
01-01 12:03:02.107424  1613  2478 I am_proc_died: [0,6889,com.asus.gamewidget]
01-01 12:03:02.262273  1613  2471 I am_proc_bound: [0,7366,android.process.media]
01-01 12:03:03.180611  1613  3158 I notification_cancel_all: [10025,7366,com.android.providers.downloads,0,0,64,9,NULL]
01-01 12:03:04.164016  1613  1613 I notification_cancel: [10029,3360,com.google.android.gms,2130838171,NULL,0,0,64,8,NULL]
01-01 12:03:04.179126  1613  1613 I notification_cancel: [10029,3360,com.google.android.gms,2130838172,NULL,0,0,64,8,NULL]
01-01 12:03:04.202130  3360  7402 I system_update: [1536,0,0,NULL]
01-01 12:03:04.543378  1613  3328 I dvm_lock_sample: [system_server,1,Binder_10,20,ActivityManagerService.java,18412,-,18412,4]
01-01 12:03:04.935923  1613  2477 I dvm_lock_sample: [system_server,1,Binder_9,25,ActivityManagerService.java,10412,-,17328,5]
01-01 12:03:05.074358  1613  1639 I am_kill : [0,6931,com.wind.emode,15,empty #17]
01-01 12:03:05.155260  1613  2479 I am_proc_died: [0,6931,com.wind.emode]
01-01 12:03:05.579919  1613  2479 I am_proc_start: [0,7417,10031,com.google.android.onetimeinitializer,broadcast,com.google.android.onetimeinitializer/.OneTimeInitializerReceiver]
01-01 12:03:05.583798  1613  2476 I dvm_lock_sample: [system_server,1,Binder_8,52,ActivityManagerService.java,10970,BroadcastQueue.java,738,10]
01-01 12:03:05.794758  1613  2472 I am_proc_bound: [0,7417,com.google.android.onetimeinitializer]
01-01 12:03:06.110213  1613  3175 I am_proc_start: [0,7437,10033,com.google.android.partnersetup,broadcast,com.google.android.partnersetup/.GooglePartnerSetup]
01-01 12:03:06.158092  1613  2474 I am_kill : [0,6950,com.asus.hardwarestub,15,empty #17]
01-01 12:03:06.232414  1613  2479 I am_proc_died: [0,6950,com.asus.hardwarestub]
01-01 12:03:06.341988  1613  2477 I am_proc_bound: [0,7437,com.google.android.partnersetup]
01-01 12:03:06.921979  1613  3158 I am_proc_start: [0,7459,10034,com.android.managedprovisioning,broadcast,com.android.managedprovisioning/.BootReminder]
01-01 12:03:07.093430  1613  1645 I dvm_lock_sample: [system_server,0,android.bg,15,UserManagerService.java,441,-,441,3]
01-01 12:03:07.139872  1613  1645 I dvm_lock_sample: [system_server,0,android.bg,15,PackageManagerService.java,4904,-,3039,3]
01-01 12:03:07.145578  1613  2478 I dvm_lock_sample: [system_server,1,Binder_A,126,ActivityManagerService.java,10412,BroadcastQueue.java,738,25]
01-01 12:03:07.372197  1613  2477 I dvm_lock_sample: [system_server,1,Binder_9,221,ActivityManagerService.java,10970,-,10412,44]
01-01 12:03:07.381125  1613  3012 I am_proc_bound: [0,7459,com.android.managedprovisioning]
01-01 12:03:07.472137  1613  3175 I dvm_lock_sample: [system_server,1,Binder_F,219,ActivityManagerService.java,10970,-,18412,43]
01-01 12:03:07.562073  1613  2476 I dvm_lock_sample: [system_server,1,Binder_8,39,ActivityManagerService.java,10970,-,18412,7]
01-01 12:03:07.565115  3639  3804 I dvm_lock_sample: [com.google.android.gms.persisten,0,GeofencerStateMachine,35,ActivityThread.java,5181,-,5215,7]
01-01 12:03:07.659675  1613  1639 I dvm_lock_sample: [system_server,1,Binder_1,14,UserManagerService.java,441,PackageManagerService.java,5525,2]
01-01 12:03:07.706627  1613  1643 I dvm_lock_sample: [system_server,1,Binder_3,137,ActivityManagerService.java,10970,BroadcastQueue.java,738,27]
01-01 12:03:07.707144  1613  3158 I dvm_lock_sample: [system_server,1,Binder_D,43,ActivityManagerService.java,17328,BroadcastQueue.java,738,8]
01-01 12:03:07.761079  1613  1639 I dvm_lock_sample: [system_server,1,Binder_1,51,ActivityManagerService.java,10412,-,17328,10]
01-01 12:03:07.818087  1613  2471 I dvm_lock_sample: [system_server,1,Binder_4,40,UserManagerService.java,441,PackageManagerService.java,3039,8]
01-01 12:03:07.924105  1613  1645 I dvm_lock_sample: [system_server,0,android.bg,17,UserManagerService.java,441,PackageManagerService.java,3039,3]
01-01 12:03:08.043536  1613  1639 I dvm_lock_sample: [system_server,1,Binder_1,13,UserManagerService.java,441,PackageManagerService.java,3540,2]
01-01 12:03:08.109795  1613  2478 I dvm_lock_sample: [system_server,1,Binder_A,17,ActivityManagerService.java,10832,BroadcastQueue.java,738,3]
01-01 12:03:08.177271  1613  1640 I dvm_lock_sample: [system_server,1,Binder_2,11,UserManagerService.java,441,PackageManagerService.java,3039,2]
01-01 12:03:08.197244  1613  1640 I am_kill : [0,6986,com.asus.keyboard,15,empty #17]
01-01 12:03:08.198614  1613  2475 I dvm_lock_sample: [system_server,1,Binder_7,12,PackageManagerService.java,14781,-,3039,2]
01-01 12:03:08.280805  1613  2471 I am_proc_died: [0,6986,com.asus.keyboard]
01-01 12:03:08.316862  1613  1639 I am_kill : [0,7069,com.google.process.gapps,15,empty #17]
01-01 12:03:08.407317  1613  3328 I dvm_lock_sample: [system_server,1,Binder_10,119,ActivityManagerService.java,10412,-,13509,23]
01-01 12:03:08.419585  1613  1640 I am_proc_died: [0,7069,com.google.process.gapps]
01-01 12:03:09.362613  1613  3158 I am_proc_start: [0,7489,10042,com.google.android.googlequicksearchbox:search,broadcast,com.google.android.googlequicksearchbox/com.google.android.apps.gsa.search.core.StartUpReceiver]
01-01 12:03:09.367923  1613  1645 I dvm_lock_sample: [system_server,0,android.bg,7,UserManagerService.java,441,PackageManagerService.java,4904,1]
01-01 12:03:09.621105  1613  1639 I am_proc_bound: [0,7489,com.google.android.googlequicksearchbox:search]
01-01 12:03:10.215778  1613  1645 I am_pss  : [7141,10024,com.android.defcontainer,8327168,6225920]
01-01 12:03:11.353909  1613  2472 I am_proc_start: [0,7514,1000,com.mediatek.atci.service,broadcast,com.mediatek.atci.service/.AtciIntentReceiver]
01-01 12:03:11.363299  1613  2472 I am_kill : [0,6910,android.process.acore,15,empty #17]
01-01 12:03:11.435890  1613  2479 I am_proc_died: [0,6910,android.process.acore]
01-01 12:03:11.593706  1613  2213 I am_proc_start: [0,7528,10098,com.asus.ia.asusapp,service,com.asus.ia.asusapp/.BootUp.RegistGCMService]
01-01 12:03:11.595990  1613  2471 I am_proc_bound: [0,7514,com.mediatek.atci.service]
01-01 12:03:11.782879  1613  2474 I am_proc_start: [0,7542,1000,com.mediatek.batterywarning,broadcast,com.mediatek.batterywarning/.BatteryWarningReceiver]
01-01 12:03:11.787452  1613  2474 I am_kill : [0,7036,com.google.android.gm,15,empty #17]
01-01 12:03:11.874189  1613  2476 I am_proc_died: [0,7036,com.google.android.gm]
01-01 12:03:11.888733  1613  3159 I am_proc_bound: [0,7528,com.asus.ia.asusapp]
01-01 12:03:12.015808  1613  3159 I am_proc_bound: [0,7542,com.mediatek.batterywarning]
01-01 12:03:12.214096  1613  2475 I dvm_lock_sample: [system_server,1,Binder_7,10,UserManagerService.java,441,PackageManagerService.java,3039,2]
01-01 12:03:12.271064  1613  3158 I am_proc_start: [0,7561,10063,com.google.android.apps.messaging,broadcast,com.google.android.apps.messaging/.shared.receiver.BootAndPackageReplacedReceiver]
01-01 12:03:12.275657  1613  3158 I am_kill : [0,7005,com.asus.mobilemanager,15,empty #17]
01-01 12:03:12.386590  1613  1647 I dvm_lock_sample: [system_server,1,android.ui,114,ActivityManagerService.java,4095,-,21160,22]
01-01 12:03:12.387174  1613  2479 I am_proc_died: [0,7005,com.asus.mobilemanager]
01-01 12:03:12.400520  1613  3158 I am_kill : [0,7127,com.asus.mobilemanagerservice,15,empty #17]
01-01 12:03:12.482693  1613  1647 I dvm_lock_sample: [system_server,1,android.ui,88,ActivityManagerService.java,4095,-,17374,17]
01-01 12:03:12.483140  1613  1643 I am_proc_died: [0,7127,com.asus.mobilemanagerservice]
01-01 12:03:12.536064  1613  2474 I am_proc_bound: [0,7561,com.google.android.apps.messaging]
01-01 12:03:14.020489  1613  3158 I dvm_lock_sample: [system_server,0,Binder_D,1400,ActivityManagerService.java,17374,-,6995,100]
01-01 12:03:14.022798  1613  1640 I dvm_lock_sample: [system_server,1,Binder_2,1063,ActivityManagerService.java,22208,-,6995,100]
01-01 12:03:14.023413  1613  2478 I dvm_lock_sample: [system_server,1,Binder_A,1399,ActivityManagerService.java,17090,-,6995,100]
01-01 12:03:14.023865  1613  3443 I dvm_lock_sample: [system_server,0,AudioProfileService,1040,ActivityManagerService.java,10412,-,6995,100]
01-01 12:03:14.029334  1613  1613 I dvm_lock_sample: [system_server,1,main,1038,ActivityManagerService.java,18412,-,6995,100]
01-01 12:03:15.195380  1613  3158 I dvm_lock_sample: [system_server,0,Binder_D,10,ActivityManagerService.java,17374,-,17090,2]
01-01 12:03:15.428040  1613  1640 I am_proc_start: [0,7592,10064,com.google.android.calendar,broadcast,com.google.android.calendar/com.android.calendar.alerts.AlertReceiver]
01-01 12:03:15.656635  1613  2477 I am_proc_bound: [0,7592,com.google.android.calendar]
