01-01 12:07:27.579436  1613  1645 I dvm_lock_sample: [system_server,0,android.bg,495,UserManagerService.java,441,PackageManagerService.java,4904,99]
01-01 12:07:28.884025  1613  1643 I am_finish_activity: [0,160993927,13,com.google.android.packageinstaller/com.android.packageinstaller.InstallAppProgress,app-request]
01-01 12:07:28.886025  1613  1643 I am_home_stack_moved: [0,0,2,2,finishActivity adjustFocus setFocusedActivity]
01-01 12:07:28.886220  1613  1643 I wm_task_moved: [13,1,3]
01-01 12:07:28.893394  1613  1643 I am_focused_activity: [0,com.asus.filemanager/.activity.FileManagerActivity]
01-01 12:07:28.919662  1613  1643 I am_pause_activity: [0,160993927,com.google.android.packageinstaller/com.android.packageinstaller.InstallAppProgress]
01-01 12:07:28.933521 10681 10681 I am_on_paused_called: [0,com.android.packageinstaller.InstallAppProgress]
01-01 12:07:28.952988  1613  3159 I am_resume_activity: [0,93148322,12,com.asus.filemanager/.activity.FileManagerActivity]
01-01 12:07:29.015006  1613  1645 I am_pss  : [10724,10025,android.process.media,9525248,7655424]
01-01 12:07:29.180377 10624 10624 I am_on_resume_called: [0,com.asus.filemanager.activity.FileManagerActivity]
01-01 12:07:29.307650  1613  1613 I free_storage_changed: 9694371840
01-01 12:07:29.515138  1613  1651 I am_activity_launch_time: [0,93148322,com.asus.filemanager/.activity.FileManagerActivity,556,556]
01-01 12:07:30.173238  1613  2475 I dvm_lock_sample: [system_server,1,Binder_7,485,UserManagerService.java,441,PackageManagerService.java,5634,97]
01-01 12:07:30.173619  1613  1643 I dvm_lock_sample: [system_server,1,Binder_3,484,UserManagerService.java,441,PackageManagerService.java,5634,96]
01-01 12:07:30.183967  1613  2476 I dvm_lock_sample: [system_server,1,Binder_8,492,ActivityManagerService.java,13509,-,17090,98]
01-01 12:07:30.186273  1613  1646 I dvm_lock_sample: [system_server,1,ActivityManager,224,ActivityManagerService.java,2086,-,17090,44]
01-01 12:07:30.231180  1613  1640 I am_proc_start: [0,10867,10002,com.ironsource.appcloud.oobe.asus,broadcast,com.ironsource.appcloud.oobe.asus/com.ironsource.appmanager.receivers.ExportedBroadcastReceiver]
01-01 12:07:30.232181   256   256 I sf_frame_dur: [com.google.android.packageinstaller/com.android.packageinstaller.InstallAppProgress,999,7,1,0,0,0,2]
01-01 12:07:30.238828  1613  2471 I dvm_lock_sample: [system_server,1,Binder_4,41,ActivityManagerService.java,13509,BroadcastQueue.java,738,8]
01-01 12:07:30.479562  1613  3159 I am_proc_bound: [0,10867,com.ironsource.appcloud.oobe.asus]
01-01 12:07:30.919362  1613  3175 I dvm_lock_sample: [system_server,1,Binder_F,488,UserManagerService.java,441,PackageManagerService.java,5634,97]
01-01 12:07:30.920160  1613  3159 I dvm_lock_sample: [system_server,1,Binder_E,440,PackageManagerService.java,5862,-,5634,88]
01-01 12:07:30.924263  2512  2512 I sysui_count: [panel_open,1]
01-01 12:07:30.977575  2512  2512 I sysui_histogram: [note_load,4]
01-01 12:07:31.018726  1613  2475 I notification_visibility: [0|com.asus.mobilemanager|0|null|10094,1,282704,282499,0,1]
01-01 12:07:31.019068  1613  2475 I notification_visibility: [0|com.mediatek.mtklogger|2130837539|null|10092,1,49196,49196,0,0]
01-01 12:07:31.010000  4037  4037 I auditd  : type=1400 audit(0.0:467): avc: denied { search } for comm=4173796E635461736B202333 name="256" dev="proc" ino=3571 scontext=u:r:platform_app:s0:c512,c768 tcontext=u:r:surfaceflinger:s0 tclass=dir permissive=0
01-01 12:07:31.126178  1613  1613 I notification_cancel: [1000,3554,com.asus.hardwarestub,2130837527,NULL,-1,0,0,8,NULL]
01-01 12:07:31.205702  1613  3328 I am_kill : [0,10337,com.android.chrome,15,empty #17]
01-01 12:07:31.300877  1613  2472 I am_proc_died: [0,10337,com.android.chrome]
01-01 12:07:31.424708  1613  3158 I am_destroy_activity: [0,160993927,13,com.google.android.packageinstaller/com.android.packageinstaller.InstallAppProgress,finish-imm]
01-01 12:07:31.430672  1613  3158 I am_kill : [0,10355,com.google.android.apps.photos,15,empty #17]
01-01 12:07:31.514718  1613  1647 I dvm_lock_sample: [system_server,1,android.ui,86,ActivityManagerService.java,4032,-,7007,17]
01-01 12:07:31.514993  1613  1643 I am_proc_died: [0,10355,com.google.android.apps.photos]
01-01 12:07:31.525158  1613  2475 I wm_task_removed: [13,removeAppToken: last token]
01-01 12:07:31.525361  1613  2475 I wm_task_removed: [13,removeTask]
01-01 12:07:31.738130  1613  1640 I dvm_lock_sample: [system_server,1,Binder_2,477,UserManagerService.java,441,PackageManagerService.java,5634,95]
01-01 12:07:31.738481  1613  2477 I dvm_lock_sample: [system_server,1,Binder_9,468,UserManagerService.java,441,PackageManagerService.java,5634,93]
01-01 12:07:31.738938  1613  1647 I dvm_lock_sample: [system_server,1,android.ui,218,UserManagerService.java,441,PackageManagerService.java,5634,43]
01-01 12:07:31.767136  1613  1613 I notification_cancel: [10016,2512,com.android.systemui,2131361826,low_battery,-1,0,64,8,NULL]
01-01 12:07:31.769609  1613  1613 I notification_cancel: [10016,2512,com.android.systemui,20150528,low_battery,0,0,64,8,NULL]
01-01 12:07:31.792688  1613  2476 I notification_visibility: [0|com.asus.mobilemanager|0|null|10094,0,283478,283273,0,1]
01-01 12:07:32.624526  1613  1640 I dvm_lock_sample: [system_server,1,Binder_2,470,UserManagerService.java,441,PackageManagerService.java,5634,94]
01-01 12:07:32.624949  1613  1639 I dvm_lock_sample: [system_server,1,Binder_1,471,UserManagerService.java,441,PackageManagerService.java,5634,94]
01-01 12:07:32.625578  1613  3159 I dvm_lock_sample: [system_server,1,Binder_E,461,UserManagerService.java,441,PackageManagerService.java,5634,92]
01-01 12:07:32.701382  1613  2478 I notification_visibility: [-1|android|17040361|null|1000,1,43649928,43649928,0,3]
01-01 12:07:32.701806  1613  2478 I notification_visibility: [0|com.asus.mobilemanager|0|null|10094,1,284387,284182,0,1]
01-01 12:07:32.702022  1613  2478 I notification_visibility: [0|android|17303337|null|1000,1,43571652,446140,0,2]
01-01 12:07:32.878894  1613  2471 I notification_visibility: [-1|android|17040361|null|1000,0,43650105,43650105,0,3]
01-01 12:07:32.879184  1613  2471 I notification_visibility: [0|com.asus.mobilemanager|0|null|10094,0,284565,284360,0,1]
01-01 12:07:32.879738  1613  2471 I notification_visibility: [0|android|17303337|null|1000,0,43571830,446318,0,2]
01-01 12:07:32.880063  1613  2471 I notification_visibility: [0|com.mediatek.mtklogger|2130837539|null|10092,0,51057,51057,0,0]
01-01 12:07:32.882281  1613  3158 I notification_panel_hidden: []
01-01 12:07:32.890135  1613  1643 I am_home_stack_moved: [0,0,2,2,bringingFoundTaskToFront setFocusedActivity]
01-01 12:07:32.890302  1613  1643 I wm_task_moved: [5,1,2]
01-01 12:07:32.914316  1613  1643 I am_focused_activity: [0,com.mediatek.mtklogger/.MainActivity]
01-01 12:07:32.958345  1613  1643 I am_pause_activity: [0,93148322,com.asus.filemanager/.activity.FileManagerActivity]
01-01 12:07:32.966272  1613  1643 I am_task_to_front: [0,5]
01-01 12:07:32.966696  1613  1643 I am_new_intent: [0,26911380,5,com.mediatek.mtklogger/.MainActivity,NULL,NULL,NULL,-1874853888]
01-01 12:07:32.974348  1613  3175 I notification_clicked: [0|com.mediatek.mtklogger|2130837539|null|10092,51152,51152,1956]
01-01 12:07:32.975329  1613  1613 I notification_cancel: [10016,2512,com.mediatek.mtklogger,2130837539,NULL,0,16,64,1,NULL]
01-01 12:07:32.975486  1613  1613 I sysui_histogram: [note_click_longevity,0]
01-01 12:07:33.020842 10624 10624 I am_on_paused_called: [0,com.asus.filemanager.activity.FileManagerActivity]
01-01 12:07:33.039451  1613  2476 I am_resume_activity: [0,234813609,5,com.mediatek.mtklogger/.MainActivity]
01-01 12:07:33.076464  6406  6406 I am_on_resume_called: [0,com.mediatek.mtklogger.MainActivity]
01-01 12:07:33.382856  1613  1651 I am_activity_launch_time: [0,234813609,com.mediatek.mtklogger/.MainActivity,336,336]
01-01 12:07:34.129804   256   256 I sf_frame_dur: [com.asus.filemanager/com.asus.filemanager.activity.FileManagerActivity,55,3,1,1,0,0,1]
01-01 12:07:34.270777  1613  2472 I dvm_lock_sample: [system_server,1,Binder_5,42,ActivityManagerService.java,13509,-,17328,8]
01-01 12:07:34.471083 10791 10865 I dvm_lock_sample: [com.asus.mobilemanager,0,AsyncTask #1,4044,,-1,Binder.java,-2,100]
01-01 12:07:34.543252  1613  1613 I notification_enqueue: [10094,10791,com.asus.mobilemanager,0,NULL,0,Notification(pri=0 contentView=com.asus.mobilemanager/0x7f04001e vibrate=null sound=null defaults=0x0 flags=0x10 color=0x00000000 vis=PRIVATE),1]
01-01 12:07:34.572820  1613  3328 I notification_expansion: [0|com.asus.mobilemanager|0|null|10094,0,1,286258,30,1871]
01-01 12:07:34.575206  1613  3175 I notification_expansion: [0|com.mediatek.mtklogger|2130837539|null|10092,0,0,52753,52753,3557]
01-01 12:07:34.849801  1613  1639 I dvm_lock_sample: [system_server,0,Binder_1,6,PackageManagerService.java,6744,-,3039,1]
01-01 12:07:34.968839  1613  3175 I am_proc_start: [0,10928,10033,com.google.android.partnersetup,broadcast,com.google.android.partnersetup/.RlzPingBroadcastReceiver]
01-01 12:07:35.192279  1613  3175 I am_proc_bound: [0,10928,com.google.android.partnersetup]
01-01 12:07:35.242881  1613  1645 I am_pss  : [8609,10036,com.android.vending,20766720,18268160]
01-01 12:07:35.401590  1613  1613 I notification_cancel: [10036,8609,com.android.vending,-1956618430,NULL,0,0,64,8,NULL]
01-01 12:07:35.579252  1613  3328 I am_proc_start: [0,10947,10047,com.facebook.system,broadcast,com.facebook.system/com.facebook.oxygen.installer.service.PackageReceiver]
01-01 12:07:35.741433  1613  3159 I am_proc_bound: [0,10947,com.facebook.system]
01-01 12:07:36.045195  1613  3159 I dvm_lock_sample: [system_server,1,Binder_E,303,PackageManagerService.java,5862,-,5634,60]
