01-01 12:06:13.692006  1613  1654 D AutomaticBrightnessController: updateAmbientLux: Scheduling ambient lux update for 891241891241 (in 3997 ms)
01-01 12:06:13.692149  1613  1654 D AutomaticBrightnessController: onSensorChanged: lux = 50.0
01-01 12:06:13.852943  1613  1651 D ActivityManager: ACT-windowsVisible(): ActivityRecord{2adae44 u0 com.android.settings/.SubSettings t10}
01-01 12:06:13.853157  1613  1651 D ActivityManager: ACT-IDLE_NOW_MSG from windowsVisible() for idle: ActivityRecord{2adae44 u0 com.android.settings/.SubSettings t10}
01-01 12:06:13.855058  1613  1651 V WindowManager: Looking for focus: 6 = Window{a55768f u0 StatusBar}, flags=-2122055608, canReceive=false
01-01 12:06:13.855262  1613  1651 V WindowManager: findFocusedWindow: Found new focus @ 3 = Window{523dfc8 u0 com.android.settings/com.android.settings.SubSettings}
01-01 12:06:13.862016  1613  1646 V WindowManager: setAppVisibility(Token{815d687 ActivityRecord{18504a1 u0 com.android.settings/.Settings t10}}, visible=false): mNextAppTransition=TRANSIT_UNSET hidden=true hiddenRequested=true Callers=com.android.server.am.ActivityStack.stopActivityLocked:3215 com.android.server.am.ActivityStackSupervisor.activityIdleInternalLocked:3018 com.android.server.am.ActivityStackSupervisor$ActivityStackSupervisorHandler.activityIdleInternal:4552 com.android.server.am.ActivityStackSupervisor$ActivityStackSupervisorHandler.handleMessage:4575 android.os.Handler.dispatchMessage:111 android.os.Looper.loop:207 
01-01 12:06:13.874349  9925  9925 V ActivityThread: Finishing stop of ActivityRecord{27a4c43 token=android.os.BinderProxy@2112c0 {com.android.settings/com.android.settings.Settings}}: show=false win=com.android.internal.policy.PhoneWindow@eaab9b4
01-01 12:06:13.878756  1613  2477 V ActivityManager: Broadcast sticky: Intent { act=android.intent.action.SIG_STR flg=0x20000010 (has extras) } ordered=false userid=-1 callerApp=ProcessRecord{dcbe4d3 1613:system/1000}
01-01 12:06:13.884881  9925  9925 D ActivityThread: ACT-STOP_ACTIVITY_HIDE handled : 0 / android.os.BinderProxy@2112c0
01-01 12:06:14.610145  1613  2218 D PowerManagerService: userActivityFromNative
01-01 12:06:14.610476  1613  2218 D PowerManagerService: userActivityNoUpdateLocked: eventTime=888157, event=2, flags=0x0, uid=1000
01-01 12:06:14.610752  1613  2218 D PowerManagerNotifier: onUserActivity: event=2, uid=1000
01-01 12:06:14.611362  1613  2218 D PowerManagerService: updateUserActivitySummaryLocked: mWakefulness=Awake, mUserActivitySummary=0x1, nextTimeout=941157 (in 52994 ms)
01-01 12:06:14.612031  1613  2218 D DisplayPowerController: requestPowerState: policy=BRIGHT, useProximitySensor=false, screenBrightness=102, screenAutoBrightnessAdjustment=0.8, brightnessSetByUser=true, useAutoBrightness=true, blockScreenOn=false, lowPowerMode=false, boostScreenBrightness=false, dozeScreenBrightness=-1, dozeScreenState=UNKNOWN, waitForNegativeProximity=false
01-01 12:06:14.612160  1613  2218 I PowerManagerService: setBrightness mButtonLight 0.
01-01 12:06:14.612470  1613  2218 D PowerManagerService: updateDisplayPowerStateLocked: mDisplayReady=true, policy=3, mWakefulness=1, mWakeLockSummary=0x0, mUserActivitySummary=0x1, mBootCompleted=true, mScreenBrightnessBoostInProgress=false
01-01 12:06:14.689461  1613  1654 D AutomaticBrightnessController: calculateAmbientLux: [0, 100]: lux=0.0, weight=1005000.0
01-01 12:06:14.689789  1613  1654 D AutomaticBrightnessController: calculateAmbientLux: [-1000, 0]: lux=50.0, weight=9500000.0
01-01 12:06:14.690097  1613  1654 D AutomaticBrightnessController: calculateAmbientLux: [-1250, -1000]: lux=0.0, weight=2218750.0
01-01 12:06:14.690428  1613  1654 D AutomaticBrightnessController: calculateAmbientLux: [-3750, -1250]: lux=50.0, weight=1.875E7
01-01 12:06:14.690732  1613  1654 D AutomaticBrightnessController: calculateAmbientLux: [-4000, -3750]: lux=0.0, weight=1531250.0
01-01 12:06:14.691046  1613  1654 D AutomaticBrightnessController: calculateAmbientLux: [-4500, -4000]: lux=50.0, weight=2875000.0
01-01 12:06:14.691351  1613  1654 D AutomaticBrightnessController: calculateAmbientLux: [-4750, -4500]: lux=0.0, weight=1343752.0
01-01 12:06:14.691671  1613  1654 D AutomaticBrightnessController: calculateAmbientLux: [-5000, -4750]: lux=50.0, weight=1281248.0
01-01 12:06:14.691966  1613  1654 D AutomaticBrightnessController: calculateAmbientLux: [-5249, -5000]: lux=0.0, weight=1214000.0
01-01 12:06:14.692286  1613  1654 D AutomaticBrightnessController: calculateAmbientLux: [-7996, -5249]: lux=50.0, weight=9277992.0
01-01 12:06:14.692584  1613  1654 D AutomaticBrightnessController: calculateAmbientLux: [-8249, -7996]: lux=0.0, weight=475008.0
01-01 12:06:14.692903  1613  1654 D AutomaticBrightnessController: calculateAmbientLux: [-9497, -8249]: lux=50.0, weight=1406496.0
01-01 12:06:14.693195  1613  1654 D AutomaticBrightnessController: calculateAmbientLux: [-9749, -9497]: lux=0.0, weight=95004.0
01-01 12:06:14.693500  1613  1654 D AutomaticBrightnessController: calculateAmbientLux: [-10000, -9749]: lux=50.0, weight=31500.0
01-01 12:06:14.693787  1613  1654 D AutomaticBrightnessController: calculateAmbientLux: totalWeight=5.1005E7, newAmbientLux=42.272552
01-01 12:06:14.694051  1613  1654 D AutomaticBrightnessController: updateAmbientLux: Scheduling ambient lux update for 892241892241 (in 3995 ms)
01-01 12:06:14.694247  1613  1654 D AutomaticBrightnessController: onSensorChanged: lux = 0.0
01-01 12:06:14.838898  1613  3012 D WindowManager: addWindowToListInOrderLocked: win=Window{f18a95e u0 com.android.settings/com.android.settings.SubSettings} Callers=com.android.server.wm.WindowManagerService.addWindow:2782 com.android.server.wm.Session.addToDisplay:171 android.view.IWindowSession$Stub.onTransact:124 com.android.server.wm.Session.onTransact:133 
01-01 12:06:14.839123  1613  3012 V WindowManager: not Base app: Adding window Window{f18a95e u0 com.android.settings/com.android.settings.SubSettings} at 4 of 8
01-01 12:06:14.839337  1613  3012 V WindowManager: Looking for focus: 7 = Window{a55768f u0 StatusBar}, flags=-2122055608, canReceive=false
01-01 12:06:14.839507  1613  3012 V WindowManager: findFocusedWindow: Found new focus @ 4 = Window{f18a95e u0 com.android.settings/com.android.settings.SubSettings}
01-01 12:06:14.840620  1613  3012 V WindowManager: Changing focus from Window{523dfc8 u0 com.android.settings/com.android.settings.SubSettings} to Window{f18a95e u0 com.android.settings/com.android.settings.SubSettings} Callers=com.android.server.wm.WindowManagerService.addWindow:2822 com.android.server.wm.Session.addToDisplay:171 android.view.IWindowSession$Stub.onTransact:124 com.android.server.wm.Session.onTransact:133 
01-01 12:06:14.840987  1613  3012 D WindowManager: Input focus has changed to Window{f18a95e u0 com.android.settings/com.android.settings.SubSettings}
01-01 12:06:14.843352  1613  1651 I WindowManager: Focus moving from Window{523dfc8 u0 com.android.settings/com.android.settings.SubSettings} to Window{f18a95e u0 com.android.settings/com.android.settings.SubSettings}
01-01 12:06:14.843541  1613  1651 I WindowManager: Gaining focus: Window{f18a95e u0 com.android.settings/com.android.settings.SubSettings}
01-01 12:06:14.872809  1613  3175 I WindowStateAnimator:   CREATE SURFACE Surface(name=com.android.settings/com.android.settings.SubSettings) IN SESSION android.view.SurfaceSession@78c5117: pid=9925 format=-3 flags=0x4 / WindowStateAnimator{f41fd6a com.android.settings/com.android.settings.SubSettings}
01-01 12:06:14.873895  1613  3175 V WindowManager: Looking for focus: 7 = Window{a55768f u0 StatusBar}, flags=-2122055608, canReceive=false
01-01 12:06:14.874150  1613  3175 V WindowManager: findFocusedWindow: Found new focus @ 4 = Window{f18a95e u0 com.android.settings/com.android.settings.SubSettings}
01-01 12:06:14.938937  1613  1654 D AutomaticBrightnessController: calculateAmbientLux: [0, 100]: lux=50.0, weight=1005000.0
01-01 12:06:14.939155  1613  1654 D AutomaticBrightnessController: calculateAmbientLux: [-250, 0]: lux=0.0, weight=2468750.0
01-01 12:06:14.939351  1613  1654 D AutomaticBrightnessController: calculateAmbientLux: [-1250, -250]: lux=50.0, weight=9250000.0
01-01 12:06:14.939534  1613  1654 D AutomaticBrightnessController: calculateAmbientLux: [-1500, -1250]: lux=0.0, weight=2156250.0
01-01 12:06:14.939725  1613  1654 D AutomaticBrightnessController: calculateAmbientLux: [-4000, -1500]: lux=50.0, weight=1.8125E7
01-01 12:06:14.939907  1613  1654 D AutomaticBrightnessController: calculateAmbientLux: [-4250, -4000]: lux=0.0, weight=1468750.0
01-01 12:06:14.940098  1613  1654 D AutomaticBrightnessController: calculateAmbientLux: [-4750, -4250]: lux=50.0, weight=2750002.0
01-01 12:06:14.940279  1613  1654 D AutomaticBrightnessController: calculateAmbientLux: [-5000, -4750]: lux=0.0, weight=1281248.0
01-01 12:06:14.940477  1613  1654 D AutomaticBrightnessController: calculateAmbientLux: [-5250, -5000]: lux=50.0, weight=1218752.0
01-01 12:06:14.940657  1613  1654 D AutomaticBrightnessController: calculateAmbientLux: [-5499, -5250]: lux=0.0, weight=1151748.0
01-01 12:06:14.940845  1613  1654 D AutomaticBrightnessController: calculateAmbientLux: [-8246, -5499]: lux=50.0, weight=8591244.0
01-01 12:06:14.941021  1613  1654 D AutomaticBrightnessController: calculateAmbientLux: [-8499, -8246]: lux=0.0, weight=411756.0
01-01 12:06:14.941207  1613  1654 D AutomaticBrightnessController: calculateAmbientLux: [-9747, -8499]: lux=50.0, weight=1094496.0
01-01 12:06:14.941380  1613  1654 D AutomaticBrightnessController: calculateAmbientLux: [-9999, -9747]: lux=0.0, weight=32004.0
01-01 12:06:14.941542  1613  1654 D AutomaticBrightnessController: calculateAmbientLux: [-10000, -9999]: lux=50.0, weight=0.0
01-01 12:06:14.941711  1613  1654 D AutomaticBrightnessController: calculateAmbientLux: totalWeight=5.1005E7, newAmbientLux=41.206253
01-01 12:06:14.941871  1613  1654 D AutomaticBrightnessController: updateAmbientLux: Scheduling ambient lux update for 892491892491 (in 3997 ms)
01-01 12:06:14.942026  1613  1654 D AutomaticBrightnessController: onSensorChanged: lux = 50.0
01-01 12:06:14.961320  1613  2472 V WindowStateAnimator: finishDrawingLocked: mDrawState=COMMIT_DRAW_PENDING WindowStateAnimator{f41fd6a com.android.settings/com.android.settings.SubSettings} in Surface(name=com.android.settings/com.android.settings.SubSettings)
01-01 12:06:14.985895  1613  1651 I WindowManager: Losing delayed focus: Window{523dfc8 u0 com.android.settings/com.android.settings.SubSettings}
01-01 12:06:15.593191  1613  2218 D PowerManagerService: userActivityFromNative
01-01 12:06:15.593536  1613  2218 D PowerManagerService: userActivityNoUpdateLocked: eventTime=889143, event=2, flags=0x0, uid=1000
01-01 12:06:15.594126  1613  2218 D PowerManagerNotifier: onUserActivity: event=2, uid=1000
01-01 12:06:15.594901  1613  2218 D PowerManagerService: updateUserActivitySummaryLocked: mWakefulness=Awake, mUserActivitySummary=0x1, nextTimeout=942143 (in 52997 ms)
01-01 12:06:15.595825  1613  2218 D DisplayPowerController: requestPowerState: policy=BRIGHT, useProximitySensor=false, screenBrightness=102, screenAutoBrightnessAdjustment=0.8, brightnessSetByUser=true, useAutoBrightness=true, blockScreenOn=false, lowPowerMode=false, boostScreenBrightness=false, dozeScreenBrightness=-1, dozeScreenState=UNKNOWN, waitForNegativeProximity=false
01-01 12:06:15.596010  1613  2218 I PowerManagerService: setBrightness mButtonLight 0.
01-01 12:06:15.596303  1613  2218 D PowerManagerService: updateDisplayPowerStateLocked: mDisplayReady=true, policy=3, mWakefulness=1, mWakeLockSummary=0x0, mUserActivitySummary=0x1, mBootCompleted=true, mScreenBrightnessBoostInProgress=false
01-01 12:06:15.723657  1613  3012 V SettingsProvider: System property sys.settings_secure_version=20
01-01 12:06:15.743448  1613  2474 V WindowManager: Remove Window{f18a95e u0 com.android.settings/com.android.settings.SubSettings} client=d99c299, surface=Surface(name=com.android.settings/com.android.settings.SubSettings) Callers=com.android.server.wm.WindowManagerService.removeWindow:2911 com.android.server.wm.Session.remove:190 android.view.IWindowSession$Stub.onTransact:242 com.android.server.wm.Session.onTransact:133 
01-01 12:06:15.745153  1613  2474 V WindowManager: Looking for focus: 7 = Window{a55768f u0 StatusBar}, flags=-2122055608, canReceive=false
01-01 12:06:15.745389  1613  2474 V WindowManager: findFocusedWindow: Found new focus @ 3 = Window{523dfc8 u0 com.android.settings/com.android.settings.SubSettings}
01-01 12:06:15.746141  1613  2474 V WindowManager: Changing focus from Window{f18a95e u0 com.android.settings/com.android.settings.SubSettings EXITING} to Window{523dfc8 u0 com.android.settings/com.android.settings.SubSettings} Callers=com.android.server.wm.WindowManagerService.removeWindowLocked:2984 com.android.server.wm.WindowManagerService.removeWindow:2911 com.android.server.wm.Session.remove:190 android.view.IWindowSession$Stub.onTransact:242 
01-01 12:06:15.746562  1613  2474 D WindowManager: Input focus has changed to Window{523dfc8 u0 com.android.settings/com.android.settings.SubSettings}
01-01 12:06:15.753129  1613  1651 I WindowManager: Focus moving from Window{f18a95e u0 com.android.settings/com.android.settings.SubSettings EXITING} to Window{523dfc8 u0 com.android.settings/com.android.settings.SubSettings}
01-01 12:06:15.753299  1613  1651 I WindowManager: Gaining focus: Window{523dfc8 u0 com.android.settings/com.android.settings.SubSettings}
01-01 12:06:15.753607  1613  1651 I WindowManager: Losing focus: Window{f18a95e u0 com.android.settings/com.android.settings.SubSettings EXITING}
01-01 12:06:15.804253  1613  3175 V InputMethodManagerService: windowGainedFocus: android.os.BinderProxy@8cd9b9d controlFlags=#1 softInputMode=#10 windowFlags=#81810100
01-01 12:06:15.805679  1613  3175 W InputMethodManagerService: Window already focused, ignoring focus gain of: com.android.internal.view.IInputMethodClient$Stub$Proxy@ae0cfc2 attribute=null, token = android.os.BinderProxy@993886b
01-01 12:06:16.439626  1613  1654 D AutomaticBrightnessController: calculateAmbientLux: [0, 100]: lux=0.0, weight=1005000.0
01-01 12:06:16.439973  1613  1654 D AutomaticBrightnessController: calculateAmbientLux: [-1500, 0]: lux=50.0, weight=1.3875E7
01-01 12:06:16.440345  1613  1654 D AutomaticBrightnessController: calculateAmbientLux: [-1750, -1500]: lux=0.0, weight=2093750.0
01-01 12:06:16.440670  1613  1654 D AutomaticBrightnessController: calculateAmbientLux: [-2750, -1750]: lux=50.0, weight=7750000.0
01-01 12:06:16.440975  1613  1654 D AutomaticBrightnessController: calculateAmbientLux: [-3000, -2750]: lux=0.0, weight=1781250.0
01-01 12:06:16.441295  1613  1654 D AutomaticBrightnessController: calculateAmbientLux: [-5500, -3000]: lux=50.0, weight=1.4375E7
01-01 12:06:16.441606  1613  1654 D AutomaticBrightnessController: calculateAmbientLux: [-5750, -5500]: lux=0.0, weight=1093752.0
01-01 12:06:16.441914  1613  1654 D AutomaticBrightnessController: calculateAmbientLux: [-6250, -5750]: lux=50.0, weight=2000000.0
01-01 12:06:16.442214  1613  1654 D AutomaticBrightnessController: calculateAmbientLux: [-6500, -6250]: lux=0.0, weight=906248.0
01-01 12:06:16.442531  1613  1654 D AutomaticBrightnessController: calculateAmbientLux: [-6750, -6500]: lux=50.0, weight=843752.0
01-01 12:06:16.442870  1613  1654 D AutomaticBrightnessController: calculateAmbientLux: [-6999, -6750]: lux=0.0, weight=778248.0
01-01 12:06:16.443193  1613  1654 D AutomaticBrightnessController: calculateAmbientLux: [-9746, -6999]: lux=50.0, weight=4470744.0
01-01 12:06:16.443489  1613  1654 D AutomaticBrightnessController: calculateAmbientLux: [-9999, -9746]: lux=0.0, weight=32256.0
01-01 12:06:16.443767  1613  1654 D AutomaticBrightnessController: calculateAmbientLux: [-10000, -9999]: lux=50.0, weight=0.0
01-01 12:06:16.444072  1613  1654 D AutomaticBrightnessController: calculateAmbientLux: totalWeight=5.1005E7, newAmbientLux=42.461033
01-01 12:06:16.444336  1613  1654 D AutomaticBrightnessController: updateAmbientLux: Scheduling ambient lux update for 893991893991 (in 3995 ms)
01-01 12:06:16.444552  1613  1654 D AutomaticBrightnessController: onSensorChanged: lux = 0.0
01-01 12:06:16.689243  1613  1654 D AutomaticBrightnessController: calculateAmbientLux: [0, 100]: lux=50.0, weight=1005000.0
01-01 12:06:16.689578  1613  1654 D AutomaticBrightnessController: calculateAmbientLux: [-250, 0]: lux=0.0, weight=2468750.0
01-01 12:06:16.689894  1613  1654 D AutomaticBrightnessController: calculateAmbientLux: [-1750, -250]: lux=50.0, weight=1.35E7
01-01 12:06:16.690197  1613  1654 D AutomaticBrightnessController: calculateAmbientLux: [-2000, -1750]: lux=0.0, weight=2031250.0
01-01 12:06:16.690507  1613  1654 D AutomaticBrightnessController: calculateAmbientLux: [-3000, -2000]: lux=50.0, weight=7500000.0
01-01 12:06:16.690809  1613  1654 D AutomaticBrightnessController: calculateAmbientLux: [-3250, -3000]: lux=0.0, weight=1718750.0
01-01 12:06:16.691153  1613  1654 D AutomaticBrightnessController: calculateAmbientLux: [-5750, -3250]: lux=50.0, weight=1.3750002E7
01-01 12:06:16.691460  1613  1654 D AutomaticBrightnessController: calculateAmbientLux: [-6000, -5750]: lux=0.0, weight=1031248.0
01-01 12:06:16.691773  1613  1654 D AutomaticBrightnessController: calculateAmbientLux: [-6500, -6000]: lux=50.0, weight=1875000.0
01-01 12:06:16.692077  1613  1654 D AutomaticBrightnessController: calculateAmbientLux: [-6750, -6500]: lux=0.0, weight=843752.0
01-01 12:06:16.692392  1613  1654 D AutomaticBrightnessController: calculateAmbientLux: [-7000, -6750]: lux=50.0, weight=781248.0
01-01 12:06:16.692684  1613  1654 D AutomaticBrightnessController: calculateAmbientLux: [-7249, -7000]: lux=0.0, weight=716000.0
01-01 12:06:16.693004  1613  1654 D AutomaticBrightnessController: calculateAmbientLux: [-9996, -7249]: lux=50.0, weight=3783992.0
01-01 12:06:16.693278  1613  1654 D AutomaticBrightnessController: calculateAmbientLux: [-10000, -9996]: lux=0.0, weight=8.0
01-01 12:06:16.693558  1613  1654 D AutomaticBrightnessController: calculateAmbientLux: totalWeight=5.1005E7, newAmbientLux=41.36383
01-01 12:06:16.693819  1613  1654 D AutomaticBrightnessController: updateAmbientLux: Scheduling ambient lux update for 894241894241 (in 3995 ms)
01-01 12:06:16.694048  1613  1654 D AutomaticBrightnessController: onSensorChanged: lux = 50.0
01-01 12:06:16.837428  1613  2218 D PowerManagerService: userActivityFromNative
01-01 12:06:16.837663  1613  2218 D PowerManagerService: userActivityNoUpdateLocked: eventTime=890388, event=2, flags=0x0, uid=1000
01-01 12:06:16.837955  1613  2218 D PowerManagerNotifier: onUserActivity: event=2, uid=1000
01-01 12:06:16.838365  1613  2218 D PowerManagerService: updateUserActivitySummaryLocked: mWakefulness=Awake, mUserActivitySummary=0x1, nextTimeout=943388 (in 52998 ms)
01-01 12:06:16.838817  1613  2218 D DisplayPowerController: requestPowerState: policy=BRIGHT, useProximitySensor=false, screenBrightness=102, screenAutoBrightnessAdjustment=0.8, brightnessSetByUser=true, useAutoBrightness=true, blockScreenOn=false, lowPowerMode=false, boostScreenBrightness=false, dozeScreenBrightness=-1, dozeScreenState=UNKNOWN, waitForNegativeProximity=false
01-01 12:06:16.838929  1613  2218 I PowerManagerService: setBrightness mButtonLight 0.
01-01 12:06:16.839106  1613  2218 D PowerManagerService: updateDisplayPowerStateLocked: mDisplayReady=true, policy=3, mWakefulness=1, mWakeLockSummary=0x0, mUserActivitySummary=0x1, mBootCompleted=true, mScreenBrightnessBoostInProgress=false
01-01 12:06:16.845146  1613  3159 V SettingsProvider: packageValueForCallResult, name = haptic_feedback_enabled, value : 1
01-01 12:06:16.846335  1613  3159 D PowerManagerService: acquireWakeLockInternal: lock=126852831, flags=0x1, tag="*vibrator*", ws=WorkSource{1000}, uid=1000, pid=1613
01-01 12:06:16.846511  1613  3159 D PowerManagerService: updateWakeLockSummaryLocked: mWakefulness=Awake, mWakeLockSummary=0x1
01-01 12:06:16.846729  1613  3159 D PowerManagerService: updateUserActivitySummaryLocked: mWakefulness=Awake, mUserActivitySummary=0x1, nextTimeout=943388 (in 52990 ms)
01-01 12:06:16.847032  1613  3159 D DisplayPowerController: requestPowerState: policy=BRIGHT, useProximitySensor=false, screenBrightness=102, screenAutoBrightnessAdjustment=0.8, brightnessSetByUser=true, useAutoBrightness=true, blockScreenOn=false, lowPowerMode=false, boostScreenBrightness=false, dozeScreenBrightness=-1, dozeScreenState=UNKNOWN, waitForNegativeProximity=false
01-01 12:06:16.847109  1613  3159 I PowerManagerService: setBrightness mButtonLight 0.
01-01 12:06:16.847276  1613  3159 D PowerManagerService: updateDisplayPowerStateLocked: mDisplayReady=true, policy=3, mWakefulness=1, mWakeLockSummary=0x1, mUserActivitySummary=0x1, mBootCompleted=true, mScreenBrightnessBoostInProgress=false
01-01 12:06:16.847431  1613  3159 D PowerManagerService: Acquiring suspend blocker "PowerManagerService.WakeLocks".
01-01 12:06:16.847671  1613  3159 D PowerManagerNotifier: onWakeLockAcquired: flags=1, tag="*vibrator*", packageName=android, ownerUid=1000, ownerPid=1613, workSource=WorkSource{1000}
01-01 12:06:16.848651  1613  2218 D PowerManagerService: userActivityFromNative
01-01 12:06:16.848978  1613  2218 D PowerManagerService: userActivityNoUpdateLocked: eventTime=890392, event=1, flags=0x0, uid=1000
01-01 12:06:16.849139  1613  2218 D PowerManagerNotifier: onUserActivity: event=1, uid=1000
01-01 12:06:16.849503  1613  2218 D PowerManagerService: updateUserActivitySummaryLocked: mWakefulness=Awake, mUserActivitySummary=0x9, nextTimeout=898392 (in 7991 ms)
01-01 12:06:16.849833  1613  2218 D DisplayPowerController: requestPowerState: policy=BRIGHT, useProximitySensor=false, screenBrightness=102, screenAutoBrightnessAdjustment=0.8, brightnessSetByUser=true, useAutoBrightness=true, blockScreenOn=false, lowPowerMode=false, boostScreenBrightness=false, dozeScreenBrightness=-1, dozeScreenState=UNKNOWN, waitForNegativeProximity=false
01-01 12:06:16.850274  1613  2218 I PowerManagerService: setBrightness mButtonLight, screenBrightness=102
01-01 12:06:16.850443  1613  2218 D PowerManagerService: updateDisplayPowerStateLocked: mDisplayReady=true, policy=3, mWakefulness=1, mWakeLockSummary=0x1, mUserActivitySummary=0x9, mBootCompleted=true, mScreenBrightnessBoostInProgress=false
01-01 12:06:16.910822  1613 10595 D PowerManagerService: releaseWakeLockInternal: lock=126852831 [*vibrator*], flags=0x0, total_time=64ms
01-01 12:06:16.911236  1613 10595 D PowerManagerNotifier: onWakeLockReleased: flags=1, tag="*vibrator*", packageName=android, ownerUid=1000, ownerPid=1613, workSource=WorkSource{1000}
01-01 12:06:16.911622  1613 10595 D PowerManagerService: updateWakeLockSummaryLocked: mWakefulness=Awake, mWakeLockSummary=0x0
01-01 12:06:16.911997  1613 10595 D PowerManagerService: updateUserActivitySummaryLocked: mWakefulness=Awake, mUserActivitySummary=0x9, nextTimeout=898392 (in 7928 ms)
01-01 12:06:16.912560  1613 10595 D DisplayPowerController: requestPowerState: policy=BRIGHT, useProximitySensor=false, screenBrightness=102, screenAutoBrightnessAdjustment=0.8, brightnessSetByUser=true, useAutoBrightness=true, blockScreenOn=false, lowPowerMode=false, boostScreenBrightness=false, dozeScreenBrightness=-1, dozeScreenState=UNKNOWN, waitForNegativeProximity=false
01-01 12:06:16.912749  1613 10595 I PowerManagerService: setBrightness mButtonLight, screenBrightness=102
01-01 12:06:16.913029  1613 10595 D PowerManagerService: updateDisplayPowerStateLocked: mDisplayReady=true, policy=3, mWakefulness=1, mWakeLockSummary=0x0, mUserActivitySummary=0x9, mBootCompleted=true, mScreenBrightnessBoostInProgress=false
01-01 12:06:16.913283  1613 10595 D PowerManagerService: Releasing suspend blocker "PowerManagerService.WakeLocks".
01-01 12:06:16.965991  1613  2477 D ActivityManager: ACT-Finishing activity token=Token{ba41b2d ActivityRecord{2adae44 u0 com.android.settings/.SubSettings t10}}, result=0, data=null
01-01 12:06:16.966497  1613  2477 D ActivityManager: ACT-AM_FINISH_ACTIVITY ActivityRecord{2adae44 u0 com.android.settings/.SubSettings t10 f} task:TaskRecord{29236c6 #10 A=com.android.settings U=0 sz=2} app-request
01-01 12:06:16.969087  1613  2477 V WindowManager: Looking for focus: 6 = Window{a55768f u0 StatusBar}, flags=-2122055608, canReceive=false
01-01 12:06:16.969352  1613  2477 V WindowManager: findFocusedWindow: Found new focus @ 3 = Window{523dfc8 u0 com.android.settings/com.android.settings.SubSettings}
01-01 12:06:16.976909  1613  2477 V WindowManager: Set focused app to: AppWindowToken{913d795 token=Token{815d687 ActivityRecord{18504a1 u0 com.android.settings/.Settings t10}}} old focus=AppWindowToken{6f57862 token=Token{ba41b2d ActivityRecord{2adae44 u0 com.android.settings/.SubSettings t10}}} moveFocusNow=true
01-01 12:06:16.979728  1613  2477 V WindowManager: Looking for focus: 6 = Window{a55768f u0 StatusBar}, flags=-2122055608, canReceive=false
01-01 12:06:16.979975  1613  2477 V WindowManager: findFocusedWindow: Found new focus @ 3 = Window{523dfc8 u0 com.android.settings/com.android.settings.SubSettings}
01-01 12:06:16.982329  1613  2477 V WindowManager: setAppVisibility(Token{ba41b2d ActivityRecord{2adae44 u0 com.android.settings/.SubSettings t10 f}}, visible=false): mNextAppTransition=TRANSIT_ACTIVITY_CLOSE hidden=false hiddenRequested=false Callers=com.android.server.am.ActivityStack.finishActivityLocked:3451 com.android.server.am.ActivityStack.requestFinishActivityLocked:3279 com.android.server.am.ActivityManagerService.finishActivity:4664 android.app.ActivityManagerNative.onTransact:356 com.android.server.am.ActivityManagerService.onTransact:2721 android.os.Binder.execTransact:458 
01-01 12:06:16.982901  1613  2477 D ActivityManager: ACT-AM_PAUSE_ACTIVITY ActivityRecord{2adae44 u0 com.android.settings/.SubSettings t10 f}
01-01 12:06:16.983788  1613  2477 D PowerManagerService: acquireWakeLockInternal: lock=106922490, flags=0x1, tag="*launch*", ws=WorkSource{1000}, uid=1000, pid=1613
01-01 12:06:16.984067  1613  2477 D PowerManagerService: updateWakeLockSummaryLocked: mWakefulness=Awake, mWakeLockSummary=0x1
01-01 12:06:16.984382  1613  2477 D PowerManagerService: updateUserActivitySummaryLocked: mWakefulness=Awake, mUserActivitySummary=0x9, nextTimeout=898392 (in 7856 ms)
01-01 12:06:16.984892  1613  2477 D DisplayPowerController: requestPowerState: policy=BRIGHT, useProximitySensor=false, screenBrightness=102, screenAutoBrightnessAdjustment=0.8, brightnessSetByUser=true, useAutoBrightness=true, blockScreenOn=false, lowPowerMode=false, boostScreenBrightness=false, dozeScreenBrightness=-1, dozeScreenState=UNKNOWN, waitForNegativeProximity=false
01-01 12:06:16.985053  1613  2477 I PowerManagerService: setBrightness mButtonLight, screenBrightness=102
01-01 12:06:16.985344  1613  2477 D PowerManagerService: updateDisplayPowerStateLocked: mDisplayReady=true, policy=3, mWakefulness=1, mWakeLockSummary=0x1, mUserActivitySummary=0x9, mBootCompleted=true, mScreenBrightnessBoostInProgress=false
01-01 12:06:16.985928  1613  2477 D PowerManagerService: Acquiring suspend blocker "PowerManagerService.WakeLocks".
01-01 12:06:16.986355  1613  2477 D PowerManagerNotifier: onWakeLockAcquired: flags=1, tag="*launch*", packageName=android, ownerUid=1000, ownerPid=1613, workSource=WorkSource{1000}
01-01 12:06:16.999305  9925  9925 D ActivityThread: ACT-AM_ON_PAUSE_CALLED ActivityRecord{750fd38 token=android.os.BinderProxy@bf31111 {com.android.settings/com.android.settings.SubSettings}}
01-01 12:06:17.000074  1613  1639 D ActivityManager: ACT-paused: token=Token{ba41b2d ActivityRecord{2adae44 u0 com.android.settings/.SubSettings t10 f}}, timeout=false
01-01 12:06:17.002596  1613  1639 V WindowManager: setAppVisibility(Token{ba41b2d ActivityRecord{2adae44 u0 com.android.settings/.SubSettings t10 f}}, visible=false): mNextAppTransition=TRANSIT_ACTIVITY_CLOSE hidden=false hiddenRequested=true Callers=com.android.server.am.ActivityStack.resumeTopActivityInnerLocked:2147 com.android.server.am.ActivityStack.resumeTopActivityLocked:1824 com.android.server.am.ActivityStackSupervisor.resumeTopActivitiesLocked:3157 com.android.server.am.ActivityStack.completePauseLocked:1203 com.android.server.am.ActivityStack.activityPausedLocked:1069 com.android.server.am.ActivityManagerService.activityPaused:7343 
01-01 12:06:17.003748  1613  1639 V WindowManager: setAppVisibility(Token{815d687 ActivityRecord{18504a1 u0 com.android.settings/.Settings t10}}, visible=true): mNextAppTransition=TRANSIT_ACTIVITY_CLOSE hidden=true hiddenRequested=true Callers=com.android.server.am.ActivityStack.resumeTopActivityInnerLocked:2203 com.android.server.am.ActivityStack.resumeTopActivityLocked:1824 com.android.server.am.ActivityStackSupervisor.resumeTopActivitiesLocked:3157 com.android.server.am.ActivityStack.completePauseLocked:1203 com.android.server.am.ActivityStack.activityPausedLocked:1069 com.android.server.am.ActivityManagerService.activityPaused:7343 
01-01 12:06:17.009159  1613  1639 W WindowManager:  SLCODE computeScreenConfigurationLocked, the hard device name is: silead-vinput-keypad
01-01 12:06:17.009355  1613  1639 W WindowManager:  SLCODE computeScreenConfigurationLocked, the hard device name is: himax-touchscreen
01-01 12:06:17.009465  1613  1639 W WindowManager:  SLCODE computeScreenConfigurationLocked, the hard device name is: mtk-tpd
01-01 12:06:17.009557  1613  1639 W WindowManager:  SLCODE computeScreenConfigurationLocked, the hard device name is: ACCDET
01-01 12:06:17.009840  1613  1639 W WindowManager:  SLCODE computeScreenConfigurationLocked, the hard device name is: otgid
01-01 12:06:17.009933  1613  1639 W WindowManager:  SLCODE computeScreenConfigurationLocked, the hard device name is: mtk-kpd
01-01 12:06:17.011307  1613  1639 D ActivityManager: ACT-AM_RESUME_ACTIVITY ActivityRecord{18504a1 u0 com.android.settings/.Settings t10} task:10
01-01 12:06:17.016474  1613  1639 D ActivityManager: Delay resumeKeyDispatchingLocked() to avoid deadlock.
01-01 12:06:17.018271  9925  9925 D ActivityThread: ACT-PAUSE_ACTIVITY_FINISHING handled : 0 / android.os.BinderProxy@bf31111
01-01 12:06:17.019839  9925  9925 V ActivityThread: Performing resume of ActivityRecord{27a4c43 token=android.os.BinderProxy@2112c0 {com.android.settings/com.android.settings.Settings}}
01-01 12:06:17.034475  1613  1646 V BroadcastQueue: Processing parallel broadcast [background] BroadcastRecord{f0260e u-1 android.intent.action.BATTERY_CHANGED}, 1 receivers
01-01 12:06:17.034938  1613  1646 D BroadcastQueue: BroadcastRecord{f0260e u-1 android.intent.action.BATTERY_CHANGED}, #0 BroadcastFilter{2438409 u0 ReceiverList{3d00110 9925 com.android.settings/1000/u0 remote:311c1d3}}
01-01 12:06:17.035328  1613  1646 D BroadcastQueue: BDC-Delivering broadcast: Intent { act=android.intent.action.BATTERY_CHANGED flg=0x60000010 (has extras) }, queue=background, ordered=false, filter=BroadcastFilter{2438409 u0 ReceiverList{3d00110 9925 com.android.settings/1000/u0 remote:311c1d3}}, receiver=null
01-01 12:06:17.076786  1613  2471 V SettingsProvider: packageValueForCallResult, name = location_providers_allowed, value : network
01-01 12:06:17.083607  1613  1646 V BroadcastQueue: Processing parallel broadcast [background] BroadcastRecord{29dfb1f u-1 android.net.wifi.WIFI_STATE_CHANGED}, 1 receivers
01-01 12:06:17.084240  1613  1646 D BroadcastQueue: BroadcastRecord{29dfb1f u-1 android.net.wifi.WIFI_STATE_CHANGED}, #0 BroadcastFilter{5b82ebe u0 ReceiverList{c588179 9925 com.android.settings/1000/u0 remote:8adce40}}
01-01 12:06:17.084267  9925  9925 D ActivityThread: ACT-AM_ON_RESUME_CALLED ActivityRecord{27a4c43 token=android.os.BinderProxy@2112c0 {com.android.settings/com.android.settings.Settings}}
01-01 12:06:17.084404  9925  9925 V ActivityThread: Resume ActivityRecord{27a4c43 token=android.os.BinderProxy@2112c0 {com.android.settings/com.android.settings.Settings}} started activity: false, hideForNow: false, finished: false
01-01 12:06:17.084525  9925  9925 V ActivityThread: Resuming ActivityRecord{27a4c43 token=android.os.BinderProxy@2112c0 {com.android.settings/com.android.settings.Settings}} with isForward=false
01-01 12:06:17.084598  1613  1646 D BroadcastQueue: BDC-Delivering broadcast: Intent { act=android.net.wifi.WIFI_STATE_CHANGED flg=0x4000010 (has extras) }, queue=background, ordered=false, filter=BroadcastFilter{5b82ebe u0 ReceiverList{c588179 9925 com.android.settings/1000/u0 remote:8adce40}}, receiver=null
01-01 12:06:17.085260  1613  1646 V BroadcastQueue: Processing parallel broadcast [background] BroadcastRecord{8c18e6c u-1 android.net.wifi.supplicant.STATE_CHANGE}, 1 receivers
01-01 12:06:17.085553  1613  1646 D BroadcastQueue: BroadcastRecord{8c18e6c u-1 android.net.wifi.supplicant.STATE_CHANGE}, #0 BroadcastFilter{5b82ebe u0 ReceiverList{c588179 9925 com.android.settings/1000/u0 remote:8adce40}}
01-01 12:06:17.085889  1613  1646 D BroadcastQueue: BDC-Delivering broadcast: Intent { act=android.net.wifi.supplicant.STATE_CHANGE flg=0x24000010 (has extras) }, queue=background, ordered=false, filter=BroadcastFilter{5b82ebe u0 ReceiverList{c588179 9925 com.android.settings/1000/u0 remote:8adce40}}, receiver=null
01-01 12:06:17.087937  1613  1646 V BroadcastQueue: Processing parallel broadcast [background] BroadcastRecord{756bc35 u-1 android.net.wifi.STATE_CHANGE}, 1 receivers
01-01 12:06:17.088251  1613  1646 D BroadcastQueue: BroadcastRecord{756bc35 u-1 android.net.wifi.STATE_CHANGE}, #0 BroadcastFilter{5b82ebe u0 ReceiverList{c588179 9925 com.android.settings/1000/u0 remote:8adce40}}
01-01 12:06:17.088597  1613  1646 D BroadcastQueue: BDC-Delivering broadcast: Intent { act=android.net.wifi.STATE_CHANGE flg=0x4000010 (has extras) }, queue=background, ordered=false, filter=BroadcastFilter{5b82ebe u0 ReceiverList{c588179 9925 com.android.settings/1000/u0 remote:8adce40}}, receiver=null
01-01 12:06:17.099090  9925  9925 V ActivityThread: Scheduling idle handler for ActivityRecord{27a4c43 token=android.os.BinderProxy@2112c0 {com.android.settings/com.android.settings.Settings}}
01-01 12:06:17.100013  9925  9925 D ActivityThread: ACT-RESUME_ACTIVITY handled : 0 / android.os.BinderProxy@2112c0
01-01 12:06:17.106603  1613  2476 I WindowManager: Relayout Window{7ed5499 u0 com.android.settings/com.android.settings.Settings}: oldVis=8 newVis=0
01-01 12:06:17.109338  1613  2476 I WindowStateAnimator:   CREATE SURFACE Surface(name=com.android.settings/com.android.settings.Settings) IN SESSION android.view.SurfaceSession@78c5117: pid=9925 format=-1 flags=0x404 / WindowStateAnimator{63db904 com.android.settings/com.android.settings.Settings}
01-01 12:06:17.110095  1613  2476 V WindowManager: Looking for focus: 6 = Window{a55768f u0 StatusBar}, flags=-2122055608, canReceive=false
01-01 12:06:17.110300  1613  2476 V WindowManager: findFocusedWindow: Found new focus @ 2 = Window{7ed5499 u0 com.android.settings/com.android.settings.Settings}
01-01 12:06:17.110862  1613  2476 V WindowManager: Changing focus from Window{523dfc8 u0 com.android.settings/com.android.settings.SubSettings} to Window{7ed5499 u0 com.android.settings/com.android.settings.Settings} Callers=com.android.server.wm.WindowManagerService.relayoutWindow:3599 com.android.server.wm.Session.relayout:201 android.view.IWindowSession$Stub.onTransact:284 com.android.server.wm.Session.onTransact:133 
01-01 12:06:17.111093  1613  2476 D WindowManager: Input focus has changed to Window{7ed5499 u0 com.android.settings/com.android.settings.Settings}
01-01 12:06:17.115606  1613  1651 I WindowManager: Focus moving from Window{523dfc8 u0 com.android.settings/com.android.settings.SubSettings} to Window{7ed5499 u0 com.android.settings/com.android.settings.Settings}
01-01 12:06:17.115751  1613  1651 I WindowManager: Gaining focus: Window{7ed5499 u0 com.android.settings/com.android.settings.Settings}
01-01 12:06:17.136796  9925  9925 D ActivityThread: BDC-Calling onReceive: intent=Intent { act=android.intent.action.BATTERY_CHANGED flg=0x60000010 (has extras) }, ordered=true, receiver=com.android.settings.SettingsActivity$1@50f0377, IIntentReceiver=1e4b4f8
01-01 12:06:17.439215  1613  1654 D AutomaticBrightnessController: calculateAmbientLux: [0, 100]: lux=0.0, weight=1005000.0
01-01 12:06:17.439453  1613  1654 D AutomaticBrightnessController: calculateAmbientLux: [-750, 0]: lux=50.0, weight=7218750.0
01-01 12:06:17.439653  1613  1654 D AutomaticBrightnessController: calculateAmbientLux: [-1000, -750]: lux=0.0, weight=2281250.0
01-01 12:06:17.439850  1613  1654 D AutomaticBrightnessController: calculateAmbientLux: [-2500, -1000]: lux=50.0, weight=1.2375E7
01-01 12:06:17.440046  1613  1654 D AutomaticBrightnessController: calculateAmbientLux: [-2750, -2500]: lux=0.0, weight=1843750.0
01-01 12:06:17.440237  1613  1654 D AutomaticBrightnessController: calculateAmbientLux: [-3750, -2750]: lux=50.0, weight=6750000.0
01-01 12:06:17.440421  1613  1654 D AutomaticBrightnessController: calculateAmbientLux: [-4000, -3750]: lux=0.0, weight=1531250.0
01-01 12:06:17.440618  1613  1654 D AutomaticBrightnessController: calculateAmbientLux: [-6500, -4000]: lux=50.0, weight=1.1875E7
01-01 12:06:17.440800  1613  1654 D AutomaticBrightnessController: calculateAmbientLux: [-6750, -6500]: lux=0.0, weight=843752.0
01-01 12:06:17.440985  1613  1654 D AutomaticBrightnessController: calculateAmbientLux: [-7250, -6750]: lux=50.0, weight=1500000.0
01-01 12:06:17.441163  1613  1654 D AutomaticBrightnessController: calculateAmbientLux: [-7500, -7250]: lux=0.0, weight=656248.0
01-01 12:06:17.441350  1613  1654 D AutomaticBrightnessController: calculateAmbientLux: [-7750, -7500]: lux=50.0, weight=593752.0
01-01 12:06:17.441530  1613  1654 D AutomaticBrightnessController: calculateAmbientLux: [-7999, -7750]: lux=0.0, weight=529248.0
01-01 12:06:17.441722  1613  1654 D AutomaticBrightnessController: calculateAmbientLux: [-10000, -7999]: lux=50.0, weight=2002000.0
01-01 12:06:17.441897  1613  1654 D AutomaticBrightnessController: calculateAmbientLux: totalWeight=5.1005E7, newAmbientLux=41.48074
01-01 12:06:17.442065  1613  1654 D AutomaticBrightnessController: updateAmbientLux: Scheduling ambient lux update for 894991894991 (in 3997 ms)
01-01 12:06:17.442204  1613  1654 D AutomaticBrightnessController: onSensorChanged: lux = 0.0
01-01 12:06:17.692135  9925  9925 D ActivityThread: BDC-Calling onReceive: intent=Intent { act=android.net.wifi.WIFI_STATE_CHANGED flg=0x4000010 (has extras) }, ordered=true, receiver=com.android.settings.switchenabler.WifiSwitchEnabler$1@d03576a, IIntentReceiver=40ae102
01-01 12:06:17.692713  9925  9925 D ActivityThread: BDC-Calling onReceive: intent=Intent { act=android.net.wifi.supplicant.STATE_CHANGE flg=0x24000010 (has extras) }, ordered=true, receiver=com.android.settings.switchenabler.WifiSwitchEnabler$1@d03576a, IIntentReceiver=40ae102
01-01 12:06:17.693318  9925  9925 D ActivityThread: BDC-Calling onReceive: intent=Intent { act=android.net.wifi.STATE_CHANGE flg=0x4000010 (has extras) }, ordered=true, receiver=com.android.settings.switchenabler.WifiSwitchEnabler$1@d03576a, IIntentReceiver=40ae102
01-01 12:06:17.921052  1613  3175 V WindowStateAnimator: finishDrawingLocked: mDrawState=COMMIT_DRAW_PENDING WindowStateAnimator{63db904 com.android.settings/com.android.settings.Settings} in Surface(name=com.android.settings/com.android.settings.Settings)
01-01 12:06:17.923297  1613  1651 V WindowManager: **** GOOD TO GO
01-01 12:06:17.930854  1613  1651 V WindowManager: Looking for focus: 6 = Window{a55768f u0 StatusBar}, flags=-2122055608, canReceive=false
01-01 12:06:17.931110  1613  1651 V WindowManager: findFocusedWindow: Found new focus @ 2 = Window{7ed5499 u0 com.android.settings/com.android.settings.Settings}
01-01 12:06:17.931732  1613  1651 D WindowManager: notifyActivityDrawnForKeyguard: waiting=false Callers=com.android.server.wm.WindowManagerService.handleAppTransitionReadyLocked:10113 com.android.server.wm.WindowManagerService.performLayoutAndPlaceSurfacesLockedInner:10733 com.android.server.wm.WindowManagerService.performLayoutAndPlaceSurfacesLockedLoop:9477 com.android.server.wm.WindowManagerService.performLayoutAndPlaceSurfacesLocked:9424 com.android.server.wm.WindowManagerService.-wrap8:-1 
01-01 12:06:17.934147  1613  1643 V InputMethodManagerService: windowGainedFocus: android.os.BinderProxy@8cd9b9d controlFlags=#104 softInputMode=#10 windowFlags=#81810100
01-01 12:06:17.937477  1613  1651 I WindowManager: Losing delayed focus: Window{523dfc8 u0 com.android.settings/com.android.settings.SubSettings}
01-01 12:06:17.939490  1613  1654 D AutomaticBrightnessController: calculateAmbientLux: [0, 100]: lux=50.0, weight=1005000.0
01-01 12:06:17.939747  1613  1654 D AutomaticBrightnessController: calculateAmbientLux: [-500, 0]: lux=0.0, weight=4875000.0
01-01 12:06:17.939985  1613  1654 D AutomaticBrightnessController: calculateAmbientLux: [-1250, -500]: lux=50.0, weight=6843750.0
01-01 12:06:17.940195  1613  1654 D AutomaticBrightnessController: calculateAmbientLux: [-1500, -1250]: lux=0.0, weight=2156250.0
01-01 12:06:17.940438  1613  1654 D AutomaticBrightnessController: calculateAmbientLux: [-3000, -1500]: lux=50.0, weight=1.1625E7
01-01 12:06:17.940647  1613  1654 D AutomaticBrightnessController: calculateAmbientLux: [-3250, -3000]: lux=0.0, weight=1718750.0
01-01 12:06:17.940827  1613  1654 D AutomaticBrightnessController: calculateAmbientLux: [-4250, -3250]: lux=50.0, weight=6250000.0
01-01 12:06:17.941011  1613  1654 D AutomaticBrightnessController: calculateAmbientLux: [-4500, -4250]: lux=0.0, weight=1406250.0
01-01 12:06:17.941211  1613  1654 D AutomaticBrightnessController: calculateAmbientLux: [-7000, -4500]: lux=50.0, weight=1.0625E7
01-01 12:06:17.941400  1613  1654 D AutomaticBrightnessController: calculateAmbientLux: [-7250, -7000]: lux=0.0, weight=718752.0
01-01 12:06:17.941630  1613  1654 D AutomaticBrightnessController: calculateAmbientLux: [-7750, -7250]: lux=50.0, weight=1250000.0
01-01 12:06:17.941840  1613  1654 D AutomaticBrightnessController: calculateAmbientLux: [-8000, -7750]: lux=0.0, weight=531248.0
01-01 12:06:17.942048  1613  1654 D AutomaticBrightnessController: calculateAmbientLux: [-8250, -8000]: lux=50.0, weight=468752.0
01-01 12:06:17.942272  1613  1654 D AutomaticBrightnessController: calculateAmbientLux: [-8499, -8250]: lux=0.0, weight=404748.0
01-01 12:06:17.942488  1613  1654 D AutomaticBrightnessController: calculateAmbientLux: [-10000, -8499]: lux=50.0, weight=1126500.0
01-01 12:06:17.942664  1613  1654 D AutomaticBrightnessController: calculateAmbientLux: totalWeight=5.1005E7, newAmbientLux=38.421722
01-01 12:06:17.942831  1613  1654 D AutomaticBrightnessController: updateAmbientLux: Scheduling ambient lux update for 895491895491 (in 3996 ms)
01-01 12:06:17.942989  1613  1654 D AutomaticBrightnessController: onSensorChanged: lux = 50.0
01-01 12:06:18.004383  1613  3328 V WindowManager: Looking for focus: 6 = Window{a55768f u0 StatusBar}, flags=-2122055608, canReceive=false
01-01 12:06:18.004616  1613  3328 V WindowManager: findFocusedWindow: Found new focus @ 2 = Window{7ed5499 u0 com.android.settings/com.android.settings.Settings}
01-01 12:06:18.012590  1613  2478 D PowerManagerService: releaseWakeLockInternal: lock=106922490 [*launch*], flags=0x0, total_time=1028ms
01-01 12:06:18.012941  1613  2478 D PowerManagerNotifier: onWakeLockReleased: flags=1, tag="*launch*", packageName=android, ownerUid=1000, ownerPid=1613, workSource=WorkSource{1000}
01-01 12:06:18.013275  1613  2478 D PowerManagerService: updateWakeLockSummaryLocked: mWakefulness=Awake, mWakeLockSummary=0x0
01-01 12:06:18.013541  1613  2478 D PowerManagerService: updateUserActivitySummaryLocked: mWakefulness=Awake, mUserActivitySummary=0x9, nextTimeout=898392 (in 6827 ms)
01-01 12:06:18.014001  1613  2478 D DisplayPowerController: requestPowerState: policy=BRIGHT, useProximitySensor=false, screenBrightness=102, screenAutoBrightnessAdjustment=0.8, brightnessSetByUser=true, useAutoBrightness=true, blockScreenOn=false, lowPowerMode=false, boostScreenBrightness=false, dozeScreenBrightness=-1, dozeScreenState=UNKNOWN, waitForNegativeProximity=false
01-01 12:06:18.014139  1613  2478 I PowerManagerService: setBrightness mButtonLight, screenBrightness=102
01-01 12:06:18.014345  1613  2478 D PowerManagerService: updateDisplayPowerStateLocked: mDisplayReady=true, policy=3, mWakefulness=1, mWakeLockSummary=0x0, mUserActivitySummary=0x9, mBootCompleted=true, mScreenBrightnessBoostInProgress=false
01-01 12:06:18.014507  1613  2478 D PowerManagerService: Releasing suspend blocker "PowerManagerService.WakeLocks".
01-01 12:06:18.099403   968  1605 D NetlinkEvent: clear RA flag done
01-01 12:06:18.099612   968  1605 D SocketClient: SocketClient sendData done: 600 Iface linkstate wlan0 down
01-01 12:06:18.100113  1613  2224 D NetdConnector: RCV <- {600 Iface linkstate wlan0 down}
01-01 12:06:18.101493  1613  1648 D NetworkManagement: onEvent:600 Iface linkstate wlan0 down:5
01-01 12:06:18.194348  1613  1651 D ActivityManager: ACT-windowsVisible(): ActivityRecord{18504a1 u0 com.android.settings/.Settings t10}
01-01 12:06:18.194576  1613  1651 D ActivityManager: ACT-IDLE_NOW_MSG from windowsVisible() for idle: ActivityRecord{18504a1 u0 com.android.settings/.Settings t10}
01-01 12:06:18.195295  1613  1646 D ActivityManager: ACT-Removing activity from finish-imm: token=ActivityRecord{2adae44 u0 com.android.settings/.SubSettings t10 f}, app=com.android.settings
01-01 12:06:18.196608  1613  1651 V WindowManager: Looking for focus: 6 = Window{a55768f u0 StatusBar}, flags=-2122055608, canReceive=false
01-01 12:06:18.196831  1613  1651 V WindowManager: findFocusedWindow: Found new focus @ 2 = Window{7ed5499 u0 com.android.settings/com.android.settings.Settings}
01-01 12:06:18.225153  1613  3175 V WindowManager: Looking for focus: 5 = Window{a55768f u0 StatusBar}, flags=-2122055608, canReceive=false
01-01 12:06:18.225378  1613  3175 V WindowManager: findFocusedWindow: Found new focus @ 2 = Window{7ed5499 u0 com.android.settings/com.android.settings.Settings}
01-01 12:06:18.226630  9925  9925 D ActivityThread: ACT-DESTROY_ACTIVITY handled : 1 / android.os.BinderProxy@bf31111
01-01 12:06:18.328254  1613  2228 V ActivityManager: Broadcast: Intent { act=android.net.wifi.SCAN_RESULTS flg=0x4000010 (has extras) } ordered=false userid=-1 callerApp=ProcessRecord{dcbe4d3 1613:system/1000}
01-01 12:06:18.329115  1613  1646 V BroadcastQueue: Processing parallel broadcast [background] BroadcastRecord{1ff3ced u-1 android.net.wifi.SCAN_RESULTS}, 2 receivers
01-01 12:06:18.329378  1613  1646 D BroadcastQueue: BroadcastRecord{1ff3ced u-1 android.net.wifi.SCAN_RESULTS}, #0 BroadcastFilter{9b8cfac u0 ReceiverList{450795f 1613 system/1000/u0 local:748bdfe}}
01-01 12:06:18.329691  1613  1646 D BroadcastQueue: BDC-Delivering broadcast: Intent { act=android.net.wifi.SCAN_RESULTS flg=0x4000010 (has extras) }, queue=background, ordered=false, filter=BroadcastFilter{9b8cfac u0 ReceiverList{450795f 1613 system/1000/u0 local:748bdfe}}, receiver=null
01-01 12:06:18.330048  1613  1646 D BroadcastQueue: BroadcastRecord{1ff3ced u-1 android.net.wifi.SCAN_RESULTS}, #1 BroadcastFilter{e63d389 u0 ReceiverList{909de90 3639 com.google.android.gms.persistent/10029/u0 remote:2baa553}}
01-01 12:06:18.330345  1613  1646 D BroadcastQueue: BDC-Delivering broadcast: Intent { act=android.net.wifi.SCAN_RESULTS flg=0x4000010 (has extras) }, queue=background, ordered=false, filter=BroadcastFilter{e63d389 u0 ReceiverList{909de90 3639 com.google.android.gms.persistent/10029/u0 remote:2baa553}}, receiver=null
01-01 12:06:18.330431  1613  1613 D ActivityThread: BDC-Calling onReceive: intent=Intent { act=android.net.wifi.SCAN_RESULTS flg=0x4000010 (has extras) }, ordered=true, receiver=com.android.server.wifi.WifiNotificationController$1@320c5b9, IIntentReceiver=748bdfe
01-01 12:06:18.330939  1613  1646 D BroadcastQueue: Non-ordered [background] BroadcastRecord{1ff3ced u-1 android.net.wifi.SCAN_RESULTS}, 2 receivers, Total: 2, Waiting: 0, Processing: 2
01-01 12:06:18.331245  1613  1613 I WifiNotificationController: checkAndSetNotification, state:DISCONNECTED
01-01 12:06:18.332185  3639  3853 D ActivityThread: BDC-Calling onReceive: intent=Intent { act=android.net.wifi.SCAN_RESULTS flg=0x4000010 (has extras) }, ordered=true, receiver=com.google.android.location.os.real.z@b477db, IIntentReceiver=757ee91
01-01 12:06:18.333586  1613  1639 V SettingsProvider: packageValueForCallResult, name = location_providers_allowed, value : network
01-01 12:06:18.369218  1613  1613 D WifiNotificationController: Connecting networkId:-1, isConnecting:false
01-01 12:06:18.369310  1613  1613 I WifiNotificationController: Open network num:23
01-01 12:06:18.369421  1613  1613 D WifiNotificationController: Supplicant state is SCANNING when interpret scan results.
01-01 12:06:18.369500  1613  1613 D WifiNotificationController: Not enough time has passed to show the notification again.
01-01 12:06:18.439004  1613  1654 D AutomaticBrightnessController: calculateAmbientLux: [0, 100]: lux=0.0, weight=1005000.0
01-01 12:06:18.439215  1613  1654 D AutomaticBrightnessController: calculateAmbientLux: [-499, 0]: lux=50.0, weight=4865499.5
01-01 12:06:18.439428  1613  1654 D AutomaticBrightnessController: calculateAmbientLux: [-999, -499]: lux=0.0, weight=4625500.5
01-01 12:06:18.439612  1613  1654 D AutomaticBrightnessController: calculateAmbientLux: [-1749, -999]: lux=50.0, weight=6469500.0
01-01 12:06:18.439786  1613  1654 D AutomaticBrightnessController: calculateAmbientLux: [-1999, -1749]: lux=0.0, weight=2031500.0
01-01 12:06:18.439973  1613  1654 D AutomaticBrightnessController: calculateAmbientLux: [-3499, -1999]: lux=50.0, weight=1.08765E7
01-01 12:06:18.440145  1613  1654 D AutomaticBrightnessController: calculateAmbientLux: [-3749, -3499]: lux=0.0, weight=1594000.0
