01-01 12:06:38.404467  1613  2471 V WindowManager: Changing focus from null to Window{3471f4 u0 com.mediatek.mtklogger/com.mediatek.mtklogger.MainActivity} Callers=com.android.server.wm.WindowManagerService.relayoutWindow:3599 com.android.server.wm.Session.relayout:201 android.view.IWindowSession$Stub.onTransact:284 com.android.server.wm.Session.onTransact:133 
01-01 12:06:38.404701  1613  2471 D WindowManager: Input focus has changed to Window{3471f4 u0 com.mediatek.mtklogger/com.mediatek.mtklogger.MainActivity}
01-01 12:06:38.413308  1613  1651 I WindowManager: Focus moving from null to Window{3471f4 u0 com.mediatek.mtklogger/com.mediatek.mtklogger.MainActivity}
01-01 12:06:38.413427  1613  1651 I WindowManager: Gaining focus: Window{3471f4 u0 com.mediatek.mtklogger/com.mediatek.mtklogger.MainActivity}
01-01 12:06:38.467368  1613  2479 V InputMethodManagerService: windowGainedFocus: android.os.BinderProxy@d8441d0 controlFlags=#104 softInputMode=#120 windowFlags=#1810100
01-01 12:06:38.519559  1613  3175 V WindowStateAnimator: finishDrawingLocked: mDrawState=COMMIT_DRAW_PENDING WindowStateAnimator{7c50d1d com.mediatek.mtklogger/com.mediatek.mtklogger.MainActivity} in Surface(name=com.mediatek.mtklogger/com.mediatek.mtklogger.MainActivity)
01-01 12:06:38.522139  1613  1651 V WindowManager: **** GOOD TO GO
01-01 12:06:38.528069  1613  2475 D PowerManagerService: releaseWakeLockInternal: lock=106922490 [*launch*], flags=0x0, total_time=318ms
01-01 12:06:38.528454  1613  2475 D PowerManagerNotifier: onWakeLockReleased: flags=1, tag="*launch*", packageName=android, ownerUid=1000, ownerPid=1613, workSource=WorkSource{10092}
01-01 12:06:38.528767  1613  2475 D PowerManagerService: updateWakeLockSummaryLocked: mWakefulness=Awake, mWakeLockSummary=0x0
01-01 12:06:38.529418  1613  2475 D PowerManagerService: updateUserActivitySummaryLocked: mWakefulness=Awake, mUserActivitySummary=0x1, nextTimeout=964651 (in 52570 ms)
01-01 12:06:38.529932  1613  2475 D DisplayPowerController: requestPowerState: policy=BRIGHT, useProximitySensor=false, screenBrightness=102, screenAutoBrightnessAdjustment=0.8, brightnessSetByUser=true, useAutoBrightness=true, blockScreenOn=false, lowPowerMode=false, boostScreenBrightness=false, dozeScreenBrightness=-1, dozeScreenState=UNKNOWN, waitForNegativeProximity=false
01-01 12:06:38.530022  1613  2475 I PowerManagerService: setBrightness mButtonLight 0.
01-01 12:06:38.530205  1613  2475 D PowerManagerService: updateDisplayPowerStateLocked: mDisplayReady=true, policy=3, mWakefulness=1, mWakeLockSummary=0x0, mUserActivitySummary=0x1, mBootCompleted=true, mScreenBrightnessBoostInProgress=false
01-01 12:06:38.532138  1613  2475 D PowerManagerService: Releasing suspend blocker "PowerManagerService.WakeLocks".
01-01 12:06:38.546066  1613  1651 V WindowManager: Looking for focus: 7 = Window{a55768f u0 StatusBar}, flags=-2122055608, canReceive=false
01-01 12:06:38.546301  1613  1651 V WindowManager: findFocusedWindow: Found new focus @ 4 = Window{3471f4 u0 com.mediatek.mtklogger/com.mediatek.mtklogger.MainActivity}
01-01 12:06:38.547476  1613  1651 D WindowManager: notifyActivityDrawnForKeyguard: waiting=false Callers=com.android.server.wm.WindowManagerService.handleAppTransitionReadyLocked:10113 com.android.server.wm.WindowManagerService.performLayoutAndPlaceSurfacesLockedInner:10733 com.android.server.wm.WindowManagerService.performLayoutAndPlaceSurfacesLockedLoop:9477 com.android.server.wm.WindowManagerService.performLayoutAndPlaceSurfacesLocked:9424 com.android.server.wm.WindowManagerService.-wrap8:-1 
01-01 12:06:38.554313  1613  3012 V WindowManager: Looking for focus: 7 = Window{a55768f u0 StatusBar}, flags=-2122055608, canReceive=false
01-01 12:06:38.554529  1613  3012 V WindowManager: findFocusedWindow: Found new focus @ 4 = Window{3471f4 u0 com.mediatek.mtklogger/com.mediatek.mtklogger.MainActivity}
01-01 12:06:38.898391  1613  1651 D ActivityManager: ACT-windowsVisible(): ActivityRecord{dfef8a9 u0 com.mediatek.mtklogger/.MainActivity t5}
01-01 12:06:38.898602  1613  1651 D ActivityManager: ACT-IDLE_NOW_MSG from windowsVisible() for idle: ActivityRecord{dfef8a9 u0 com.mediatek.mtklogger/.MainActivity t5}
01-01 12:06:38.901946  1613  1651 V WindowManager: Looking for focus: 7 = Window{a55768f u0 StatusBar}, flags=-2122055608, canReceive=false
01-01 12:06:38.902161  1613  1651 V WindowManager: findFocusedWindow: Found new focus @ 4 = Window{3471f4 u0 com.mediatek.mtklogger/com.mediatek.mtklogger.MainActivity}
01-01 12:06:38.909193  1613  1646 V WindowManager: setAppVisibility(Token{40aeba6 ActivityRecord{6a2f6e8 u0 com.android.systemui/.recents.RecentsActivity t11}}, visible=false): mNextAppTransition=TRANSIT_UNSET hidden=true hiddenRequested=true Callers=com.android.server.am.ActivityStack.stopActivityLocked:3215 com.android.server.am.ActivityStackSupervisor.activityIdleInternalLocked:3018 com.android.server.am.ActivityStackSupervisor$ActivityStackSupervisorHandler.activityIdleInternal:4552 com.android.server.am.ActivityStackSupervisor$ActivityStackSupervisorHandler.handleMessage:4575 android.os.Handler.dispatchMessage:111 android.os.Looper.loop:207 
01-01 12:06:38.918750  2512  2512 V ActivityThread: Finishing stop of ActivityRecord{b7e7032 token=android.os.BinderProxy@3b13183 {com.android.systemui/com.android.systemui.recents.RecentsActivity}}: show=false win=com.android.internal.policy.PhoneWindow@5f1fce3
01-01 12:06:38.919910  2512  2512 D ActivityThread: ACT-STOP_ACTIVITY_HIDE handled : 0 / android.os.BinderProxy@3b13183
01-01 12:06:39.688566  1613  2474 V ActivityManager: Broadcast sticky: Intent { act=android.intent.action.SIG_STR flg=0x20000010 (has extras) } ordered=false userid=-1 callerApp=ProcessRecord{dcbe4d3 1613:system/1000}
01-01 12:06:39.839603  1613  2218 D PowerManagerService: userActivityFromNative
01-01 12:06:39.839849  1613  2218 D PowerManagerService: userActivityNoUpdateLocked: eventTime=913390, event=2, flags=0x0, uid=1000
01-01 12:06:39.840039  1613  2218 D PowerManagerNotifier: onUserActivity: event=2, uid=1000
01-01 12:06:39.840437  1613  2218 D PowerManagerService: updateUserActivitySummaryLocked: mWakefulness=Awake, mUserActivitySummary=0x1, nextTimeout=966390 (in 52998 ms)
01-01 12:06:39.841265  1613  2218 D DisplayPowerController: requestPowerState: policy=BRIGHT, useProximitySensor=false, screenBrightness=102, screenAutoBrightnessAdjustment=0.8, brightnessSetByUser=true, useAutoBrightness=true, blockScreenOn=false, lowPowerMode=false, boostScreenBrightness=false, dozeScreenBrightness=-1, dozeScreenState=UNKNOWN, waitForNegativeProximity=false
01-01 12:06:39.841351  1613  2218 I PowerManagerService: setBrightness mButtonLight 0.
01-01 12:06:39.841525  1613  2218 D PowerManagerService: updateDisplayPowerStateLocked: mDisplayReady=true, policy=3, mWakefulness=1, mWakeLockSummary=0x0, mUserActivitySummary=0x1, mBootCompleted=true, mScreenBrightnessBoostInProgress=false
01-01 12:06:39.899683  1613  1654 D AutomaticBrightnessController: calculateAmbientLux: [0, 100]: lux=0.0, weight=1005000.0
01-01 12:06:39.900022  1613  1654 D AutomaticBrightnessController: calculateAmbientLux: [-3249, 0]: lux=50.0, weight=2.7212E7
01-01 12:06:39.900333  1613  1654 D AutomaticBrightnessController: calculateAmbientLux: [-3504, -3249]: lux=0.0, weight=1688992.0
01-01 12:06:39.900655  1613  1654 D AutomaticBrightnessController: calculateAmbientLux: [-4027, -3504]: lux=50.0, weight=3260644.0
01-01 12:06:39.900961  1613  1654 D AutomaticBrightnessController: calculateAmbientLux: [-4297, -4027]: lux=0.0, weight=1576260.0
01-01 12:06:39.901277  1613  1654 D AutomaticBrightnessController: calculateAmbientLux: [-4797, -4297]: lux=50.0, weight=2726500.0
01-01 12:06:39.901579  1613  1654 D AutomaticBrightnessController: calculateAmbientLux: [-5047, -4797]: lux=0.0, weight=1269500.0
01-01 12:06:39.901899  1613  1654 D AutomaticBrightnessController: calculateAmbientLux: [-7068, -5047]: lux=50.0, weight=7967792.0
01-01 12:06:39.902302  1613  1654 D AutomaticBrightnessController: calculateAmbientLux: [-7328, -7068]: lux=0.0, weight=728520.0
01-01 12:06:39.902646  1613  1654 D AutomaticBrightnessController: calculateAmbientLux: [-9357, -7328]: lux=50.0, weight=3363068.0
01-01 12:06:39.902939  1613  1654 D AutomaticBrightnessController: calculateAmbientLux: [-9617, -9357]: lux=0.0, weight=133380.0
01-01 12:06:39.903259  1613  1654 D AutomaticBrightnessController: calculateAmbientLux: [-9878, -9617]: lux=50.0, weight=65904.0
01-01 12:06:39.904367  1613  1654 D AutomaticBrightnessController: calculateAmbientLux: [-10000, -9878]: lux=0.0, weight=7440.0
01-01 12:06:39.904760  1613  1654 D AutomaticBrightnessController: calculateAmbientLux: totalWeight=5.1005E7, newAmbientLux=43.717197
01-01 12:06:39.905036  1613  1654 D AutomaticBrightnessController: updateAmbientLux: Scheduling ambient lux update for 917451917451 (in 3994 ms)
01-01 12:06:39.905245  1613  1654 D AutomaticBrightnessController: onSensorChanged: lux = 0.0
01-01 12:06:39.981905  1613  2472 V SettingsProvider: packageValueForCallResult, name = sound_effects_enabled, value : 0
01-01 12:06:40.040951  1613  3012 D WindowManager: addWindowToListInOrderLocked: win=Window{1730aea u0 } Callers=com.android.server.wm.WindowManagerService.addWindow:2782 com.android.server.wm.Session.addToDisplay:171 android.view.IWindowSession$Stub.onTransact:124 com.android.server.wm.Session.onTransact:133 
01-01 12:06:40.041267  1613  3012 V WindowManager: not Base app: Adding window Window{1730aea u0 } at 5 of 9
01-01 12:06:40.041613  1613  3012 V WindowManager: Looking for focus: 8 = Window{a55768f u0 StatusBar}, flags=-2122055608, canReceive=false
01-01 12:06:40.041885  1613  3012 V WindowManager: findFocusedWindow: Found new focus @ 5 = Window{1730aea u0 }
01-01 12:06:40.042786  1613  3012 V WindowManager: Changing focus from Window{3471f4 u0 com.mediatek.mtklogger/com.mediatek.mtklogger.MainActivity} to Window{1730aea u0 } Callers=com.android.server.wm.WindowManagerService.addWindow:2822 com.android.server.wm.Session.addToDisplay:171 android.view.IWindowSession$Stub.onTransact:124 com.android.server.wm.Session.onTransact:133 
01-01 12:06:40.043210  1613  3012 D WindowManager: Input focus has changed to Window{1730aea u0 }
01-01 12:06:40.045471  1613  1651 I WindowManager: Focus moving from Window{3471f4 u0 com.mediatek.mtklogger/com.mediatek.mtklogger.MainActivity} to Window{1730aea u0 }
01-01 12:06:40.045661  1613  1651 I WindowManager: Gaining focus: Window{1730aea u0 }
01-01 12:06:40.099388  1613  2477 I WindowStateAnimator:   CREATE SURFACE Surface(name=) IN SESSION android.view.SurfaceSession@7359ed7: pid=6406 format=-2 flags=0x4 / WindowStateAnimator{64b21db }
01-01 12:06:40.100365  1613  2477 V WindowManager: Looking for focus: 8 = Window{a55768f u0 StatusBar}, flags=-2122055608, canReceive=false
01-01 12:06:40.100619  1613  2477 V WindowManager: findFocusedWindow: Found new focus @ 5 = Window{1730aea u0 }
01-01 12:06:40.152600  1613  1654 D AutomaticBrightnessController: calculateAmbientLux: [0, 100]: lux=50.0, weight=1005000.0
01-01 12:06:40.152892  1613  1654 D AutomaticBrightnessController: calculateAmbientLux: [-253, 0]: lux=0.0, weight=2497995.5
01-01 12:06:40.153182  1613  1654 D AutomaticBrightnessController: calculateAmbientLux: [-3502, -253]: lux=50.0, weight=2.6390002E7
01-01 12:06:40.153438  1613  1654 D AutomaticBrightnessController: calculateAmbientLux: [-3757, -3502]: lux=0.0, weight=1624478.0
01-01 12:06:40.153714  1613  1654 D AutomaticBrightnessController: calculateAmbientLux: [-4280, -3757]: lux=50.0, weight=3128324.0
01-01 12:06:40.154323  1613  1654 D AutomaticBrightnessController: calculateAmbientLux: [-4550, -4280]: lux=0.0, weight=1507952.0
01-01 12:06:40.154594  1613  1654 D AutomaticBrightnessController: calculateAmbientLux: [-5050, -4550]: lux=50.0, weight=2600000.0
01-01 12:06:40.154836  1613  1654 D AutomaticBrightnessController: calculateAmbientLux: [-5300, -5050]: lux=0.0, weight=1206248.0
01-01 12:06:40.155084  1613  1654 D AutomaticBrightnessController: calculateAmbientLux: [-7321, -5300]: lux=50.0, weight=7456480.0
01-01 12:06:40.155314  1613  1654 D AutomaticBrightnessController: calculateAmbientLux: [-7581, -7321]: lux=0.0, weight=662740.0
01-01 12:06:40.155560  1613  1654 D AutomaticBrightnessController: calculateAmbientLux: [-9610, -7581]: lux=50.0, weight=2849732.0
01-01 12:06:40.155793  1613  1654 D AutomaticBrightnessController: calculateAmbientLux: [-9870, -9610]: lux=0.0, weight=67600.0
01-01 12:06:40.156048  1613  1654 D AutomaticBrightnessController: calculateAmbientLux: [-10000, -9870]: lux=50.0, weight=8448.0
01-01 12:06:40.156275  1613  1654 D AutomaticBrightnessController: calculateAmbientLux: totalWeight=5.1005E7, newAmbientLux=42.582085
01-01 12:06:40.156479  1613  1654 D AutomaticBrightnessController: updateAmbientLux: Scheduling ambient lux update for 917704917704 (in 3996 ms)
01-01 12:06:40.156680  1613  1654 D AutomaticBrightnessController: onSensorChanged: lux = 50.0
01-01 12:06:40.166524  1613  1640 V WindowStateAnimator: finishDrawingLocked: mDrawState=COMMIT_DRAW_PENDING WindowStateAnimator{64b21db } in Surface(name=)
01-01 12:06:40.181645  1613  1651 I WindowManager: Losing delayed focus: Window{3471f4 u0 com.mediatek.mtklogger/com.mediatek.mtklogger.MainActivity}
01-01 12:06:40.804523  1613  2474 V ActivityManager: Broadcast: Intent { act=com.mediatek.mtklogger.intent.action.LOG_STATE_CHANGED flg=0x10 (has extras) } ordered=false userid=0 callerApp=ProcessRecord{76bab8c 6406:com.mediatek.mtklogger/u0a92}
01-01 12:06:40.805598  1613  1646 V BroadcastQueue: Processing parallel broadcast [background] BroadcastRecord{c5000b7 u0 com.mediatek.mtklogger.intent.action.LOG_STATE_CHANGED}, 1 receivers
01-01 12:06:40.806000  1613  1646 D BroadcastQueue: BroadcastRecord{c5000b7 u0 com.mediatek.mtklogger.intent.action.LOG_STATE_CHANGED}, #0 BroadcastFilter{ea45f3a u0 ReceiverList{3a57665 6406 com.mediatek.mtklogger/10092/u0 remote:56b135c}}
01-01 12:06:40.806336  1613  1646 D BroadcastQueue: BDC-Delivering broadcast: Intent { act=com.mediatek.mtklogger.intent.action.LOG_STATE_CHANGED flg=0x10 (has extras) }, queue=background, ordered=false, filter=BroadcastFilter{ea45f3a u0 ReceiverList{3a57665 6406 com.mediatek.mtklogger/10092/u0 remote:56b135c}}, receiver=null
01-01 12:06:40.807245  1613  1646 D BroadcastQueue: Non-ordered [background] BroadcastRecord{c5000b7 u0 com.mediatek.mtklogger.intent.action.LOG_STATE_CHANGED}, 1 receivers, Total: 2, Waiting: 0, Processing: 2
01-01 12:06:40.819521  6406  6406 D ActivityThread: BDC-Calling onReceive: intent=Intent { act=com.mediatek.mtklogger.intent.action.LOG_STATE_CHANGED flg=0x10 (has extras) }, ordered=true, receiver=com.mediatek.mtklogger.MainActivity$1@3b2266f, IIntentReceiver=4d17840
01-01 12:06:40.855739  1613  3328 V WindowManager: Remove Window{1730aea u0 } client=8f9c2d5, surface=Surface(name=) Callers=com.android.server.wm.WindowManagerService.removeWindow:2911 com.android.server.wm.Session.remove:190 android.view.IWindowSession$Stub.onTransact:242 com.android.server.wm.Session.onTransact:133 
01-01 12:06:40.857673  1613  3328 V WindowManager: Looking for focus: 8 = Window{a55768f u0 StatusBar}, flags=-2122055608, canReceive=false
01-01 12:06:40.858037  1613  3328 V WindowManager: findFocusedWindow: Found new focus @ 4 = Window{3471f4 u0 com.mediatek.mtklogger/com.mediatek.mtklogger.MainActivity}
01-01 12:06:40.858710  1613  3328 V WindowManager: Changing focus from Window{1730aea u0  EXITING} to Window{3471f4 u0 com.mediatek.mtklogger/com.mediatek.mtklogger.MainActivity} Callers=com.android.server.wm.WindowManagerService.removeWindowLocked:2984 com.android.server.wm.WindowManagerService.removeWindow:2911 com.android.server.wm.Session.remove:190 android.view.IWindowSession$Stub.onTransact:242 
01-01 12:06:40.858912  1613  3328 D WindowManager: Input focus has changed to Window{3471f4 u0 com.mediatek.mtklogger/com.mediatek.mtklogger.MainActivity}
01-01 12:06:40.865475  1613  1651 I WindowManager: Focus moving from Window{1730aea u0  EXITING} to Window{3471f4 u0 com.mediatek.mtklogger/com.mediatek.mtklogger.MainActivity}
01-01 12:06:40.865641  1613  1651 I WindowManager: Gaining focus: Window{3471f4 u0 com.mediatek.mtklogger/com.mediatek.mtklogger.MainActivity}
01-01 12:06:40.866114  1613  1651 I WindowManager: Losing focus: Window{1730aea u0  EXITING}
01-01 12:06:40.873554  1613  1643 V InputMethodManagerService: windowGainedFocus: android.os.BinderProxy@d8441d0 controlFlags=#0 softInputMode=#20 windowFlags=#1810100
01-01 12:06:40.873974  1613  1643 W InputMethodManagerService: Window already focused, ignoring focus gain of: com.android.internal.view.IInputMethodClient$Stub$Proxy@2e8778d attribute=null, token = android.os.BinderProxy@71797c7
01-01 12:06:41.063052  1613  1613 V ActivityManager: Broadcast sticky: Intent { act=android.intent.action.BATTERY_CHANGED flg=0x60000010 (has extras) } ordered=false userid=-1 callerApp=null
01-01 12:06:41.065239  1613  1646 V BroadcastQueue: Processing parallel broadcast [background] BroadcastRecord{e59f153 u-1 android.intent.action.BATTERY_CHANGED}, 17 receivers
01-01 12:06:41.065537  1613  1646 D BroadcastQueue: BroadcastRecord{e59f153 u-1 android.intent.action.BATTERY_CHANGED}, #0 BroadcastFilter{4b4cba u0 ReceiverList{805a9e5 1613 system/1000/u0 local:625e4dc}}
01-01 12:06:41.065849  1613  1646 D BroadcastQueue: BDC-Delivering broadcast: Intent { act=android.intent.action.BATTERY_CHANGED flg=0x60000010 (has extras) }, queue=background, ordered=false, filter=BroadcastFilter{4b4cba u0 ReceiverList{805a9e5 1613 system/1000/u0 local:625e4dc}}, receiver=null
01-01 12:06:41.066289  1613  1646 D BroadcastQueue: BroadcastRecord{e59f153 u-1 android.intent.action.BATTERY_CHANGED}, #1 BroadcastFilter{caaf0f3 u0 ReceiverList{b2c762 1613 system/1000/u0 local:1d9462d}}
01-01 12:06:41.066622  1613  1646 D BroadcastQueue: BDC-Delivering broadcast: Intent { act=android.intent.action.BATTERY_CHANGED flg=0x60000010 (has extras) }, queue=background, ordered=false, filter=BroadcastFilter{caaf0f3 u0 ReceiverList{b2c762 1613 system/1000/u0 local:1d9462d}}, receiver=null
01-01 12:06:41.067266  1613  1654 D ActivityThread: BDC-Calling onReceive: intent=Intent { act=android.intent.action.BATTERY_CHANGED flg=0x60000010 (has extras) }, ordered=true, receiver=com.android.server.power.PowerManagerService$BatteryReceiver@d7ce54f, IIntentReceiver=625e4dc
01-01 12:06:41.067554  1613  1654 D PowerManagerService: updateIsPoweredLocked: wasPowered=false, mIsPowered=false, oldPlugType=0, mPlugType=0, mBatteryLevel=39
01-01 12:06:41.067923  1613  1646 D BroadcastQueue: BroadcastRecord{e59f153 u-1 android.intent.action.BATTERY_CHANGED}, #2 BroadcastFilter{d63173d u0 ReceiverList{bf9d094 1613 system/1000/u0 local:b72cce7}}
01-01 12:06:41.068246  1613  1646 D BroadcastQueue: BDC-Delivering broadcast: Intent { act=android.intent.action.BATTERY_CHANGED flg=0x60000010 (has extras) }, queue=background, ordered=false, filter=BroadcastFilter{d63173d u0 ReceiverList{bf9d094 1613 system/1000/u0 local:b72cce7}}, receiver=null
01-01 12:06:41.068579  1613  1646 D BroadcastQueue: BroadcastRecord{e59f153 u-1 android.intent.action.BATTERY_CHANGED}, #3 BroadcastFilter{d267506 u0 ReceiverList{f6653e1 1613 system/1000/u0 local:a6f4948}}
01-01 12:06:41.068955  1613  1646 D BroadcastQueue: BDC-Delivering broadcast: Intent { act=android.intent.action.BATTERY_CHANGED flg=0x60000010 (has extras) }, queue=background, ordered=false, filter=BroadcastFilter{d267506 u0 ReceiverList{f6653e1 1613 system/1000/u0 local:a6f4948}}, receiver=null
01-01 12:06:41.069449  1613  1646 D BroadcastQueue: BroadcastRecord{e59f153 u-1 android.intent.action.BATTERY_CHANGED}, #4 BroadcastFilter{f4b8c u0 ReceiverList{d05f8bf 1613 system/1000/u0 local:f311ede}}
01-01 12:06:41.069762  1613  1646 D BroadcastQueue: BDC-Delivering broadcast: Intent { act=android.intent.action.BATTERY_CHANGED flg=0x60000010 (has extras) }, queue=background, ordered=false, filter=BroadcastFilter{f4b8c u0 ReceiverList{d05f8bf 1613 system/1000/u0 local:f311ede}}, receiver=null
01-01 12:06:41.070126  1613  1646 D BroadcastQueue: BroadcastRecord{e59f153 u-1 android.intent.action.BATTERY_CHANGED}, #5 BroadcastFilter{888242e u0 ReceiverList{ca226a9 2512 com.android.systemui/10016/u0 remote:f0a30}}
01-01 12:06:41.070480  1613  1646 D BroadcastQueue: BDC-Delivering broadcast: Intent { act=android.intent.action.BATTERY_CHANGED flg=0x60000010 (has extras) }, queue=background, ordered=false, filter=BroadcastFilter{888242e u0 ReceiverList{ca226a9 2512 com.android.systemui/10016/u0 remote:f0a30}}, receiver=null
01-01 12:06:41.071542  1613  1613 D ActivityThread: BDC-Calling onReceive: intent=Intent { act=android.intent.action.BATTERY_CHANGED flg=0x60000010 (has extras) }, ordered=true, receiver=com.android.server.policy.PhoneWindowManager$14@720a544, IIntentReceiver=1d9462d
01-01 12:06:41.075925  2512  2512 D ActivityThread: BDC-Calling onReceive: intent=Intent { act=android.intent.action.BATTERY_CHANGED flg=0x60000010 (has extras) }, ordered=true, receiver=com.android.keyguard.KeyguardUpdateMonitor$5@4eb0abc, IIntentReceiver=9db4557
01-01 12:06:41.076855  1613  1646 D BroadcastQueue: BroadcastRecord{e59f153 u-1 android.intent.action.BATTERY_CHANGED}, #6 BroadcastFilter{1d47041 u0 ReceiverList{54c9b28 2512 com.android.systemui/10016/u0 remote:606954b}}
01-01 12:06:41.077215  1613  1646 D BroadcastQueue: BDC-Delivering broadcast: Intent { act=android.intent.action.BATTERY_CHANGED flg=0x60000010 (has extras) }, queue=background, ordered=false, filter=BroadcastFilter{1d47041 u0 ReceiverList{54c9b28 2512 com.android.systemui/10016/u0 remote:606954b}}, receiver=null
01-01 12:06:41.078154  1613  1646 D BroadcastQueue: BroadcastRecord{e59f153 u-1 android.intent.action.BATTERY_CHANGED}, #7 BroadcastFilter{27a0918 u0 ReceiverList{f4e44fb 2512 com.android.systemui/10016/u0 remote:30e468a}}
01-01 12:06:41.078510  1613  1646 D BroadcastQueue: BDC-Delivering broadcast: Intent { act=android.intent.action.BATTERY_CHANGED flg=0x60000010 (has extras) }, queue=background, ordered=false, filter=BroadcastFilter{27a0918 u0 ReceiverList{f4e44fb 2512 com.android.systemui/10016/u0 remote:30e468a}}, receiver=null
01-01 12:06:41.078539  2512  2512 D ActivityThread: BDC-Calling onReceive: intent=Intent { act=android.intent.action.BATTERY_CHANGED flg=0x60000010 (has extras) }, ordered=true, receiver=com.android.systemui.power.PowerUI$Receiver@a28f6d4, IIntentReceiver=8ba1f29
01-01 12:06:41.078926  2512  2512 D PowerUI : oldTemp=310, mTemp=310
01-01 12:06:41.082792  2512  2512 D PowerUI : show_hot_plug_dialog: true
01-01 12:06:41.082921  2512  2512 D PowerUI : show_otg_cable_dialog: true
01-01 12:06:41.083264  2512  2512 D ActivityThread: BDC-Calling onReceive: intent=Intent { act=android.intent.action.BATTERY_CHANGED flg=0x60000010 (has extras) }, ordered=true, receiver=com.android.systemui.statusbar.policy.BatteryController@80aeafc, IIntentReceiver=a93ee3d
01-01 12:06:41.087883  1613  1646 D BroadcastQueue: BroadcastRecord{e59f153 u-1 android.intent.action.BATTERY_CHANGED}, #8 BroadcastFilter{baadeb1 u0 ReceiverList{d36fd58 3079 com.android.phone/1001/u0 remote:251623b}}
01-01 12:06:41.088245  1613  1646 D BroadcastQueue: BDC-Delivering broadcast: Intent { act=android.intent.action.BATTERY_CHANGED flg=0x60000010 (has extras) }, queue=background, ordered=false, filter=BroadcastFilter{baadeb1 u0 ReceiverList{d36fd58 3079 com.android.phone/1001/u0 remote:251623b}}, receiver=null
01-01 12:06:41.089570  3079  3079 D ActivityThread: BDC-Calling onReceive: intent=Intent { act=android.intent.action.BATTERY_CHANGED flg=0x60000010 (has extras) }, ordered=true, receiver=com.mediatek.internal.telephony.dataconnection.FdManager$1@3c19d52, IIntentReceiver=c77e24c
01-01 12:06:41.089674  1613  1646 D BroadcastQueue: BroadcastRecord{e59f153 u-1 android.intent.action.BATTERY_CHANGED}, #9 BroadcastFilter{5616569 u0 ReceiverList{add0bf0 3079 com.android.phone/1001/u0 remote:12ac33}}
01-01 12:06:41.090058  1613  1646 D BroadcastQueue: BDC-Delivering broadcast: Intent { act=android.intent.action.BATTERY_CHANGED flg=0x60000010 (has extras) }, queue=background, ordered=false, filter=BroadcastFilter{5616569 u0 ReceiverList{add0bf0 3079 com.android.phone/1001/u0 remote:12ac33}}, receiver=null
01-01 12:06:41.090851  1613  1646 D BroadcastQueue: BroadcastRecord{e59f153 u-1 android.intent.action.BATTERY_CHANGED}, #10 BroadcastFilter{e4d5809 u0 ReceiverList{d4ca510 2512 com.android.systemui/10016/u0 remote:fca75d3}}
01-01 12:06:41.091223  1613  1646 D BroadcastQueue: BDC-Delivering broadcast: Intent { act=android.intent.action.BATTERY_CHANGED flg=0x60000010 (has extras) }, queue=background, ordered=false, filter=BroadcastFilter{e4d5809 u0 ReceiverList{d4ca510 2512 com.android.systemui/10016/u0 remote:fca75d3}}, receiver=null
01-01 12:06:41.091306  3079  3079 D ActivityThread: BDC-Calling onReceive: intent=Intent { act=android.intent.action.BATTERY_CHANGED flg=0x60000010 (has extras) }, ordered=true, receiver=com.mediatek.internal.telephony.dataconnection.FdManager$1@eda235, IIntentReceiver=ea370e0
01-01 12:06:41.092038  1613  1646 D BroadcastQueue: BroadcastRecord{e59f153 u-1 android.intent.action.BATTERY_CHANGED}, #11 BroadcastFilter{824fcca u0 ReceiverList{116d035 2512 com.android.systemui/10016/u0 remote:7e5726c}}
01-01 12:06:41.092348  2512  2512 D ActivityThread: BDC-Calling onReceive: intent=Intent { act=android.intent.action.BATTERY_CHANGED flg=0x60000010 (has extras) }, ordered=true, receiver=com.android.systemui.statusbar.phone.BatteryClusterView$BatteryTracker@b32fd6e, IIntentReceiver=23f9d42
01-01 12:06:41.092400  1613  1646 D BroadcastQueue: BDC-Delivering broadcast: Intent { act=android.intent.action.BATTERY_CHANGED flg=0x60000010 (has extras) }, queue=background, ordered=false, filter=BroadcastFilter{824fcca u0 ReceiverList{116d035 2512 com.android.systemui/10016/u0 remote:7e5726c}}, receiver=null
01-01 12:06:41.097443  1613  1613 D ActivityThread: BDC-Calling onReceive: intent=Intent { act=android.intent.action.BATTERY_CHANGED flg=0x60000010 (has extras) }, ordered=true, receiver=com.android.server.UiModeManagerService$3@7c98aa6, IIntentReceiver=b72cce7
01-01 12:06:41.101227  1613  1646 D BroadcastQueue: BroadcastRecord{e59f153 u-1 android.intent.action.BATTERY_CHANGED}, #12 BroadcastFilter{4b963e9 u0 ReceiverList{9b3f470 3554 com.asus.services/1000/u0 remote:6c9e6b3}}
01-01 12:06:41.101584  1613  1646 D BroadcastQueue: BDC-Delivering broadcast: Intent { act=android.intent.action.BATTERY_CHANGED flg=0x60000010 (has extras) }, queue=background, ordered=false, filter=BroadcastFilter{4b963e9 u0 ReceiverList{9b3f470 3554 com.asus.services/1000/u0 remote:6c9e6b3}}, receiver=null
01-01 12:06:41.102996  3554  3554 D ActivityThread: BDC-Calling onReceive: intent=Intent { act=android.intent.action.BATTERY_CHANGED flg=0x60000010 (has extras) }, ordered=true, receiver=com.asus.boostdozemodeservice.b@a9a344a, IIntentReceiver=c937831
01-01 12:06:41.103075  1613  1646 D BroadcastQueue: BroadcastRecord{e59f153 u-1 android.intent.action.BATTERY_CHANGED}, #13 BroadcastFilter{834cf53 u0 ReceiverList{99a342 3554 com.asus.services/1000/u0 remote:8a4a58d}}
01-01 12:06:41.103411  1613  1646 D BroadcastQueue: BDC-Delivering broadcast: Intent { act=android.intent.action.BATTERY_CHANGED flg=0x60000010 (has extras) }, queue=background, ordered=false, filter=BroadcastFilter{834cf53 u0 ReceiverList{99a342 3554 com.asus.services/1000/u0 remote:8a4a58d}}, receiver=null
01-01 12:06:41.104200  1613  1646 D BroadcastQueue: BroadcastRecord{e59f153 u-1 android.intent.action.BATTERY_CHANGED}, #14 BroadcastFilter{ca42ca6 u0 ReceiverList{62fa601 3554 com.asus.services/1000/u0 remote:f600fe8}}
01-01 12:06:41.104561  1613  1646 D BroadcastQueue: BDC-Delivering broadcast: Intent { act=android.intent.action.BATTERY_CHANGED flg=0x60000010 (has extras) }, queue=background, ordered=false, filter=BroadcastFilter{ca42ca6 u0 ReceiverList{62fa601 3554 com.asus.services/1000/u0 remote:f600fe8}}, receiver=null
01-01 12:06:41.104702  3554  3554 D ActivityThread: BDC-Calling onReceive: intent=Intent { act=android.intent.action.BATTERY_CHANGED flg=0x60000010 (has extras) }, ordered=true, receiver=com.asus.powersaver.PowerSaverService$2@30ac4dd, IIntentReceiver=c315550
01-01 12:06:41.105354  1613  1646 D BroadcastQueue: BroadcastRecord{e59f153 u-1 android.intent.action.BATTERY_CHANGED}, #15 BroadcastFilter{ba81990 u0 ReceiverList{e50ec53 6968 com.android.bluetooth/1002/u0 remote:d501442}}
01-01 12:06:41.105803  1613  1646 D BroadcastQueue: BDC-Delivering broadcast: Intent { act=android.intent.action.BATTERY_CHANGED flg=0x60000010 (has extras) }, queue=background, ordered=false, filter=BroadcastFilter{ba81990 u0 ReceiverList{e50ec53 6968 com.android.bluetooth/1002/u0 remote:d501442}}, receiver=null
01-01 12:06:41.106005  3554  3554 D ActivityThread: BDC-Calling onReceive: intent=Intent { act=android.intent.action.BATTERY_CHANGED flg=0x60000010 (has extras) }, ordered=true, receiver=com.asus.hardwarestub.dock.a@8153df1, IIntentReceiver=dcba29
01-01 12:06:41.106635  1613  1646 D BroadcastQueue: BroadcastRecord{e59f153 u-1 android.intent.action.BATTERY_CHANGED}, #16 BroadcastFilter{c5cf091 u0 ReceiverList{4c0aab8 3639 com.google.android.gms.persistent/10029/u0 remote:829e91b}}
01-01 12:06:41.106996  1613  1646 D BroadcastQueue: BDC-Delivering broadcast: Intent { act=android.intent.action.BATTERY_CHANGED flg=0x60000010 (has extras) }, queue=background, ordered=false, filter=BroadcastFilter{c5cf091 u0 ReceiverList{4c0aab8 3639 com.google.android.gms.persistent/10029/u0 remote:829e91b}}, receiver=null
01-01 12:06:41.108063  1613  1613 D ActivityThread: BDC-Calling onReceive: intent=Intent { act=android.intent.action.BATTERY_CHANGED flg=0x60000010 (has extras) }, ordered=true, receiver=com.android.server.DeviceIdleController$1@7aca7eb, IIntentReceiver=a6f4948
01-01 12:06:41.108080  6968  6968 D ActivityThread: BDC-Calling onReceive: intent=Intent { act=android.intent.action.BATTERY_CHANGED flg=0x60000010 (has extras) }, ordered=true, receiver=com.android.bluetooth.hfp.HeadsetService$1@9d09c86, IIntentReceiver=f205340
01-01 12:06:41.108845  1613  1613 D ActivityThread: BDC-Calling onReceive: intent=Intent { act=android.intent.action.BATTERY_CHANGED flg=0x60000010 (has extras) }, ordered=true, receiver=com.android.server.wifi.WifiServiceImpl$1@49c9e19, IIntentReceiver=f311ede
01-01 12:06:41.109551  1613  1613 D WifiService: onReceive, action:android.intent.action.BATTERY_CHANGED
01-01 12:06:41.111975  1613  1646 D BroadcastQueue: Non-ordered [background] BroadcastRecord{e59f153 u-1 android.intent.action.BATTERY_CHANGED}, 17 receivers, Total: 47, Waiting: 0, Processing: 47
01-01 12:06:41.112036  1613  2230 D WifiController: DeviceActiveState{ when=-3ms what=155652 target=com.android.internal.util.StateMachine$SmHandler }
01-01 12:06:41.112296  1613  2230 D WifiController: StaEnabledState{ when=-3ms what=155652 target=com.android.internal.util.StateMachine$SmHandler }
01-01 12:06:41.112501  1613  2230 D WifiController: DefaultState{ when=-3ms what=155652 target=com.android.internal.util.StateMachine$SmHandler }
01-01 12:06:41.112593  1613  2230 D WifiController: battery changed pluggedType: 0
01-01 12:06:41.112911  3639  9564 D ActivityThread: BDC-Calling onReceive: intent=Intent { act=android.intent.action.BATTERY_CHANGED flg=0x60000010 (has extras) }, ordered=true, receiver=com.google.android.contextmanager.m.a.j@8d550f0, IIntentReceiver=99a41aa
01-01 12:06:41.127074  2512  2512 D ActivityThread: BDC-Calling onReceive: intent=Intent { act=android.intent.action.BATTERY_CHANGED flg=0x60000010 (has extras) }, ordered=true, receiver=com.android.systemui.statusbar.phone.BatteryClusterView$BatteryTracker@f5ffe88, IIntentReceiver=373acf9
01-01 12:06:41.148975  1613  1654 D AutomaticBrightnessController: calculateAmbientLux: [0, 100]: lux=0.0, weight=1005000.0
01-01 12:06:41.149188  1613  1654 D AutomaticBrightnessController: calculateAmbientLux: [-996, 0]: lux=50.0, weight=9463992.0
01-01 12:06:41.149377  1613  1654 D AutomaticBrightnessController: calculateAmbientLux: [-1249, -996]: lux=0.0, weight=2246008.0
01-01 12:06:41.149637  1613  1654 D AutomaticBrightnessController: calculateAmbientLux: [-4498, -1249]: lux=50.0, weight=2.3154E7
01-01 12:06:41.149820  1613  1654 D AutomaticBrightnessController: calculateAmbientLux: [-4753, -4498]: lux=0.0, weight=1370496.0
01-01 12:06:41.150006  1613  1654 D AutomaticBrightnessController: calculateAmbientLux: [-5276, -4753]: lux=50.0, weight=2607416.0
01-01 12:06:41.150184  1613  1654 D AutomaticBrightnessController: calculateAmbientLux: [-5546, -5276]: lux=0.0, weight=1239032.0
01-01 12:06:41.150445  1613  1654 D AutomaticBrightnessController: calculateAmbientLux: [-6046, -5546]: lux=50.0, weight=2102000.0
01-01 12:06:41.150626  1613  1654 D AutomaticBrightnessController: calculateAmbientLux: [-6296, -6046]: lux=0.0, weight=957248.0
01-01 12:06:41.150813  1613  1654 D AutomaticBrightnessController: calculateAmbientLux: [-8317, -6296]: lux=50.0, weight=5443564.0
01-01 12:06:41.150986  1613  1654 D AutomaticBrightnessController: calculateAmbientLux: [-8577, -8317]: lux=0.0, weight=403780.0
01-01 12:06:41.151177  1613  1654 D AutomaticBrightnessController: calculateAmbientLux: [-10000, -8577]: lux=50.0, weight=1012464.0
01-01 12:06:41.151418  1613  1654 D AutomaticBrightnessController: calculateAmbientLux: totalWeight=5.1005E7, newAmbientLux=42.920727
01-01 12:06:41.151575  1613  1654 D AutomaticBrightnessController: updateAmbientLux: Scheduling ambient lux update for 918700918700 (in 3997 ms)
01-01 12:06:41.151706  1613  1654 D AutomaticBrightnessController: onSensorChanged: lux = 0.0
01-01 12:06:41.398855  1613  1654 D AutomaticBrightnessController: calculateAmbientLux: [0, 100]: lux=50.0, weight=1005000.0
01-01 12:06:41.399051  1613  1654 D AutomaticBrightnessController: calculateAmbientLux: [-250, 0]: lux=0.0, weight=2468750.0
01-01 12:06:41.399242  1613  1654 D AutomaticBrightnessController: calculateAmbientLux: [-1246, -250]: lux=50.0, weight=9214992.0
01-01 12:06:41.399475  1613  1654 D AutomaticBrightnessController: calculateAmbientLux: [-1499, -1246]: lux=0.0, weight=2182758.0
01-01 12:06:41.399679  1613  1654 D AutomaticBrightnessController: calculateAmbientLux: [-4748, -1499]: lux=50.0, weight=2.2341748E7
01-01 12:06:41.399858  1613  1654 D AutomaticBrightnessController: calculateAmbientLux: [-5003, -4748]: lux=0.0, weight=1306748.0
01-01 12:06:41.400045  1613  1654 D AutomaticBrightnessController: calculateAmbientLux: [-5526, -5003]: lux=50.0, weight=2476668.0
01-01 12:06:41.400304  1613  1654 D AutomaticBrightnessController: calculateAmbientLux: [-5796, -5526]: lux=0.0, weight=1171528.0
01-01 12:06:41.400489  1613  1654 D AutomaticBrightnessController: calculateAmbientLux: [-6296, -5796]: lux=50.0, weight=1977000.0
01-01 12:06:41.400664  1613  1654 D AutomaticBrightnessController: calculateAmbientLux: [-6546, -6296]: lux=0.0, weight=894752.0
01-01 12:06:41.400852  1613  1654 D AutomaticBrightnessController: calculateAmbientLux: [-8567, -6546]: lux=50.0, weight=4938312.0
01-01 12:06:41.401071  1613  1654 D AutomaticBrightnessController: calculateAmbientLux: [-8827, -8567]: lux=0.0, weight=338780.0
01-01 12:06:41.401256  1613  1654 D AutomaticBrightnessController: calculateAmbientLux: [-10000, -8827]: lux=50.0, weight=687964.0
01-01 12:06:41.401424  1613  1654 D AutomaticBrightnessController: calculateAmbientLux: totalWeight=5.1005E7, newAmbientLux=41.801476
01-01 12:06:41.401581  1613  1654 D AutomaticBrightnessController: updateAmbientLux: Scheduling ambient lux update for 918950918950 (in 3997 ms)
01-01 12:06:41.401821  1613  1654 D AutomaticBrightnessController: onSensorChanged: lux = 50.0
01-01 12:06:41.812746  1613  2218 D PowerManagerService: userActivityFromNative
01-01 12:06:41.812987  1613  2218 D PowerManagerService: userActivityNoUpdateLocked: eventTime=915363, event=2, flags=0x0, uid=1000
01-01 12:06:41.813183  1613  2218 D PowerManagerNotifier: onUserActivity: event=2, uid=1000
01-01 12:06:41.813638  1613  2218 D PowerManagerService: updateUserActivitySummaryLocked: mWakefulness=Awake, mUserActivitySummary=0x1, nextTimeout=968363 (in 52998 ms)
01-01 12:06:41.814071  1613  2218 D DisplayPowerController: requestPowerState: policy=BRIGHT, useProximitySensor=false, screenBrightness=102, screenAutoBrightnessAdjustment=0.8, brightnessSetByUser=true, useAutoBrightness=true, blockScreenOn=false, lowPowerMode=false, boostScreenBrightness=false, dozeScreenBrightness=-1, dozeScreenState=UNKNOWN, waitForNegativeProximity=false
01-01 12:06:41.814156  1613  2218 I PowerManagerService: setBrightness mButtonLight 0.
01-01 12:06:41.814320  1613  2218 D PowerManagerService: updateDisplayPowerStateLocked: mDisplayReady=true, policy=3, mWakefulness=1, mWakeLockSummary=0x0, mUserActivitySummary=0x1, mBootCompleted=true, mScreenBrightnessBoostInProgress=false
01-01 12:06:41.821848  1613  1646 V NotificationService: enqueueNotificationInternal: pkg=com.mediatek.mtklogger id=2130837539 notification=Notification(pri=0 contentView=com.mediatek.mtklogger/0x10900a2 vibrate=null sound=null tick defaults=0x0 flags=0x60 color=0x00000000 vis=PRIVATE)
01-01 12:06:41.822022  1613  2478 V SettingsProvider: packageValueForCallResult, name = haptic_feedback_enabled, value : 1
01-01 12:06:41.824968  1613  2478 D PowerManagerService: acquireWakeLockInternal: lock=126852831, flags=0x1, tag="*vibrator*", ws=WorkSource{1000}, uid=1000, pid=1613
01-01 12:06:41.825153  1613  2478 D PowerManagerService: updateWakeLockSummaryLocked: mWakefulness=Awake, mWakeLockSummary=0x1
01-01 12:06:41.825437  1613  2478 D PowerManagerService: updateUserActivitySummaryLocked: mWakefulness=Awake, mUserActivitySummary=0x1, nextTimeout=968363 (in 52986 ms)
01-01 12:06:41.825749  1613  2478 D DisplayPowerController: requestPowerState: policy=BRIGHT, useProximitySensor=false, screenBrightness=102, screenAutoBrightnessAdjustment=0.8, brightnessSetByUser=true, useAutoBrightness=true, blockScreenOn=false, lowPowerMode=false, boostScreenBrightness=false, dozeScreenBrightness=-1, dozeScreenState=UNKNOWN, waitForNegativeProximity=false
01-01 12:06:41.825822  1613  2478 I PowerManagerService: setBrightness mButtonLight 0.
01-01 12:06:41.825983  1613  2478 D PowerManagerService: updateDisplayPowerStateLocked: mDisplayReady=true, policy=3, mWakefulness=1, mWakeLockSummary=0x1, mUserActivitySummary=0x1, mBootCompleted=true, mScreenBrightnessBoostInProgress=false
01-01 12:06:41.833274  1613  2478 D PowerManagerService: Acquiring suspend blocker "PowerManagerService.WakeLocks".
01-01 12:06:41.833576  1613  2478 D PowerManagerNotifier: onWakeLockAcquired: flags=1, tag="*vibrator*", packageName=android, ownerUid=1000, ownerPid=1613, workSource=WorkSource{1000}
01-01 12:06:41.834443  1613  2218 D PowerManagerService: userActivityFromNative
01-01 12:06:41.834671  1613  2218 D PowerManagerService: userActivityNoUpdateLocked: eventTime=915368, event=1, flags=0x0, uid=1000
01-01 12:06:41.834792  1613  2218 D PowerManagerNotifier: onUserActivity: event=1, uid=1000
01-01 12:06:41.835128  1613  2218 D PowerManagerService: updateUserActivitySummaryLocked: mWakefulness=Awake, mUserActivitySummary=0x9, nextTimeout=923368 (in 7981 ms)
01-01 12:06:41.835501  1613  2218 D DisplayPowerController: requestPowerState: policy=BRIGHT, useProximitySensor=false, screenBrightness=102, screenAutoBrightnessAdjustment=0.8, brightnessSetByUser=true, useAutoBrightness=true, blockScreenOn=false, lowPowerMode=false, boostScreenBrightness=false, dozeScreenBrightness=-1, dozeScreenState=UNKNOWN, waitForNegativeProximity=false
01-01 12:06:41.835885  1613  2218 I PowerManagerService: setBrightness mButtonLight, screenBrightness=102
01-01 12:06:41.836054  1613  2218 D PowerManagerService: updateDisplayPowerStateLocked: mDisplayReady=true, policy=3, mWakefulness=1, mWakeLockSummary=0x1, mUserActivitySummary=0x9, mBootCompleted=true, mScreenBrightnessBoostInProgress=false
01-01 12:06:41.839291  1613  1613 V NotificationService: pkg=com.mediatek.mtklogger canInterrupt=true intercept=false
01-01 12:06:41.839447  1613  1613 V NotificationService: Interrupting!
01-01 12:06:41.839480  1613  2237 D NotificationService: handleSaveCountFile
01-01 12:06:41.896913  1613 10621 D PowerManagerService: releaseWakeLockInternal: lock=126852831 [*vibrator*], flags=0x0, total_time=72ms
01-01 12:06:41.897230  1613 10621 D PowerManagerNotifier: onWakeLockReleased: flags=1, tag="*vibrator*", packageName=android, ownerUid=1000, ownerPid=1613, workSource=WorkSource{1000}
01-01 12:06:41.897556  1613 10621 D PowerManagerService: updateWakeLockSummaryLocked: mWakefulness=Awake, mWakeLockSummary=0x0
01-01 12:06:41.898282  1613 10621 D PowerManagerService: updateUserActivitySummaryLocked: mWakefulness=Awake, mUserActivitySummary=0x9, nextTimeout=923368 (in 7918 ms)
01-01 12:06:41.898693  1613 10621 D DisplayPowerController: requestPowerState: policy=BRIGHT, useProximitySensor=false, screenBrightness=102, screenAutoBrightnessAdjustment=0.8, brightnessSetByUser=true, useAutoBrightness=true, blockScreenOn=false, lowPowerMode=false, boostScreenBrightness=false, dozeScreenBrightness=-1, dozeScreenState=UNKNOWN, waitForNegativeProximity=false
01-01 12:06:41.898841  1613 10621 I PowerManagerService: setBrightness mButtonLight, screenBrightness=102
01-01 12:06:41.899035  1613 10621 D PowerManagerService: updateDisplayPowerStateLocked: mDisplayReady=true, policy=3, mWakefulness=1, mWakeLockSummary=0x0, mUserActivitySummary=0x9, mBootCompleted=true, mScreenBrightnessBoostInProgress=false
01-01 12:06:41.899222  1613 10621 D PowerManagerService: Releasing suspend blocker "PowerManagerService.WakeLocks".
01-01 12:06:41.954188  1613  1640 D PowerManagerService: userActivityNoUpdateLocked: eventTime=915506, event=0, flags=0x0, uid=1000
01-01 12:06:41.954328  1613  1640 D PowerManagerNotifier: onUserActivity: event=0, uid=1000
01-01 12:06:41.954724  1613  1640 D PowerManagerService: updateUserActivitySummaryLocked: mWakefulness=Awake, mUserActivitySummary=0x9, nextTimeout=923368 (in 7862 ms)
01-01 12:06:41.955041  1613  1640 D DisplayPowerController: requestPowerState: policy=BRIGHT, useProximitySensor=false, screenBrightness=102, screenAutoBrightnessAdjustment=0.8, brightnessSetByUser=true, useAutoBrightness=true, blockScreenOn=false, lowPowerMode=false, boostScreenBrightness=false, dozeScreenBrightness=-1, dozeScreenState=UNKNOWN, waitForNegativeProximity=false
01-01 12:06:41.955156  1613  1640 I PowerManagerService: setBrightness mButtonLight, screenBrightness=102
01-01 12:06:41.955885  1613  1640 D PowerManagerService: updateDisplayPowerStateLocked: mDisplayReady=true, policy=3, mWakefulness=1, mWakeLockSummary=0x0, mUserActivitySummary=0x9, mBootCompleted=true, mScreenBrightnessBoostInProgress=false
01-01 12:06:41.976141  1613  2218 V ActivityManager: Broadcast: Intent { act=android.intent.action.CLOSE_SYSTEM_DIALOGS flg=0x50000010 (has extras) } ordered=false userid=-1 callerApp=null
01-01 12:06:41.978409  1613  1646 V BroadcastQueue: Processing parallel broadcast [foreground] BroadcastRecord{be7ae66 u-1 android.intent.action.CLOSE_SYSTEM_DIALOGS}, 5 receivers
01-01 12:06:41.978632  1613  2218 D PowerManagerService: userActivityNoUpdateLocked: eventTime=915530, event=0, flags=0x0, uid=1000
01-01 12:06:41.978699  1613  1646 D BroadcastQueue: BroadcastRecord{be7ae66 u-1 android.intent.action.CLOSE_SYSTEM_DIALOGS}, #0 BroadcastFilter{1cd257d u0 ReceiverList{1262fd4 1613 system/1000/u0 local:6a42127}}
01-01 12:06:41.978799  1613  2218 D PowerManagerNotifier: onUserActivity: event=0, uid=1000
01-01 12:06:41.979018  1613  1646 D BroadcastQueue: BDC-Delivering broadcast: Intent { act=android.intent.action.CLOSE_SYSTEM_DIALOGS flg=0x50000010 (has extras) }, queue=foreground, ordered=false, filter=BroadcastFilter{1cd257d u0 ReceiverList{1262fd4 1613 system/1000/u0 local:6a42127}}, receiver=null
01-01 12:06:41.979174  1613  2218 D PowerManagerService: updateUserActivitySummaryLocked: mWakefulness=Awake, mUserActivitySummary=0x9, nextTimeout=923368 (in 7837 ms)
01-01 12:06:41.979374  1613  1646 D BroadcastQueue: BroadcastRecord{be7ae66 u-1 android.intent.action.CLOSE_SYSTEM_DIALOGS}, #1 BroadcastFilter{c58e052 u0 ReceiverList{8b56cdd 2512 com.android.systemui/10016/u0 remote:8af78b4}}
01-01 12:06:41.979554  1613  2218 D DisplayPowerController: requestPowerState: policy=BRIGHT, useProximitySensor=false, screenBrightness=102, screenAutoBrightnessAdjustment=0.8, brightnessSetByUser=true, useAutoBrightness=true, blockScreenOn=false, lowPowerMode=false, boostScreenBrightness=false, dozeScreenBrightness=-1, dozeScreenState=UNKNOWN, waitForNegativeProximity=false
01-01 12:06:41.979663  1613  2218 I PowerManagerService: setBrightness mButtonLight, screenBrightness=102
01-01 12:06:41.979688  1613  1646 D BroadcastQueue: BDC-Delivering broadcast: Intent { act=android.intent.action.CLOSE_SYSTEM_DIALOGS flg=0x50000010 (has extras) }, queue=foreground, ordered=false, filter=BroadcastFilter{c58e052 u0 ReceiverList{8b56cdd 2512 com.android.systemui/10016/u0 remote:8af78b4}}, receiver=null
01-01 12:06:41.979820  1613  2218 D PowerManagerService: updateDisplayPowerStateLocked: mDisplayReady=true, policy=3, mWakefulness=1, mWakeLockSummary=0x0, mUserActivitySummary=0x9, mBootCompleted=true, mScreenBrightnessBoostInProgress=false
01-01 12:06:41.980412  1613  2218 V SettingsProvider: packageValueForCallResult, name = user_setup_complete, value : 1
01-01 12:06:41.980942  1613  1613 D ActivityThread: BDC-Calling onReceive: intent=Intent { act=android.intent.action.CLOSE_SYSTEM_DIALOGS flg=0x50000010 (has extras) }, ordered=true, receiver=com.android.server.InputMethodManagerService$ImmsBroadcastReceiver@cd687e6, IIntentReceiver=6a42127
01-01 12:06:41.984978  2512  2766 D ActivityThread: BDC-Calling onReceive: intent=Intent { act=android.intent.action.CLOSE_SYSTEM_DIALOGS flg=0x50000010 (has extras) }, ordered=true, receiver=com.android.systemui.volume.VolumeDialogController$Receiver@278adb4, IIntentReceiver=7e5f3b8
01-01 12:06:41.983520  1613  1646 D BroadcastQueue: BroadcastRecord{be7ae66 u-1 android.intent.action.CLOSE_SYSTEM_DIALOGS}, #2 BroadcastFilter{feed390 u0 ReceiverList{4f64e53 1613 system/1000/u0 local:f85be42}}
01-01 12:06:41.985994  1613  1646 D BroadcastQueue: BDC-Delivering broadcast: Intent { act=android.intent.action.CLOSE_SYSTEM_DIALOGS flg=0x50000010 (has extras) }, queue=foreground, ordered=false, filter=BroadcastFilter{feed390 u0 ReceiverList{4f64e53 1613 system/1000/u0 local:f85be42}}, receiver=null
01-01 12:06:41.986393  1613  1646 D BroadcastQueue: BroadcastRecord{be7ae66 u-1 android.intent.action.CLOSE_SYSTEM_DIALOGS}, #3 BroadcastFilter{b37aa60 u-1 ReceiverList{233fe63 2512 com.android.systemui/10016/u-1 remote:50ae492}}
01-01 12:06:41.986683  1613  1647 D ActivityThread: BDC-Calling onReceive: intent=Intent { act=android.intent.action.CLOSE_SYSTEM_DIALOGS flg=0x50000010 (has extras) }, ordered=true, receiver=com.android.server.voiceinteraction.VoiceInteractionManagerServiceImpl$1@b944c8d, IIntentReceiver=f85be42
01-01 12:06:41.986701  1613  1646 D BroadcastQueue: BDC-Delivering broadcast: Intent { act=android.intent.action.CLOSE_SYSTEM_DIALOGS flg=0x50000010 (has extras) }, queue=foreground, ordered=false, filter=BroadcastFilter{b37aa60 u-1 ReceiverList{233fe63 2512 com.android.systemui/10016/u-1 remote:50ae492}}, receiver=null
01-01 12:06:41.987282  1613  1646 D BroadcastQueue: BroadcastRecord{be7ae66 u-1 android.intent.action.CLOSE_SYSTEM_DIALOGS}, #4 BroadcastFilter{a6ec75e u0 ReceiverList{21d9899 4665 com.asus.launcher/10013/u0 remote:1ca4de0}}
01-01 12:06:41.987635  1613  1646 D BroadcastQueue: BDC-Delivering broadcast: Intent { act=android.intent.action.CLOSE_SYSTEM_DIALOGS flg=0x50000010 (has extras) }, queue=foreground, ordered=false, filter=BroadcastFilter{a6ec75e u0 ReceiverList{21d9899 4665 com.asus.launcher/10013/u0 remote:1ca4de0}}, receiver=null
01-01 12:06:41.988377  1613  1646 D BroadcastQueue: Non-ordered [foreground] BroadcastRecord{be7ae66 u-1 android.intent.action.CLOSE_SYSTEM_DIALOGS}, 5 receivers, Total: 11, Waiting: 1, Processing: 10
01-01 12:06:41.988953  4665  4665 D ActivityThread: BDC-Calling onReceive: intent=Intent { act=android.intent.action.CLOSE_SYSTEM_DIALOGS flg=0x50000010 (has extras) }, ordered=true, receiver=com.android.launcher3.Launcher$d@c1a72fa, IIntentReceiver=934e404
01-01 12:06:41.989016  1613  2218 I ActivityManager: START u0 {act=android.intent.action.MAIN cat=[android.intent.category.HOME] flg=0x10200000 cmp=com.asus.launcher/com.android.launcher3.Launcher (has extras)} from uid 1000 from pid 1613 on display 0
01-01 12:06:41.989539  1613  2218 I ActivityManager: ACT-launchFlags(original): 0x10200000, launchMode:2, startFlags: 268435456, doResume:true
01-01 12:06:41.990169  1613  2218 D ActivityManager: ACT-moveTaskToFront: TaskRecord{ee283d4 #4 A=com.asus.launcher U=0 sz=1}
01-01 12:06:41.991093  1613  2218 V WindowManager: Looking for focus: 7 = Window{a55768f u0 StatusBar}, flags=-2122055608, canReceive=false
01-01 12:06:41.991281  1613  2218 V WindowManager: findFocusedWindow: Found new focus @ 2 = Window{3471f4 u0 com.mediatek.mtklogger/com.mediatek.mtklogger.MainActivity}
01-01 12:06:41.997580  1613  2218 V WindowManager: Set focused app to: AppWindowToken{639b072 token=Token{494e97d ActivityRecord{70d4527 u0 com.asus.launcher/com.android.launcher3.Launcher t4}}} old focus=AppWindowToken{ff7bdcf token=Token{1098e2e ActivityRecord{dfef8a9 u0 com.mediatek.mtklogger/.MainActivity t5}}} moveFocusNow=true
01-01 12:06:41.999256  1613  2218 V WindowManager: Looking for focus: 7 = Window{a55768f u0 StatusBar}, flags=-2122055608, canReceive=false
