01-01 12:06:28.034427  1613  2479 D ActivityManager: BroadcastRecord{cb69191 u-1 android.intent.action.SERVICE_STATE}, spend: 11, android.os.BinderProxy@da1563b, ActivityInfo{9b95146 com.android.contacts.simcardmanage.SimCardReceiver}
01-01 12:06:28.034808  1613  2479 D BroadcastQueue: Non-ordered [background] BroadcastRecord{cb69191 u-1 android.intent.action.SERVICE_STATE}, 1 receivers, Total: 16, Waiting: 5, Processing: 11
01-01 12:06:28.043993  3079  3079 D ActivityThread: BDC-Calling onReceive: intent=Intent { act=android.intent.action.SERVICE_STATE flg=0x10 (has extras) }, ordered=true, receiver=com.android.phone.PhoneGlobals$PhoneAppBroadcastReceiver@3416b43, IIntentReceiver=2409e01
01-01 12:06:28.259022  1613  1654 D AutomaticBrightnessController: calculateAmbientLux: [0, 100]: lux=0.0, weight=1005000.0
01-01 12:06:28.259299  1613  1654 D AutomaticBrightnessController: calculateAmbientLux: [-999, 0]: lux=50.0, weight=9491000.0
01-01 12:06:28.259475  1613  1654 D AutomaticBrightnessController: calculateAmbientLux: [-1249, -999]: lux=0.0, weight=2219000.0
01-01 12:06:28.259675  1613  1654 D AutomaticBrightnessController: calculateAmbientLux: [-6527, -1249]: lux=50.0, weight=3.2259136E7
01-01 12:06:28.259852  1613  1654 D AutomaticBrightnessController: calculateAmbientLux: [-7044, -6527]: lux=0.0, weight=1661896.0
01-01 12:06:28.260035  1613  1654 D AutomaticBrightnessController: calculateAmbientLux: [-8816, -7044]: lux=50.0, weight=3668040.0
01-01 12:06:28.260210  1613  1654 D AutomaticBrightnessController: calculateAmbientLux: [-9069, -8816]: lux=0.0, weight=267548.0
01-01 12:06:28.260391  1613  1654 D AutomaticBrightnessController: calculateAmbientLux: [-9571, -9069]: lux=50.0, weight=341360.0
01-01 12:06:28.260556  1613  1654 D AutomaticBrightnessController: calculateAmbientLux: [-9821, -9571]: lux=0.0, weight=76000.0
01-01 12:06:28.260732  1613  1654 D AutomaticBrightnessController: calculateAmbientLux: [-10000, -9821]: lux=50.0, weight=16020.0
01-01 12:06:28.260896  1613  1654 D AutomaticBrightnessController: calculateAmbientLux: totalWeight=5.1005E7, newAmbientLux=44.8736
01-01 12:06:28.261058  1613  1654 D AutomaticBrightnessController: updateAmbientLux: Scheduling ambient lux update for 905811905811 (in 3998 ms)
01-01 12:06:28.261186  1613  1654 D AutomaticBrightnessController: onSensorChanged: lux = 0.0
01-01 12:06:28.509093  1613  1654 D AutomaticBrightnessController: calculateAmbientLux: [0, 100]: lux=50.0, weight=1005000.0
01-01 12:06:28.509306  1613  1654 D AutomaticBrightnessController: calculateAmbientLux: [-250, 0]: lux=0.0, weight=2468750.0
01-01 12:06:28.509511  1613  1654 D AutomaticBrightnessController: calculateAmbientLux: [-1249, -250]: lux=50.0, weight=9241250.0
01-01 12:06:28.509711  1613  1654 D AutomaticBrightnessController: calculateAmbientLux: [-1499, -1249]: lux=0.0, weight=2156500.0
01-01 12:06:28.509932  1613  1654 D AutomaticBrightnessController: calculateAmbientLux: [-6777, -1499]: lux=50.0, weight=3.0939636E7
01-01 12:06:28.510129  1613  1654 D AutomaticBrightnessController: calculateAmbientLux: [-7294, -6777]: lux=0.0, weight=1532648.0
01-01 12:06:28.510332  1613  1654 D AutomaticBrightnessController: calculateAmbientLux: [-9066, -7294]: lux=50.0, weight=3225040.0
01-01 12:06:28.510522  1613  1654 D AutomaticBrightnessController: calculateAmbientLux: [-9319, -9066]: lux=0.0, weight=204296.0
01-01 12:06:28.510722  1613  1654 D AutomaticBrightnessController: calculateAmbientLux: [-9821, -9319]: lux=50.0, weight=215860.0
01-01 12:06:28.510907  1613  1654 D AutomaticBrightnessController: calculateAmbientLux: [-10000, -9821]: lux=0.0, weight=16020.0
01-01 12:06:28.511087  1613  1654 D AutomaticBrightnessController: calculateAmbientLux: totalWeight=5.1005E7, newAmbientLux=43.74746
01-01 12:06:28.511256  1613  1654 D AutomaticBrightnessController: updateAmbientLux: Scheduling ambient lux update for 906061906061 (in 3998 ms)
01-01 12:06:28.511406  1613  1654 D AutomaticBrightnessController: onSensorChanged: lux = 50.0
01-01 12:06:28.956937  1613  2213 D DataShapingService: Alarm manager openLteDataUpLinkGate: false
01-01 12:06:28.957508  1613  2213 V AlarmManager: openLteGateSuccess = false
01-01 12:06:28.960581  1613  2213 V ActivityManager: Broadcast: Intent { act=com.asus.dm.DMService.delayBootCompleted flg=0x114 cmp=com.asus.dm/.BootCompletedReceiver (has extras) } ordered=true userid=0 callerApp=null
01-01 12:06:28.962965  1613  2213 V AlarmManager: sending alarm Alarm{13c58f6 type 1 when 1451667988955 com.asus.dm} success
01-01 12:06:28.963797  1613  1646 V BroadcastQueue: Processing ordered broadcast [background] BroadcastRecord{e1104f7 u0 com.asus.dm.DMService.delayBootCompleted}, 1 receivers
01-01 12:06:28.964471  1613  2213 D PowerManagerService: acquireWakeLockInternal: lock=133743169, flags=0x1, tag="*alarm*", ws=WorkSource{1000}, uid=1000, pid=1613
01-01 12:06:28.965112  1613  1646 D BroadcastQueue: BroadcastRecord{e1104f7 u0 com.asus.dm.DMService.delayBootCompleted}, #0 ActivityInfo{163bfa3 com.asus.dm.BootCompletedReceiver}
01-01 12:06:28.965226  1613  2213 D PowerManagerService: updateWakeLockSummaryLocked: mWakefulness=Awake, mWakeLockSummary=0x1
01-01 12:06:28.966235  1613  2213 D PowerManagerService: updateUserActivitySummaryLocked: mWakefulness=Awake, mUserActivitySummary=0x1, nextTimeout=952131 (in 49613 ms)
01-01 12:06:28.968054  1613  2213 D DisplayPowerController: requestPowerState: policy=BRIGHT, useProximitySensor=false, screenBrightness=102, screenAutoBrightnessAdjustment=0.8, brightnessSetByUser=true, useAutoBrightness=true, blockScreenOn=false, lowPowerMode=false, boostScreenBrightness=false, dozeScreenBrightness=-1, dozeScreenState=UNKNOWN, waitForNegativeProximity=false
01-01 12:06:28.968347  1613  2213 I PowerManagerService: setBrightness mButtonLight 0.
01-01 12:06:28.969077  1613  2213 D PowerManagerService: updateDisplayPowerStateLocked: mDisplayReady=true, policy=3, mWakefulness=1, mWakeLockSummary=0x1, mUserActivitySummary=0x1, mBootCompleted=true, mScreenBrightnessBoostInProgress=false
01-01 12:06:28.969690  1613  2213 D PowerManagerService: Acquiring suspend blocker "PowerManagerService.WakeLocks".
01-01 12:06:28.970936  1613  2213 D PowerManagerNotifier: onWakeLockAcquired: flags=1, tag="*alarm*", packageName=android, ownerUid=1000, ownerPid=1613, workSource=WorkSource{1000}
01-01 12:06:28.985748  1613  1646 D BroadcastQueue: BDC-Delivering broadcast: Intent { act=com.asus.dm.DMService.delayBootCompleted flg=0x114 cmp=com.asus.dm/.BootCompletedReceiver (has extras) }, queue=background, ordered=true, app=ProcessRecord{395dcec 10569:com.asus.dm/1000}, receiver=android.os.BinderProxy@aa728b5
01-01 12:06:28.995161 10569 10569 D ActivityThread: BDC-Calling onReceive: intent=Intent { act=com.asus.dm.DMService.delayBootCompleted flg=0x114 cmp=com.asus.dm/.BootCompletedReceiver (has extras) }, receiver=com.asus.dm.BootCompletedReceiver@ec57b24
01-01 12:06:29.019382  1613  3012 D PowerManagerService: acquireWakeLockInternal: lock=90711082, flags=0x1, tag="RILJ", ws=null, uid=1001, pid=3079
01-01 12:06:29.019864  1613  3012 D PowerManagerService: updateWakeLockSummaryLocked: mWakefulness=Awake, mWakeLockSummary=0x1
01-01 12:06:29.020332  1613  3012 D PowerManagerService: updateUserActivitySummaryLocked: mWakefulness=Awake, mUserActivitySummary=0x1, nextTimeout=952131 (in 49559 ms)
01-01 12:06:29.021012  1613  3012 D DisplayPowerController: requestPowerState: policy=BRIGHT, useProximitySensor=false, screenBrightness=102, screenAutoBrightnessAdjustment=0.8, brightnessSetByUser=true, useAutoBrightness=true, blockScreenOn=false, lowPowerMode=false, boostScreenBrightness=false, dozeScreenBrightness=-1, dozeScreenState=UNKNOWN, waitForNegativeProximity=false
01-01 12:06:29.021154  1613  3012 I PowerManagerService: setBrightness mButtonLight 0.
01-01 12:06:29.021515  1613  3012 D PowerManagerService: updateDisplayPowerStateLocked: mDisplayReady=true, policy=3, mWakefulness=1, mWakeLockSummary=0x1, mUserActivitySummary=0x1, mBootCompleted=true, mScreenBrightnessBoostInProgress=false
01-01 12:06:29.022037  1613  3012 D PowerManagerNotifier: onWakeLockAcquired: flags=1, tag="RILJ", packageName=com.android.phone, ownerUid=1001, ownerPid=3079, workSource=null
01-01 12:06:29.026190  1613  2476 V AlarmManager: APP set(PendingIntent{acc8f64: PendingIntentRecord{fe441da com.asus.dm broadcastIntent}}) : type=1 triggerAtTime=1451668019009 win=-1 tElapsed=932561 maxElapsed=955049 interval=0 flags=0x8
01-01 12:06:29.026267  1613  2474 D PowerManagerService: acquireWakeLockInternal: lock=90711082, flags=0x1, tag="RILJ", ws=null, uid=1001, pid=3079
01-01 12:06:29.026639  1613  2474 D PowerManagerService: updateWakeLockSummaryLocked: mWakefulness=Awake, mWakeLockSummary=0x1
01-01 12:06:29.027119  1613  2474 D PowerManagerService: updateUserActivitySummaryLocked: mWakefulness=Awake, mUserActivitySummary=0x1, nextTimeout=952131 (in 49552 ms)
01-01 12:06:29.028239  1613  2476 D AlarmManager:  whichBatch = -1
01-01 12:06:29.028406  1613  2474 D DisplayPowerController: requestPowerState: policy=BRIGHT, useProximitySensor=false, screenBrightness=102, screenAutoBrightnessAdjustment=0.8, brightnessSetByUser=true, useAutoBrightness=true, blockScreenOn=false, lowPowerMode=false, boostScreenBrightness=false, dozeScreenBrightness=-1, dozeScreenState=UNKNOWN, waitForNegativeProximity=false
01-01 12:06:29.028556  1613  2474 I PowerManagerService: setBrightness mButtonLight 0.
01-01 12:06:29.028925  1613  2474 D PowerManagerService: updateDisplayPowerStateLocked: mDisplayReady=true, policy=3, mWakefulness=1, mWakeLockSummary=0x1, mUserActivitySummary=0x1, mBootCompleted=true, mScreenBrightnessBoostInProgress=false
01-01 12:06:29.031484 10569 10569 D ActivityThread: BDC-RECEIVER handled : 0 / ReceiverData{intent=Intent { act=com.asus.dm.DMService.delayBootCompleted flg=0x114 cmp=com.asus.dm/.BootCompletedReceiver (has extras) } packageName=com.asus.dm resultCode=0 resultData=null resultExtras=null}
01-01 12:06:29.033386  1613  1643 D ActivityManager: BDC-Finishing receiver: android.os.BinderProxy@aa728b5
01-01 12:06:29.034149  1613  1643 D ActivityManager: BroadcastRecord{e1104f7 u0 com.asus.dm.DMService.delayBootCompleted}, spend: 71, android.os.BinderProxy@aa728b5, ActivityInfo{163bfa3 com.asus.dm.BootCompletedReceiver}
01-01 12:06:29.036979  1613  1613 D AlarmManager: onSendFinished begin
01-01 12:06:29.040331  1613  1613 D PowerManagerService: releaseWakeLockInternal: lock=133743169 [*alarm*], flags=0x0, total_time=72ms
01-01 12:06:29.040722  1613  1613 D PowerManagerNotifier: onWakeLockReleased: flags=1, tag="*alarm*", packageName=android, ownerUid=1000, ownerPid=1613, workSource=WorkSource{1000}
01-01 12:06:29.041013  1613  1613 D PowerManagerService: updateWakeLockSummaryLocked: mWakefulness=Awake, mWakeLockSummary=0x1
01-01 12:06:29.041251  1613  1613 D PowerManagerService: updateUserActivitySummaryLocked: mWakefulness=Awake, mUserActivitySummary=0x1, nextTimeout=952131 (in 49538 ms)
01-01 12:06:29.041585  1613  1613 D DisplayPowerController: requestPowerState: policy=BRIGHT, useProximitySensor=false, screenBrightness=102, screenAutoBrightnessAdjustment=0.8, brightnessSetByUser=true, useAutoBrightness=true, blockScreenOn=false, lowPowerMode=false, boostScreenBrightness=false, dozeScreenBrightness=-1, dozeScreenState=UNKNOWN, waitForNegativeProximity=false
01-01 12:06:29.041658  1613  1613 I PowerManagerService: setBrightness mButtonLight 0.
01-01 12:06:29.041828  1613  1613 D PowerManagerService: updateDisplayPowerStateLocked: mDisplayReady=true, policy=3, mWakefulness=1, mWakeLockSummary=0x1, mUserActivitySummary=0x1, mBootCompleted=true, mScreenBrightnessBoostInProgress=false
01-01 12:06:29.042233  1613  2474 D PowerManagerService: acquireWakeLockInternal: lock=90711082, flags=0x1, tag="RILJ", ws=null, uid=1001, pid=3079
01-01 12:06:29.042462  1613  2474 D PowerManagerService: updateWakeLockSummaryLocked: mWakefulness=Awake, mWakeLockSummary=0x1
01-01 12:06:29.042721  1613  2474 D PowerManagerService: updateUserActivitySummaryLocked: mWakefulness=Awake, mUserActivitySummary=0x1, nextTimeout=952131 (in 49537 ms)
01-01 12:06:29.043045  1613  2474 D DisplayPowerController: requestPowerState: policy=BRIGHT, useProximitySensor=false, screenBrightness=102, screenAutoBrightnessAdjustment=0.8, brightnessSetByUser=true, useAutoBrightness=true, blockScreenOn=false, lowPowerMode=false, boostScreenBrightness=false, dozeScreenBrightness=-1, dozeScreenState=UNKNOWN, waitForNegativeProximity=false
01-01 12:06:29.044140  1613  2474 I PowerManagerService: setBrightness mButtonLight 0.
01-01 12:06:29.044163  1613  1643 D BroadcastQueue: Ordered [background] BroadcastRecord{e1104f7 u0 com.asus.dm.DMService.delayBootCompleted}, 1 receivers, Total: 82, Waiting: 1, Processing: 81
01-01 12:06:29.044327  1613  2474 D PowerManagerService: updateDisplayPowerStateLocked: mDisplayReady=true, policy=3, mWakefulness=1, mWakeLockSummary=0x1, mUserActivitySummary=0x1, mBootCompleted=true, mScreenBrightnessBoostInProgress=false
01-01 12:06:29.046361  1613  1639 D PowerManagerService: acquireWakeLockInternal: lock=90711082, flags=0x1, tag="RILJ", ws=null, uid=1001, pid=3079
01-01 12:06:29.046554  1613  1639 D PowerManagerService: updateWakeLockSummaryLocked: mWakefulness=Awake, mWakeLockSummary=0x1
01-01 12:06:29.046797  1613  1639 D PowerManagerService: updateUserActivitySummaryLocked: mWakefulness=Awake, mUserActivitySummary=0x1, nextTimeout=952131 (in 49532 ms)
01-01 12:06:29.047149  1613  1639 D DisplayPowerController: requestPowerState: policy=BRIGHT, useProximitySensor=false, screenBrightness=102, screenAutoBrightnessAdjustment=0.8, brightnessSetByUser=true, useAutoBrightness=true, blockScreenOn=false, lowPowerMode=false, boostScreenBrightness=false, dozeScreenBrightness=-1, dozeScreenState=UNKNOWN, waitForNegativeProximity=false
01-01 12:06:29.047235  1613  1639 I PowerManagerService: setBrightness mButtonLight 0.
01-01 12:06:29.047418  1613  1639 D PowerManagerService: updateDisplayPowerStateLocked: mDisplayReady=true, policy=3, mWakefulness=1, mWakeLockSummary=0x1, mUserActivitySummary=0x1, mBootCompleted=true, mScreenBrightnessBoostInProgress=false
01-01 12:06:29.055530  1613  3328 D PowerManagerService: acquireWakeLockInternal: lock=90711082, flags=0x1, tag="RILJ", ws=null, uid=1001, pid=3079
01-01 12:06:29.055749  1613  3328 D PowerManagerService: updateWakeLockSummaryLocked: mWakefulness=Awake, mWakeLockSummary=0x1
01-01 12:06:29.055988  1613  3328 D PowerManagerService: updateUserActivitySummaryLocked: mWakefulness=Awake, mUserActivitySummary=0x1, nextTimeout=952131 (in 49523 ms)
01-01 12:06:29.056313  1613  3328 D DisplayPowerController: requestPowerState: policy=BRIGHT, useProximitySensor=false, screenBrightness=102, screenAutoBrightnessAdjustment=0.8, brightnessSetByUser=true, useAutoBrightness=true, blockScreenOn=false, lowPowerMode=false, boostScreenBrightness=false, dozeScreenBrightness=-1, dozeScreenState=UNKNOWN, waitForNegativeProximity=false
01-01 12:06:29.056389  1613  3328 I PowerManagerService: setBrightness mButtonLight 0.
01-01 12:06:29.056560  1613  3328 D PowerManagerService: updateDisplayPowerStateLocked: mDisplayReady=true, policy=3, mWakefulness=1, mWakeLockSummary=0x1, mUserActivitySummary=0x1, mBootCompleted=true, mScreenBrightnessBoostInProgress=false
01-01 12:06:29.060094  1613  2478 D PowerManagerService: acquireWakeLockInternal: lock=90711082, flags=0x1, tag="RILJ", ws=null, uid=1001, pid=3079
01-01 12:06:29.060620  1613  2478 D PowerManagerService: updateWakeLockSummaryLocked: mWakefulness=Awake, mWakeLockSummary=0x1
01-01 12:06:29.060876  1613  2478 D PowerManagerService: updateUserActivitySummaryLocked: mWakefulness=Awake, mUserActivitySummary=0x1, nextTimeout=952131 (in 49518 ms)
01-01 12:06:29.061220  1613  2478 D DisplayPowerController: requestPowerState: policy=BRIGHT, useProximitySensor=false, screenBrightness=102, screenAutoBrightnessAdjustment=0.8, brightnessSetByUser=true, useAutoBrightness=true, blockScreenOn=false, lowPowerMode=false, boostScreenBrightness=false, dozeScreenBrightness=-1, dozeScreenState=UNKNOWN, waitForNegativeProximity=false
01-01 12:06:29.061295  1613  2478 I PowerManagerService: setBrightness mButtonLight 0.
01-01 12:06:29.066639  1613  2478 D PowerManagerService: updateDisplayPowerStateLocked: mDisplayReady=true, policy=3, mWakefulness=1, mWakeLockSummary=0x1, mUserActivitySummary=0x1, mBootCompleted=true, mScreenBrightnessBoostInProgress=false
01-01 12:06:29.069769  1613  3175 D PowerManagerService: acquireWakeLockInternal: lock=90711082, flags=0x1, tag="RILJ", ws=null, uid=1001, pid=3079
01-01 12:06:29.069954  1613  3175 D PowerManagerService: updateWakeLockSummaryLocked: mWakefulness=Awake, mWakeLockSummary=0x1
01-01 12:06:29.070185  1613  3175 D PowerManagerService: updateUserActivitySummaryLocked: mWakefulness=Awake, mUserActivitySummary=0x1, nextTimeout=952131 (in 49509 ms)
01-01 12:06:29.070483  1613  3175 D DisplayPowerController: requestPowerState: policy=BRIGHT, useProximitySensor=false, screenBrightness=102, screenAutoBrightnessAdjustment=0.8, brightnessSetByUser=true, useAutoBrightness=true, blockScreenOn=false, lowPowerMode=false, boostScreenBrightness=false, dozeScreenBrightness=-1, dozeScreenState=UNKNOWN, waitForNegativeProximity=false
01-01 12:06:29.070558  1613  3175 I PowerManagerService: setBrightness mButtonLight 0.
01-01 12:06:29.070719  1613  3175 D PowerManagerService: updateDisplayPowerStateLocked: mDisplayReady=true, policy=3, mWakefulness=1, mWakeLockSummary=0x1, mUserActivitySummary=0x1, mBootCompleted=true, mScreenBrightnessBoostInProgress=false
01-01 12:06:29.077223  1613  2479 D PowerManagerService: acquireWakeLockInternal: lock=90711082, flags=0x1, tag="RILJ", ws=null, uid=1001, pid=3079
01-01 12:06:29.077399  1613  2479 D PowerManagerService: updateWakeLockSummaryLocked: mWakefulness=Awake, mWakeLockSummary=0x1
01-01 12:06:29.078811  1613  2479 D PowerManagerService: updateUserActivitySummaryLocked: mWakefulness=Awake, mUserActivitySummary=0x1, nextTimeout=952131 (in 49500 ms)
01-01 12:06:29.079269  1613  2479 D DisplayPowerController: requestPowerState: policy=BRIGHT, useProximitySensor=false, screenBrightness=102, screenAutoBrightnessAdjustment=0.8, brightnessSetByUser=true, useAutoBrightness=true, blockScreenOn=false, lowPowerMode=false, boostScreenBrightness=false, dozeScreenBrightness=-1, dozeScreenState=UNKNOWN, waitForNegativeProximity=false
01-01 12:06:29.079368  1613  2479 I PowerManagerService: setBrightness mButtonLight 0.
01-01 12:06:29.081398  1613  2479 D PowerManagerService: updateDisplayPowerStateLocked: mDisplayReady=true, policy=3, mWakefulness=1, mWakeLockSummary=0x1, mUserActivitySummary=0x1, mBootCompleted=true, mScreenBrightnessBoostInProgress=false
01-01 12:06:29.096958  1613  3159 D PowerManagerService: releaseWakeLockInternal: lock=90711082 [RILJ], flags=0x0, total_time=78ms
01-01 12:06:29.097199  1613  3159 D PowerManagerNotifier: onWakeLockReleased: flags=1, tag="RILJ", packageName=com.android.phone, ownerUid=1001, ownerPid=3079, workSource=null
01-01 12:06:29.097521  1613  3159 D PowerManagerService: updateWakeLockSummaryLocked: mWakefulness=Awake, mWakeLockSummary=0x0
01-01 12:06:29.097847  1613  3159 D PowerManagerService: updateUserActivitySummaryLocked: mWakefulness=Awake, mUserActivitySummary=0x1, nextTimeout=952131 (in 49482 ms)
01-01 12:06:29.098151  1613  3159 D DisplayPowerController: requestPowerState: policy=BRIGHT, useProximitySensor=false, screenBrightness=102, screenAutoBrightnessAdjustment=0.8, brightnessSetByUser=true, useAutoBrightness=true, blockScreenOn=false, lowPowerMode=false, boostScreenBrightness=false, dozeScreenBrightness=-1, dozeScreenState=UNKNOWN, waitForNegativeProximity=false
01-01 12:06:29.098217  1613  3159 I PowerManagerService: setBrightness mButtonLight 0.
01-01 12:06:29.098372  1613  3159 D PowerManagerService: updateDisplayPowerStateLocked: mDisplayReady=true, policy=3, mWakefulness=1, mWakeLockSummary=0x0, mUserActivitySummary=0x1, mBootCompleted=true, mScreenBrightnessBoostInProgress=false
01-01 12:06:29.098722  1613  3159 D PowerManagerService: Releasing suspend blocker "PowerManagerService.WakeLocks".
01-01 12:06:29.144360  1613  2472 V ActivityManager: Broadcast sticky: Intent { act=android.intent.action.SERVICE_STATE flg=0x10 (has extras) } ordered=false userid=-1 callerApp=ProcessRecord{dcbe4d3 1613:system/1000}
01-01 12:06:29.145653  1613  1646 V BroadcastQueue: Processing parallel broadcast [background] BroadcastRecord{54d0e82 u-1 android.intent.action.SERVICE_STATE}, 4 receivers
01-01 12:06:29.145945  1613  1646 D BroadcastQueue: BroadcastRecord{54d0e82 u-1 android.intent.action.SERVICE_STATE}, #0 BroadcastFilter{e977b80 u0 ReceiverList{c19e003 1613 system/1000/u0 local:f7ac8b2}}
01-01 12:06:29.146241  1613  1646 D BroadcastQueue: BDC-Delivering broadcast: Intent { act=android.intent.action.SERVICE_STATE flg=0x10 (has extras) }, queue=background, ordered=false, filter=BroadcastFilter{e977b80 u0 ReceiverList{c19e003 1613 system/1000/u0 local:f7ac8b2}}, receiver=null
01-01 12:06:29.146623  1613  1646 D BroadcastQueue: BroadcastRecord{54d0e82 u-1 android.intent.action.SERVICE_STATE}, #1 BroadcastFilter{888242e u0 ReceiverList{ca226a9 2512 com.android.systemui/10016/u0 remote:f0a30}}
01-01 12:06:29.146911  1613  1646 D BroadcastQueue: BDC-Delivering broadcast: Intent { act=android.intent.action.SERVICE_STATE flg=0x10 (has extras) }, queue=background, ordered=false, filter=BroadcastFilter{888242e u0 ReceiverList{ca226a9 2512 com.android.systemui/10016/u0 remote:f0a30}}, receiver=null
01-01 12:06:29.147006  1613  1613 D ActivityThread: BDC-Calling onReceive: intent=Intent { act=android.intent.action.SERVICE_STATE flg=0x10 (has extras) }, ordered=true, receiver=com.android.server.wifi.WifiStateMachine$10@2c63abd, IIntentReceiver=f7ac8b2
01-01 12:06:29.148044  1613  1646 D BroadcastQueue: BroadcastRecord{54d0e82 u-1 android.intent.action.SERVICE_STATE}, #2 BroadcastFilter{58df049 u0 ReceiverList{bcb7650 2512 com.android.systemui/10016/u0 remote:928c413}}
01-01 12:06:29.148367  1613  1646 D BroadcastQueue: BDC-Delivering broadcast: Intent { act=android.intent.action.SERVICE_STATE flg=0x10 (has extras) }, queue=background, ordered=false, filter=BroadcastFilter{58df049 u0 ReceiverList{bcb7650 2512 com.android.systemui/10016/u0 remote:928c413}}, receiver=null
01-01 12:06:29.149194  1613  1646 D BroadcastQueue: BroadcastRecord{54d0e82 u-1 android.intent.action.SERVICE_STATE}, #3 BroadcastFilter{9e0fee2 u0 ReceiverList{987abad 3079 com.android.phone/1001/u0 remote:f9b30c4}}
01-01 12:06:29.149485  1613  1646 D BroadcastQueue: BDC-Delivering broadcast: Intent { act=android.intent.action.SERVICE_STATE flg=0x10 (has extras) }, queue=background, ordered=false, filter=BroadcastFilter{9e0fee2 u0 ReceiverList{987abad 3079 com.android.phone/1001/u0 remote:f9b30c4}}, receiver=null
01-01 12:06:29.150593  2512  2512 D ActivityThread: BDC-Calling onReceive: intent=Intent { act=android.intent.action.SERVICE_STATE flg=0x10 (has extras) }, ordered=true, receiver=com.android.keyguard.KeyguardUpdateMonitor$5@4eb0abc, IIntentReceiver=9db4557
01-01 12:06:29.150812  1613  1646 D BroadcastQueue: Non-ordered [background] BroadcastRecord{54d0e82 u-1 android.intent.action.SERVICE_STATE}, 4 receivers, Total: 5, Waiting: 0, Processing: 5
01-01 12:06:29.151042  1613  1646 V BroadcastQueue: Processing ordered broadcast [background] BroadcastRecord{d753dd0 u-1 android.intent.action.SERVICE_STATE}, 1 receivers
01-01 12:06:29.151338  1613  1646 D BroadcastQueue: BroadcastRecord{d753dd0 u-1 android.intent.action.SERVICE_STATE}, #0 ActivityInfo{9b95146 com.android.contacts.simcardmanage.SimCardReceiver}
01-01 12:06:29.151923  2512  3297 D ActivityThread: BDC-Calling onReceive: intent=Intent { act=android.intent.action.SERVICE_STATE flg=0x10 (has extras) }, ordered=true, receiver=com.android.systemui.statusbar.policy.NetworkControllerImpl@b3fade7, IIntentReceiver=55a2bc7
01-01 12:06:29.156142  1613  1646 D BroadcastQueue: BDC-Delivering broadcast: Intent { act=android.intent.action.SERVICE_STATE flg=0x10 cmp=com.asus.contacts/com.android.contacts.simcardmanage.SimCardReceiver (has extras) }, queue=background, ordered=false, app=ProcessRecord{1e9d4ca 4858:com.asus.contacts/u0a7}, receiver=android.os.BinderProxy@da1563b
01-01 12:06:29.159252  4858  4858 D ActivityThread: BDC-Calling onReceive: intent=Intent { act=android.intent.action.SERVICE_STATE flg=0x10 cmp=com.asus.contacts/com.android.contacts.simcardmanage.SimCardReceiver (has extras) }, receiver=com.android.contacts.simcardmanage.SimCardReceiver@c6c4c6c
01-01 12:06:29.161700  1613  2476 D ActivityManager: BDC-Finishing receiver: android.os.BinderProxy@da1563b
01-01 12:06:29.162039  1613  2476 D ActivityManager: BroadcastRecord{d753dd0 u-1 android.intent.action.SERVICE_STATE}, spend: 11, android.os.BinderProxy@da1563b, ActivityInfo{9b95146 com.android.contacts.simcardmanage.SimCardReceiver}
01-01 12:06:29.162457  1613  2476 D BroadcastQueue: Non-ordered [background] BroadcastRecord{d753dd0 u-1 android.intent.action.SERVICE_STATE}, 1 receivers, Total: 17, Waiting: 6, Processing: 11
01-01 12:06:29.162536  4858  4858 D ActivityThread: BDC-RECEIVER handled : 0 / ReceiverData{intent=Intent { act=android.intent.action.SERVICE_STATE flg=0x10 cmp=com.asus.contacts/com.android.contacts.simcardmanage.SimCardReceiver (has extras) } packageName=com.asus.contacts resultCode=-1 resultData=null resultExtras=null}
01-01 12:06:29.172540  3079  3079 D ActivityThread: BDC-Calling onReceive: intent=Intent { act=android.intent.action.SERVICE_STATE flg=0x10 (has extras) }, ordered=true, receiver=com.android.phone.PhoneGlobals$PhoneAppBroadcastReceiver@3416b43, IIntentReceiver=2409e01
01-01 12:06:29.413207  1613  2471 V ActivityManager: Broadcast sticky: Intent { act=android.intent.action.SIG_STR flg=0x20000010 (has extras) } ordered=false userid=-1 callerApp=ProcessRecord{dcbe4d3 1613:system/1000}
01-01 12:06:29.763936  1613  1654 D AutomaticBrightnessController: calculateAmbientLux: [0, 100]: lux=0.0, weight=1005000.0
01-01 12:06:29.764819  1613  1654 D AutomaticBrightnessController: calculateAmbientLux: [-1254, 0]: lux=50.0, weight=1.1753742E7
01-01 12:06:29.765709  1613  1654 D AutomaticBrightnessController: calculateAmbientLux: [-1504, -1254]: lux=0.0, weight=2155250.0
01-01 12:06:29.766554  1613  1654 D AutomaticBrightnessController: calculateAmbientLux: [-2503, -1504]: lux=50.0, weight=7988504.0
01-01 12:06:29.767332  1613  1654 D AutomaticBrightnessController: calculateAmbientLux: [-2753, -2503]: lux=0.0, weight=1843000.0
01-01 12:06:29.769708  1613  1654 D AutomaticBrightnessController: calculateAmbientLux: [-8031, -2753]: lux=50.0, weight=2.4321024E7
01-01 12:06:29.770585  1613  1654 D AutomaticBrightnessController: calculateAmbientLux: [-8548, -8031]: lux=0.0, weight=884328.0
01-01 12:06:29.771465  1613  1654 D AutomaticBrightnessController: calculateAmbientLux: [-10000, -8548]: lux=50.0, weight=1054152.0
01-01 12:06:29.772189  1613  1654 D AutomaticBrightnessController: calculateAmbientLux: totalWeight=5.1005E7, newAmbientLux=44.22843
01-01 12:06:29.772843  1613  1654 D AutomaticBrightnessController: updateAmbientLux: Scheduling ambient lux update for 907315907315 (in 3991 ms)
01-01 12:06:29.773318  1613  1654 D AutomaticBrightnessController: onSensorChanged: lux = 0.0
01-01 12:06:30.021965  1613  1654 D AutomaticBrightnessController: calculateAmbientLux: [0, 100]: lux=50.0, weight=1005000.0
01-01 12:06:30.022764  1613  1654 D AutomaticBrightnessController: calculateAmbientLux: [-258, 0]: lux=0.0, weight=2546718.0
01-01 12:06:30.023625  1613  1654 D AutomaticBrightnessController: calculateAmbientLux: [-1512, -258]: lux=50.0, weight=1.143021E7
01-01 12:06:30.024413  1613  1654 D AutomaticBrightnessController: calculateAmbientLux: [-1762, -1512]: lux=0.0, weight=2090750.0
01-01 12:06:30.025261  1613  1654 D AutomaticBrightnessController: calculateAmbientLux: [-2761, -1762]: lux=50.0, weight=7730762.0
01-01 12:06:30.026046  1613  1654 D AutomaticBrightnessController: calculateAmbientLux: [-3011, -2761]: lux=0.0, weight=1778500.0
01-01 12:06:30.026893  1613  1654 D AutomaticBrightnessController: calculateAmbientLux: [-8289, -3011]: lux=50.0, weight=2.29593E7
01-01 12:06:30.027674  1613  1654 D AutomaticBrightnessController: calculateAmbientLux: [-8806, -8289]: lux=0.0, weight=750944.0
01-01 12:06:30.029978  1613  1654 D AutomaticBrightnessController: calculateAmbientLux: [-10000, -8806]: lux=50.0, weight=712816.0
01-01 12:06:30.030737  1613  1654 D AutomaticBrightnessController: calculateAmbientLux: totalWeight=5.1005E7, newAmbientLux=42.974308
01-01 12:06:30.031393  1613  1654 D AutomaticBrightnessController: updateAmbientLux: Scheduling ambient lux update for 907573907573 (in 3990 ms)
01-01 12:06:30.031944  1613  1654 D AutomaticBrightnessController: onSensorChanged: lux = 50.0
01-01 12:06:30.283159  1613  1654 D AutomaticBrightnessController: calculateAmbientLux: [0, 100]: lux=0.0, weight=1005000.0
01-01 12:06:30.284090  1613  1654 D AutomaticBrightnessController: calculateAmbientLux: [-261, 0]: lux=50.0, weight=2575939.5
01-01 12:06:30.284883  1613  1654 D AutomaticBrightnessController: calculateAmbientLux: [-519, -261]: lux=0.0, weight=2479380.0
01-01 12:06:30.285783  1613  1654 D AutomaticBrightnessController: calculateAmbientLux: [-1773, -519]: lux=50.0, weight=1.1102916E7
01-01 12:06:30.286564  1613  1654 D AutomaticBrightnessController: calculateAmbientLux: [-2023, -1773]: lux=0.0, weight=2025500.0
01-01 12:06:30.287408  1613  1654 D AutomaticBrightnessController: calculateAmbientLux: [-3022, -2023]: lux=50.0, weight=7470022.0
01-01 12:06:30.289360  1613  1654 D AutomaticBrightnessController: calculateAmbientLux: [-3272, -3022]: lux=0.0, weight=1713250.0
01-01 12:06:30.290333  1613  1654 D AutomaticBrightnessController: calculateAmbientLux: [-8550, -3272]: lux=50.0, weight=2.1581744E7
01-01 12:06:30.292102  1613  1654 D AutomaticBrightnessController: calculateAmbientLux: [-9067, -8550]: lux=0.0, weight=616004.0
01-01 12:06:30.292938  1613  1654 D AutomaticBrightnessController: calculateAmbientLux: [-10000, -9067]: lux=50.0, weight=435244.0
01-01 12:06:30.293852  1613  1654 D AutomaticBrightnessController: calculateAmbientLux: totalWeight=5.1005E7, newAmbientLux=42.315327
01-01 12:06:30.294570  1613  1654 D AutomaticBrightnessController: updateAmbientLux: Scheduling ambient lux update for 907834907834 (in 3988 ms)
01-01 12:06:30.295062  1613  1654 D AutomaticBrightnessController: onSensorChanged: lux = 0.0
01-01 12:06:30.542542  1613  1654 D AutomaticBrightnessController: calculateAmbientLux: [0, 100]: lux=50.0, weight=1005000.0
01-01 12:06:30.543409  1613  1654 D AutomaticBrightnessController: calculateAmbientLux: [-260, 0]: lux=0.0, weight=2566200.0
01-01 12:06:30.544262  1613  1654 D AutomaticBrightnessController: calculateAmbientLux: [-521, -260]: lux=50.0, weight=2508079.5
01-01 12:06:30.545040  1613  1654 D AutomaticBrightnessController: calculateAmbientLux: [-779, -521]: lux=0.0, weight=2412300.0
01-01 12:06:30.547364  1613  1654 D AutomaticBrightnessController: calculateAmbientLux: [-2033, -779]: lux=50.0, weight=1.0776876E7
01-01 12:06:30.548376  1613  1654 D AutomaticBrightnessController: calculateAmbientLux: [-2283, -2033]: lux=0.0, weight=1960500.0
01-01 12:06:30.549231  1613  1654 D AutomaticBrightnessController: calculateAmbientLux: [-3282, -2283]: lux=50.0, weight=7210282.0
01-01 12:06:30.550085  1613  1654 D AutomaticBrightnessController: calculateAmbientLux: [-3532, -3282]: lux=0.0, weight=1648250.0
01-01 12:06:30.550987  1613  1654 D AutomaticBrightnessController: calculateAmbientLux: [-8810, -3532]: lux=50.0, weight=2.0209464E7
01-01 12:06:30.551770  1613  1654 D AutomaticBrightnessController: calculateAmbientLux: [-9327, -8810]: lux=0.0, weight=481584.0
01-01 12:06:30.552594  1613  1654 D AutomaticBrightnessController: calculateAmbientLux: [-10000, -9327]: lux=50.0, weight=226464.0
01-01 12:06:30.553331  1613  1654 D AutomaticBrightnessController: calculateAmbientLux: totalWeight=5.1005E7, newAmbientLux=41.109856
01-01 12:06:30.553984  1613  1654 D AutomaticBrightnessController: updateAmbientLux: Scheduling ambient lux update for 908094908094 (in 3988 ms)
01-01 12:06:30.554535  1613  1654 D AutomaticBrightnessController: onSensorChanged: lux = 50.0
01-01 12:06:31.381476  1613  3175 D ActivityManager: SVC-Unbinding service: ServiceRecord{6aa61a3 u0 com.google.android.gms/.icing.service.LightweightIndexService}, app=ProcessRecord{ab3e25f 3639:com.google.android.gms.persistent/u0a29}
01-01 12:06:31.382512  1613  3175 V ActivityManager: >>> EXECUTING unbind of ServiceRecord{6aa61a3 u0 com.google.android.gms/.icing.service.LightweightIndexService} in app ProcessRecord{ab3e25f 3639:com.google.android.gms.persistent/u0a29}
01-01 12:06:31.392053  3639  3639 D ActivityThread: SVC-UNBIND_SERVICE handled : 0 / BindServiceData{token=android.os.BinderProxy@f70b056 intent=Intent { act=com.google.android.gms.icing.LIGHTWEIGHT_INDEX_SERVICE pkg=com.google.android.gms }}
01-01 12:06:31.393535  1613  2479 D ActivityManager: SVC-Executing service done: ServiceRecord{6aa61a3 u0 com.google.android.gms/.icing.service.LightweightIndexService}, type=0, startId=0, res=0
01-01 12:06:31.395431  1613  3175 V ActivityManager: >>> EXECUTING destroy of ServiceRecord{6aa61a3 u0 com.google.android.gms/.icing.service.LightweightIndexService} in app ProcessRecord{ab3e25f 3639:com.google.android.gms.persistent/u0a29}
01-01 12:06:31.400405  3639  3639 D ActivityThread: SVC-Destroying service: com.google.android.gms.icing.service.LightweightIndexService@13978d7
01-01 12:06:31.401408  3639  3639 D ActivityThread: SVC-STOP_SERVICE handled : 0 / android.os.BinderProxy@f70b056
01-01 12:06:31.406083  1613  2479 V ActivityManager: <<< DONE EXECUTING ServiceRecord{6aa61a3 u0 com.google.android.gms/.icing.service.LightweightIndexService}: nesting=2, inDestroying=true, app=ProcessRecord{ab3e25f 3639:com.google.android.gms.persistent/u0a29}
01-01 12:06:31.407585  1613  2479 D ActivityManager: SVC-Executing service done: ServiceRecord{6aa61a3 u0 com.google.android.gms/.icing.service.LightweightIndexService}, type=2, startId=0, res=0
01-01 12:06:31.409478  1613  2479 V ActivityManager: <<< DONE EXECUTING ServiceRecord{6aa61a3 u0 com.google.android.gms/.icing.service.LightweightIndexService}: nesting=1, inDestroying=true, app=ProcessRecord{ab3e25f 3639:com.google.android.gms.persistent/u0a29}
01-01 12:06:31.411840  1613  3159 D ActivityManager: SVC-Unbinding service: ServiceRecord{a74d246 u0 com.google.android.gms/.icing.service.IndexService}, app=ProcessRecord{b1e951f 3360:com.google.android.gms/u0a29}
01-01 12:06:31.412128  1613  3159 V ActivityManager: >>> EXECUTING unbind of ServiceRecord{a74d246 u0 com.google.android.gms/.icing.service.IndexService} in app ProcessRecord{b1e951f 3360:com.google.android.gms/u0a29}
01-01 12:06:31.413498  1613  3159 V ActivityManager: >>> EXECUTING destroy of ServiceRecord{a74d246 u0 com.google.android.gms/.icing.service.IndexService} in app ProcessRecord{b1e951f 3360:com.google.android.gms/u0a29}
01-01 12:06:31.416073  1613  2475 D ActivityManager: SVC-Executing service done: ServiceRecord{a74d246 u0 com.google.android.gms/.icing.service.IndexService}, type=0, startId=0, res=0
01-01 12:06:31.416275  1613  2475 V ActivityManager: <<< DONE EXECUTING ServiceRecord{a74d246 u0 com.google.android.gms/.icing.service.IndexService}: nesting=2, inDestroying=true, app=ProcessRecord{b1e951f 3360:com.google.android.gms/u0a29}
01-01 12:06:31.416957  3360  3360 D ActivityThread: SVC-UNBIND_SERVICE handled : 0 / BindServiceData{token=android.os.BinderProxy@cc282ab intent=Intent { act=com.google.android.gms.icing.INDEX_SERVICE pkg=com.google.android.gms }}
01-01 12:06:31.417209  3360  3360 D ActivityThread: SVC-Destroying service: com.google.android.gms.icing.service.IndexService@de3ed08
01-01 12:06:31.418051  1613  2472 D ActivityManager: SVC-Executing service done: ServiceRecord{a74d246 u0 com.google.android.gms/.icing.service.IndexService}, type=2, startId=0, res=0
01-01 12:06:31.418234  1613  2472 V ActivityManager: <<< DONE EXECUTING ServiceRecord{a74d246 u0 com.google.android.gms/.icing.service.IndexService}: nesting=1, inDestroying=true, app=ProcessRecord{b1e951f 3360:com.google.android.gms/u0a29}
01-01 12:06:31.428111  3360  3360 D ActivityThread: SVC-STOP_SERVICE handled : 0 / android.os.BinderProxy@cc282ab
01-01 12:06:32.572029  1613  1654 D AutomaticBrightnessController: calculateAmbientLux: [0, 100]: lux=0.0, weight=1005000.0
01-01 12:06:32.572895  1613  1654 D AutomaticBrightnessController: calculateAmbientLux: [-2029, 0]: lux=50.0, weight=1.823158E7
01-01 12:06:32.573689  1613  1654 D AutomaticBrightnessController: calculateAmbientLux: [-2289, -2029]: lux=0.0, weight=2038660.0
01-01 12:06:32.574593  1613  1654 D AutomaticBrightnessController: calculateAmbientLux: [-2550, -2289]: lux=50.0, weight=1978510.0
01-01 12:06:32.575391  1613  1654 D AutomaticBrightnessController: calculateAmbientLux: [-2808, -2550]: lux=0.0, weight=1888818.0
01-01 12:06:32.576221  1613  1654 D AutomaticBrightnessController: calculateAmbientLux: [-4062, -2808]: lux=50.0, weight=8232510.0
01-01 12:06:32.577019  1613  1654 D AutomaticBrightnessController: calculateAmbientLux: [-4312, -4062]: lux=0.0, weight=1453250.0
01-01 12:06:32.579406  1613  1654 D AutomaticBrightnessController: calculateAmbientLux: [-5311, -4312]: lux=50.0, weight=5183312.0
01-01 12:06:32.580251  1613  1654 D AutomaticBrightnessController: calculateAmbientLux: [-5561, -5311]: lux=0.0, weight=1141000.0
01-01 12:06:32.581117  1613  1654 D AutomaticBrightnessController: calculateAmbientLux: [-10000, -5561]: lux=50.0, weight=9852360.0
01-01 12:06:32.581847  1613  1654 D AutomaticBrightnessController: calculateAmbientLux: totalWeight=5.1005E7, newAmbientLux=42.62158
01-01 12:06:32.582499  1613  1654 D AutomaticBrightnessController: updateAmbientLux: Scheduling ambient lux update for 910123910123 (in 3989 ms)
01-01 12:06:32.582970  1613  1654 D AutomaticBrightnessController: onSensorChanged: lux = 0.0
01-01 12:06:32.832075  1613  1654 D AutomaticBrightnessController: calculateAmbientLux: [0, 100]: lux=50.0, weight=1005000.0
01-01 12:06:32.833090  1613  1654 D AutomaticBrightnessController: calculateAmbientLux: [-260, 0]: lux=0.0, weight=2566200.0
01-01 12:06:32.833955  1613  1654 D AutomaticBrightnessController: calculateAmbientLux: [-2289, -260]: lux=50.0, weight=1.770404E7
01-01 12:06:32.834748  1613  1654 D AutomaticBrightnessController: calculateAmbientLux: [-2549, -2289]: lux=0.0, weight=1971060.0
01-01 12:06:32.835612  1613  1654 D AutomaticBrightnessController: calculateAmbientLux: [-2810, -2549]: lux=50.0, weight=1910650.0
01-01 12:06:32.836417  1613  1654 D AutomaticBrightnessController: calculateAmbientLux: [-3068, -2810]: lux=0.0, weight=1821738.0
01-01 12:06:32.837255  1613  1654 D AutomaticBrightnessController: calculateAmbientLux: [-4322, -3068]: lux=50.0, weight=7906472.0
01-01 12:06:32.842329  1613  1654 D AutomaticBrightnessController: calculateAmbientLux: [-4572, -4322]: lux=0.0, weight=1388248.0
01-01 12:06:32.843302  1613  1654 D AutomaticBrightnessController: calculateAmbientLux: [-5571, -4572]: lux=50.0, weight=4923572.0
01-01 12:06:32.845506  1613  1654 D AutomaticBrightnessController: calculateAmbientLux: [-5821, -5571]: lux=0.0, weight=1076000.0
01-01 12:06:32.846451  1613  1654 D AutomaticBrightnessController: calculateAmbientLux: [-10000, -5821]: lux=50.0, weight=8732020.0
01-01 12:06:32.847199  1613  1654 D AutomaticBrightnessController: calculateAmbientLux: totalWeight=5.1005E7, newAmbientLux=41.350605
01-01 12:06:32.848793  1613  1654 D AutomaticBrightnessController: updateAmbientLux: Scheduling ambient lux update for 910383910383 (in 3984 ms)
01-01 12:06:32.848972  1613  1654 D AutomaticBrightnessController: onSensorChanged: lux = 50.0
01-01 12:06:33.178782   968  1605 D NetlinkEvent: clear RA flag done
01-01 12:06:33.179006   968  1605 D SocketClient: SocketClient sendData done: 600 Iface linkstate wlan0 down
01-01 12:06:33.179478  1613  2224 D NetdConnector: RCV <- {600 Iface linkstate wlan0 down}
01-01 12:06:33.180853  1613  1648 D NetworkManagement: onEvent:600 Iface linkstate wlan0 down:5
01-01 12:06:33.414006  1613  2228 V ActivityManager: Broadcast: Intent { act=android.net.wifi.SCAN_RESULTS flg=0x4000010 (has extras) } ordered=false userid=-1 callerApp=ProcessRecord{dcbe4d3 1613:system/1000}
01-01 12:06:33.415022  1613  1646 V BroadcastQueue: Processing parallel broadcast [background] BroadcastRecord{dc190ce u-1 android.net.wifi.SCAN_RESULTS}, 2 receivers
01-01 12:06:33.415284  1613  1646 D BroadcastQueue: BroadcastRecord{dc190ce u-1 android.net.wifi.SCAN_RESULTS}, #0 BroadcastFilter{9b8cfac u0 ReceiverList{450795f 1613 system/1000/u0 local:748bdfe}}
01-01 12:06:33.415579  1613  1646 D BroadcastQueue: BDC-Delivering broadcast: Intent { act=android.net.wifi.SCAN_RESULTS flg=0x4000010 (has extras) }, queue=background, ordered=false, filter=BroadcastFilter{9b8cfac u0 ReceiverList{450795f 1613 system/1000/u0 local:748bdfe}}, receiver=null
01-01 12:06:33.415933  1613  1646 D BroadcastQueue: BroadcastRecord{dc190ce u-1 android.net.wifi.SCAN_RESULTS}, #1 BroadcastFilter{e63d389 u0 ReceiverList{909de90 3639 com.google.android.gms.persistent/10029/u0 remote:2baa553}}
01-01 12:06:33.416225  1613  1646 D BroadcastQueue: BDC-Delivering broadcast: Intent { act=android.net.wifi.SCAN_RESULTS flg=0x4000010 (has extras) }, queue=background, ordered=false, filter=BroadcastFilter{e63d389 u0 ReceiverList{909de90 3639 com.google.android.gms.persistent/10029/u0 remote:2baa553}}, receiver=null
01-01 12:06:33.416301  1613  1613 D ActivityThread: BDC-Calling onReceive: intent=Intent { act=android.net.wifi.SCAN_RESULTS flg=0x4000010 (has extras) }, ordered=true, receiver=com.android.server.wifi.WifiNotificationController$1@320c5b9, IIntentReceiver=748bdfe
01-01 12:06:33.416816  1613  1646 D BroadcastQueue: Non-ordered [background] BroadcastRecord{dc190ce u-1 android.net.wifi.SCAN_RESULTS}, 2 receivers, Total: 2, Waiting: 1, Processing: 1
01-01 12:06:33.416987  1613  1613 I WifiNotificationController: checkAndSetNotification, state:DISCONNECTED
01-01 12:06:33.418085  3639  3853 D ActivityThread: BDC-Calling onReceive: intent=Intent { act=android.net.wifi.SCAN_RESULTS flg=0x4000010 (has extras) }, ordered=true, receiver=com.google.android.location.os.real.z@b477db, IIntentReceiver=757ee91
01-01 12:06:33.455733  1613  1613 D WifiNotificationController: Connecting networkId:-1, isConnecting:false
01-01 12:06:33.455814  1613  1613 I WifiNotificationController: Open network num:23
01-01 12:06:33.455919  1613  1613 D WifiNotificationController: Supplicant state is SCANNING when interpret scan results.
01-01 12:06:33.455994  1613  1613 D WifiNotificationController: Not enough time has passed to show the notification again.
01-01 12:06:34.574753  1613  2479 V ActivityManager: Broadcast sticky: Intent { act=android.intent.action.SIG_STR flg=0x20000010 (has extras) } ordered=false userid=-1 callerApp=ProcessRecord{dcbe4d3 1613:system/1000}
01-01 12:06:34.853019  1613  1654 D AutomaticBrightnessController: calculateAmbientLux: [0, 100]: lux=0.0, weight=1005000.0
01-01 12:06:34.854042  1613  1654 D AutomaticBrightnessController: calculateAmbientLux: [-2021, 0]: lux=50.0, weight=1.816778E7
01-01 12:06:34.854840  1613  1654 D AutomaticBrightnessController: calculateAmbientLux: [-2281, -2021]: lux=0.0, weight=2040740.0
01-01 12:06:34.855743  1613  1654 D AutomaticBrightnessController: calculateAmbientLux: [-4310, -2281]: lux=50.0, weight=1.3603432E7
01-01 12:06:34.856526  1613  1654 D AutomaticBrightnessController: calculateAmbientLux: [-4570, -4310]: lux=0.0, weight=1445600.0
01-01 12:06:34.857366  1613  1654 D AutomaticBrightnessController: calculateAmbientLux: [-4831, -4570]: lux=50.0, weight=1383168.0
01-01 12:06:34.859529  1613  1654 D AutomaticBrightnessController: calculateAmbientLux: [-5089, -4831]: lux=0.0, weight=1300320.0
01-01 12:06:34.860463  1613  1654 D AutomaticBrightnessController: calculateAmbientLux: [-6343, -5089]: lux=50.0, weight=5372136.0
01-01 12:06:34.861230  1613  1654 D AutomaticBrightnessController: calculateAmbientLux: [-6593, -6343]: lux=0.0, weight=883000.0
01-01 12:06:34.862091  1613  1654 D AutomaticBrightnessController: calculateAmbientLux: [-7592, -6593]: lux=50.0, weight=2904592.0
01-01 12:06:34.862876  1613  1654 D AutomaticBrightnessController: calculateAmbientLux: [-7842, -7592]: lux=0.0, weight=570752.0
01-01 12:06:34.863731  1613  1654 D AutomaticBrightnessController: calculateAmbientLux: [-10000, -7842]: lux=50.0, weight=2328480.0
01-01 12:06:34.864461  1613  1654 D AutomaticBrightnessController: calculateAmbientLux: totalWeight=5.1005E7, newAmbientLux=42.89735
01-01 12:06:34.865111  1613  1654 D AutomaticBrightnessController: updateAmbientLux: Scheduling ambient lux update for 912404912404 (in 3987 ms)
01-01 12:06:34.865583  1613  1654 D AutomaticBrightnessController: onSensorChanged: lux = 0.0
01-01 12:06:35.103230  1613  1654 D AutomaticBrightnessController: calculateAmbientLux: [0, 100]: lux=50.0, weight=1005000.0
01-01 12:06:35.104117  1613  1654 D AutomaticBrightnessController: calculateAmbientLux: [-250, 0]: lux=0.0, weight=2468750.0
01-01 12:06:35.104997  1613  1654 D AutomaticBrightnessController: calculateAmbientLux: [-2271, -250]: lux=50.0, weight=1.766253E7
01-01 12:06:35.107080  1613  1654 D AutomaticBrightnessController: calculateAmbientLux: [-2531, -2271]: lux=0.0, weight=1975740.0
01-01 12:06:35.108219  1613  1654 D AutomaticBrightnessController: calculateAmbientLux: [-4560, -2531]: lux=50.0, weight=1.309618E7
01-01 12:06:35.109009  1613  1654 D AutomaticBrightnessController: calculateAmbientLux: [-4820, -4560]: lux=0.0, weight=1380600.0
01-01 12:06:35.109927  1613  1654 D AutomaticBrightnessController: calculateAmbientLux: [-5081, -4820]: lux=50.0, weight=1317920.0
01-01 12:06:35.110718  1613  1654 D AutomaticBrightnessController: calculateAmbientLux: [-5339, -5081]: lux=0.0, weight=1235820.0
01-01 12:06:35.111559  1613  1654 D AutomaticBrightnessController: calculateAmbientLux: [-6593, -5339]: lux=50.0, weight=5058636.0
01-01 12:06:35.112328  1613  1654 D AutomaticBrightnessController: calculateAmbientLux: [-6843, -6593]: lux=0.0, weight=820500.0
01-01 12:06:35.113174  1613  1654 D AutomaticBrightnessController: calculateAmbientLux: [-7842, -6843]: lux=50.0, weight=2654844.0
01-01 12:06:35.113956  1613  1654 D AutomaticBrightnessController: calculateAmbientLux: [-8092, -7842]: lux=0.0, weight=508248.0
01-01 12:06:35.114818  1613  1654 D AutomaticBrightnessController: calculateAmbientLux: [-10000, -8092]: lux=50.0, weight=1820232.0
01-01 12:06:35.115541  1613  1654 D AutomaticBrightnessController: calculateAmbientLux: totalWeight=5.1005E7, newAmbientLux=41.77565
01-01 12:06:35.116193  1613  1654 D AutomaticBrightnessController: updateAmbientLux: Scheduling ambient lux update for 912654912654 (in 3986 ms)
01-01 12:06:35.116747  1613  1654 D AutomaticBrightnessController: onSensorChanged: lux = 50.0
01-01 12:06:35.603356  1613  1654 D AutomaticBrightnessController: calculateAmbientLux: [0, 100]: lux=0.0, weight=1005000.0
01-01 12:06:35.604269  1613  1654 D AutomaticBrightnessController: calculateAmbientLux: [-500, 0]: lux=50.0, weight=4875000.0
01-01 12:06:35.605063  1613  1654 D AutomaticBrightnessController: calculateAmbientLux: [-750, -500]: lux=0.0, weight=2343750.0
01-01 12:06:35.605922  1613  1654 D AutomaticBrightnessController: calculateAmbientLux: [-2771, -750]: lux=50.0, weight=1.665203E7
01-01 12:06:35.606718  1613  1654 D AutomaticBrightnessController: calculateAmbientLux: [-3031, -2771]: lux=0.0, weight=1845740.0
01-01 12:06:35.607611  1613  1654 D AutomaticBrightnessController: calculateAmbientLux: [-5060, -3031]: lux=50.0, weight=1.208168E7
01-01 12:06:35.609515  1613  1654 D AutomaticBrightnessController: calculateAmbientLux: [-5320, -5060]: lux=0.0, weight=1250600.0
01-01 12:06:35.610357  1613  1654 D AutomaticBrightnessController: calculateAmbientLux: [-5581, -5320]: lux=50.0, weight=1187420.0
01-01 12:06:35.611151  1613  1654 D AutomaticBrightnessController: calculateAmbientLux: [-5839, -5581]: lux=0.0, weight=1106820.0
01-01 12:06:35.611988  1613  1654 D AutomaticBrightnessController: calculateAmbientLux: [-7093, -5839]: lux=50.0, weight=4431636.0
01-01 12:06:35.612789  1613  1654 D AutomaticBrightnessController: calculateAmbientLux: [-7343, -7093]: lux=0.0, weight=695500.0
01-01 12:06:35.613641  1613  1654 D AutomaticBrightnessController: calculateAmbientLux: [-8342, -7343]: lux=50.0, weight=2155344.0
01-01 12:06:35.614422  1613  1654 D AutomaticBrightnessController: calculateAmbientLux: [-8592, -8342]: lux=0.0, weight=383248.0
01-01 12:06:35.615250  1613  1654 D AutomaticBrightnessController: calculateAmbientLux: [-10000, -8592]: lux=50.0, weight=991232.0
01-01 12:06:35.615958  1613  1654 D AutomaticBrightnessController: calculateAmbientLux: totalWeight=5.1005E7, newAmbientLux=41.5394
01-01 12:06:35.618814  1613  1654 D AutomaticBrightnessController: updateAmbientLux: Scheduling ambient lux update for 913154913154 (in 3983 ms)
01-01 12:06:35.618958  1613  1654 D AutomaticBrightnessController: onSensorChanged: lux = 0.0
01-01 12:06:35.873305  1613  1654 D AutomaticBrightnessController: calculateAmbientLux: [0, 100]: lux=50.0, weight=1005000.0
01-01 12:06:35.874133  1613  1654 D AutomaticBrightnessController: calculateAmbientLux: [-270, 0]: lux=0.0, weight=2663550.0
01-01 12:06:35.874943  1613  1654 D AutomaticBrightnessController: calculateAmbientLux: [-770, -270]: lux=50.0, weight=4740000.0
01-01 12:06:35.875806  1613  1654 D AutomaticBrightnessController: calculateAmbientLux: [-1020, -770]: lux=0.0, weight=2276250.0
