----- timezone:GMT
01-01 12:06:09.691407  1613  1654 D AutomaticBrightnessController: calculateAmbientLux: [-5500, -5251]: lux=0.0, weight=1151500.0
01-01 12:06:09.691770  1613  1654 D AutomaticBrightnessController: calculateAmbientLux: [-6998, -5500]: lux=50.0, weight=5619000.0
01-01 12:06:09.692069  1613  1654 D AutomaticBrightnessController: calculateAmbientLux: [-7263, -6998]: lux=0.0, weight=760416.0
01-01 12:06:09.692389  1613  1654 D AutomaticBrightnessController: calculateAmbientLux: [-8520, -7263]: lux=50.0, weight=2650384.0
01-01 12:06:09.692697  1613  1654 D AutomaticBrightnessController: calculateAmbientLux: [-8769, -8520]: lux=0.0, weight=337520.0
01-01 12:06:09.693007  1613  1654 D AutomaticBrightnessController: calculateAmbientLux: [-10000, -8769]: lux=50.0, weight=757680.0
01-01 12:06:09.693285  1613  1654 D AutomaticBrightnessController: calculateAmbientLux: totalWeight=5.1005E7, newAmbientLux=42.35031
01-01 12:06:09.693539  1613  1654 D AutomaticBrightnessController: updateAmbientLux: Scheduling ambient lux update for 887241887241 (in 3996 ms)
01-01 12:06:09.693764  1613  1654 D AutomaticBrightnessController: onSensorChanged: lux = 50.0
01-01 12:06:09.784865  1613  2218 D PowerManagerService: userActivityFromNative
01-01 12:06:09.785161  1613  2218 D PowerManagerService: userActivityNoUpdateLocked: eventTime=883335, event=2, flags=0x0, uid=1000
01-01 12:06:09.785356  1613  2218 D PowerManagerNotifier: onUserActivity: event=2, uid=1000
01-01 12:06:09.785921  1613  2218 D PowerManagerService: updateUserActivitySummaryLocked: mWakefulness=Awake, mUserActivitySummary=0x1, nextTimeout=936335 (in 52997 ms)
01-01 12:06:09.786432  1613  2218 D DisplayPowerController: requestPowerState: policy=BRIGHT, useProximitySensor=false, screenBrightness=102, screenAutoBrightnessAdjustment=0.8, brightnessSetByUser=true, useAutoBrightness=true, blockScreenOn=false, lowPowerMode=false, boostScreenBrightness=false, dozeScreenBrightness=-1, dozeScreenState=UNKNOWN, waitForNegativeProximity=false
01-01 12:06:09.786546  1613  2218 I PowerManagerService: setBrightness mButtonLight 0.
01-01 12:06:09.786820  1613  2218 D PowerManagerService: updateDisplayPowerStateLocked: mDisplayReady=true, policy=3, mWakefulness=1, mWakeLockSummary=0x0, mUserActivitySummary=0x1, mBootCompleted=true, mScreenBrightnessBoostInProgress=false
01-01 12:06:09.939384  1613  1654 D AutomaticBrightnessController: calculateAmbientLux: [0, 100]: lux=0.0, weight=1005000.0
01-01 12:06:09.939778  1613  1654 D AutomaticBrightnessController: calculateAmbientLux: [-250, 0]: lux=50.0, weight=2468750.0
01-01 12:06:09.940114  1613  1654 D AutomaticBrightnessController: calculateAmbientLux: [-499, -250]: lux=0.0, weight=2396749.5
01-01 12:06:09.940485  1613  1654 D AutomaticBrightnessController: calculateAmbientLux: [-3246, -499]: lux=50.0, weight=2.2326242E7
01-01 12:06:09.940809  1613  1654 D AutomaticBrightnessController: calculateAmbientLux: [-3499, -3246]: lux=0.0, weight=1676758.0
01-01 12:06:09.941145  1613  1654 D AutomaticBrightnessController: calculateAmbientLux: [-4747, -3499]: lux=50.0, weight=7334496.0
01-01 12:06:09.941532  1613  1654 D AutomaticBrightnessController: calculateAmbientLux: [-4999, -4747]: lux=0.0, weight=1292004.0
01-01 12:06:09.941875  1613  1654 D AutomaticBrightnessController: calculateAmbientLux: [-5501, -4999]: lux=50.0, weight=2384500.0
01-01 12:06:09.942203  1613  1654 D AutomaticBrightnessController: calculateAmbientLux: [-5750, -5501]: lux=0.0, weight=1089252.0
01-01 12:06:09.942546  1613  1654 D AutomaticBrightnessController: calculateAmbientLux: [-7248, -5750]: lux=50.0, weight=5244496.0
01-01 12:06:09.942873  1613  1654 D AutomaticBrightnessController: calculateAmbientLux: [-7513, -7248]: lux=0.0, weight=694168.0
01-01 12:06:09.944222  1613  1654 D AutomaticBrightnessController: calculateAmbientLux: [-8770, -7513]: lux=50.0, weight=2336136.0
01-01 12:06:09.944582  1613  1654 D AutomaticBrightnessController: calculateAmbientLux: [-9019, -8770]: lux=0.0, weight=275268.0
01-01 12:06:09.944901  1613  1654 D AutomaticBrightnessController: calculateAmbientLux: [-10000, -9019]: lux=50.0, weight=481180.0
01-01 12:06:09.945185  1613  1654 D AutomaticBrightnessController: calculateAmbientLux: totalWeight=5.1005E7, newAmbientLux=41.73689
01-01 12:06:09.945443  1613  1654 D AutomaticBrightnessController: updateAmbientLux: Scheduling ambient lux update for 887491887491 (in 3994 ms)
01-01 12:06:09.945647  1613  1654 D AutomaticBrightnessController: onSensorChanged: lux = 0.0
01-01 12:06:10.189611  1613  1654 D AutomaticBrightnessController: calculateAmbientLux: [0, 100]: lux=50.0, weight=1005000.0
01-01 12:06:10.190009  1613  1654 D AutomaticBrightnessController: calculateAmbientLux: [-250, 0]: lux=0.0, weight=2468750.0
01-01 12:06:10.190272  1613  1654 D AutomaticBrightnessController: calculateAmbientLux: [-500, -250]: lux=50.0, weight=2406250.0
01-01 12:06:10.190592  1613  1654 D AutomaticBrightnessController: calculateAmbientLux: [-749, -500]: lux=0.0, weight=2334499.5
01-01 12:06:10.190877  1613  1654 D AutomaticBrightnessController: calculateAmbientLux: [-3496, -749]: lux=50.0, weight=2.1639492E7
01-01 12:06:10.191129  1613  1654 D AutomaticBrightnessController: calculateAmbientLux: [-3749, -3496]: lux=0.0, weight=1613508.0
01-01 12:06:10.191392  1613  1654 D AutomaticBrightnessController: calculateAmbientLux: [-4997, -3749]: lux=50.0, weight=7022496.0
01-01 12:06:10.191706  1613  1654 D AutomaticBrightnessController: calculateAmbientLux: [-5249, -4997]: lux=0.0, weight=1229004.0
01-01 12:06:10.191967  1613  1654 D AutomaticBrightnessController: calculateAmbientLux: [-5751, -5249]: lux=50.0, weight=2259000.0
01-01 12:06:10.192787  1613  1654 D AutomaticBrightnessController: calculateAmbientLux: [-6000, -5751]: lux=0.0, weight=1027000.0
01-01 12:06:10.193211  1613  1654 D AutomaticBrightnessController: calculateAmbientLux: [-7498, -6000]: lux=50.0, weight=4870000.0
01-01 12:06:10.193498  1613  1654 D AutomaticBrightnessController: calculateAmbientLux: [-7763, -7498]: lux=0.0, weight=627916.0
01-01 12:06:10.193778  1613  1654 D AutomaticBrightnessController: calculateAmbientLux: [-9020, -7763]: lux=50.0, weight=2021884.0
01-01 12:06:10.194025  1613  1654 D AutomaticBrightnessController: calculateAmbientLux: [-9269, -9020]: lux=0.0, weight=213020.0
01-01 12:06:10.194281  1613  1654 D AutomaticBrightnessController: calculateAmbientLux: [-10000, -9269]: lux=50.0, weight=267180.0
01-01 12:06:10.194519  1613  1654 D AutomaticBrightnessController: calculateAmbientLux: totalWeight=5.1005E7, newAmbientLux=40.673756
01-01 12:06:10.194742  1613  1654 D AutomaticBrightnessController: updateAmbientLux: Scheduling ambient lux update for 887741887741 (in 3995 ms)
01-01 12:06:10.194959  1613  1654 D AutomaticBrightnessController: onSensorChanged: lux = 50.0
01-01 12:06:10.689050  1613  1654 D AutomaticBrightnessController: calculateAmbientLux: [0, 100]: lux=0.0, weight=1005000.0
01-01 12:06:10.689290  1613  1654 D AutomaticBrightnessController: calculateAmbientLux: [-500, 0]: lux=50.0, weight=4875000.0
01-01 12:06:10.689572  1613  1654 D AutomaticBrightnessController: calculateAmbientLux: [-750, -500]: lux=0.0, weight=2343750.0
01-01 12:06:10.689777  1613  1654 D AutomaticBrightnessController: calculateAmbientLux: [-1000, -750]: lux=50.0, weight=2281250.0
01-01 12:06:10.689969  1613  1654 D AutomaticBrightnessController: calculateAmbientLux: [-1249, -1000]: lux=0.0, weight=2210000.0
01-01 12:06:10.690191  1613  1654 D AutomaticBrightnessController: calculateAmbientLux: [-3996, -1249]: lux=50.0, weight=2.0265992E7
01-01 12:06:10.690384  1613  1654 D AutomaticBrightnessController: calculateAmbientLux: [-4249, -3996]: lux=0.0, weight=1487008.0
01-01 12:06:10.690588  1613  1654 D AutomaticBrightnessController: calculateAmbientLux: [-5497, -4249]: lux=50.0, weight=6398496.0
01-01 12:06:10.690780  1613  1654 D AutomaticBrightnessController: calculateAmbientLux: [-5749, -5497]: lux=0.0, weight=1103004.0
01-01 12:06:10.690977  1613  1654 D AutomaticBrightnessController: calculateAmbientLux: [-6251, -5749]: lux=50.0, weight=2008000.0
01-01 12:06:10.691166  1613  1654 D AutomaticBrightnessController: calculateAmbientLux: [-6500, -6251]: lux=0.0, weight=902500.0
01-01 12:06:10.691364  1613  1654 D AutomaticBrightnessController: calculateAmbientLux: [-7998, -6500]: lux=50.0, weight=4121000.0
01-01 12:06:10.691553  1613  1654 D AutomaticBrightnessController: calculateAmbientLux: [-8263, -7998]: lux=0.0, weight=495416.0
01-01 12:06:10.691756  1613  1654 D AutomaticBrightnessController: calculateAmbientLux: [-9520, -8263]: lux=50.0, weight=1393384.0
01-01 12:06:10.691939  1613  1654 D AutomaticBrightnessController: calculateAmbientLux: [-9769, -9520]: lux=0.0, weight=88520.0
01-01 12:06:10.692125  1613  1654 D AutomaticBrightnessController: calculateAmbientLux: [-10000, -9769]: lux=50.0, weight=26680.0
01-01 12:06:10.692298  1613  1654 D AutomaticBrightnessController: calculateAmbientLux: totalWeight=5.1005E7, newAmbientLux=40.554657
01-01 12:06:10.692458  1613  1654 D AutomaticBrightnessController: updateAmbientLux: Scheduling ambient lux update for 888241888241 (in 3997 ms)
01-01 12:06:10.692591  1613  1654 D AutomaticBrightnessController: onSensorChanged: lux = 0.0
01-01 12:06:10.939211  1613  1654 D AutomaticBrightnessController: calculateAmbientLux: [0, 100]: lux=50.0, weight=1005000.0
01-01 12:06:10.939532  1613  1654 D AutomaticBrightnessController: calculateAmbientLux: [-250, 0]: lux=0.0, weight=2468750.0
01-01 12:06:10.940030  1613  1654 D AutomaticBrightnessController: calculateAmbientLux: [-750, -250]: lux=50.0, weight=4750000.0
01-01 12:06:10.940340  1613  1654 D AutomaticBrightnessController: calculateAmbientLux: [-1000, -750]: lux=0.0, weight=2281250.0
01-01 12:06:10.940659  1613  1654 D AutomaticBrightnessController: calculateAmbientLux: [-1250, -1000]: lux=50.0, weight=2218750.0
01-01 12:06:10.940960  1613  1654 D AutomaticBrightnessController: calculateAmbientLux: [-1499, -1250]: lux=0.0, weight=2147750.0
01-01 12:06:10.941301  1613  1654 D AutomaticBrightnessController: calculateAmbientLux: [-4246, -1499]: lux=50.0, weight=1.9579242E7
01-01 12:06:10.941619  1613  1654 D AutomaticBrightnessController: calculateAmbientLux: [-4499, -4246]: lux=0.0, weight=1423758.0
01-01 12:06:10.941938  1613  1654 D AutomaticBrightnessController: calculateAmbientLux: [-5747, -4499]: lux=50.0, weight=6086496.0
01-01 12:06:10.942240  1613  1654 D AutomaticBrightnessController: calculateAmbientLux: [-5999, -5747]: lux=0.0, weight=1040004.0
01-01 12:06:10.942554  1613  1654 D AutomaticBrightnessController: calculateAmbientLux: [-6501, -5999]: lux=50.0, weight=1882500.0
01-01 12:06:10.942851  1613  1654 D AutomaticBrightnessController: calculateAmbientLux: [-6750, -6501]: lux=0.0, weight=840252.0
01-01 12:06:10.943172  1613  1654 D AutomaticBrightnessController: calculateAmbientLux: [-8248, -6750]: lux=50.0, weight=3746496.0
01-01 12:06:10.943470  1613  1654 D AutomaticBrightnessController: calculateAmbientLux: [-8513, -8248]: lux=0.0, weight=429168.0
01-01 12:06:10.943814  1613  1654 D AutomaticBrightnessController: calculateAmbientLux: [-9770, -8513]: lux=50.0, weight=1079136.0
01-01 12:06:10.944107  1613  1654 D AutomaticBrightnessController: calculateAmbientLux: [-10000, -9770]: lux=0.0, weight=26448.0
01-01 12:06:10.944404  1613  1654 D AutomaticBrightnessController: calculateAmbientLux: totalWeight=5.1005004E7, newAmbientLux=39.552612
01-01 12:06:10.944660  1613  1654 D AutomaticBrightnessController: updateAmbientLux: Scheduling ambient lux update for 888491888491 (in 3995 ms)
01-01 12:06:10.944888  1613  1654 D AutomaticBrightnessController: onSensorChanged: lux = 50.0
01-01 12:06:11.062605  1613  1613 V ActivityManager: Broadcast sticky: Intent { act=android.intent.action.BATTERY_CHANGED flg=0x60000010 (has extras) } ordered=false userid=-1 callerApp=null
01-01 12:06:11.066452  1613  1646 V BroadcastQueue: Processing parallel broadcast [background] BroadcastRecord{62bf3b9 u-1 android.intent.action.BATTERY_CHANGED}, 18 receivers
01-01 12:06:11.066918  1613  1646 D BroadcastQueue: BroadcastRecord{62bf3b9 u-1 android.intent.action.BATTERY_CHANGED}, #0 BroadcastFilter{4b4cba u0 ReceiverList{805a9e5 1613 system/1000/u0 local:625e4dc}}
01-01 12:06:11.067521  1613  1646 D BroadcastQueue: BDC-Delivering broadcast: Intent { act=android.intent.action.BATTERY_CHANGED flg=0x60000010 (has extras) }, queue=background, ordered=false, filter=BroadcastFilter{4b4cba u0 ReceiverList{805a9e5 1613 system/1000/u0 local:625e4dc}}, receiver=null
01-01 12:06:11.068478  1613  1646 D BroadcastQueue: BroadcastRecord{62bf3b9 u-1 android.intent.action.BATTERY_CHANGED}, #1 BroadcastFilter{caaf0f3 u0 ReceiverList{b2c762 1613 system/1000/u0 local:1d9462d}}
01-01 12:06:11.069118  1613  1654 D ActivityThread: BDC-Calling onReceive: intent=Intent { act=android.intent.action.BATTERY_CHANGED flg=0x60000010 (has extras) }, ordered=true, receiver=com.android.server.power.PowerManagerService$BatteryReceiver@d7ce54f, IIntentReceiver=625e4dc
01-01 12:06:11.069363  1613  1646 D BroadcastQueue: BDC-Delivering broadcast: Intent { act=android.intent.action.BATTERY_CHANGED flg=0x60000010 (has extras) }, queue=background, ordered=false, filter=BroadcastFilter{caaf0f3 u0 ReceiverList{b2c762 1613 system/1000/u0 local:1d9462d}}, receiver=null
01-01 12:06:11.069992  1613  1646 D BroadcastQueue: BroadcastRecord{62bf3b9 u-1 android.intent.action.BATTERY_CHANGED}, #2 BroadcastFilter{d63173d u0 ReceiverList{bf9d094 1613 system/1000/u0 local:b72cce7}}
01-01 12:06:11.070502  1613  1654 D PowerManagerService: updateIsPoweredLocked: wasPowered=false, mIsPowered=false, oldPlugType=0, mPlugType=0, mBatteryLevel=39
01-01 12:06:11.070502  1613  1646 D BroadcastQueue: BDC-Delivering broadcast: Intent { act=android.intent.action.BATTERY_CHANGED flg=0x60000010 (has extras) }, queue=background, ordered=false, filter=BroadcastFilter{d63173d u0 ReceiverList{bf9d094 1613 system/1000/u0 local:b72cce7}}, receiver=null
01-01 12:06:11.071096  1613  1646 D BroadcastQueue: BroadcastRecord{62bf3b9 u-1 android.intent.action.BATTERY_CHANGED}, #3 BroadcastFilter{d267506 u0 ReceiverList{f6653e1 1613 system/1000/u0 local:a6f4948}}
01-01 12:06:11.071298  1613  1613 D ActivityThread: BDC-Calling onReceive: intent=Intent { act=android.intent.action.BATTERY_CHANGED flg=0x60000010 (has extras) }, ordered=true, receiver=com.android.server.policy.PhoneWindowManager$14@720a544, IIntentReceiver=1d9462d
01-01 12:06:11.071582  1613  1646 D BroadcastQueue: BDC-Delivering broadcast: Intent { act=android.intent.action.BATTERY_CHANGED flg=0x60000010 (has extras) }, queue=background, ordered=false, filter=BroadcastFilter{d267506 u0 ReceiverList{f6653e1 1613 system/1000/u0 local:a6f4948}}, receiver=null
01-01 12:06:11.072116  1613  1646 D BroadcastQueue: BroadcastRecord{62bf3b9 u-1 android.intent.action.BATTERY_CHANGED}, #4 BroadcastFilter{f4b8c u0 ReceiverList{d05f8bf 1613 system/1000/u0 local:f311ede}}
01-01 12:06:11.072584  1613  1646 D BroadcastQueue: BDC-Delivering broadcast: Intent { act=android.intent.action.BATTERY_CHANGED flg=0x60000010 (has extras) }, queue=background, ordered=false, filter=BroadcastFilter{f4b8c u0 ReceiverList{d05f8bf 1613 system/1000/u0 local:f311ede}}, receiver=null
01-01 12:06:11.073129  1613  1646 D BroadcastQueue: BroadcastRecord{62bf3b9 u-1 android.intent.action.BATTERY_CHANGED}, #5 BroadcastFilter{888242e u0 ReceiverList{ca226a9 2512 com.android.systemui/10016/u0 remote:f0a30}}
01-01 12:06:11.073629  1613  1646 D BroadcastQueue: BDC-Delivering broadcast: Intent { act=android.intent.action.BATTERY_CHANGED flg=0x60000010 (has extras) }, queue=background, ordered=false, filter=BroadcastFilter{888242e u0 ReceiverList{ca226a9 2512 com.android.systemui/10016/u0 remote:f0a30}}, receiver=null
01-01 12:06:11.074772  1613  1646 D BroadcastQueue: BroadcastRecord{62bf3b9 u-1 android.intent.action.BATTERY_CHANGED}, #6 BroadcastFilter{1d47041 u0 ReceiverList{54c9b28 2512 com.android.systemui/10016/u0 remote:606954b}}
01-01 12:06:11.075295  1613  1646 D BroadcastQueue: BDC-Delivering broadcast: Intent { act=android.intent.action.BATTERY_CHANGED flg=0x60000010 (has extras) }, queue=background, ordered=false, filter=BroadcastFilter{1d47041 u0 ReceiverList{54c9b28 2512 com.android.systemui/10016/u0 remote:606954b}}, receiver=null
01-01 12:06:11.075323  2512  2512 D ActivityThread: BDC-Calling onReceive: intent=Intent { act=android.intent.action.BATTERY_CHANGED flg=0x60000010 (has extras) }, ordered=true, receiver=com.android.keyguard.KeyguardUpdateMonitor$5@4eb0abc, IIntentReceiver=9db4557
01-01 12:06:11.077407  2512  2512 D ActivityThread: BDC-Calling onReceive: intent=Intent { act=android.intent.action.BATTERY_CHANGED flg=0x60000010 (has extras) }, ordered=true, receiver=com.android.systemui.power.PowerUI$Receiver@a28f6d4, IIntentReceiver=8ba1f29
01-01 12:06:11.078444  2512  2512 D PowerUI : oldTemp=310, mTemp=310
01-01 12:06:11.078450  1613  1646 D BroadcastQueue: BroadcastRecord{62bf3b9 u-1 android.intent.action.BATTERY_CHANGED}, #7 BroadcastFilter{27a0918 u0 ReceiverList{f4e44fb 2512 com.android.systemui/10016/u0 remote:30e468a}}
01-01 12:06:11.079059  1613  1646 D BroadcastQueue: BDC-Delivering broadcast: Intent { act=android.intent.action.BATTERY_CHANGED flg=0x60000010 (has extras) }, queue=background, ordered=false, filter=BroadcastFilter{27a0918 u0 ReceiverList{f4e44fb 2512 com.android.systemui/10016/u0 remote:30e468a}}, receiver=null
01-01 12:06:11.081729  1613  1646 D BroadcastQueue: BroadcastRecord{62bf3b9 u-1 android.intent.action.BATTERY_CHANGED}, #8 BroadcastFilter{baadeb1 u0 ReceiverList{d36fd58 3079 com.android.phone/1001/u0 remote:251623b}}
01-01 12:06:11.082306  2512  2512 D PowerUI : show_hot_plug_dialog: true
01-01 12:06:11.082455  2512  2512 D PowerUI : show_otg_cable_dialog: true
01-01 12:06:11.082879  2512  2512 D ActivityThread: BDC-Calling onReceive: intent=Intent { act=android.intent.action.BATTERY_CHANGED flg=0x60000010 (has extras) }, ordered=true, receiver=com.android.systemui.statusbar.policy.BatteryController@80aeafc, IIntentReceiver=a93ee3d
01-01 12:06:11.083413  1613  1646 D BroadcastQueue: BDC-Delivering broadcast: Intent { act=android.intent.action.BATTERY_CHANGED flg=0x60000010 (has extras) }, queue=background, ordered=false, filter=BroadcastFilter{baadeb1 u0 ReceiverList{d36fd58 3079 com.android.phone/1001/u0 remote:251623b}}, receiver=null
01-01 12:06:11.084417  1613  1646 D BroadcastQueue: BroadcastRecord{62bf3b9 u-1 android.intent.action.BATTERY_CHANGED}, #9 BroadcastFilter{5616569 u0 ReceiverList{add0bf0 3079 com.android.phone/1001/u0 remote:12ac33}}
01-01 12:06:11.084857  1613  1646 D BroadcastQueue: BDC-Delivering broadcast: Intent { act=android.intent.action.BATTERY_CHANGED flg=0x60000010 (has extras) }, queue=background, ordered=false, filter=BroadcastFilter{5616569 u0 ReceiverList{add0bf0 3079 com.android.phone/1001/u0 remote:12ac33}}, receiver=null
01-01 12:06:11.084901  3079  3079 D ActivityThread: BDC-Calling onReceive: intent=Intent { act=android.intent.action.BATTERY_CHANGED flg=0x60000010 (has extras) }, ordered=true, receiver=com.mediatek.internal.telephony.dataconnection.FdManager$1@3c19d52, IIntentReceiver=c77e24c
01-01 12:06:11.086042  1613  1646 D BroadcastQueue: BroadcastRecord{62bf3b9 u-1 android.intent.action.BATTERY_CHANGED}, #10 BroadcastFilter{e4d5809 u0 ReceiverList{d4ca510 2512 com.android.systemui/10016/u0 remote:fca75d3}}
01-01 12:06:11.086374  3079  3079 D ActivityThread: BDC-Calling onReceive: intent=Intent { act=android.intent.action.BATTERY_CHANGED flg=0x60000010 (has extras) }, ordered=true, receiver=com.mediatek.internal.telephony.dataconnection.FdManager$1@eda235, IIntentReceiver=ea370e0
01-01 12:06:11.086500  1613  1646 D BroadcastQueue: BDC-Delivering broadcast: Intent { act=android.intent.action.BATTERY_CHANGED flg=0x60000010 (has extras) }, queue=background, ordered=false, filter=BroadcastFilter{e4d5809 u0 ReceiverList{d4ca510 2512 com.android.systemui/10016/u0 remote:fca75d3}}, receiver=null
01-01 12:06:11.088234  2512  2512 D ActivityThread: BDC-Calling onReceive: intent=Intent { act=android.intent.action.BATTERY_CHANGED flg=0x60000010 (has extras) }, ordered=true, receiver=com.android.systemui.statusbar.phone.BatteryClusterView$BatteryTracker@b32fd6e, IIntentReceiver=23f9d42
01-01 12:06:11.089565  1613  1646 D BroadcastQueue: BroadcastRecord{62bf3b9 u-1 android.intent.action.BATTERY_CHANGED}, #11 BroadcastFilter{824fcca u0 ReceiverList{116d035 2512 com.android.systemui/10016/u0 remote:7e5726c}}
01-01 12:06:11.090009  1613  1646 D BroadcastQueue: BDC-Delivering broadcast: Intent { act=android.intent.action.BATTERY_CHANGED flg=0x60000010 (has extras) }, queue=background, ordered=false, filter=BroadcastFilter{824fcca u0 ReceiverList{116d035 2512 com.android.systemui/10016/u0 remote:7e5726c}}, receiver=null
01-01 12:06:11.090959  1613  1646 D BroadcastQueue: BroadcastRecord{62bf3b9 u-1 android.intent.action.BATTERY_CHANGED}, #12 BroadcastFilter{4b963e9 u0 ReceiverList{9b3f470 3554 com.asus.services/1000/u0 remote:6c9e6b3}}
01-01 12:06:11.091398  1613  1646 D BroadcastQueue: BDC-Delivering broadcast: Intent { act=android.intent.action.BATTERY_CHANGED flg=0x60000010 (has extras) }, queue=background, ordered=false, filter=BroadcastFilter{4b963e9 u0 ReceiverList{9b3f470 3554 com.asus.services/1000/u0 remote:6c9e6b3}}, receiver=null
01-01 12:06:11.092333  1613  1646 D BroadcastQueue: BroadcastRecord{62bf3b9 u-1 android.intent.action.BATTERY_CHANGED}, #13 BroadcastFilter{834cf53 u0 ReceiverList{99a342 3554 com.asus.services/1000/u0 remote:8a4a58d}}
01-01 12:06:11.092801  1613  1646 D BroadcastQueue: BDC-Delivering broadcast: Intent { act=android.intent.action.BATTERY_CHANGED flg=0x60000010 (has extras) }, queue=background, ordered=false, filter=BroadcastFilter{834cf53 u0 ReceiverList{99a342 3554 com.asus.services/1000/u0 remote:8a4a58d}}, receiver=null
01-01 12:06:11.092891  3554  3554 D ActivityThread: BDC-Calling onReceive: intent=Intent { act=android.intent.action.BATTERY_CHANGED flg=0x60000010 (has extras) }, ordered=true, receiver=com.asus.boostdozemodeservice.b@a9a344a, IIntentReceiver=c937831
01-01 12:06:11.093784  1613  1646 D BroadcastQueue: BroadcastRecord{62bf3b9 u-1 android.intent.action.BATTERY_CHANGED}, #14 BroadcastFilter{ca42ca6 u0 ReceiverList{62fa601 3554 com.asus.services/1000/u0 remote:f600fe8}}
01-01 12:06:11.094262  1613  1646 D BroadcastQueue: BDC-Delivering broadcast: Intent { act=android.intent.action.BATTERY_CHANGED flg=0x60000010 (has extras) }, queue=background, ordered=false, filter=BroadcastFilter{ca42ca6 u0 ReceiverList{62fa601 3554 com.asus.services/1000/u0 remote:f600fe8}}, receiver=null
01-01 12:06:11.094679  3554  3554 D ActivityThread: BDC-Calling onReceive: intent=Intent { act=android.intent.action.BATTERY_CHANGED flg=0x60000010 (has extras) }, ordered=true, receiver=com.asus.powersaver.PowerSaverService$2@30ac4dd, IIntentReceiver=c315550
01-01 12:06:11.102207  3554  3554 D ActivityThread: BDC-Calling onReceive: intent=Intent { act=android.intent.action.BATTERY_CHANGED flg=0x60000010 (has extras) }, ordered=true, receiver=com.asus.hardwarestub.dock.a@8153df1, IIntentReceiver=dcba29
01-01 12:06:11.104428  1613  1646 D BroadcastQueue: BroadcastRecord{62bf3b9 u-1 android.intent.action.BATTERY_CHANGED}, #15 BroadcastFilter{ba81990 u0 ReceiverList{e50ec53 6968 com.android.bluetooth/1002/u0 remote:d501442}}
01-01 12:06:11.104874  1613  1646 D BroadcastQueue: BDC-Delivering broadcast: Intent { act=android.intent.action.BATTERY_CHANGED flg=0x60000010 (has extras) }, queue=background, ordered=false, filter=BroadcastFilter{ba81990 u0 ReceiverList{e50ec53 6968 com.android.bluetooth/1002/u0 remote:d501442}}, receiver=null
01-01 12:06:11.106843  6968  6968 D ActivityThread: BDC-Calling onReceive: intent=Intent { act=android.intent.action.BATTERY_CHANGED flg=0x60000010 (has extras) }, ordered=true, receiver=com.android.bluetooth.hfp.HeadsetService$1@9d09c86, IIntentReceiver=f205340
01-01 12:06:11.110591  1613  1646 D BroadcastQueue: BroadcastRecord{62bf3b9 u-1 android.intent.action.BATTERY_CHANGED}, #16 BroadcastFilter{c5cf091 u0 ReceiverList{4c0aab8 3639 com.google.android.gms.persistent/10029/u0 remote:829e91b}}
01-01 12:06:11.111038  1613  1646 D BroadcastQueue: BDC-Delivering broadcast: Intent { act=android.intent.action.BATTERY_CHANGED flg=0x60000010 (has extras) }, queue=background, ordered=false, filter=BroadcastFilter{c5cf091 u0 ReceiverList{4c0aab8 3639 com.google.android.gms.persistent/10029/u0 remote:829e91b}}, receiver=null
01-01 12:06:11.112272  1613  1613 D ActivityThread: BDC-Calling onReceive: intent=Intent { act=android.intent.action.BATTERY_CHANGED flg=0x60000010 (has extras) }, ordered=true, receiver=com.android.server.UiModeManagerService$3@7c98aa6, IIntentReceiver=b72cce7
01-01 12:06:11.113151  1613  1613 D ActivityThread: BDC-Calling onReceive: intent=Intent { act=android.intent.action.BATTERY_CHANGED flg=0x60000010 (has extras) }, ordered=true, receiver=com.android.server.DeviceIdleController$1@7aca7eb, IIntentReceiver=a6f4948
01-01 12:06:11.113933  1613  1613 D ActivityThread: BDC-Calling onReceive: intent=Intent { act=android.intent.action.BATTERY_CHANGED flg=0x60000010 (has extras) }, ordered=true, receiver=com.android.server.wifi.WifiServiceImpl$1@49c9e19, IIntentReceiver=f311ede
01-01 12:06:11.114198  1613  1613 D WifiService: onReceive, action:android.intent.action.BATTERY_CHANGED
01-01 12:06:11.116069  3639  9564 D ActivityThread: BDC-Calling onReceive: intent=Intent { act=android.intent.action.BATTERY_CHANGED flg=0x60000010 (has extras) }, ordered=true, receiver=com.google.android.contextmanager.m.a.j@8d550f0, IIntentReceiver=99a41aa
01-01 12:06:11.119822  1613  2230 D WifiController: DeviceActiveState{ when=-5ms what=155652 target=com.android.internal.util.StateMachine$SmHandler }
01-01 12:06:11.120118  1613  2230 D WifiController: StaEnabledState{ when=-6ms what=155652 target=com.android.internal.util.StateMachine$SmHandler }
01-01 12:06:11.120333  1613  2230 D WifiController: DefaultState{ when=-6ms what=155652 target=com.android.internal.util.StateMachine$SmHandler }
01-01 12:06:11.120427  1613  2230 D WifiController: battery changed pluggedType: 0
01-01 12:06:11.123601  1613  1646 D BroadcastQueue: BroadcastRecord{62bf3b9 u-1 android.intent.action.BATTERY_CHANGED}, #17 BroadcastFilter{d14395f u0 ReceiverList{dc37dfe 9925 com.android.settings/1000/u0 remote:fce85b9}}
01-01 12:06:11.124039  1613  1646 D BroadcastQueue: BDC-Delivering broadcast: Intent { act=android.intent.action.BATTERY_CHANGED flg=0x60000010 (has extras) }, queue=background, ordered=false, filter=BroadcastFilter{d14395f u0 ReceiverList{dc37dfe 9925 com.android.settings/1000/u0 remote:fce85b9}}, receiver=null
01-01 12:06:11.124890  1613  1646 D BroadcastQueue: Non-ordered [background] BroadcastRecord{62bf3b9 u-1 android.intent.action.BATTERY_CHANGED}, 18 receivers, Total: 58, Waiting: 0, Processing: 58
01-01 12:06:11.125685  9925  9925 D ActivityThread: BDC-Calling onReceive: intent=Intent { act=android.intent.action.BATTERY_CHANGED flg=0x60000010 (has extras) }, ordered=true, receiver=com.android.settings.SettingsActivity$1@50f0377, IIntentReceiver=534a6f1
01-01 12:06:11.138485  2512  2512 D ActivityThread: BDC-Calling onReceive: intent=Intent { act=android.intent.action.BATTERY_CHANGED flg=0x60000010 (has extras) }, ordered=true, receiver=com.android.systemui.statusbar.phone.BatteryClusterView$BatteryTracker@f5ffe88, IIntentReceiver=373acf9
01-01 12:06:12.639029  1613  2218 D PowerManagerService: userActivityFromNative
01-01 12:06:12.639954  1613  2218 D PowerManagerService: userActivityNoUpdateLocked: eventTime=886184, event=2, flags=0x0, uid=1000
01-01 12:06:12.640723  1613  2218 D PowerManagerNotifier: onUserActivity: event=2, uid=1000
01-01 12:06:12.642142  1613  2218 D PowerManagerService: updateUserActivitySummaryLocked: mWakefulness=Awake, mUserActivitySummary=0x1, nextTimeout=939184 (in 52990 ms)
01-01 12:06:12.643847  1613  2218 D DisplayPowerController: requestPowerState: policy=BRIGHT, useProximitySensor=false, screenBrightness=102, screenAutoBrightnessAdjustment=0.8, brightnessSetByUser=true, useAutoBrightness=true, blockScreenOn=false, lowPowerMode=false, boostScreenBrightness=false, dozeScreenBrightness=-1, dozeScreenState=UNKNOWN, waitForNegativeProximity=false
01-01 12:06:12.644126  1613  2218 I PowerManagerService: setBrightness mButtonLight 0.
01-01 12:06:12.644874  1613  2218 D PowerManagerService: updateDisplayPowerStateLocked: mDisplayReady=true, policy=3, mWakefulness=1, mWakeLockSummary=0x0, mUserActivitySummary=0x1, mBootCompleted=true, mScreenBrightnessBoostInProgress=false
01-01 12:06:12.781433  1613  3328 V SettingsProvider: packageValueForCallResult, name = sound_effects_enabled, value : 0
01-01 12:06:12.786479  1613  1643 I ActivityManager: START u0 {act=android.intent.action.MAIN cmp=com.android.settings/.SubSettings (has extras)} from uid 1000 from pid 9925 on display 0
01-01 12:06:12.788080  1613  1643 I ActivityManager: ACT-launchFlags(original): 0x0, launchMode:0, startFlags: 0, doResume:true
01-01 12:06:12.789404  1613  1643 V WindowManager: Looking for focus: 5 = Window{a55768f u0 StatusBar}, flags=-2122055608, canReceive=false
01-01 12:06:12.789687  1613  1643 V WindowManager: findFocusedWindow: Found new focus @ 2 = Window{7ed5499 u0 com.android.settings/com.android.settings.Settings}
01-01 12:06:12.795534  1613  1643 D ActivityManager: ACT-AM_CREATE_ACTIVITY ActivityRecord{2adae44 u0 com.android.settings/.SubSettings t10}TaskRecord{29236c6 #10 A=com.android.settings U=0 sz=1}
01-01 12:06:12.797230  1613  1643 D ActivityManager: ACT-AM_PAUSE_ACTIVITY ActivityRecord{18504a1 u0 com.android.settings/.Settings t10}
01-01 12:06:12.798284  1613  1643 D PowerManagerService: acquireWakeLockInternal: lock=106922490, flags=0x1, tag="*launch*", ws=WorkSource{1000}, uid=1000, pid=1613
01-01 12:06:12.798534  1613  1643 D PowerManagerService: updateWakeLockSummaryLocked: mWakefulness=Awake, mWakeLockSummary=0x1
01-01 12:06:12.798926  1613  1643 D PowerManagerService: updateUserActivitySummaryLocked: mWakefulness=Awake, mUserActivitySummary=0x1, nextTimeout=939184 (in 52833 ms)
01-01 12:06:12.799297  1613  1643 D DisplayPowerController: requestPowerState: policy=BRIGHT, useProximitySensor=false, screenBrightness=102, screenAutoBrightnessAdjustment=0.8, brightnessSetByUser=true, useAutoBrightness=true, blockScreenOn=false, lowPowerMode=false, boostScreenBrightness=false, dozeScreenBrightness=-1, dozeScreenState=UNKNOWN, waitForNegativeProximity=false
01-01 12:06:12.799395  1613  1643 I PowerManagerService: setBrightness mButtonLight 0.
01-01 12:06:12.799590  1613  1643 D PowerManagerService: updateDisplayPowerStateLocked: mDisplayReady=true, policy=3, mWakefulness=1, mWakeLockSummary=0x1, mUserActivitySummary=0x1, mBootCompleted=true, mScreenBrightnessBoostInProgress=false
01-01 12:06:12.799795  1613  1643 D PowerManagerService: Acquiring suspend blocker "PowerManagerService.WakeLocks".
01-01 12:06:12.800163  1613  1643 D PowerManagerNotifier: onWakeLockAcquired: flags=1, tag="*launch*", packageName=android, ownerUid=1000, ownerPid=1613, workSource=WorkSource{1000}
01-01 12:06:12.802368  1613  1643 V WindowManager: Looking for focus: 5 = Window{a55768f u0 StatusBar}, flags=-2122055608, canReceive=false
01-01 12:06:12.802549  1613  1643 V WindowManager: findFocusedWindow: Found new focus @ 2 = Window{7ed5499 u0 com.android.settings/com.android.settings.Settings}
01-01 12:06:12.805497  1613  1643 V WindowManager: Set focused app to: AppWindowToken{6f57862 token=Token{ba41b2d ActivityRecord{2adae44 u0 com.android.settings/.SubSettings t10}}} old focus=AppWindowToken{913d795 token=Token{815d687 ActivityRecord{18504a1 u0 com.android.settings/.Settings t10}}} moveFocusNow=true
01-01 12:06:12.806609  1613  1643 V WindowManager: Looking for focus: 5 = Window{a55768f u0 StatusBar}, flags=-2122055608, canReceive=false
01-01 12:06:12.806796  1613  1643 V WindowManager: findFocusedWindow: Reached focused app=AppWindowToken{6f57862 token=Token{ba41b2d ActivityRecord{2adae44 u0 com.android.settings/.SubSettings t10}}}
01-01 12:06:12.807578  1613  1643 V WindowManager: Changing focus from Window{7ed5499 u0 com.android.settings/com.android.settings.Settings} to null Callers=com.android.server.wm.WindowManagerService.setFocusedApp:4480 com.android.server.am.ActivityManagerService.setFocusedActivityLocked:2923 com.android.server.am.ActivityStackSupervisor.startActivityUncheckedLocked:2875 com.android.server.am.ActivityStackSupervisor.startActivityLocked:1881 
01-01 12:06:12.807905  1613  1643 D WindowManager: Input focus has changed to null
01-01 12:06:12.808986  1613  1651 I WindowManager: Focus moving from Window{7ed5499 u0 com.android.settings/com.android.settings.Settings} to null
01-01 12:06:12.809078  1613  1651 I WindowManager: Losing focus: Window{7ed5499 u0 com.android.settings/com.android.settings.Settings}
01-01 12:06:12.830816  9925  9925 D ActivityThread: ACT-AM_ON_PAUSE_CALLED ActivityRecord{27a4c43 token=android.os.BinderProxy@2112c0 {com.android.settings/com.android.settings.Settings}}
01-01 12:06:12.831501  1613  2479 D ActivityManager: ACT-paused: token=Token{815d687 ActivityRecord{18504a1 u0 com.android.settings/.Settings t10}}, timeout=false
01-01 12:06:12.831685  1613  2479 D ActivityManager: ACT-IDLE_NOW_MSG from completePauseLocked for mStoppingActivities.size() > 3
01-01 12:06:12.833429  1613  2479 V WindowManager: setAppVisibility(Token{ba41b2d ActivityRecord{2adae44 u0 com.android.settings/.SubSettings t10}}, visible=true): mNextAppTransition=TRANSIT_ACTIVITY_OPEN hidden=true hiddenRequested=true Callers=com.android.server.am.ActivityStackSupervisor.realStartActivityLocked:1310 com.android.server.am.ActivityStackSupervisor.startSpecificActivityLocked:1524 com.android.server.am.ActivityStack.resumeTopActivityInnerLocked:2406 com.android.server.am.ActivityStack.resumeTopActivityLocked:1824 com.android.server.am.ActivityStackSupervisor.resumeTopActivitiesLocked:3157 com.android.server.am.ActivityStack.completePauseLocked:1203 
01-01 12:06:12.834043  1613  2479 W WindowManager:  SLCODE computeScreenConfigurationLocked, the hard device name is: silead-vinput-keypad
01-01 12:06:12.834217  1613  2479 W WindowManager:  SLCODE computeScreenConfigurationLocked, the hard device name is: himax-touchscreen
01-01 12:06:12.834312  1613  2479 W WindowManager:  SLCODE computeScreenConfigurationLocked, the hard device name is: mtk-tpd
01-01 12:06:12.834416  1613  2479 W WindowManager:  SLCODE computeScreenConfigurationLocked, the hard device name is: ACCDET
01-01 12:06:12.834510  1613  2479 W WindowManager:  SLCODE computeScreenConfigurationLocked, the hard device name is: otgid
01-01 12:06:12.834609  1613  2479 W WindowManager:  SLCODE computeScreenConfigurationLocked, the hard device name is: mtk-kpd
01-01 12:06:12.836490  1613  2479 V WindowManager: setAppVisibility(Token{815d687 ActivityRecord{18504a1 u0 com.android.settings/.Settings t10}}, visible=false): mNextAppTransition=TRANSIT_ACTIVITY_OPEN hidden=false hiddenRequested=false Callers=com.android.server.am.ActivityStack.setVisible:1303 com.android.server.am.ActivityStack.ensureActivitiesVisibleLocked:1662 com.android.server.am.ActivityStackSupervisor.ensureActivitiesVisibleLocked:3782 com.android.server.am.ActivityManagerService.updateConfigurationLocked:18966 com.android.server.am.ActivityStackSupervisor.realStartActivityLocked:1326 com.android.server.am.ActivityStackSupervisor.startSpecificActivityLocked:1524 
01-01 12:06:12.840212  1613  2479 D ActivityManager: ACT-AM_RESTART_ACTIVITY ActivityRecord{2adae44 u0 com.android.settings/.SubSettings t10} Task:10
01-01 12:06:12.846018  1613  2479 D ActivityManager: Delay resumeKeyDispatchingLocked() to avoid deadlock.
01-01 12:06:12.848291  9925  9925 D ActivityThread: ACT-PAUSE_ACTIVITY handled : 1 / android.os.BinderProxy@2112c0
01-01 12:06:12.879924  9925  9925 V ActivityThread: Handling launch of ActivityRecord{750fd38 token=android.os.BinderProxy@bf31111 {com.android.settings/com.android.settings.SubSettings}} startsNotResumed=false
01-01 12:06:12.880919  9925  9925 V ActivityThread: ActivityRecord{750fd38 token=android.os.BinderProxy@bf31111 {com.android.settings/com.android.settings.SubSettings}}: app=android.app.Application@bfd1e8e, appName=com.android.settings, pkg=com.android.settings, comp={com.android.settings/com.android.settings.SubSettings}, dir=/system/priv-app/AsusSettings/AsusSettings.apk
01-01 12:06:13.062764  9925  9925 V ActivityThread: Performing resume of ActivityRecord{750fd38 token=android.os.BinderProxy@bf31111 {com.android.settings/com.android.settings.SubSettings}}
01-01 12:06:13.075474  1613  1646 V BroadcastQueue: Processing parallel broadcast [background] BroadcastRecord{1b6b8ae u-1 android.intent.action.BATTERY_CHANGED}, 1 receivers
01-01 12:06:13.075955  1613  1646 D BroadcastQueue: BroadcastRecord{1b6b8ae u-1 android.intent.action.BATTERY_CHANGED}, #0 BroadcastFilter{ed43d29 u0 ReceiverList{af96ab0 9925 com.android.settings/1000/u0 remote:efe4df3}}
01-01 12:06:13.076357  1613  1646 D BroadcastQueue: BDC-Delivering broadcast: Intent { act=android.intent.action.BATTERY_CHANGED flg=0x60000010 (has extras) }, queue=background, ordered=false, filter=BroadcastFilter{ed43d29 u0 ReceiverList{af96ab0 9925 com.android.settings/1000/u0 remote:efe4df3}}, receiver=null
01-01 12:06:13.143689  1613  3328 V SettingsProvider: packageValueForCallResult, name = install_non_market_apps, value : 0
01-01 12:06:13.160866  9925  9925 D ActivityThread: ACT-AM_ON_RESUME_CALLED ActivityRecord{750fd38 token=android.os.BinderProxy@bf31111 {com.android.settings/com.android.settings.SubSettings}}
01-01 12:06:13.161011  9925  9925 V ActivityThread: Resume ActivityRecord{750fd38 token=android.os.BinderProxy@bf31111 {com.android.settings/com.android.settings.SubSettings}} started activity: false, hideForNow: false, finished: false
01-01 12:06:13.177293  1613  2471 D WindowManager: addWindowToListInOrderLocked: win=Window{523dfc8 u0 com.android.settings/com.android.settings.SubSettings} Callers=com.android.server.wm.WindowManagerService.addWindow:2782 com.android.server.wm.Session.addToDisplay:171 android.view.IWindowSession$Stub.onTransact:124 com.android.server.wm.Session.onTransact:133 
01-01 12:06:13.180298  9925  9925 V ActivityThread: Resuming ActivityRecord{750fd38 token=android.os.BinderProxy@bf31111 {com.android.settings/com.android.settings.SubSettings}} with isForward=true
01-01 12:06:13.180706  9925  9925 V ActivityThread: Scheduling idle handler for ActivityRecord{750fd38 token=android.os.BinderProxy@bf31111 {com.android.settings/com.android.settings.SubSettings}}
01-01 12:06:13.181959  9925  9925 D ActivityThread: ACT-LAUNCH_ACTIVITY handled : 0 / ActivityRecord{750fd38 token=android.os.BinderProxy@bf31111 {com.android.settings/com.android.settings.SubSettings}}
01-01 12:06:13.182820  9925  9925 D ActivityThread: BDC-Calling onReceive: intent=Intent { act=android.intent.action.BATTERY_CHANGED flg=0x60000010 (has extras) }, ordered=true, receiver=com.android.settings.SettingsActivity$1@8b49b0b, IIntentReceiver=cf36083
01-01 12:06:13.194108  1613  3012 I MountService: getEncryptionState
01-01 12:06:13.194634  1613  3012 D CryptdConnector: SND -> {8 cryptfs cryptocomplete}
01-01 12:06:13.195997   242   268 D FrameworkListener: dispatchCommand data = (8 cryptfs cryptocomplete)
01-01 12:06:13.196137   242   268 I Ext4Crypt: ext4 crypto complete called on /data
01-01 12:06:13.196401   242   268 I Ext4Crypt: No master key, so not ext4enc
01-01 12:06:13.198953   242   268 D SocketClient: SocketClient sendData done: 200 8 0
01-01 12:06:13.200053  1613  2222 D CryptdConnector: RCV <- {200 8 0}
01-01 12:06:13.201616  1613  3012 D CryptdConnector: RMV <- {200 8 0}
01-01 12:06:13.202527  1613  3012 I MountService: getPasswordType
01-01 12:06:13.202901  1613  3012 D CryptdConnector: SND -> {9 cryptfs getpwtype}
01-01 12:06:13.204160   242   268 D FrameworkListener: dispatchCommand data = (9 cryptfs getpwtype)
01-01 12:06:13.204262   242   268 D VoldCryptCmdListener: cryptfs getpwtype
01-01 12:06:13.204309   242   268 I Ext4Crypt: ext4 crypto complete called on /data
01-01 12:06:13.204438   242   268 I Ext4Crypt: No master key, so not ext4enc
01-01 12:06:13.207140   242   268 D SocketClient: SocketClient sendData done: 213 9 default
01-01 12:06:13.207623  1613  2222 D CryptdConnector: RCV <- {213 9 default}
01-01 12:06:13.208872  1613  3012 D CryptdConnector: RMV <- {213 9 default}
01-01 12:06:13.209827  1613  3012 I MountService: CRYPTO_TYPES[0]=password, event.getMessage()=default
01-01 12:06:13.209985  1613  3012 I MountService: CRYPTO_TYPES[1]=default, event.getMessage()=default
01-01 12:06:13.210205  1613  3012 I MountService: return CRYPTO_TYPES=default
01-01 12:06:13.225639  1613  1640 I WindowManager: Relayout Window{523dfc8 u0 com.android.settings/com.android.settings.SubSettings}: oldVis=4 newVis=0
01-01 12:06:13.228971  1613  1640 I WindowStateAnimator:   CREATE SURFACE Surface(name=com.android.settings/com.android.settings.SubSettings) IN SESSION android.view.SurfaceSession@78c5117: pid=9925 format=-1 flags=0x404 / WindowStateAnimator{b256861 com.android.settings/com.android.settings.SubSettings}
01-01 12:06:13.230000  1613  1640 V WindowManager: Looking for focus: 6 = Window{a55768f u0 StatusBar}, flags=-2122055608, canReceive=false
01-01 12:06:13.230384  1613  1640 V WindowManager: findFocusedWindow: Found new focus @ 3 = Window{523dfc8 u0 com.android.settings/com.android.settings.SubSettings}
01-01 12:06:13.231048  1613  1640 V WindowManager: Changing focus from null to Window{523dfc8 u0 com.android.settings/com.android.settings.SubSettings} Callers=com.android.server.wm.WindowManagerService.relayoutWindow:3599 com.android.server.wm.Session.relayout:201 android.view.IWindowSession$Stub.onTransact:284 com.android.server.wm.Session.onTransact:133 
01-01 12:06:13.231409  1613  1640 D WindowManager: Input focus has changed to Window{523dfc8 u0 com.android.settings/com.android.settings.SubSettings}
01-01 12:06:13.257997  1613  1651 I WindowManager: Focus moving from null to Window{523dfc8 u0 com.android.settings/com.android.settings.SubSettings}
01-01 12:06:13.258154  1613  1651 I WindowManager: Gaining focus: Window{523dfc8 u0 com.android.settings/com.android.settings.SubSettings}
01-01 12:06:13.439373  1613  1654 D AutomaticBrightnessController: calculateAmbientLux: [0, 100]: lux=0.0, weight=1005000.0
01-01 12:06:13.439623  1613  1654 D AutomaticBrightnessController: calculateAmbientLux: [-2500, 0]: lux=50.0, weight=2.1875E7
01-01 12:06:13.439840  1613  1654 D AutomaticBrightnessController: calculateAmbientLux: [-2750, -2500]: lux=0.0, weight=1843750.0
01-01 12:06:13.440030  1613  1654 D AutomaticBrightnessController: calculateAmbientLux: [-3250, -2750]: lux=50.0, weight=3500000.0
01-01 12:06:13.440220  1613  1654 D AutomaticBrightnessController: calculateAmbientLux: [-3500, -3250]: lux=0.0, weight=1656250.0
01-01 12:06:13.440410  1613  1654 D AutomaticBrightnessController: calculateAmbientLux: [-3750, -3500]: lux=50.0, weight=1593750.0
01-01 12:06:13.440772  1613  1654 D AutomaticBrightnessController: calculateAmbientLux: [-3999, -3750]: lux=0.0, weight=1525250.0
01-01 12:06:13.441109  1613  1654 D AutomaticBrightnessController: calculateAmbientLux: [-6746, -3999]: lux=50.0, weight=1.2711744E7
01-01 12:06:13.441411  1613  1654 D AutomaticBrightnessController: calculateAmbientLux: [-6999, -6746]: lux=0.0, weight=791256.0
01-01 12:06:13.441716  1613  1654 D AutomaticBrightnessController: calculateAmbientLux: [-8247, -6999]: lux=50.0, weight=2966496.0
01-01 12:06:13.442038  1613  1654 D AutomaticBrightnessController: calculateAmbientLux: [-8499, -8247]: lux=0.0, weight=410004.0
01-01 12:06:13.442301  1613  1654 D AutomaticBrightnessController: calculateAmbientLux: [-9001, -8499]: lux=50.0, weight=627500.0
01-01 12:06:13.442508  1613  1654 D AutomaticBrightnessController: calculateAmbientLux: [-9250, -9001]: lux=0.0, weight=217752.0
01-01 12:06:13.442692  1613  1654 D AutomaticBrightnessController: calculateAmbientLux: [-10000, -9250]: lux=50.0, weight=281248.0
01-01 12:06:13.442861  1613  1654 D AutomaticBrightnessController: calculateAmbientLux: totalWeight=5.1005E7, newAmbientLux=42.69752
01-01 12:06:13.443023  1613  1654 D AutomaticBrightnessController: updateAmbientLux: Scheduling ambient lux update for 890991890991 (in 3996 ms)
01-01 12:06:13.443157  1613  1654 D AutomaticBrightnessController: onSensorChanged: lux = 0.0
01-01 12:06:13.465661  1613  2477 V WindowStateAnimator: finishDrawingLocked: mDrawState=COMMIT_DRAW_PENDING WindowStateAnimator{b256861 com.android.settings/com.android.settings.SubSettings} in Surface(name=com.android.settings/com.android.settings.SubSettings)
01-01 12:06:13.468692  1613  1651 V WindowManager: **** GOOD TO GO
01-01 12:06:13.477488  1613  1651 V WindowManager: Looking for focus: 6 = Window{a55768f u0 StatusBar}, flags=-2122055608, canReceive=false
01-01 12:06:13.477851  1613  1651 V WindowManager: findFocusedWindow: Found new focus @ 3 = Window{523dfc8 u0 com.android.settings/com.android.settings.SubSettings}
01-01 12:06:13.478568  1613  1651 D WindowManager: notifyActivityDrawnForKeyguard: waiting=false Callers=com.android.server.wm.WindowManagerService.handleAppTransitionReadyLocked:10113 com.android.server.wm.WindowManagerService.performLayoutAndPlaceSurfacesLockedInner:10733 com.android.server.wm.WindowManagerService.performLayoutAndPlaceSurfacesLockedLoop:9477 com.android.server.wm.WindowManagerService.performLayoutAndPlaceSurfacesLocked:9424 com.android.server.wm.WindowManagerService.-wrap8:-1 
01-01 12:06:13.484367  1613  3158 V InputMethodManagerService: windowGainedFocus: android.os.BinderProxy@8cd9b9d controlFlags=#105 softInputMode=#110 windowFlags=#81810100
01-01 12:06:13.613569  1613  2478 V WindowManager: Looking for focus: 6 = Window{a55768f u0 StatusBar}, flags=-2122055608, canReceive=false
01-01 12:06:13.613790  1613  2478 V WindowManager: findFocusedWindow: Found new focus @ 3 = Window{523dfc8 u0 com.android.settings/com.android.settings.SubSettings}
01-01 12:06:13.625822  1613  2476 D PowerManagerService: releaseWakeLockInternal: lock=106922490 [*launch*], flags=0x0, total_time=827ms
01-01 12:06:13.626173  1613  2476 D PowerManagerNotifier: onWakeLockReleased: flags=1, tag="*launch*", packageName=android, ownerUid=1000, ownerPid=1613, workSource=WorkSource{1000}
01-01 12:06:13.626507  1613  2476 D PowerManagerService: updateWakeLockSummaryLocked: mWakefulness=Awake, mWakeLockSummary=0x0
01-01 12:06:13.626937  1613  2476 D PowerManagerService: updateUserActivitySummaryLocked: mWakefulness=Awake, mUserActivitySummary=0x1, nextTimeout=939184 (in 52006 ms)
01-01 12:06:13.627416  1613  2476 D DisplayPowerController: requestPowerState: policy=BRIGHT, useProximitySensor=false, screenBrightness=102, screenAutoBrightnessAdjustment=0.8, brightnessSetByUser=true, useAutoBrightness=true, blockScreenOn=false, lowPowerMode=false, boostScreenBrightness=false, dozeScreenBrightness=-1, dozeScreenState=UNKNOWN, waitForNegativeProximity=false
01-01 12:06:13.627501  1613  2476 I PowerManagerService: setBrightness mButtonLight 0.
01-01 12:06:13.627758  1613  2476 D PowerManagerService: updateDisplayPowerStateLocked: mDisplayReady=true, policy=3, mWakefulness=1, mWakeLockSummary=0x0, mUserActivitySummary=0x1, mBootCompleted=true, mScreenBrightnessBoostInProgress=false
01-01 12:06:13.627933  1613  2476 D PowerManagerService: Releasing suspend blocker "PowerManagerService.WakeLocks".
01-01 12:06:13.689047  1613  1654 D AutomaticBrightnessController: calculateAmbientLux: [0, 100]: lux=50.0, weight=1005000.0
01-01 12:06:13.689273  1613  1654 D AutomaticBrightnessController: calculateAmbientLux: [-250, 0]: lux=0.0, weight=2468750.0
01-01 12:06:13.689484  1613  1654 D AutomaticBrightnessController: calculateAmbientLux: [-2750, -250]: lux=50.0, weight=2.125E7
01-01 12:06:13.689680  1613  1654 D AutomaticBrightnessController: calculateAmbientLux: [-3000, -2750]: lux=0.0, weight=1781250.0
01-01 12:06:13.689868  1613  1654 D AutomaticBrightnessController: calculateAmbientLux: [-3500, -3000]: lux=50.0, weight=3375000.0
01-01 12:06:13.690044  1613  1654 D AutomaticBrightnessController: calculateAmbientLux: [-3750, -3500]: lux=0.0, weight=1593750.0
01-01 12:06:13.690234  1613  1654 D AutomaticBrightnessController: calculateAmbientLux: [-4000, -3750]: lux=50.0, weight=1531250.0
01-01 12:06:13.690427  1613  1654 D AutomaticBrightnessController: calculateAmbientLux: [-4249, -4000]: lux=0.0, weight=1463000.0
01-01 12:06:13.690637  1613  1654 D AutomaticBrightnessController: calculateAmbientLux: [-6996, -4249]: lux=50.0, weight=1.2024992E7
01-01 12:06:13.690815  1613  1654 D AutomaticBrightnessController: calculateAmbientLux: [-7249, -6996]: lux=0.0, weight=728008.0
01-01 12:06:13.691000  1613  1654 D AutomaticBrightnessController: calculateAmbientLux: [-8497, -7249]: lux=50.0, weight=2654496.0
01-01 12:06:13.691173  1613  1654 D AutomaticBrightnessController: calculateAmbientLux: [-8749, -8497]: lux=0.0, weight=347004.0
01-01 12:06:13.691350  1613  1654 D AutomaticBrightnessController: calculateAmbientLux: [-9251, -8749]: lux=50.0, weight=502000.0
01-01 12:06:13.691519  1613  1654 D AutomaticBrightnessController: calculateAmbientLux: [-9500, -9251]: lux=0.0, weight=155500.0
01-01 12:06:13.691694  1613  1654 D AutomaticBrightnessController: calculateAmbientLux: [-10000, -9500]: lux=50.0, weight=125000.0
01-01 12:06:13.691856  1613  1654 D AutomaticBrightnessController: calculateAmbientLux: totalWeight=5.1005E7, newAmbientLux=41.63095
