01-01 12:07:39.712719 10724 10989 V MediaProvider: insertFile>>>: uri=content://media/external/file, mediaType=0, values=mime_type=null date_modified=1451668056 _size=1581015 title=sys_log _data=/storage/emulated/0/mtklog/mobilelog/APLog_2016_0101_120640/sys_log format=12288 is_drm=false
01-01 12:07:39.713423 10724 10989 V MediaProvider: Returning cached entry for /storage/emulated/0/mtklog/mobilelog/APLog_2016_0101_120640
01-01 12:07:39.715108  1613  1659 D SettingsInterface:  from settings cache , name = sys_storage_threshold_percentage , value = null
01-01 12:07:39.715538   256   314 D SurfaceFlinger: postEvent(6406, v/c=11392)
01-01 12:07:39.715538   256   316 D SurfaceFlinger: postEvent(256, v/c=32834)
01-01 12:07:39.715733  1613  1659 D SettingsInterface:  from settings cache , name = sys_storage_threshold_max_bytes , value = null
01-01 12:07:39.715820  1613  2477 D AppOps  : noteOperation: allowing code 59 uid 10025 package com.android.providers.media
01-01 12:07:39.716079  1613  2477 D AppOps  : noteOperation: allowing code 60 uid 10025 package com.android.providers.media
01-01 12:07:39.716245  6406  6406 V DisplayEventReceiver: call nativeScheduleVsync mReceiverPtr = 547456628928
01-01 12:07:39.716707  1613  2477 D SettingsInterface:  from settings cache , name = sys_storage_threshold_percentage , value = null
01-01 12:07:39.717017  1613  2477 D SettingsInterface:  from settings cache , name = sys_storage_threshold_max_bytes , value = null
01-01 12:07:39.718179  6406  6406 V ViewRootImpl: ViewRoot performTraversals+ : mFirst = false, this = ViewRoot{9fdd5c 开始录制,ident = 13}
01-01 12:07:39.718275   256   293 D SurfaceFlinger: requestNextVsync(6406)
01-01 12:07:39.720677  6406  6406 V ViewRootImpl: ViewRoot performTraversals and draw- : mResizeBuffer = null, mResizeAlpha = 0, this = ViewRoot{9fdd5c 开始录制,ident = 13} frame#18 (cancelDraw = false)
01-01 12:07:39.722952  1613  1659 D SettingsInterface:  from settings cache , name = sys_storage_threshold_percentage , value = null
01-01 12:07:39.724247  1613  1659 D SettingsInterface:  from settings cache , name = sys_storage_threshold_max_bytes , value = null
01-01 12:07:39.725045   256  3757 D SurfaceFlinger: requestNextVsync(256)
01-01 12:07:39.727392  1613  1659 D SettingsInterface:  from settings cache , name = sys_storage_threshold_percentage , value = null
01-01 12:07:39.728026  1613  1659 D SettingsInterface:  from settings cache , name = sys_storage_threshold_max_bytes , value = null
01-01 12:07:39.728697 10724 10989 V MediaProvider: insertFile<<<: values=bucket_id=27328240 date_modified=1451668056 bucket_display_name=APLog_2016_0101_120640 parent=97 format=12288 storage_id=65537 media_type=0 mime_type=null _data=/storage/emulated/0/mtklog/mobilelog/APLog_2016_0101_120640/sys_log title=sys_log _size=1581015 is_drm=false date_added=1451668059 file_name=sys_log, rowId=104
01-01 12:07:39.728919 10724 10989 V MediaProvider: insertInternal<<<: return newUri content://media/external/file/104
01-01 12:07:39.732312  6406  8274 V MediaScannerConnection: Scanning file /storage/emulated/0/mtklog/mobilelog/APLog_2016_0101_120640/radio_log
01-01 12:07:39.733403 10724 10994 D MediaScannerService: IMediaScannerService.scanFile: /storage/emulated/0/mtklog/mobilelog/APLog_2016_0101_120640/radio_log mimeType: null
01-01 12:07:39.733723   256   316 D SurfaceFlinger: postEvent(256, v/c=32835)
01-01 12:07:39.733752   256   314 D SurfaceFlinger: postEvent(6406, v/c=11393)
01-01 12:07:39.734385  6406  6406 V DisplayEventReceiver: call nativeScheduleVsync mReceiverPtr = 547456628928
01-01 12:07:39.734731   256  3758 D SurfaceFlinger: requestNextVsync(6406)
01-01 12:07:39.734736  6406  6406 V ViewRootImpl: ViewRoot performTraversals+ : mFirst = false, this = ViewRoot{9fdd5c 开始录制,ident = 13}
01-01 12:07:39.736826  1613  1659 D SettingsInterface:  from settings cache , name = sys_storage_threshold_percentage , value = null
01-01 12:07:39.736932  6406  6406 V ViewRootImpl: ViewRoot performTraversals and draw- : mResizeBuffer = null, mResizeAlpha = 0, this = ViewRoot{9fdd5c 开始录制,ident = 13} frame#19 (cancelDraw = false)
01-01 12:07:39.737467  1613  1659 D SettingsInterface:  from settings cache , name = sys_storage_threshold_max_bytes , value = null
01-01 12:07:39.740077  1613  2211 E PROXIMITY: ProximitySensor: unknown event (type=3, code=0)
01-01 12:07:39.740077   256   334 D SurfaceFlinger: requestNextVsync(256)
01-01 12:07:39.749030  1613  1659 D SettingsInterface:  from settings cache , name = sys_storage_threshold_percentage , value = null
01-01 12:07:39.749376  1613  1659 D SettingsInterface:  from settings cache , name = sys_storage_threshold_max_bytes , value = null
01-01 12:07:39.752127   256   316 D SurfaceFlinger: postEvent(256, v/c=32836)
01-01 12:07:39.752132   256   314 D SurfaceFlinger: postEvent(6406, v/c=11394)
01-01 12:07:39.752890  6406  6406 V DisplayEventReceiver: call nativeScheduleVsync mReceiverPtr = 547456628928
01-01 12:07:39.753216   256   295 D SurfaceFlinger: requestNextVsync(6406)
01-01 12:07:39.753272  6406  6406 V ViewRootImpl: ViewRoot performTraversals+ : mFirst = false, this = ViewRoot{9fdd5c 开始录制,ident = 13}
01-01 12:07:39.754480  1613  2479 D AppOps  : noteOperation: allowing code 59 uid 10025 package com.android.providers.media
01-01 12:07:39.754866  1613  2479 D AppOps  : noteOperation: allowing code 60 uid 10025 package com.android.providers.media
01-01 12:07:39.755044   975 11005 I MobileLogD/dupm: dump /proc/cmdline
01-01 12:07:39.755174  6406  6406 V ViewRootImpl: ViewRoot performTraversals and draw- : mResizeBuffer = null, mResizeAlpha = 0, this = ViewRoot{9fdd5c 开始录制,ident = 13} frame#20 (cancelDraw = false)
01-01 12:07:39.756757  1613  2479 D SettingsInterface:  from settings cache , name = sys_storage_threshold_percentage , value = null
01-01 12:07:39.758683   256  3758 D SurfaceFlinger: requestNextVsync(256)
01-01 12:07:39.759571  1613  2479 D SettingsInterface:  from settings cache , name = sys_storage_threshold_max_bytes , value = null
01-01 12:07:39.764988  1613  1659 D SettingsInterface:  from settings cache , name = sys_storage_threshold_percentage , value = null
01-01 12:07:39.765432  1613  1659 D SettingsInterface:  from settings cache , name = sys_storage_threshold_max_bytes , value = null
01-01 12:07:39.766250 10724 10989 V MediaScannerService: handleMessage: what = 11, startId = 8, arguments = Bundle[{mimetype=null, filepath=/storage/emulated/0/mtklog/mobilelog/APLog_2016_0101_120640/radio_log, listener=android.os.BinderProxy@434473e}]
01-01 12:07:39.768783 10724 10989 V MediaProvider: insertInternal>>>: uri=content://media/, match=300, initValues=name=external
01-01 12:07:39.770233   256   316 D SurfaceFlinger: postEvent(256, v/c=32837)
01-01 12:07:39.770242   256   314 D SurfaceFlinger: postEvent(6406, v/c=11395)
01-01 12:07:39.770946  6406  6406 V DisplayEventReceiver: call nativeScheduleVsync mReceiverPtr = 547456628928
01-01 12:07:39.771335   256   334 D SurfaceFlinger: requestNextVsync(6406)
01-01 12:07:39.771362  6406  6406 V ViewRootImpl: ViewRoot performTraversals+ : mFirst = false, this = ViewRoot{9fdd5c 开始录制,ident = 13}
01-01 12:07:39.771657  1613  3328 D AppOps  : noteOperation: allowing code 59 uid 10025 package com.android.providers.media
01-01 12:07:39.771961  1613  3328 D AppOps  : noteOperation: allowing code 60 uid 10025 package com.android.providers.media
01-01 12:07:39.772475  6406  6406 V ViewRootImpl: ViewRoot performTraversals and draw- : mResizeBuffer = null, mResizeAlpha = 0, this = ViewRoot{9fdd5c 开始录制,ident = 13} frame#21 (cancelDraw = false)
01-01 12:07:39.772649  1613  3328 D SettingsInterface:  from settings cache , name = sys_storage_threshold_percentage , value = null
01-01 12:07:39.773034  1613  3328 D SettingsInterface:  from settings cache , name = sys_storage_threshold_max_bytes , value = null
01-01 12:07:39.776406   256  3757 D SurfaceFlinger: requestNextVsync(256)
01-01 12:07:39.777664  1613  1659 I PackageManager: Checking for more work or unbind...
01-01 12:07:39.778517  1613  1659 I PackageManager: Posting MCS_BOUND for next work
01-01 12:07:39.780936  1613  1643 D AppOps  : noteOperation: allowing code 59 uid 10025 package com.android.providers.media
01-01 12:07:39.781468  1613  1643 D AppOps  : noteOperation: allowing code 60 uid 10025 package com.android.providers.media
01-01 12:07:39.782070  1613  1643 D SettingsInterface:  from settings cache , name = sys_storage_threshold_percentage , value = null
01-01 12:07:39.782399  1613  1643 D SettingsInterface:  from settings cache , name = sys_storage_threshold_max_bytes , value = null
01-01 12:07:39.783320   975 11004 I MobileLogD/new: logd_sock: 18
01-01 12:07:39.783384 10724 10989 V MediaProvider: attachVolume>>> volume=external
01-01 12:07:39.785525   975 11010 I MobileLogD/new: read thread 11010
01-01 12:07:39.787461   975 11004 I MobileLogD/bootmode: init debug
01-01 12:07:39.788478   256   314 D SurfaceFlinger: postEvent(6406, v/c=11396)
01-01 12:07:39.788466   256   316 D SurfaceFlinger: postEvent(256, v/c=32838)
01-01 12:07:39.789198  6406  6406 V DisplayEventReceiver: call nativeScheduleVsync mReceiverPtr = 547456628928
01-01 12:07:39.789599  6406  6406 V ViewRootImpl: ViewRoot performTraversals+ : mFirst = false, this = ViewRoot{9fdd5c 开始录制,ident = 13}
01-01 12:07:39.790764   256  3758 D SurfaceFlinger: requestNextVsync(6406)
01-01 12:07:39.791080  6406  6406 V ViewRootImpl: ViewRoot performTraversals and draw- : mResizeBuffer = null, mResizeAlpha = 0, this = ViewRoot{9fdd5c 开始录制,ident = 13} frame#22 (cancelDraw = false)
01-01 12:07:39.791275  1613  2478 D AppOps  : noteOperation: allowing code 59 uid 10094 package com.asus.mobilemanager
01-01 12:07:39.791562  1613  2478 D AppOps  : noteOperation: allowing code 60 uid 10094 package com.asus.mobilemanager
01-01 12:07:39.791836   975 11004 I MobileLogD/config: thread 11004 comes
01-01 12:07:39.792306  1613  2478 D SettingsInterface:  from settings cache , name = sys_storage_threshold_percentage , value = null
01-01 12:07:39.792667  1613  2478 D SettingsInterface:  from settings cache , name = sys_storage_threshold_max_bytes , value = null
01-01 12:07:39.794239   975 11004 I MobileLogD/config: thread 11004 ends
01-01 12:07:39.794340   975 11004 D MobileLogD/lib: write deep_start,1 to client 19 
01-01 12:07:39.794729  6406  6450 V MTKLogger/LogConnection: Response from native byte size=12
01-01 12:07:39.795034  6406  6450 I MTKLogger/MobileLog: -->dealWithResponse(), resp=deep_start,1
01-01 12:07:39.795625   256   295 D SurfaceFlinger: requestNextVsync(256)
01-01 12:07:39.797408   975 11004 D MobileLogD/lib: write to client over
01-01 12:07:39.797443  1613  2471 D AppOps  : noteOperation: allowing code 59 uid 10094 package com.asus.mobilemanager
01-01 12:07:39.798149  1613  2471 D AppOps  : noteOperation: allowing code 60 uid 10094 package com.asus.mobilemanager
01-01 12:07:39.798394   975 11011 I MobileLogD/new: write thread 11011
01-01 12:07:39.795438  6406  6449 I MTKLogger/MobileLog: Handle receive message, what=25
01-01 12:07:39.799046  6406  6449 D MTKLogger/MobileLog: Got an update event, new state = 1, reason=null, oldState=0
01-01 12:07:39.799796  1613  2471 D SettingsInterface:  from settings cache , name = sys_storage_threshold_percentage , value = null
01-01 12:07:39.800228  1613  2471 D SettingsInterface:  from settings cache , name = sys_storage_threshold_max_bytes , value = null
01-01 12:07:39.800298  6406  6449 I MTKLogger/MobileLog: -->notifyServiceStatus(), status=1,  reason=[]
01-01 12:07:39.800557  1613  3158 D AppOps  : noteOperation: allowing code 59 uid 10025 package com.android.providers.media
01-01 12:07:39.800798  1613  3158 D AppOps  : noteOperation: allowing code 60 uid 10025 package com.android.providers.media
01-01 12:07:39.801389  1613  3158 D SettingsInterface:  from settings cache , name = sys_storage_threshold_percentage , value = null
01-01 12:07:39.801708  1613  3158 D SettingsInterface:  from settings cache , name = sys_storage_threshold_max_bytes , value = null
01-01 12:07:39.806698   256   316 D SurfaceFlinger: postEvent(256, v/c=32839)
01-01 12:07:39.806708   256   314 D SurfaceFlinger: postEvent(6406, v/c=11397)
01-01 12:07:39.807386  6406  6406 V DisplayEventReceiver: call nativeScheduleVsync mReceiverPtr = 547456628928
01-01 12:07:39.807920  6406  6406 V ViewRootImpl: ViewRoot performTraversals+ : mFirst = false, this = ViewRoot{9fdd5c 开始录制,ident = 13}
01-01 12:07:39.809023  6406  6406 V ViewRootImpl: ViewRoot performTraversals and draw- : mResizeBuffer = null, mResizeAlpha = 0, this = ViewRoot{9fdd5c 开始录制,ident = 13} frame#23 (cancelDraw = false)
01-01 12:07:39.809476   256   293 D SurfaceFlinger: requestNextVsync(6406)
01-01 12:07:39.809714  6406  6449 D MTKLogger/LogInstance: -->updateStatusBar(), logType=1, titleRes=2131296258, enable=true
01-01 12:07:39.812730   256  3758 D SurfaceFlinger: requestNextVsync(256)
01-01 12:07:39.813201  6406 11012 D MTKLogger/MTKLoggerService:  mNativeStateHandler receive message, what=1, arg1=1, arg2=1
01-01 12:07:39.813483  6406 11012 D MTKLogger/MTKLoggerService: -->handleLogStateChangeMsg(), mCachedStartStopCmd = 1
01-01 12:07:39.814167  1613  1659 D SettingsInterface:  from settings cache , name = sys_storage_threshold_percentage , value = null
01-01 12:07:39.814645  6406 11012 D MTKLogger/MTKLoggerService:  MSG_LOG_STATE_CHANGED, logType=1, result=1, reason=[]
01-01 12:07:39.814842  6406 11012 D MTKLogger/MTKLoggerService: Still waiting start/stop command response, mark it as finished.
01-01 12:07:39.815120  6406 11012 I MTKLogger/MTKLoggerService:  Notify other modules current state with broadcast. mCurrentAffectedLogType=1, currentRunningStatus=1, failReasonStr=[]
01-01 12:07:39.817422  1613  3175 D AppOps  : noteOperation: allowing code 59 uid 10025 package com.android.providers.media
01-01 12:07:39.817860  1613  3175 D AppOps  : noteOperation: allowing code 60 uid 10025 package com.android.providers.media
01-01 12:07:39.819683  6406 11012 D MTKLogger/MTKLoggerService: -->updateStartRecordingTime(), mCurrentRunningStatus=1
01-01 12:07:39.819865  6406 11012 I MTKLogger/MTKLoggerService: Former log start time is 0, set to current system time.
01-01 12:07:39.818851  1613  1659 D SettingsInterface:  from settings cache , name = sys_storage_threshold_max_bytes , value = null
01-01 12:07:39.820665  6406 11012 V MTKLogger/MTKLoggerService: -->isLogRunning(), logType = 16
01-01 12:07:39.820922  6406 11012 I MTKLogger/LogInstance:  Native log(16) running status=false
01-01 12:07:39.821085  6406 11012 V MTKLogger/MTKLoggerService: <--isLogRunning()? false
01-01 12:07:39.821255  6406 11012 V MTKLogger/MTKLoggerService: -->isLogRunning(), logType = 4
01-01 12:07:39.821474  6406 11012 I MTKLogger/LogInstance:  Native log(4) running status=false
01-01 12:07:39.821661  6406 11012 V MTKLogger/MTKLoggerService: <--isLogRunning()? false
01-01 12:07:39.821696  1613  1659 D SettingsInterface:  from settings cache , name = sys_storage_threshold_percentage , value = null
01-01 12:07:39.821835  6406 11012 V MTKLogger/MTKLoggerService: -->isLogRunning(), logType = 1
01-01 12:07:39.822007  1613  1659 D SettingsInterface:  from settings cache , name = sys_storage_threshold_max_bytes , value = null
01-01 12:07:39.822615  6406  6406 D MTKLogger/MainActivity: ACTION_LOG_STATE_CHANGED
01-01 12:07:39.822752  6406  6406 D Dialog  : dismissDialog
01-01 12:07:39.824257  1613  3175 D SettingsInterface:  from settings cache , name = sys_storage_threshold_percentage , value = null
01-01 12:07:39.824593  1613  3175 D SettingsInterface:  from settings cache , name = sys_storage_threshold_max_bytes , value = null
01-01 12:07:39.824952   256   316 D SurfaceFlinger: postEvent(256, v/c=32840)
01-01 12:07:39.824956   256   314 D SurfaceFlinger: postEvent(6406, v/c=11398)
01-01 12:07:39.822020  6406 11012 I MTKLogger/LogInstance:  Native log(1) running status=true
01-01 12:07:39.828337  6406 11012 V MTKLogger/MTKLoggerService: <--isLogRunning()? true
01-01 12:07:39.828427   256   256 I SurfaceFlinger: [Built-in Screen (type:0)] fps:39.807438,dur:1004.84,max:164.38,min:3.81
01-01 12:07:39.828507  6406 11012 V MTKLogger/MTKLoggerService: <--isAnyLogRunning()? true
01-01 12:07:39.828669  6406 11012 D MTKLogger/MTKLoggerService: -->updateLogFolderMonitor(), isLogRunning=true, mLogFolderMonitorThreadStopFlag=true
01-01 12:07:39.829378  6406 11012 V MTKLogger/MTKLoggerService: Log is running, so start monitor log folder
01-01 12:07:39.829612  6406 11012 V MTKLogger/MTKLoggerService: -->isLogRunning(), logType = 16
01-01 12:07:39.829820  6406 11012 I MTKLogger/LogInstance:  Native log(16) running status=false
01-01 12:07:39.829971  6406 11012 V MTKLogger/MTKLoggerService: <--isLogRunning()? false
01-01 12:07:39.830141  6406 11012 V MTKLogger/MTKLoggerService: -->isLogRunning(), logType = 4
01-01 12:07:39.830779  6406 11013 D MTKLogger/MTKLoggerService: Begin to monitor log folder status...
01-01 12:07:39.830803  6406 11012 I MTKLogger/LogInstance:  Native log(4) running status=false
01-01 12:07:39.830969  6406 11012 V MTKLogger/MTKLoggerService: <--isLogRunning()? false
01-01 12:07:39.831135  6406 11012 V MTKLogger/MTKLoggerService: -->isLogRunning(), logType = 1
01-01 12:07:39.831251  6406  7842 D OpenGLRenderer: Flushing caches (mode 0)
01-01 12:07:39.831334  6406 11012 I MTKLogger/LogInstance:  Native log(1) running status=true
01-01 12:07:39.831486  6406 11012 V MTKLogger/MTKLoggerService: <--isLogRunning()? true
01-01 12:07:39.831494  6406  7842 D Surface : Surface::disconnect(this=0x7f8bc1b800,api=1)
01-01 12:07:39.831656  6406 11012 V MTKLogger/MTKLoggerService: <--isAnyLogRunning()? true
01-01 12:07:39.831785  6406 11013 I MTKLogger/Utils: -->getInternalSdPath()
01-01 12:07:39.831818   256   334 I BufferQueueProducer: [开始录制](this:0x7fb1849400,id:89,api:1,p:-1,c:256) disconnect(P): api 1
01-01 12:07:39.831814  6406 11012 I MTKLogger/Utils: -->getInternalSdPath()
01-01 12:07:39.832347   256   334 I BufferQueueConsumer: [开始录制](this:0x7fb1849400,id:89,api:1,p:-1,c:256) getReleasedBuffers: returning mask 0xffffffffffffffff
01-01 12:07:39.833260   256   334 D GraphicBuffer: free, handle(0x7fb471e860) (w:684 h:324 s:688 f:0x1 u:0x000b00)
01-01 12:07:39.833411   256   334 I [MALI][Gralloc]: [-]hnd(0x7fb471e860), client(26), share_fd(85)
01-01 12:07:39.833785   256   334 D GraphicBuffer: free, handle(0x7fb41ca180) (w:684 h:324 s:688 f:0x1 u:0x000b00)
01-01 12:07:39.833955   256   334 I [MALI][Gralloc]: [-]hnd(0x7fb41ca180), client(26), share_fd(30)
01-01 12:07:39.834796  6406  7842 D GraphicBuffer: unregister, handle(0x7f77e464c0) (w:684 h:324 s:688 f:0x1 u:0x000b00)
01-01 12:07:39.834880  6406  7842 E HAL     : SLCODE-loaded class_id=gralloc 
01-01 12:07:39.834922  6406  7842 E HAL     : SLCODE-loaded name=gralloc 
01-01 12:07:39.834963  6406  7842 E HAL     : SLCODE-loaded prop_name=ro.hardware.gralloc 
01-01 12:07:39.835005  6406  7842 E HAL     : SLCODE-loaded for circle execute 
01-01 12:07:39.835051  6406  7842 E HAL     : SLCODE-hw_module_exists HAL_LIBRARY_PATH2=/vendor/lib64/hw, name=gralloc, subname=mt6735 
01-01 12:07:39.835166  6406  7842 E HAL     : SLCODE-hw_module_exists HAL_LIBRARY_PATH1=/system/lib64/hw, name=gralloc, subname=mt6735 
01-01 12:07:39.835234  6406  7842 E HAL     : SLCODE-hw_module_exists return ENOENT 
01-01 12:07:39.835282  6406  7842 E HAL     : SLCODE-hw_module_exists HAL_LIBRARY_PATH2=/vendor/lib64/hw, name=gralloc, subname=MT6737T 
01-01 12:07:39.835370  6406  7842 E HAL     : SLCODE-hw_module_exists HAL_LIBRARY_PATH1=/system/lib64/hw, name=gralloc, subname=MT6737T 
01-01 12:07:39.835436  6406  7842 E HAL     : SLCODE-hw_module_exists return ENOENT 
01-01 12:07:39.835540  6406  7842 E HAL     : SLCODE-hw_module_exists HAL_LIBRARY_PATH2=/vendor/lib64/hw, name=gralloc, subname=mt6737t 
01-01 12:07:39.835630  6406  7842 E HAL     : SLCODE-hw_module_exists HAL_LIBRARY_PATH1=/system/lib64/hw, name=gralloc, subname=mt6737t 
01-01 12:07:39.835717  6406  7842 E HAL     : SLCODE-loaded HAL id=gralloc path=/system/lib64/hw/gralloc.mt6737t.so 
01-01 12:07:39.836524  6406  7842 I [MALI][Gralloc]: [-]r_hnd(0x7f77e464c0), client(44), share_fd(65)
01-01 12:07:39.836731  6406  7842 D GraphicBuffer: unregister, handle(0x7f748b88c0) (w:684 h:324 s:688 f:0x1 u:0x000b00)
01-01 12:07:39.836793  6406  7842 E HAL     : SLCODE-loaded class_id=gralloc 
01-01 12:07:39.836834  6406  7842 E HAL     : SLCODE-loaded name=gralloc 
01-01 12:07:39.836876  6406  7842 E HAL     : SLCODE-loaded prop_name=ro.hardware.gralloc 
01-01 12:07:39.836981  6406  7842 E HAL     : SLCODE-loaded for circle execute 
01-01 12:07:39.837028  6406  7842 E HAL     : SLCODE-hw_module_exists HAL_LIBRARY_PATH2=/vendor/lib64/hw, name=gralloc, subname=mt6735 
01-01 12:07:39.837193  6406  7842 E HAL     : SLCODE-hw_module_exists HAL_LIBRARY_PATH1=/system/lib64/hw, name=gralloc, subname=mt6735 
01-01 12:07:39.837899  6406  7842 E HAL     : SLCODE-hw_module_exists return ENOENT 
01-01 12:07:39.837992  6406  7842 E HAL     : SLCODE-hw_module_exists HAL_LIBRARY_PATH2=/vendor/lib64/hw, name=gralloc, subname=MT6737T 
01-01 12:07:39.838097  6406  7842 E HAL     : SLCODE-hw_module_exists HAL_LIBRARY_PATH1=/system/lib64/hw, name=gralloc, subname=MT6737T 
01-01 12:07:39.838166  6406  7842 E HAL     : SLCODE-hw_module_exists return ENOENT 
01-01 12:07:39.838242  6406  7842 E HAL     : SLCODE-hw_module_exists HAL_LIBRARY_PATH2=/vendor/lib64/hw, name=gralloc, subname=mt6737t 
01-01 12:07:39.838332  6406  7842 E HAL     : SLCODE-hw_module_exists HAL_LIBRARY_PATH1=/system/lib64/hw, name=gralloc, subname=mt6737t 
01-01 12:07:39.838422  6406  7842 E HAL     : SLCODE-loaded HAL id=gralloc path=/system/lib64/hw/gralloc.mt6737t.so 
01-01 12:07:39.839264  6406  7842 I [MALI][Gralloc]: [-]r_hnd(0x7f748b88c0), client(44), share_fd(66)
01-01 12:07:39.839402  1613  2475 D AppOps  : noteOperation: allowing code 59 uid 10092 package com.mediatek.mtklogger
01-01 12:07:39.839569  6406  7842 D GraphicBuffer: unregister, handle(0x7f77460620) (w:684 h:324 s:688 f:0x1 u:0x000b00)
01-01 12:07:39.839626  6406  7842 E HAL     : SLCODE-loaded class_id=gralloc 
01-01 12:07:39.839662  1613  2475 D AppOps  : noteOperation: allowing code 60 uid 10092 package com.mediatek.mtklogger
01-01 12:07:39.839667  6406  7842 E HAL     : SLCODE-loaded name=gralloc 
01-01 12:07:39.839744  6406  7842 E HAL     : SLCODE-loaded prop_name=ro.hardware.gralloc 
01-01 12:07:39.839791  6406  7842 E HAL     : SLCODE-loaded for circle execute 
01-01 12:07:39.839839  6406  7842 E HAL     : SLCODE-hw_module_exists HAL_LIBRARY_PATH2=/vendor/lib64/hw, name=gralloc, subname=mt6735 
01-01 12:07:39.840003  6406  7842 E HAL     : SLCODE-hw_module_exists HAL_LIBRARY_PATH1=/system/lib64/hw, name=gralloc, subname=mt6735 
01-01 12:07:39.840073  6406  7842 E HAL     : SLCODE-hw_module_exists return ENOENT 
01-01 12:07:39.840120  6406  7842 E HAL     : SLCODE-hw_module_exists HAL_LIBRARY_PATH2=/vendor/lib64/hw, name=gralloc, subname=MT6737T 
01-01 12:07:39.840207  6406  7842 E HAL     : SLCODE-hw_module_exists HAL_LIBRARY_PATH1=/system/lib64/hw, name=gralloc, subname=MT6737T 
01-01 12:07:39.840274  6406  7842 E HAL     : SLCODE-hw_module_exists return ENOENT 
01-01 12:07:39.840322  6406  7842 E HAL     : SLCODE-hw_module_exists HAL_LIBRARY_PATH2=/vendor/lib64/hw, name=gralloc, subname=mt6737t 
01-01 12:07:39.840406  6406  7842 E HAL     : SLCODE-hw_module_exists HAL_LIBRARY_PATH1=/system/lib64/hw, name=gralloc, subname=mt6737t 
01-01 12:07:39.840473  6406  7842 E HAL     : SLCODE-loaded HAL id=gralloc path=/system/lib64/hw/gralloc.mt6737t.so 
01-01 12:07:39.840836  1613  3159 D AppOps  : noteOperation: allowing code 59 uid 10092 package com.mediatek.mtklogger
01-01 12:07:39.841061  1613  3159 D AppOps  : noteOperation: allowing code 60 uid 10092 package com.mediatek.mtklogger
01-01 12:07:39.841231  1613  2475 D SettingsInterface:  from settings cache , name = sys_storage_threshold_percentage , value = null
01-01 12:07:39.841259  6406  7842 I [MALI][Gralloc]: [-]r_hnd(0x7f77460620), client(44), share_fd(63)
01-01 12:07:39.841481  6406  7842 D GraphicBuffer: unregister, handle(0x7f77e46420) (w:684 h:324 s:688 f:0x1 u:0x000b00)
01-01 12:07:39.841542  6406  7842 E HAL     : SLCODE-loaded class_id=gralloc 
01-01 12:07:39.841576  1613  2475 D SettingsInterface:  from settings cache , name = sys_storage_threshold_max_bytes , value = null
01-01 12:07:39.841583  6406  7842 E HAL     : SLCODE-loaded name=gralloc 
01-01 12:07:39.841793  6406  7842 E HAL     : SLCODE-loaded prop_name=ro.hardware.gralloc 
01-01 12:07:39.841837  6406  7842 E HAL     : SLCODE-loaded for circle execute 
01-01 12:07:39.841882  6406  7842 E HAL     : SLCODE-hw_module_exists HAL_LIBRARY_PATH2=/vendor/lib64/hw, name=gralloc, subname=mt6735 
01-01 12:07:39.841996  6406  7842 E HAL     : SLCODE-hw_module_exists HAL_LIBRARY_PATH1=/system/lib64/hw, name=gralloc, subname=mt6735 
01-01 12:07:39.842064  6406  7842 E HAL     : SLCODE-hw_module_exists return ENOENT 
01-01 12:07:39.842110  6406  7842 E HAL     : SLCODE-hw_module_exists HAL_LIBRARY_PATH2=/vendor/lib64/hw, name=gralloc, subname=MT6737T 
01-01 12:07:39.842198  6406  7842 E HAL     : SLCODE-hw_module_exists HAL_LIBRARY_PATH1=/system/lib64/hw, name=gralloc, subname=MT6737T 
01-01 12:07:39.842264  6406  7842 E HAL     : SLCODE-hw_module_exists return ENOENT 
01-01 12:07:39.842291  1613  3159 D SettingsInterface:  from settings cache , name = sys_storage_threshold_percentage , value = null
01-01 12:07:39.842310  6406  7842 E HAL     : SLCODE-hw_module_exists HAL_LIBRARY_PATH2=/vendor/lib64/hw, name=gralloc, subname=mt6737t 
01-01 12:07:39.842393  6406  7842 E HAL     : SLCODE-hw_module_exists HAL_LIBRARY_PATH1=/system/lib64/hw, name=gralloc, subname=mt6737t 
01-01 12:07:39.842459  6406  7842 E HAL     : SLCODE-loaded HAL id=gralloc path=/system/lib64/hw/gralloc.mt6737t.so 
01-01 12:07:39.842568  1613  3159 D SettingsInterface:  from settings cache , name = sys_storage_threshold_max_bytes , value = null
01-01 12:07:39.843273  6406 11012 I MTKLogger/Utils: /storage/emulated/0 is mounted!
01-01 12:07:39.843508  6406  7842 I [MALI][Gralloc]: [-]r_hnd(0x7f77e46420), client(44), share_fd(64)
01-01 12:07:39.843626  6406  7842 D Surface : Surface::disconnect(this=0x7f8bc1b800,api=1)
01-01 12:07:39.844378 10724 10989 V MediaProvider: attachVolume<<< Already attached external.db
01-01 12:07:39.844856  6406 11013 I MTKLogger/Utils: /storage/emulated/0 is mounted!
01-01 12:07:39.844876  6406 11012 I MTKLogger/Utils: Is emulated and volumeInfo.getId() : emulated
01-01 12:07:39.845010  6406 11012 I MTKLogger/Utils: <--getInternalSdPath() : internalPath = /storage/emulated/0
01-01 12:07:39.845222   256   295 I BufferQueueProducer: [开始录制](this:0x7fb1849400,id:89,api:1,p:-1,c:256) disconnect(P): api 1
01-01 12:07:39.845376  6406 11012 V MTKLogger: <--getLogPath(), type=internal_sd, string=/storage/emulated/0
01-01 12:07:39.845441  6406 11012 V MTKLogger/Utils: -->setRunnngFileListTree
01-01 12:07:39.845440  6406  7842 D OpenGLRenderer: Flushing caches (mode 0)
01-01 12:07:39.846981  6406 11013 I MTKLogger/Utils: Is emulated and volumeInfo.getId() : emulated
01-01 12:07:39.847129  6406 11013 I MTKLogger/Utils: <--getInternalSdPath() : internalPath = /storage/emulated/0
01-01 12:07:39.847519  6406 11013 V MTKLogger: <--getLogPath(), type=internal_sd, string=/storage/emulated/0
01-01 12:07:39.848143  6406 11014 I MTKLogger/Utils: -->getInternalSdPath()
01-01 12:07:39.855780  1613  1659 D SettingsInterface:  from settings cache , name = sys_storage_threshold_percentage , value = null
01-01 12:07:39.855802  1613  2479 D AppOps  : noteOperation: allowing code 59 uid 10092 package com.mediatek.mtklogger
01-01 12:07:39.856104  1613  2479 D AppOps  : noteOperation: allowing code 60 uid 10092 package com.mediatek.mtklogger
01-01 12:07:39.856122  1613  1659 D SettingsInterface:  from settings cache , name = sys_storage_threshold_max_bytes , value = null
01-01 12:07:39.856411  1613  3328 D AppOps  : noteOperation: allowing code 59 uid 10092 package com.mediatek.mtklogger
01-01 12:07:39.856636  1613  3328 D AppOps  : noteOperation: allowing code 60 uid 10092 package com.mediatek.mtklogger
01-01 12:07:39.857244  1613  3328 D SettingsInterface:  from settings cache , name = sys_storage_threshold_percentage , value = null
01-01 12:07:39.857581  1613  3328 D SettingsInterface:  from settings cache , name = sys_storage_threshold_max_bytes , value = null
01-01 12:07:39.859709  1613  2479 D SettingsInterface:  from settings cache , name = sys_storage_threshold_percentage , value = null
01-01 12:07:39.860074  1613  2479 D SettingsInterface:  from settings cache , name = sys_storage_threshold_max_bytes , value = null
01-01 12:07:39.860846  6406 11014 I MTKLogger/Utils: /storage/emulated/0 is mounted!
01-01 12:07:39.861349  6406 11013 D MTKLogger: -->getAvailableStorageSize(), path=/storage/emulated/0, size=9243MB
01-01 12:07:39.861845  6406 11014 I MTKLogger/Utils: Is emulated and volumeInfo.getId() : emulated
01-01 12:07:39.861973  6406 11014 I MTKLogger/Utils: <--getInternalSdPath() : internalPath = /storage/emulated/0
01-01 12:07:39.862368  6406 11014 V MTKLogger: <--getLogPath(), type=internal_sd, string=/storage/emulated/0
01-01 12:07:39.865180   975 11005 I MobileLogD/dupm: dump /system/data/misc/ProjectConfig.mk
01-01 12:07:39.869740  1613  1659 D SettingsInterface:  from settings cache , name = sys_storage_threshold_percentage , value = null
01-01 12:07:39.870073  1613  1659 D SettingsInterface:  from settings cache , name = sys_storage_threshold_max_bytes , value = null
01-01 12:07:39.872018  1613  1651 V DisplayEventReceiver: call nativeScheduleVsync mReceiverPtr = 547443958976
01-01 12:07:39.872806   256  3758 D SurfaceFlinger: requestNextVsync(1613)
01-01 12:07:39.873182  1613  2471 D AppOps  : noteOperation: allowing code 59 uid 10025 package com.android.providers.media
01-01 12:07:39.873506  1613  2471 D AppOps  : noteOperation: allowing code 60 uid 10025 package com.android.providers.media
01-01 12:07:39.874084  1613  2471 D SettingsInterface:  from settings cache , name = sys_storage_threshold_percentage , value = null
01-01 12:07:39.874385  1613  2471 D SettingsInterface:  from settings cache , name = sys_storage_threshold_max_bytes , value = null
01-01 12:07:39.875560  6406  6406 D WindowClient: Remove from mViews: com.android.internal.policy.PhoneWindow$DecorView{afc0be7 V.E...... R....... 0,0-684,324}, this = android.view.WindowManagerGlobal@210e8e5
01-01 12:07:39.875705 10724 10989 D MediaProvider: ensureDefaultFolders dcimExist: true
01-01 12:07:39.876493  6406  7838 I MTKLogger/Utils: -->getInternalSdPath()
01-01 12:07:39.876922  6406  6406 V DisplayEventReceiver: call nativeScheduleVsync mReceiverPtr = 547456628928
01-01 12:07:39.877274   256   334 D SurfaceFlinger: requestNextVsync(6406)
01-01 12:07:39.879130  6406  6406 V InputMethodManager: onWindowFocus: null softInputMode=32 first=false flags=#1810100
01-01 12:07:39.880219   256   314 D SurfaceFlinger: postEvent(6406, v/c=11400)
01-01 12:07:39.880313   256   314 D SurfaceFlinger: postEvent(1613, v/c=11400)
01-01 12:07:39.883251  1613  1651 V DisplayEventReceiver: call nativeScheduleVsync mReceiverPtr = 547443958976
01-01 12:07:39.883555   256   295 D SurfaceFlinger: requestNextVsync(1613)
01-01 12:07:39.883852   256   293 D SurfaceFlinger: requestNextVsync(256)
01-01 12:07:39.884483  6406  6406 V ViewRootImpl: ViewRoot performTraversals+ : mFirst = false, this = ViewRoot{34aa005 com.mediatek.mtklogger/com.mediatek.mtklogger.MainActivity,ident = 10}
01-01 12:07:39.889093  6406 11014 D MTKLogger/Utils: -->setLogFolderToFileTree()
01-01 12:07:39.889219  6406 11014 D MTKLogger/Utils:  fileList.size = 27 fileTree = /storage/emulated/0/mtklog/running_file_tree.txt
01-01 12:07:39.894003  6406  6406 V ViewRootImpl: ViewRoot performTraversals and draw- : mResizeBuffer = null, mResizeAlpha = 0, this = ViewRoot{34aa005 com.mediatek.mtklogger/com.mediatek.mtklogger.MainActivity,ident = 10} frame#27 (cancelDraw = false)
01-01 12:07:39.898021   256   314 D SurfaceFlinger: postEvent(1613, v/c=11401)
01-01 12:07:39.898021   256   316 D SurfaceFlinger: postEvent(256, v/c=32842)
01-01 12:07:39.899786  1613  1651 V DisplayEventReceiver: call nativeScheduleVsync mReceiverPtr = 547443958976
01-01 12:07:39.901601   256   334 D SurfaceFlinger: requestNextVsync(1613)
01-01 12:07:39.901699   256   295 D SurfaceFlinger: requestNextVsync(256)
01-01 12:07:39.904069  1613  1659 D SettingsInterface:  from settings cache , name = sys_storage_threshold_percentage , value = null
01-01 12:07:39.905575   256   293 D SurfaceFlinger: requestNextVsync(256)
01-01 12:07:39.905633 10724 10989 I StagefrightMediaScanner: StagefrightMediaScanner Constructor
01-01 12:07:39.906313  1613  1639 D AppOps  : noteOperation: allowing code 59 uid 10092 package com.mediatek.mtklogger
01-01 12:07:39.906449  6406 11014 D MTKLogger/Utils: <--setLogFolderToFileTree() fileList.size = 27
01-01 12:07:39.906698  1613  1639 D AppOps  : noteOperation: allowing code 60 uid 10092 package com.mediatek.mtklogger
01-01 12:07:39.904453  1613  1659 D SettingsInterface:  from settings cache , name = sys_storage_threshold_max_bytes , value = null
01-01 12:07:39.909481 10724 10989 V MediaScanner: setDefaultRingtoneFileNames: ringtone=Festival.ogg,notification=NewMessage.ogg,alarm=BusyBugs.ogg
01-01 12:07:39.909546  1613  1639 D SettingsInterface:  from settings cache , name = sys_storage_threshold_percentage , value = null
01-01 12:07:39.909849  1613  1639 D SettingsInterface:  from settings cache , name = sys_storage_threshold_max_bytes , value = null
01-01 12:07:39.910608  6406  7838 I MTKLogger/Utils: /storage/emulated/0 is mounted!
01-01 12:07:39.912868  1613  2471 D AppOps  : noteOperation: allowing code 59 uid 10025 package com.android.providers.media
01-01 12:07:39.913180  1613  2471 D AppOps  : noteOperation: allowing code 60 uid 10025 package com.android.providers.media
01-01 12:07:39.913751  1613  2471 D SettingsInterface:  from settings cache , name = sys_storage_threshold_percentage , value = null
01-01 12:07:39.914026  1613  2471 D SettingsInterface:  from settings cache , name = sys_storage_threshold_max_bytes , value = null
01-01 12:07:39.915304  6406  7838 I MTKLogger/Utils: Is emulated and volumeInfo.getId() : emulated
01-01 12:07:39.915442  6406  7838 I MTKLogger/Utils: <--getInternalSdPath() : internalPath = /storage/emulated/0
01-01 12:07:39.915774  6406  7838 V MTKLogger: <--getLogPath(), type=internal_sd, string=/storage/emulated/0
01-01 12:07:39.916153   256   316 D SurfaceFlinger: postEvent(256, v/c=32843)
01-01 12:07:39.918451   256   256 D GraphicBuffer: free, handle(0x7fb41ca360) (w:684 h:324 s:688 f:0x1 u:0x000b00)
01-01 12:07:39.918589   256   256 I [MALI][Gralloc]: [-]hnd(0x7fb41ca360), client(26), share_fd(62)
01-01 12:07:39.925480  6406  7838 D MTKLogger/MainActivity:  mSDCardPathStr=/storage/emulated/0
01-01 12:07:39.926621  6406  6406 D MTKLogger/MainActivity: -->updateUI(), Update UI Start
01-01 12:07:39.926983  6406  6406 V DisplayEventReceiver: call nativeScheduleVsync mReceiverPtr = 547456628928
01-01 12:07:39.927895  6406  6406 I MTKLogger/MainActivity: isAutoTest()-> Monkey running flag is false
01-01 12:07:39.928965  6406  6406 I MTKLogger/MainActivity: isAutoTest()-> isUserAMonkey=false
01-01 12:07:39.929812  6406  6406 V MTKLogger/MainActivity: -->changeWaitingDialog()
01-01 12:07:39.930153  6406  6406 D MTKLogger/MainActivity: -->needStartLogAtBootTime(), needStart=true
01-01 12:07:39.930322  6406  6406 V MTKLogger/MainActivity: isBootComplete(), isComplete = true, isMTKLoggerServiceInited = true, isBootCompletedDone = true, isShutdownNormal = false, isNeedStartLogAtBootTime = true
01-01 12:07:39.930556  6406  6406 D MTKLogger/MTKLoggerService: <--getGlobalRunningStage(), current stage=0
01-01 12:07:39.930702  6406  6406 D MTKLogger/MainActivity: changeWaitingDialog() -> currentRunningStage is 0
01-01 12:07:39.932114  6406  6406 V MTKLogger/MTKLoggerService: -->isLogRunning(), logType = 16
01-01 12:07:39.932332  6406  6406 I MTKLogger/LogInstance:  Native log(16) running status=false
01-01 12:07:39.932478  6406  6406 V MTKLogger/MTKLoggerService: <--isLogRunning()? false
01-01 12:07:39.932828   256  3757 D SurfaceFlinger: requestNextVsync(6406)
01-01 12:07:39.933692  6406  6406 V MTKLogger/MTKLoggerService: -->isLogRunning(), logType = 4
01-01 12:07:39.933938  6406  6406 I MTKLogger/LogInstance:  Native log(4) running status=false
01-01 12:07:39.934333  6406  6406 V MTKLogger/MTKLoggerService: <--isLogRunning()? false
01-01 12:07:39.935492  6406  6406 V MTKLogger/MTKLoggerService: -->isLogRunning(), logType = 1
01-01 12:07:39.935740  6406  6406 I MTKLogger/LogInstance:  Native log(1) running status=true
01-01 12:07:39.935908  6406  6406 V MTKLogger/MTKLoggerService: <--isLogRunning()? true
01-01 12:07:39.936873  6406  6406 V MTKLogger/MTKLoggerService: -->isLogRunning(), logType = 2
01-01 12:07:39.937132  6406  6406 I MTKLogger/LogInstance:  Native log(2) running status=false
01-01 12:07:39.937299  6406  6406 D MTKLogger/MultiModemLog: Is modm log running ? false
01-01 12:07:39.937456  6406  6406 V MTKLogger/MTKLoggerService: <--isLogRunning()? false
01-01 12:07:39.939194  6406  6406 E MTKLogger/MainActivity: timeString : 0:00:00
01-01 12:07:39.941024  6406  6406 D MTKLogger/MainActivity: Build type is eng
01-01 12:07:39.942845  6406 11016 D MTKLogger/MainActivity: Start a new thread to check whether existing any log now.
01-01 12:07:39.942944  1613  2475 D AppOps  : noteOperation: allowing code 59 uid 10025 package com.android.providers.media
01-01 12:07:39.943210  1613  2475 D AppOps  : noteOperation: allowing code 60 uid 10025 package com.android.providers.media
01-01 12:07:39.943899  1613  2475 D SettingsInterface:  from settings cache , name = sys_storage_threshold_percentage , value = null
01-01 12:07:39.944285  1613  2475 D SettingsInterface:  from settings cache , name = sys_storage_threshold_max_bytes , value = null
01-01 12:07:39.944371   256   314 D SurfaceFlinger: postEvent(6406, v/c=11403)
01-01 12:07:39.944443   256   314 D SurfaceFlinger: postEvent(1613, v/c=11403)
01-01 12:07:39.946216  6406  6406 V ViewRootImpl: ViewRoot performTraversals+ : mFirst = false, this = ViewRoot{34aa005 com.mediatek.mtklogger/com.mediatek.mtklogger.MainActivity,ident = 10}
01-01 12:07:39.947029  1613  1651 V DisplayEventReceiver: call nativeScheduleVsync mReceiverPtr = 547443958976
01-01 12:07:39.947522   256   334 D SurfaceFlinger: requestNextVsync(1613)
01-01 12:07:39.958063   256   295 D SurfaceFlinger: requestNextVsync(256)
01-01 12:07:39.958239  6406 11016 I MTKLogger/MainActivity: List files in [/storage/emulated/0/mtklog/netlog] get a null or empty
01-01 12:07:39.959602   256   314 D SurfaceFlinger: postEvent(1613, v/c=11404)
01-01 12:07:39.961597  1613  1651 V DisplayEventReceiver: call nativeScheduleVsync mReceiverPtr = 547443958976
01-01 12:07:39.962489   256   334 D SurfaceFlinger: requestNextVsync(1613)
01-01 12:07:39.963868  6406 11016 V MTKLogger/MainActivity: Check whether existing any log finish, result=true
01-01 12:07:39.968824  6406  6406 V ViewRootImpl: ViewRoot performTraversals and draw- : mResizeBuffer = null, mResizeAlpha = 0, this = ViewRoot{34aa005 com.mediatek.mtklogger/com.mediatek.mtklogger.MainActivity,ident = 10} frame#28 (cancelDraw = false)
01-01 12:07:39.969338  6406  6406 I MTKLogger/MainActivity: Receive check existing log folder done message, result=true
01-01 12:07:39.969524  6406  6406 V MTKLogger/MainActivity: isLogExists=true
01-01 12:07:39.969937  6406  6406 V DisplayEventReceiver: call nativeScheduleVsync mReceiverPtr = 547456628928
01-01 12:07:39.971686   256   316 D SurfaceFlinger: postEvent(256, v/c=32845)
01-01 12:07:39.971938   256   295 D SurfaceFlinger: requestNextVsync(6406)
01-01 12:07:39.972129   256   314 D SurfaceFlinger: postEvent(6406, v/c=11405)
01-01 12:07:39.972221   256   314 D SurfaceFlinger: postEvent(1613, v/c=11405)
01-01 12:07:39.972956  6406  6406 V ViewRootImpl: ViewRoot performTraversals+ : mFirst = false, this = ViewRoot{34aa005 com.mediatek.mtklogger/com.mediatek.mtklogger.MainActivity,ident = 10}
01-01 12:07:39.974181   256   293 D SurfaceFlinger: requestNextVsync(256)
01-01 12:07:39.976600  1613  1651 V DisplayEventReceiver: call nativeScheduleVsync mReceiverPtr = 547443958976
01-01 12:07:39.978297  1613  3328 D AppOps  : noteOperation: allowing code 59 uid 10025 package com.android.providers.media
01-01 12:07:39.979052  1613  3328 D AppOps  : noteOperation: allowing code 60 uid 10025 package com.android.providers.media
01-01 12:07:39.979665   256   334 D SurfaceFlinger: requestNextVsync(1613)
01-01 12:07:39.980448  1613  3328 D SettingsInterface:  from settings cache , name = sys_storage_threshold_percentage , value = null
01-01 12:07:39.980512   256   293 D SurfaceFlinger: requestNextVsync(256)
01-01 12:07:39.980635   256   293 I BufferQueueProducer: [com.mediatek.mtklogger/com.mediatek.mtklogger.MainActivity](this:0x7fafa83400,id:87,api:1,p:6406,c:256) queueBuffer: fps=2.89 dur=1039.35 max=793.08 min=74.93
01-01 12:07:39.980831  1613  3328 D SettingsInterface:  from settings cache , name = sys_storage_threshold_max_bytes , value = null
01-01 12:07:39.982701  6406  6406 V ViewRootImpl: ViewRoot performTraversals and draw- : mResizeBuffer = null, mResizeAlpha = 0, this = ViewRoot{34aa005 com.mediatek.mtklogger/com.mediatek.mtklogger.MainActivity,ident = 10} frame#29 (cancelDraw = false)
01-01 12:07:39.983275 10724 10989 V MediaScanner: prescan>>> filePath=/storage/emulated/0/mtklog/mobilelog/APLog_2016_0101_120640/radio_log,prescanFiles=true
01-01 12:07:39.987620   256   293 D SurfaceFlinger: requestNextVsync(256)
01-01 12:07:39.988103   256   314 D SurfaceFlinger: postEvent(1613, v/c=11406)
01-01 12:07:39.988102   256   316 D SurfaceFlinger: postEvent(256, v/c=32846)
01-01 12:07:39.988610   256   295 D SurfaceFlinger: requestNextVsync(256)
01-01 12:07:39.989932   256   256 D SurfaceFlinger: requestNextVsync(256)
01-01 12:07:39.990109   256   256 D SurfaceFlinger: requestNextVsync(256)
01-01 12:07:39.990685  1613  1659 D SettingsInterface:  from settings cache , name = sys_storage_threshold_percentage , value = null
01-01 12:07:39.990685  1613  1651 V DisplayEventReceiver: call nativeScheduleVsync mReceiverPtr = 547443958976
01-01 12:07:39.991388   256  3757 D SurfaceFlinger: requestNextVsync(1613)
01-01 12:07:39.992628  1613  1659 D SettingsInterface:  from settings cache , name = sys_storage_threshold_max_bytes , value = null
01-01 12:07:39.998587   975 11005 I MobileLogD/dupm: dump /proc/last_kmsg
01-01 12:07:40.005511  1613  1659 I PackageManager: Checking for more work or unbind...
01-01 12:07:40.005590  1613  1659 I PackageManager: Posting MCS_BOUND for next work
01-01 12:07:40.006355   256   316 D SurfaceFlinger: postEvent(256, v/c=32847)
01-01 12:07:40.007906   256   314 D SurfaceFlinger: postEvent(1613, v/c=11407)
01-01 12:07:40.008302   256  3757 D SurfaceFlinger: requestNextVsync(256)
01-01 12:07:40.013922  1613  1651 V DisplayEventReceiver: call nativeScheduleVsync mReceiverPtr = 547443958976
01-01 12:07:40.014307   256   293 D SurfaceFlinger: requestNextVsync(1613)
01-01 12:07:40.022182  1613  3158 D AppOps  : noteOperation: allowing code 59 uid 10094 package com.asus.mobilemanager
01-01 12:07:40.022510  1613  3158 D AppOps  : noteOperation: allowing code 60 uid 10094 package com.asus.mobilemanager
01-01 12:07:40.023150  1613  3158 D SettingsInterface:  from settings cache , name = sys_storage_threshold_percentage , value = null
01-01 12:07:40.023479  1613  3158 D SettingsInterface:  from settings cache , name = sys_storage_threshold_max_bytes , value = null
01-01 12:07:40.024551   256   316 D SurfaceFlinger: postEvent(256, v/c=32848)
01-01 12:07:40.024551   256   314 D SurfaceFlinger: postEvent(1613, v/c=11408)
01-01 12:07:40.024929   256   293 D SurfaceFlinger: requestNextVsync(256)
01-01 12:07:40.026004  1613  1659 D SettingsInterface:  from settings cache , name = sys_storage_threshold_percentage , value = null
01-01 12:07:40.026401  1613  1659 D SettingsInterface:  from settings cache , name = sys_storage_threshold_max_bytes , value = null
01-01 12:07:40.029657  1613  1651 V DisplayEventReceiver: call nativeScheduleVsync mReceiverPtr = 547443958976
01-01 12:07:40.030201   256  3758 D SurfaceFlinger: requestNextVsync(1613)
01-01 12:07:40.032257  4665  9154 D AsusBackgroundEventsTracking: splitdimensions dim = {6=(3,0)}
01-01 12:07:40.033352  4665  9154 D AsusBackgroundEventsTracking: 34 : SETTING_TRACKER, (weekly) folder in workspace page1, Google (3,4), com.google.android.youtube/.app.honeycomb.Shell%24HomeActivity, 0, 6, (3,0)
01-01 12:07:40.040120  1613  2476 D AppOps  : noteOperation: allowing code 59 uid 10094 package com.asus.mobilemanager
01-01 12:07:40.040399  1613  2476 D AppOps  : noteOperation: allowing code 60 uid 10094 package com.asus.mobilemanager
01-01 12:07:40.040860  1613  1659 D SettingsInterface:  from settings cache , name = sys_storage_threshold_percentage , value = null
01-01 12:07:40.041223  1613  1659 D SettingsInterface:  from settings cache , name = sys_storage_threshold_max_bytes , value = null
01-01 12:07:40.042759   256   314 D SurfaceFlinger: postEvent(1613, v/c=11409)
01-01 12:07:40.042759   256   316 D SurfaceFlinger: postEvent(256, v/c=32849)
01-01 12:07:40.043614  1613  2476 D SettingsInterface:  from settings cache , name = sys_storage_threshold_percentage , value = null
01-01 12:07:40.043986  1613  2476 D SettingsInterface:  from settings cache , name = sys_storage_threshold_max_bytes , value = null
01-01 12:07:40.044657   256   334 D SurfaceFlinger: requestNextVsync(256)
01-01 12:07:40.046630  1613  1651 V DisplayEventReceiver: call nativeScheduleVsync mReceiverPtr = 547443958976
01-01 12:07:40.046930   256  3757 D SurfaceFlinger: requestNextVsync(1613)
01-01 12:07:40.048606 10724 10989 V MediaScanner: prescan<<< imageCount=0,videoCount=0, audioCount=2, lastId=-9223372036854775808,isEmpty=true
01-01 12:07:40.052606 10724 10989 V MediaProvider: insertInternal>>>: uri=content://media/external/file, match=700, initValues=mime_type=null date_modified=1451668056 _size=481770 title=radio_log _data=/storage/emulated/0/mtklog/mobilelog/APLog_2016_0101_120640/radio_log format=12288 is_drm=false
01-01 12:07:40.052962 10724 10989 V MediaProvider: insertFile>>>: uri=content://media/external/file, mediaType=0, values=mime_type=null date_modified=1451668056 _size=481770 title=radio_log _data=/storage/emulated/0/mtklog/mobilelog/APLog_2016_0101_120640/radio_log format=12288 is_drm=false
01-01 12:07:40.053634 10724 10989 V MediaProvider: Returning cached entry for /storage/emulated/0/mtklog/mobilelog/APLog_2016_0101_120640
01-01 12:07:40.061017   256   316 D SurfaceFlinger: postEvent(256, v/c=32850)
01-01 12:07:40.061017   256   314 D SurfaceFlinger: postEvent(1613, v/c=11410)
01-01 12:07:40.062839   256  3757 D SurfaceFlinger: requestNextVsync(256)
01-01 12:07:40.063306  1613  1659 D SettingsInterface:  from settings cache , name = sys_storage_threshold_percentage , value = null
01-01 12:07:40.063663  1613  1659 D SettingsInterface:  from settings cache , name = sys_storage_threshold_max_bytes , value = null
01-01 12:07:40.064641  1613  1651 V DisplayEventReceiver: call nativeScheduleVsync mReceiverPtr = 547443958976
01-01 12:07:40.065910  1613  2479 D AppOps  : noteOperation: allowing code 59 uid 10025 package com.android.providers.media
01-01 12:07:40.066228  1613  2479 D AppOps  : noteOperation: allowing code 60 uid 10025 package com.android.providers.media
01-01 12:07:40.066355   256  3758 D SurfaceFlinger: requestNextVsync(1613)
01-01 12:07:40.066888  1613  2479 D SettingsInterface:  from settings cache , name = sys_storage_threshold_percentage , value = null
01-01 12:07:40.067219  1613  2479 D SettingsInterface:  from settings cache , name = sys_storage_threshold_max_bytes , value = null
01-01 12:07:40.079236   256   316 D SurfaceFlinger: postEvent(256, v/c=32851)
01-01 12:07:40.079277   256   314 D SurfaceFlinger: postEvent(1613, v/c=11411)
01-01 12:07:40.079631   256  3758 D SurfaceFlinger: requestNextVsync(256)
01-01 12:07:40.080950 10724 10989 V MediaProvider: insertFile<<<: values=bucket_id=27328240 date_modified=1451668056 bucket_display_name=APLog_2016_0101_120640 parent=97 format=12288 storage_id=65537 media_type=0 mime_type=null _data=/storage/emulated/0/mtklog/mobilelog/APLog_2016_0101_120640/radio_log title=radio_log _size=481770 is_drm=false date_added=1451668060 file_name=radio_log, rowId=105
01-01 12:07:40.081203 10724 10989 V MediaProvider: insertInternal<<<: return newUri content://media/external/file/105
01-01 12:07:40.081538  1613  1651 V DisplayEventReceiver: call nativeScheduleVsync mReceiverPtr = 547443958976
01-01 12:07:40.082769   256   295 D SurfaceFlinger: requestNextVsync(1613)
01-01 12:07:40.082920  1613  1659 D SettingsInterface:  from settings cache , name = sys_storage_threshold_percentage , value = null
01-01 12:07:40.083253  1613  1659 D SettingsInterface:  from settings cache , name = sys_storage_threshold_max_bytes , value = null
01-01 12:07:40.085308  6406  7918 V MediaScannerConnection: Scanning file /storage/emulated/0/mtklog/mobilelog/APLog_2016_0101_120640/events_log
01-01 12:07:40.086001 10724 10739 D MediaScannerService: IMediaScannerService.scanFile: /storage/emulated/0/mtklog/mobilelog/APLog_2016_0101_120640/events_log mimeType: null
01-01 12:07:40.097404   256   314 D SurfaceFlinger: postEvent(1613, v/c=11412)
01-01 12:07:40.097403   256   316 D SurfaceFlinger: postEvent(256, v/c=32852)
01-01 12:07:40.098108   256   295 D SurfaceFlinger: requestNextVsync(256)
