01-01 12:07:37.571596  6406  7842 E HAL     : SLCODE-loaded class_id=gralloc 
01-01 12:07:37.571666  6406  7842 E HAL     : SLCODE-loaded name=gralloc 
01-01 12:07:37.571708  6406  7842 E HAL     : SLCODE-loaded prop_name=ro.hardware.gralloc 
01-01 12:07:37.571749  6406  7842 E HAL     : SLCODE-loaded for circle execute 
01-01 12:07:37.571793  6406  7842 E HAL     : SLCODE-hw_module_exists HAL_LIBRARY_PATH2=/vendor/lib64/hw, name=gralloc, subname=mt6735 
01-01 12:07:37.571905  6406  7842 E HAL     : SLCODE-hw_module_exists HAL_LIBRARY_PATH1=/system/lib64/hw, name=gralloc, subname=mt6735 
01-01 12:07:37.572008  6406  7842 E HAL     : SLCODE-hw_module_exists return ENOENT 
01-01 12:07:37.572064  6406  7842 E HAL     : SLCODE-hw_module_exists HAL_LIBRARY_PATH2=/vendor/lib64/hw, name=gralloc, subname=MT6737T 
01-01 12:07:37.572155  6406  7842 E HAL     : SLCODE-hw_module_exists HAL_LIBRARY_PATH1=/system/lib64/hw, name=gralloc, subname=MT6737T 
01-01 12:07:37.572234  6406  7842 E HAL     : SLCODE-hw_module_exists return ENOENT 
01-01 12:07:37.572290  6406  7842 E HAL     : SLCODE-hw_module_exists HAL_LIBRARY_PATH2=/vendor/lib64/hw, name=gralloc, subname=mt6737t 
01-01 12:07:37.572378  6406  7842 E HAL     : SLCODE-hw_module_exists HAL_LIBRARY_PATH1=/system/lib64/hw, name=gralloc, subname=mt6737t 
01-01 12:07:37.572467  6406  7842 E HAL     : SLCODE-loaded HAL id=gralloc path=/system/lib64/hw/gralloc.mt6737t.so 
01-01 12:07:37.573783  6406  7842 I [MALI][Gralloc]: [-]r_hnd(0x7f7742b400), client(44), share_fd(63)
01-01 12:07:37.574024  6406  7842 D GraphicBuffer: unregister, handle(0x7f748b88c0) (w:684 h:324 s:688 f:0x1 u:0x000b00)
01-01 12:07:37.574092  6406  7842 E HAL     : SLCODE-loaded class_id=gralloc 
01-01 12:07:37.574133  6406  7842 E HAL     : SLCODE-loaded name=gralloc 
01-01 12:07:37.574176  6406  7842 E HAL     : SLCODE-loaded prop_name=ro.hardware.gralloc 
01-01 12:07:37.574221  6406  7842 E HAL     : SLCODE-loaded for circle execute 
01-01 12:07:37.574268  6406  7842 E HAL     : SLCODE-hw_module_exists HAL_LIBRARY_PATH2=/vendor/lib64/hw, name=gralloc, subname=mt6735 
01-01 12:07:37.574382  6406  7842 E HAL     : SLCODE-hw_module_exists HAL_LIBRARY_PATH1=/system/lib64/hw, name=gralloc, subname=mt6735 
01-01 12:07:37.574452  6406  7842 E HAL     : SLCODE-hw_module_exists return ENOENT 
01-01 12:07:37.574501  6406  7842 E HAL     : SLCODE-hw_module_exists HAL_LIBRARY_PATH2=/vendor/lib64/hw, name=gralloc, subname=MT6737T 
01-01 12:07:37.574587  6406  7842 E HAL     : SLCODE-hw_module_exists HAL_LIBRARY_PATH1=/system/lib64/hw, name=gralloc, subname=MT6737T 
01-01 12:07:37.574650  6406  7842 E HAL     : SLCODE-hw_module_exists return ENOENT 
01-01 12:07:37.574696  6406  7842 E HAL     : SLCODE-hw_module_exists HAL_LIBRARY_PATH2=/vendor/lib64/hw, name=gralloc, subname=mt6737t 
01-01 12:07:37.574778  6406  7842 E HAL     : SLCODE-hw_module_exists HAL_LIBRARY_PATH1=/system/lib64/hw, name=gralloc, subname=mt6737t 
01-01 12:07:37.574843  6406  7842 E HAL     : SLCODE-loaded HAL id=gralloc path=/system/lib64/hw/gralloc.mt6737t.so 
01-01 12:07:37.575641  6406  7842 I [MALI][Gralloc]: [-]r_hnd(0x7f748b88c0), client(44), share_fd(64)
01-01 12:07:37.575783  6406  7842 D Surface : Surface::disconnect(this=0x7f8bc1b800,api=1)
01-01 12:07:37.576094   256   316 D SurfaceFlinger: postEvent(256, v/c=32779)
01-01 12:07:37.576094   256   314 D SurfaceFlinger: postEvent(6406, v/c=11334)
01-01 12:07:37.576558  6406 10987 D MTKLogger/Utils: <--getPathFromFileTree() fileList.size = 2
01-01 12:07:37.576695  6406 10987 D MTKLogger/Utils: -->getPathFromFileTree()
01-01 12:07:37.576718   256   256 D GraphicBuffer: free, handle(0x7fb471f120) (w:684 h:324 s:688 f:0x1 u:0x000b00)
01-01 12:07:37.576811   256   256 I [MALI][Gralloc]: [-]hnd(0x7fb471f120), client(26), share_fd(75)
01-01 12:07:37.576812  1613  1659 D SettingsInterface:  from settings cache , name = sys_storage_threshold_percentage , value = null
01-01 12:07:37.576872  6406 10987 D MTKLogger/Utils: fileTree = /storage/emulated/0/mtklog/running_file_tree.txt
01-01 12:07:37.576963   256  3757 I BufferQueueProducer: [停止录制](this:0x7fb1849400,id:88,api:1,p:-1,c:256) disconnect(P): api 1
01-01 12:07:37.577163  1613  1659 D SettingsInterface:  from settings cache , name = sys_storage_threshold_max_bytes , value = null
01-01 12:07:37.579510  6406  7842 D OpenGLRenderer: Flushing caches (mode 0)
01-01 12:07:37.581319  6406 10987 D MTKLogger/Utils: <--getPathFromFileTree() fileList.size = 14
01-01 12:07:37.586594  1613  1659 D SettingsInterface:  from settings cache , name = sys_storage_threshold_percentage , value = null
01-01 12:07:37.586914  1613  1659 D SettingsInterface:  from settings cache , name = sys_storage_threshold_max_bytes , value = null
01-01 12:07:37.592882  6406  6406 D WindowClient: Remove from mViews: com.android.internal.policy.PhoneWindow$DecorView{932f122 V.E...... R....... 0,0-684,324}, this = android.view.WindowManagerGlobal@210e8e5
01-01 12:07:37.593426  1613  1651 V DisplayEventReceiver: call nativeScheduleVsync mReceiverPtr = 547443958976
01-01 12:07:37.594212   256  3758 D SurfaceFlinger: requestNextVsync(1613)
01-01 12:07:37.595064  6406  8171 I MTKLogger/Utils: -->getInternalSdPath()
01-01 12:07:37.595113  6406  6406 V DisplayEventReceiver: call nativeScheduleVsync mReceiverPtr = 547456628928
01-01 12:07:37.595932   256   293 D SurfaceFlinger: requestNextVsync(6406)
01-01 12:07:37.596933  1613  1659 D SettingsInterface:  from settings cache , name = sys_storage_threshold_percentage , value = null
01-01 12:07:37.597130  6406  6406 V InputMethodManager: onWindowFocus: null softInputMode=32 first=false flags=#1810100
01-01 12:07:37.599913   256   314 D SurfaceFlinger: postEvent(6406, v/c=11336)
01-01 12:07:37.599960  1613  1659 D SettingsInterface:  from settings cache , name = sys_storage_threshold_max_bytes , value = null
01-01 12:07:37.600027   256   314 D SurfaceFlinger: postEvent(1613, v/c=11336)
01-01 12:07:37.600794  6406  6406 V ViewRootImpl: ViewRoot performTraversals+ : mFirst = false, this = ViewRoot{34aa005 com.mediatek.mtklogger/com.mediatek.mtklogger.MainActivity,ident = 10}
01-01 12:07:37.602868 10971 10971 W com.facebook.appmanager:cn: Verify
01-01 12:07:37.605015  6406 10987 D MTKLogger/Utils: -->setLogFolderToFileTree()
01-01 12:07:37.605171  6406 10987 D MTKLogger/Utils:  fileList.size = 15 fileTree = /storage/emulated/0/mtklog/file_tree.txt
01-01 12:07:37.605237  1613  1651 V DisplayEventReceiver: call nativeScheduleVsync mReceiverPtr = 547443958976
01-01 12:07:37.605567   256  3757 D SurfaceFlinger: requestNextVsync(1613)
01-01 12:07:37.605924   256   295 D SurfaceFlinger: requestNextVsync(256)
01-01 12:07:37.606615  6406  6406 V ViewRootImpl: ViewRoot performTraversals and draw- : mResizeBuffer = null, mResizeAlpha = 0, this = ViewRoot{34aa005 com.mediatek.mtklogger/com.mediatek.mtklogger.MainActivity,ident = 10} frame#22 (cancelDraw = false)
01-01 12:07:37.608132  1613  2472 D AppOps  : noteOperation: allowing code 59 uid 10092 package com.mediatek.mtklogger
01-01 12:07:37.608495  1613  2472 D AppOps  : noteOperation: allowing code 60 uid 10092 package com.mediatek.mtklogger
01-01 12:07:37.609250  1613  2472 D SettingsInterface:  from settings cache , name = sys_storage_threshold_percentage , value = null
01-01 12:07:37.609709  1613  2472 D SettingsInterface:  from settings cache , name = sys_storage_threshold_max_bytes , value = null
01-01 12:07:37.610573  6406  8171 I MTKLogger/Utils: /storage/emulated/0 is mounted!
01-01 12:07:37.612037  6406  8171 I MTKLogger/Utils: Is emulated and volumeInfo.getId() : emulated
01-01 12:07:37.612190  6406  8171 I MTKLogger/Utils: <--getInternalSdPath() : internalPath = /storage/emulated/0
01-01 12:07:37.612555  6406  8171 V MTKLogger: <--getLogPath(), type=internal_sd, string=/storage/emulated/0
01-01 12:07:37.612781  6406  8171 D MTKLogger/MainActivity:  mSDCardPathStr=/storage/emulated/0
01-01 12:07:37.612890   256  3758 D SurfaceFlinger: requestNextVsync(256)
01-01 12:07:37.612974   256  3758 I BufferQueueProducer: [com.mediatek.mtklogger/com.mediatek.mtklogger.MainActivity](this:0x7fafa83400,id:87,api:1,p:6406,c:256) queueBuffer: fps=2.55 dur=1175.38 max=672.74 min=169.67
01-01 12:07:37.613387  6406  6406 D MTKLogger/MainActivity: -->updateUI(), Update UI Start
01-01 12:07:37.613803  6406  6406 V DisplayEventReceiver: call nativeScheduleVsync mReceiverPtr = 547456628928
01-01 12:07:37.614138   256   293 D SurfaceFlinger: requestNextVsync(6406)
01-01 12:07:37.614684  6406  6406 I MTKLogger/MainActivity: isAutoTest()-> Monkey running flag is false
01-01 12:07:37.615218  6406 10987 D MTKLogger/Utils: <--setLogFolderToFileTree() fileList.size = 15
01-01 12:07:37.615612  6406  6406 I MTKLogger/MainActivity: isAutoTest()-> isUserAMonkey=false
01-01 12:07:37.615700  6406 10987 V MTKLogger/Utils: -->updateLogFilesInMediaProvider(), pathArray.length=13
01-01 12:07:37.616766  6406  6406 V MTKLogger/MainActivity: -->changeWaitingDialog()
01-01 12:07:37.617158  6406  6406 D MTKLogger/MainActivity: -->needStartLogAtBootTime(), needStart=false
01-01 12:07:37.617387  6406  6406 V MTKLogger/MainActivity: isBootComplete(), isComplete = true, isMTKLoggerServiceInited = true, isBootCompletedDone = true, isShutdownNormal = false, isNeedStartLogAtBootTime = false
01-01 12:07:37.617845  6406  6406 D MTKLogger/MTKLoggerService: <--getGlobalRunningStage(), current stage=0
01-01 12:07:37.618206   256   316 D SurfaceFlinger: postEvent(256, v/c=32781)
01-01 12:07:37.618207   256   314 D SurfaceFlinger: postEvent(6406, v/c=11337)
01-01 12:07:37.618325   256   314 D SurfaceFlinger: postEvent(1613, v/c=11337)
01-01 12:07:37.618651  6406  6406 D MTKLogger/MainActivity: changeWaitingDialog() -> currentRunningStage is 0
01-01 12:07:37.620140  1613  1651 V DisplayEventReceiver: call nativeScheduleVsync mReceiverPtr = 547443958976
01-01 12:07:37.620464  6406  6406 V MTKLogger/MTKLoggerService: -->isLogRunning(), logType = 16
01-01 12:07:37.620494   256   334 D SurfaceFlinger: requestNextVsync(1613)
01-01 12:07:37.620904   256   334 D SurfaceFlinger: requestNextVsync(256)
01-01 12:07:37.623139  6406  6406 I MTKLogger/LogInstance:  Native log(16) running status=false
01-01 12:07:37.625946  6406  6406 V MTKLogger/MTKLoggerService: <--isLogRunning()? false
01-01 12:07:37.627491  6406  6406 V MTKLogger/MTKLoggerService: -->isLogRunning(), logType = 4
01-01 12:07:37.627937  6406  6406 I MTKLogger/LogInstance:  Native log(4) running status=false
01-01 12:07:37.628128  6406  6406 V MTKLogger/MTKLoggerService: <--isLogRunning()? false
01-01 12:07:37.629510  1613  1659 D SettingsInterface:  from settings cache , name = sys_storage_threshold_percentage , value = null
01-01 12:07:37.629892  1613  1659 D SettingsInterface:  from settings cache , name = sys_storage_threshold_max_bytes , value = null
01-01 12:07:37.631586  6406  6406 V MTKLogger/MTKLoggerService: -->isLogRunning(), logType = 1
01-01 12:07:37.631908  6406  6406 I MTKLogger/LogInstance:  Native log(1) running status=false
01-01 12:07:37.632113  6406  6406 V MTKLogger/MTKLoggerService: <--isLogRunning()? false
01-01 12:07:37.633370  6406  6406 V MTKLogger/MTKLoggerService: -->isLogRunning(), logType = 2
01-01 12:07:37.633973  6406  6406 I MTKLogger/LogInstance:  Native log(2) running status=false
01-01 12:07:37.634217  6406  6406 D MTKLogger/MultiModemLog: Is modm log running ? false
01-01 12:07:37.634427  6406  6406 V MTKLogger/MTKLoggerService: <--isLogRunning()? false
01-01 12:07:37.636297  6406  6406 D MTKLogger/MainActivity: Build type is eng
01-01 12:07:37.636879   256   316 D SurfaceFlinger: postEvent(256, v/c=32782)
01-01 12:07:37.637362   256   314 D SurfaceFlinger: postEvent(1613, v/c=11338)
01-01 12:07:37.638427   256   256 D GraphicBuffer: free, handle(0x7fb471ed60) (w:684 h:324 s:688 f:0x1 u:0x000b00)
01-01 12:07:37.638456  6406 10988 D MTKLogger/MainActivity: Start a new thread to check whether existing any log now.
01-01 12:07:37.638465  1613  3159 D AppOps  : noteOperation: allowing code 59 uid 10094 package com.asus.mobilemanager
01-01 12:07:37.638554   256   256 I [MALI][Gralloc]: [-]hnd(0x7fb471ed60), client(26), share_fd(69)
01-01 12:07:37.638799  1613  3159 D AppOps  : noteOperation: allowing code 60 uid 10094 package com.asus.mobilemanager
01-01 12:07:37.639325  1613  1651 V DisplayEventReceiver: call nativeScheduleVsync mReceiverPtr = 547443958976
01-01 12:07:37.639572  1613  3159 D SettingsInterface:  from settings cache , name = sys_storage_threshold_percentage , value = null
01-01 12:07:37.639685   256   295 D SurfaceFlinger: requestNextVsync(1613)
01-01 12:07:37.639898   256   295 D SurfaceFlinger: requestNextVsync(256)
01-01 12:07:37.640308  1613  3159 D SettingsInterface:  from settings cache , name = sys_storage_threshold_max_bytes , value = null
01-01 12:07:37.644624  6406 10988 I MTKLogger/MainActivity: List files in [/storage/emulated/0/mtklog/netlog] get a null or empty
01-01 12:07:37.645841  1613  1659 I PackageManager: Checking for more work or unbind...
01-01 12:07:37.645955  1613  1659 I PackageManager: Posting MCS_BOUND for next work
01-01 12:07:37.646060 10724 10724 D MediaScannerService: onCreate: CpuCoreNum = 4, isLowRamDevice = false
01-01 12:07:37.646547  6406  6406 V ViewRootImpl: ViewRoot performTraversals+ : mFirst = false, this = ViewRoot{34aa005 com.mediatek.mtklogger/com.mediatek.mtklogger.MainActivity,ident = 10}
01-01 12:07:37.647099  1613  2471 D AppOps  : noteOperation: allowing code 59 uid 10094 package com.asus.mobilemanager
01-01 12:07:37.647436  1613  2471 D AppOps  : noteOperation: allowing code 60 uid 10094 package com.asus.mobilemanager
01-01 12:07:37.648285  1613  2471 D SettingsInterface:  from settings cache , name = sys_storage_threshold_percentage , value = null
01-01 12:07:37.648658  1613  2471 D SettingsInterface:  from settings cache , name = sys_storage_threshold_max_bytes , value = null
01-01 12:07:37.648753  6406 10988 V MTKLogger/MainActivity: Check whether existing any log finish, result=true
01-01 12:07:37.652250  1613  2474 D AppOps  : noteOperation: allowing code 59 uid 10025 package com.android.providers.media
01-01 12:07:37.652636  1613  2474 D AppOps  : noteOperation: allowing code 60 uid 10025 package com.android.providers.media
01-01 12:07:37.653333  1613  2474 D SettingsInterface:  from settings cache , name = sys_storage_threshold_percentage , value = null
01-01 12:07:37.654857   256   316 D SurfaceFlinger: postEvent(256, v/c=32783)
01-01 12:07:37.654857   256   314 D SurfaceFlinger: postEvent(1613, v/c=11339)
01-01 12:07:37.655492  1613  2474 D SettingsInterface:  from settings cache , name = sys_storage_threshold_max_bytes , value = null
01-01 12:07:37.656812  1613  1651 V DisplayEventReceiver: call nativeScheduleVsync mReceiverPtr = 547443958976
01-01 12:07:37.657190   256   293 D SurfaceFlinger: requestNextVsync(1613)
01-01 12:07:37.657413   256   334 D SurfaceFlinger: requestNextVsync(256)
01-01 12:07:37.660373  1613  1659 D SettingsInterface:  from settings cache , name = sys_storage_threshold_percentage , value = null
01-01 12:07:37.660832  1613  1659 D SettingsInterface:  from settings cache , name = sys_storage_threshold_max_bytes , value = null
01-01 12:07:37.664857  1613  1659 D SettingsInterface:  from settings cache , name = sys_storage_threshold_percentage , value = null
01-01 12:07:37.665430  1613  1659 D SettingsInterface:  from settings cache , name = sys_storage_threshold_max_bytes , value = null
01-01 12:07:37.666683 10724 10989 I art     : Starting a blocking GC Explicit
01-01 12:07:37.668487  6406  6406 V ViewRootImpl: ViewRoot performTraversals and draw- : mResizeBuffer = null, mResizeAlpha = 0, this = ViewRoot{34aa005 com.mediatek.mtklogger/com.mediatek.mtklogger.MainActivity,ident = 10} frame#23 (cancelDraw = false)
01-01 12:07:37.668542  1613  1659 D SettingsInterface:  from settings cache , name = sys_storage_threshold_percentage , value = null
01-01 12:07:37.669041  6406  6406 I MTKLogger/MainActivity: Receive check existing log folder done message, result=true
01-01 12:07:37.669260  6406  6406 V MTKLogger/MainActivity: isLogExists=true
01-01 12:07:37.669317  1613  1659 D SettingsInterface:  from settings cache , name = sys_storage_threshold_max_bytes , value = null
01-01 12:07:37.669558  6406  6406 V DisplayEventReceiver: call nativeScheduleVsync mReceiverPtr = 547456628928
01-01 12:07:37.670357   256   295 D SurfaceFlinger: requestNextVsync(6406)
01-01 12:07:37.672538 10724 10724 D MediaScannerService: onCreate : mIsThreadPoolEnable = true
01-01 12:07:37.672822   256   314 D SurfaceFlinger: postEvent(6406, v/c=11340)
01-01 12:07:37.672916   256   316 D SurfaceFlinger: postEvent(256, v/c=32784)
01-01 12:07:37.672940   256   314 D SurfaceFlinger: postEvent(1613, v/c=11340)
01-01 12:07:37.673471  6406  6406 V ViewRootImpl: ViewRoot performTraversals+ : mFirst = false, this = ViewRoot{34aa005 com.mediatek.mtklogger/com.mediatek.mtklogger.MainActivity,ident = 10}
01-01 12:07:37.675262  1613  1651 V DisplayEventReceiver: call nativeScheduleVsync mReceiverPtr = 547443958976
01-01 12:07:37.679925  1613  1659 D SettingsInterface:  from settings cache , name = sys_storage_threshold_percentage , value = null
01-01 12:07:37.681805   256   334 D SurfaceFlinger: requestNextVsync(1613)
01-01 12:07:37.682542   256   334 D SurfaceFlinger: requestNextVsync(256)
01-01 12:07:37.684771  1613  1659 D SettingsInterface:  from settings cache , name = sys_storage_threshold_max_bytes , value = null
01-01 12:07:37.691179   256   314 D SurfaceFlinger: postEvent(1613, v/c=11341)
01-01 12:07:37.692081  1613  1659 D SettingsInterface:  from settings cache , name = sys_storage_threshold_percentage , value = null
01-01 12:07:37.692529  1613  1659 D SettingsInterface:  from settings cache , name = sys_storage_threshold_max_bytes , value = null
01-01 12:07:37.692817  1613  1651 V DisplayEventReceiver: call nativeScheduleVsync mReceiverPtr = 547443958976
01-01 12:07:37.693358   256  3758 D SurfaceFlinger: requestNextVsync(1613)
01-01 12:07:37.694988   256   316 D SurfaceFlinger: postEvent(256, v/c=32785)
01-01 12:07:37.695001   256  3757 D SurfaceFlinger: requestNextVsync(256)
01-01 12:07:37.695392   256   295 D SurfaceFlinger: requestNextVsync(256)
01-01 12:07:37.696593  6406  6406 V ViewRootImpl: ViewRoot performTraversals and draw- : mResizeBuffer = null, mResizeAlpha = 0, this = ViewRoot{34aa005 com.mediatek.mtklogger/com.mediatek.mtklogger.MainActivity,ident = 10} frame#24 (cancelDraw = false)
01-01 12:07:37.696929 10724 10989 I art     : Explicit concurrent mark sweep GC freed 710(82KB) AllocSpace objects, 0(0B) LOS objects, 35% free, 7MB/11MB, paused 254us total 29.938ms
01-01 12:07:37.697425  6406  6406 V MediaScannerConnection: Connected to Media Scanner
01-01 12:07:37.697833  6406  6406 V MediaScannerConnection: Scanning file /storage/emulated/0/mtklog/mobilelog/APLog_2016_0101_120640/mblog_history
01-01 12:07:37.699734   256   308 W hwcomposer: [JOB] (0) Timed out waiting for vsync...
01-01 12:07:37.704217 10724 10755 D MediaScannerService: IMediaScannerService.scanFile: /storage/emulated/0/mtklog/mobilelog/APLog_2016_0101_120640/mblog_history mimeType: null
01-01 12:07:37.704219 10724 10989 V MediaScannerService: service handle finish created
01-01 12:07:37.709264   256   314 D SurfaceFlinger: postEvent(1613, v/c=11342)
01-01 12:07:37.709304   256   316 D SurfaceFlinger: postEvent(256, v/c=32786)
01-01 12:07:37.711213  1613  1651 V DisplayEventReceiver: call nativeScheduleVsync mReceiverPtr = 547443958976
01-01 12:07:37.711680   256   334 D SurfaceFlinger: requestNextVsync(256)
01-01 12:07:37.712560   256  3757 D SurfaceFlinger: requestNextVsync(1613)
01-01 12:07:37.713122   256   334 D SurfaceFlinger: requestNextVsync(256)
01-01 12:07:37.713373  1613  1659 D SettingsInterface:  from settings cache , name = sys_storage_threshold_percentage , value = null
01-01 12:07:37.713707  1613  1659 D SettingsInterface:  from settings cache , name = sys_storage_threshold_max_bytes , value = null
01-01 12:07:37.720828  1613  3012 D AppOps  : noteOperation: allowing code 59 uid 10025 package com.android.providers.media
01-01 12:07:37.721156  1613  3012 D AppOps  : noteOperation: allowing code 60 uid 10025 package com.android.providers.media
01-01 12:07:37.721807  1613  3012 D SettingsInterface:  from settings cache , name = sys_storage_threshold_percentage , value = null
01-01 12:07:37.723263  1613  1659 I PackageManager: Checking for more work or unbind...
01-01 12:07:37.723351  1613  1659 I PackageManager: Posting MCS_BOUND for next work
01-01 12:07:37.723656  1613  3012 D SettingsInterface:  from settings cache , name = sys_storage_threshold_max_bytes , value = null
01-01 12:07:37.727494   256   314 D SurfaceFlinger: postEvent(1613, v/c=11343)
01-01 12:07:37.727516   256   316 D SurfaceFlinger: postEvent(256, v/c=32787)
01-01 12:07:37.729239  1613  2479 D AppOps  : noteOperation: allowing code 59 uid 10094 package com.asus.mobilemanager
01-01 12:07:37.729522  1613  1651 V DisplayEventReceiver: call nativeScheduleVsync mReceiverPtr = 547443958976
01-01 12:07:37.729523  1613  2479 D AppOps  : noteOperation: allowing code 60 uid 10094 package com.asus.mobilemanager
01-01 12:07:37.730369  1613  2479 D SettingsInterface:  from settings cache , name = sys_storage_threshold_percentage , value = null
01-01 12:07:37.730775  1613  2479 D SettingsInterface:  from settings cache , name = sys_storage_threshold_max_bytes , value = null
01-01 12:07:37.733239   256   293 D SurfaceFlinger: requestNextVsync(1613)
01-01 12:07:37.733356   256   334 D SurfaceFlinger: requestNextVsync(256)
01-01 12:07:37.734531  1613  2475 D AppOps  : noteOperation: allowing code 59 uid 10094 package com.asus.mobilemanager
01-01 12:07:37.734859  1613  2475 D AppOps  : noteOperation: allowing code 60 uid 10094 package com.asus.mobilemanager
01-01 12:07:37.738725 10724 10989 V MediaScannerService: handleMessage: what = 11, startId = 1, arguments = Bundle[{mimetype=null, filepath=/storage/emulated/0/mtklog/mobilelog/APLog_2016_0101_120640/mblog_history, listener=android.os.BinderProxy@434473e}]
01-01 12:07:37.739543  1613  2475 D SettingsInterface:  from settings cache , name = sys_storage_threshold_percentage , value = null
01-01 12:07:37.739902  1613  2475 D SettingsInterface:  from settings cache , name = sys_storage_threshold_max_bytes , value = null
01-01 12:07:37.740794 10724 10989 V MediaProvider: insertInternal>>>: uri=content://media/, match=300, initValues=name=external
01-01 12:07:37.742116  1613  1659 D SettingsInterface:  from settings cache , name = sys_storage_threshold_percentage , value = null
01-01 12:07:37.742478  1613  1659 D SettingsInterface:  from settings cache , name = sys_storage_threshold_max_bytes , value = null
01-01 12:07:37.743172  1613  3328 D AppOps  : noteOperation: allowing code 59 uid 10025 package com.android.providers.media
01-01 12:07:37.743509  1613  3328 D AppOps  : noteOperation: allowing code 60 uid 10025 package com.android.providers.media
01-01 12:07:37.744218  1613  3328 D SettingsInterface:  from settings cache , name = sys_storage_threshold_percentage , value = null
01-01 12:07:37.744657  1613  3328 D SettingsInterface:  from settings cache , name = sys_storage_threshold_max_bytes , value = null
01-01 12:07:37.745748   256   314 D SurfaceFlinger: postEvent(1613, v/c=11344)
01-01 12:07:37.746003   256   316 D SurfaceFlinger: postEvent(256, v/c=32788)
01-01 12:07:37.747545  1613  1651 V DisplayEventReceiver: call nativeScheduleVsync mReceiverPtr = 547443958976
01-01 12:07:37.747971  1613  1643 D AppOps  : noteOperation: allowing code 59 uid 10025 package com.android.providers.media
01-01 12:07:37.748156   256  3757 D SurfaceFlinger: requestNextVsync(1613)
01-01 12:07:37.748352   256  3757 D SurfaceFlinger: requestNextVsync(256)
01-01 12:07:37.748413  1613  1643 D AppOps  : noteOperation: allowing code 60 uid 10025 package com.android.providers.media
01-01 12:07:37.749160  1613  1659 D SettingsInterface:  from settings cache , name = sys_storage_threshold_percentage , value = null
01-01 12:07:37.749897  1613  1659 D SettingsInterface:  from settings cache , name = sys_storage_threshold_max_bytes , value = null
01-01 12:07:37.750938  1613  1643 D SettingsInterface:  from settings cache , name = sys_storage_threshold_percentage , value = null
01-01 12:07:37.751346  1613  1643 D SettingsInterface:  from settings cache , name = sys_storage_threshold_max_bytes , value = null
01-01 12:07:37.752096  1613  1659 D SettingsInterface:  from settings cache , name = sys_storage_threshold_percentage , value = null
01-01 12:07:37.752475  1613  1659 D SettingsInterface:  from settings cache , name = sys_storage_threshold_max_bytes , value = null
01-01 12:07:37.754095 10724 10989 V MediaProvider: attachVolume>>> volume=external
01-01 12:07:37.756882   256   256 I BufferQueueProducer: [FrameBufferSurface_0](this:0x7fb4259000,id:0,api:1,p:256,c:256) queueBuffer: fps=51.51 dur=1009.47 max=47.27 min=15.75
01-01 12:07:37.759497  1613  1659 D SettingsInterface:  from settings cache , name = sys_storage_threshold_percentage , value = null
01-01 12:07:37.759840  1613  3158 D AppOps  : noteOperation: allowing code 59 uid 10025 package com.android.providers.media
01-01 12:07:37.759868  1613  1659 D SettingsInterface:  from settings cache , name = sys_storage_threshold_max_bytes , value = null
01-01 12:07:37.760121  1613  3158 D AppOps  : noteOperation: allowing code 60 uid 10025 package com.android.providers.media
01-01 12:07:37.760770  1613  3158 D SettingsInterface:  from settings cache , name = sys_storage_threshold_percentage , value = null
01-01 12:07:37.761179  1613  3158 D SettingsInterface:  from settings cache , name = sys_storage_threshold_max_bytes , value = null
01-01 12:07:37.763929   256   314 D SurfaceFlinger: postEvent(1613, v/c=11345)
01-01 12:07:37.764087   256   316 D SurfaceFlinger: postEvent(256, v/c=32789)
01-01 12:07:37.764755  1613  2472 D AppOps  : noteOperation: allowing code 59 uid 10025 package com.android.providers.media
01-01 12:07:37.765081  1613  2472 D AppOps  : noteOperation: allowing code 60 uid 10025 package com.android.providers.media
01-01 12:07:37.765607  1613  1651 V DisplayEventReceiver: call nativeScheduleVsync mReceiverPtr = 547443958976
01-01 12:07:37.765811  1613  2472 D SettingsInterface:  from settings cache , name = sys_storage_threshold_percentage , value = null
01-01 12:07:37.766159   256  3758 D SurfaceFlinger: requestNextVsync(1613)
01-01 12:07:37.766177  1613  2472 D SettingsInterface:  from settings cache , name = sys_storage_threshold_max_bytes , value = null
01-01 12:07:37.766573   256  3757 D SurfaceFlinger: requestNextVsync(256)
01-01 12:07:37.767570  1613  1659 D SettingsInterface:  from settings cache , name = sys_storage_threshold_percentage , value = null
01-01 12:07:37.768404  1613  1659 D SettingsInterface:  from settings cache , name = sys_storage_threshold_max_bytes , value = null
01-01 12:07:37.768840 10724 10989 V MediaProvider: attachVolume<<< Already attached external.db
01-01 12:07:37.772813  1613  2476 D AppOps  : noteOperation: allowing code 59 uid 10025 package com.android.providers.media
01-01 12:07:37.773219  1613  2476 D AppOps  : noteOperation: allowing code 60 uid 10025 package com.android.providers.media
01-01 12:07:37.774513  1613  2476 D SettingsInterface:  from settings cache , name = sys_storage_threshold_percentage , value = null
01-01 12:07:37.775034  1613  2476 D SettingsInterface:  from settings cache , name = sys_storage_threshold_max_bytes , value = null
01-01 12:07:37.776099  1613  1659 D SettingsInterface:  from settings cache , name = sys_storage_threshold_percentage , value = null
01-01 12:07:37.776301 10724 10989 D MediaProvider: ensureDefaultFolders dcimExist: true
01-01 12:07:37.777569  1613  1659 D SettingsInterface:  from settings cache , name = sys_storage_threshold_max_bytes , value = null
01-01 12:07:37.782198   256   314 D SurfaceFlinger: postEvent(1613, v/c=11346)
01-01 12:07:37.782364   256   316 D SurfaceFlinger: postEvent(256, v/c=32790)
01-01 12:07:37.784353  1613  1651 V DisplayEventReceiver: call nativeScheduleVsync mReceiverPtr = 547443958976
01-01 12:07:37.784758   256   334 D SurfaceFlinger: requestNextVsync(1613)
01-01 12:07:37.785115   256   334 D SurfaceFlinger: requestNextVsync(256)
01-01 12:07:37.797887  1613  1659 I PackageManager: Checking for more work or unbind...
01-01 12:07:37.797982  1613  1659 I PackageManager: Posting MCS_BOUND for next work
01-01 12:07:37.799914 10724 10989 I StagefrightMediaScanner: StagefrightMediaScanner Constructor
01-01 12:07:37.800350  1613  2474 D AppOps  : noteOperation: allowing code 59 uid 10094 package com.asus.mobilemanager
01-01 12:07:37.800406   256   314 D SurfaceFlinger: postEvent(1613, v/c=11347)
01-01 12:07:37.800482 10724 10989 V MediaScanner: setDefaultRingtoneFileNames: ringtone=Festival.ogg,notification=NewMessage.ogg,alarm=BusyBugs.ogg
01-01 12:07:37.800523   256   316 D SurfaceFlinger: postEvent(256, v/c=32791)
01-01 12:07:37.800631  1613  2474 D AppOps  : noteOperation: allowing code 60 uid 10094 package com.asus.mobilemanager
01-01 12:07:37.801318  1613  2474 D SettingsInterface:  from settings cache , name = sys_storage_threshold_percentage , value = null
01-01 12:07:37.801717  1613  2474 D SettingsInterface:  from settings cache , name = sys_storage_threshold_max_bytes , value = null
01-01 12:07:37.802043  1613  1651 V DisplayEventReceiver: call nativeScheduleVsync mReceiverPtr = 547443958976
01-01 12:07:37.802867   256  3758 D SurfaceFlinger: requestNextVsync(1613)
01-01 12:07:37.803258   256  3758 D SurfaceFlinger: requestNextVsync(256)
01-01 12:07:37.803761  1613  1659 D SettingsInterface:  from settings cache , name = sys_storage_threshold_percentage , value = null
01-01 12:07:37.804857  1613  1659 D SettingsInterface:  from settings cache , name = sys_storage_threshold_max_bytes , value = null
01-01 12:07:37.806060  1613  2477 D AppOps  : noteOperation: allowing code 59 uid 10025 package com.android.providers.media
01-01 12:07:37.806316  1613  2476 D AppOps  : noteOperation: allowing code 59 uid 10094 package com.asus.mobilemanager
01-01 12:07:37.806590  1613  2476 D AppOps  : noteOperation: allowing code 60 uid 10094 package com.asus.mobilemanager
01-01 12:07:37.806937  1613  2477 D AppOps  : noteOperation: allowing code 60 uid 10025 package com.android.providers.media
01-01 12:07:37.807260  1613  2476 D SettingsInterface:  from settings cache , name = sys_storage_threshold_percentage , value = null
01-01 12:07:37.807592  1613  2476 D SettingsInterface:  from settings cache , name = sys_storage_threshold_max_bytes , value = null
01-01 12:07:37.807906  3360 10992 I art     : Starting a blocking GC Explicit
01-01 12:07:37.808766  1613  2477 D SettingsInterface:  from settings cache , name = sys_storage_threshold_percentage , value = null
01-01 12:07:37.809147  1613  2477 D SettingsInterface:  from settings cache , name = sys_storage_threshold_max_bytes , value = null
01-01 12:07:37.812893  1613  1659 D SettingsInterface:  from settings cache , name = sys_storage_threshold_percentage , value = null
01-01 12:07:37.813254  1613  1659 D SettingsInterface:  from settings cache , name = sys_storage_threshold_max_bytes , value = null
01-01 12:07:37.815895  1613  3159 D AppOps  : startOperation: allowing code 40 uid 10029 package com.google.android.gms
01-01 12:07:37.818606   256   314 D SurfaceFlinger: postEvent(1613, v/c=11348)
01-01 12:07:37.818768   256   316 D SurfaceFlinger: postEvent(256, v/c=32792)
01-01 12:07:37.818868  3360  3712 I Icing   : Indexing 66A8A23BFEDBF546C3F52B790DA15BE17EAD0AD0 from com.google.android.googlequicksearchbox
01-01 12:07:37.818981  1613  1659 D SettingsInterface:  from settings cache , name = sys_storage_threshold_percentage , value = null
01-01 12:07:37.819291  1613  1659 D SettingsInterface:  from settings cache , name = sys_storage_threshold_max_bytes , value = null
01-01 12:07:37.821736  1613  1651 V DisplayEventReceiver: call nativeScheduleVsync mReceiverPtr = 547443958976
01-01 12:07:37.822084   256   295 D SurfaceFlinger: requestNextVsync(1613)
01-01 12:07:37.822372   256   295 D SurfaceFlinger: requestNextVsync(256)
01-01 12:07:37.824060  1613  2474 D AppOps  : noteOperation: allowing code 59 uid 10025 package com.android.providers.media
01-01 12:07:37.824330  1613  2474 D AppOps  : noteOperation: allowing code 60 uid 10025 package com.android.providers.media
01-01 12:07:37.824972  1613  2474 D SettingsInterface:  from settings cache , name = sys_storage_threshold_percentage , value = null
01-01 12:07:37.825290  1613  2474 D SettingsInterface:  from settings cache , name = sys_storage_threshold_max_bytes , value = null
01-01 12:07:37.836833   256   316 D SurfaceFlinger: postEvent(256, v/c=32793)
01-01 12:07:37.836905   256   314 D SurfaceFlinger: postEvent(1613, v/c=11349)
01-01 12:07:37.839530  1613  1651 V DisplayEventReceiver: call nativeScheduleVsync mReceiverPtr = 547443958976
01-01 12:07:37.839844   256  3758 D SurfaceFlinger: requestNextVsync(1613)
01-01 12:07:37.847317  1613  2477 D AppOps  : noteOperation: allowing code 59 uid 10025 package com.android.providers.media
01-01 12:07:37.847659  1613  2477 D AppOps  : noteOperation: allowing code 60 uid 10025 package com.android.providers.media
01-01 12:07:37.848409  1613  2477 D SettingsInterface:  from settings cache , name = sys_storage_threshold_percentage , value = null
01-01 12:07:37.848740 10971 10993 I art     : Starting a blocking GC Explicit
01-01 12:07:37.848787  1613  2477 D SettingsInterface:  from settings cache , name = sys_storage_threshold_max_bytes , value = null
01-01 12:07:37.855390   256   314 D SurfaceFlinger: postEvent(1613, v/c=11350)
01-01 12:07:37.855628 10724 10989 V MediaScanner: prescan>>> filePath=/storage/emulated/0/mtklog/mobilelog/APLog_2016_0101_120640/mblog_history,prescanFiles=true
01-01 12:07:37.856342  1613  1659 D SettingsInterface:  from settings cache , name = sys_storage_threshold_percentage , value = null
01-01 12:07:37.856794  1613  1659 D SettingsInterface:  from settings cache , name = sys_storage_threshold_max_bytes , value = null
01-01 12:07:37.857806   256   293 D SurfaceFlinger: requestNextVsync(256)
01-01 12:07:37.858452  3360 10992 I art     : Explicit concurrent mark sweep GC freed 12376(1173KB) AllocSpace objects, 1(20KB) LOS objects, 10% free, 16MB/18MB, paused 847us total 50.344ms
01-01 12:07:37.860235   256   334 D SurfaceFlinger: requestNextVsync(256)
01-01 12:07:37.865141  1613  1651 V DisplayEventReceiver: call nativeScheduleVsync mReceiverPtr = 547443958976
01-01 12:07:37.865473   256   295 D SurfaceFlinger: requestNextVsync(1613)
01-01 12:07:37.869883 10569 10569 D DMC->BootCompletedReceiver: ===== BCReceiver: Intent { act=com.asus.dm.DMService.delayBootCompleted flg=0x114 cmp=com.asus.dm/.BootCompletedReceiver (has extras) }
01-01 12:07:37.873162  1613  1659 D SettingsInterface:  from settings cache , name = sys_storage_threshold_percentage , value = null
01-01 12:07:37.873447   256   314 D SurfaceFlinger: postEvent(1613, v/c=11351)
01-01 12:07:37.873447   256   316 D SurfaceFlinger: postEvent(256, v/c=32795)
01-01 12:07:37.873800   256   256 I BufferQueueConsumer: [停止录制](this:0x7fb1849400,id:88,api:1,p:-1,c:-1) disconnect(C)
01-01 12:07:37.874199  1613  1659 D SettingsInterface:  from settings cache , name = sys_storage_threshold_max_bytes , value = null
01-01 12:07:37.874359   256   256 I BufferQueue: [停止录制](this:0x7fb1849400,id:88,api:1,p:-1,c:-1) ~BufferQueueCore
01-01 12:07:37.874702   256   256 D GraphicBuffer: free, handle(0x7fb471f080) (w:684 h:324 s:688 f:0x1 u:0x000b00)
01-01 12:07:37.874807   256   256 I [MALI][Gralloc]: [-]hnd(0x7fb471f080), client(26), share_fd(61)
01-01 12:07:37.885282 10971 10993 I art     : Explicit concurrent mark sweep GC freed 4731(466KB) AllocSpace objects, 2(40KB) LOS objects, 20% free, 7MB/9MB, paused 984us total 36.326ms
01-01 12:07:37.891503  1613  1639 D AppOps  : noteOperation: allowing code 59 uid 10025 package com.android.providers.media
01-01 12:07:37.891921  1613  1639 D AppOps  : noteOperation: allowing code 59 uid 10029 package com.google.android.gms
01-01 12:07:37.895126 10569 10569 D DMC->UniqueId: ===== TelephonyManager.getDeviceId() is NULL.
01-01 12:07:37.895825 10569 10569 D DMC->BootCompletedReceiver: isPhoneReadyToUse --> not ready, delayCnt = 5
01-01 12:07:37.900017  1613  1659 D SettingsInterface:  from settings cache , name = sys_storage_threshold_percentage , value = null
01-01 12:07:37.900331  1613  1659 D SettingsInterface:  from settings cache , name = sys_storage_threshold_max_bytes , value = null
01-01 12:07:37.912717  1613  1659 I PackageManager: Checking for more work or unbind...
01-01 12:07:37.912836  1613  1659 I PackageManager: Posting MCS_BOUND for next work
01-01 12:07:37.914668  1613  2478 D AppOps  : noteOperation: allowing code 59 uid 10094 package com.asus.mobilemanager
01-01 12:07:37.914946  1613  2478 D AppOps  : noteOperation: allowing code 60 uid 10094 package com.asus.mobilemanager
01-01 12:07:37.915579  1613  2478 D SettingsInterface:  from settings cache , name = sys_storage_threshold_percentage , value = null
01-01 12:07:37.915916  1613  2478 D SettingsInterface:  from settings cache , name = sys_storage_threshold_max_bytes , value = null
01-01 12:07:37.920939  1613  3159 D AppOps  : noteOperation: allowing code 59 uid 10094 package com.asus.mobilemanager
01-01 12:07:37.921299  1613  3159 D AppOps  : noteOperation: allowing code 60 uid 10094 package com.asus.mobilemanager
01-01 12:07:37.921981  1613  3159 D SettingsInterface:  from settings cache , name = sys_storage_threshold_percentage , value = null
01-01 12:07:37.922452  1613  3159 D SettingsInterface:  from settings cache , name = sys_storage_threshold_max_bytes , value = null
01-01 12:07:37.925930  1613  1659 D SettingsInterface:  from settings cache , name = sys_storage_threshold_percentage , value = null
01-01 12:07:37.926329  1613  1659 D SettingsInterface:  from settings cache , name = sys_storage_threshold_max_bytes , value = null
01-01 12:07:37.928635  1613  1659 D SettingsInterface:  from settings cache , name = sys_storage_threshold_percentage , value = null
01-01 12:07:37.929033  1613  1659 D SettingsInterface:  from settings cache , name = sys_storage_threshold_max_bytes , value = null
01-01 12:07:37.934386  1613  1659 D SettingsInterface:  from settings cache , name = sys_storage_threshold_percentage , value = null
01-01 12:07:37.934971  1613  1659 D SettingsInterface:  from settings cache , name = sys_storage_threshold_max_bytes , value = null
01-01 12:07:37.937431 10971 10971 D MPlugin : createInstance(): Begin = 971489
01-01 12:07:37.937998 10971 10971 D MPlugin : create Instance (two parameters) with : com.mediatek.common.telephony.IOnlyOwnerSimSupport
01-01 12:07:37.938148 10971 10971 D MPlugin : Clazz exists on mapping table : false
01-01 12:07:37.938254 10971 10971 E MPlugin : Unsupported class: com.mediatek.common.telephony.IOnlyOwnerSimSupport
01-01 12:07:37.938403 10971 10971 D MPlugin : createInstance(): End = 971490
01-01 12:07:37.946387  1613  1659 D SettingsInterface:  from settings cache , name = sys_storage_threshold_percentage , value = null
01-01 12:07:37.947398  1613  1659 D SettingsInterface:  from settings cache , name = sys_storage_threshold_max_bytes , value = null
01-01 12:07:37.947583 10724 10989 V MediaScanner: prescan<<< imageCount=0,videoCount=0, audioCount=2, lastId=-9223372036854775808,isEmpty=true
01-01 12:07:37.948085  1613  2471 D AppOps  : noteOperation: allowing code 59 uid 10025 package com.android.providers.media
01-01 12:07:37.948397  1613  2471 D AppOps  : noteOperation: allowing code 59 uid 10029 package com.google.android.gms
01-01 12:07:37.970371  1613  1659 D SettingsInterface:  from settings cache , name = sys_storage_threshold_percentage , value = null
01-01 12:07:37.971938  1613  2478 D AppOps  : noteOperation: allowing code 59 uid 10025 package com.android.providers.media
01-01 12:07:37.972307  1613  2478 D AppOps  : noteOperation: allowing code 59 uid 10029 package com.google.android.gms
01-01 12:07:37.973100  1613  1659 D SettingsInterface:  from settings cache , name = sys_storage_threshold_max_bytes , value = null
01-01 12:07:37.980048 10724 10989 V MediaProvider: insertInternal>>>: uri=content://media/external/file, match=700, initValues=mime_type=null date_modified=1451668056 _size=1818 title=mblog_history _data=/storage/emulated/0/mtklog/mobilelog/APLog_2016_0101_120640/mblog_history format=12288 is_drm=false
01-01 12:07:37.980602 10724 10989 V MediaProvider: insertFile>>>: uri=content://media/external/file, mediaType=0, values=mime_type=null date_modified=1451668056 _size=1818 title=mblog_history _data=/storage/emulated/0/mtklog/mobilelog/APLog_2016_0101_120640/mblog_history format=12288 is_drm=false
01-01 12:07:37.982092  1613  1659 D SettingsInterface:  from settings cache , name = sys_storage_threshold_percentage , value = null
01-01 12:07:37.982507  1613  1659 D SettingsInterface:  from settings cache , name = sys_storage_threshold_max_bytes , value = null
01-01 12:07:37.986172 10724 10989 V MediaProvider: inserting directory /storage/emulated/0/mtklog/mobilelog/APLog_2016_0101_120640
01-01 12:07:37.988706 10724 10989 V MediaProvider: Queried /storage/emulated/0/mtklog/mobilelog
01-01 12:07:37.999714  1613  1659 I PackageManager: Checking for more work or unbind...
01-01 12:07:37.999798  1613  1659 I PackageManager: Posting MCS_BOUND for next work
01-01 12:07:37.999804  1613  2476 D AppOps  : noteOperation: allowing code 59 uid 10025 package com.android.providers.media
01-01 12:07:38.000087  1613  2476 D AppOps  : noteOperation: allowing code 60 uid 10025 package com.android.providers.media
01-01 12:07:38.000771  1613  2476 D SettingsInterface:  from settings cache , name = sys_storage_threshold_percentage , value = null
01-01 12:07:38.001106  1613  2476 D SettingsInterface:  from settings cache , name = sys_storage_threshold_max_bytes , value = null
01-01 12:07:38.007347  1613  2478 D AppOps  : noteOperation: allowing code 59 uid 10094 package com.asus.mobilemanager
01-01 12:07:38.008199  1613  2478 D AppOps  : noteOperation: allowing code 60 uid 10094 package com.asus.mobilemanager
01-01 12:07:38.009057  1613  2478 D SettingsInterface:  from settings cache , name = sys_storage_threshold_percentage , value = null
01-01 12:07:38.009071  1613  3158 D AppOps  : noteOperation: allowing code 59 uid 10025 package com.android.providers.media
01-01 12:07:38.009416  1613  3158 D AppOps  : noteOperation: allowing code 59 uid 10029 package com.google.android.gms
01-01 12:07:38.009467  1613  2478 D SettingsInterface:  from settings cache , name = sys_storage_threshold_max_bytes , value = null
01-01 12:07:38.014593  1613  1639 D AppOps  : noteOperation: allowing code 59 uid 10094 package com.asus.mobilemanager
01-01 12:07:38.014929  1613  1639 D AppOps  : noteOperation: allowing code 60 uid 10094 package com.asus.mobilemanager
01-01 12:07:38.015642  1613  1639 D SettingsInterface:  from settings cache , name = sys_storage_threshold_percentage , value = null
01-01 12:07:38.016069  1613  1639 D SettingsInterface:  from settings cache , name = sys_storage_threshold_max_bytes , value = null
01-01 12:07:38.019126 10724 10989 V MediaProvider: Inserted /storage/emulated/0/mtklog/mobilelog/APLog_2016_0101_120640
01-01 12:07:38.022817  1613  1659 D SettingsInterface:  from settings cache , name = sys_storage_threshold_percentage , value = null
01-01 12:07:38.023223  1613  1659 D SettingsInterface:  from settings cache , name = sys_storage_threshold_max_bytes , value = null
01-01 12:07:38.024590  1613  2478 D AppOps  : noteOperation: allowing code 59 uid 10025 package com.android.providers.media
01-01 12:07:38.024902  1613  2478 D AppOps  : noteOperation: allowing code 60 uid 10025 package com.android.providers.media
01-01 12:07:38.025621  1613  2478 D SettingsInterface:  from settings cache , name = sys_storage_threshold_percentage , value = null
01-01 12:07:38.026012  1613  2478 D SettingsInterface:  from settings cache , name = sys_storage_threshold_max_bytes , value = null
01-01 12:07:38.030636  1613  1659 D SettingsInterface:  from settings cache , name = sys_storage_threshold_percentage , value = null
01-01 12:07:38.031064  1613  2250 D PerfServiceManager: [PerfService] MESSAGE_TIMEOUT:105 
01-01 12:07:38.031501  1613  2250 I libPerfService: 5: set: 1
01-01 12:07:38.031818  1613  2250 I libPerfService: 5: set freq: 0
01-01 12:07:38.031892  1613  2250 I libPerfService: 5: set vcore level: 0
01-01 12:07:38.032571  1613  2250 D PerfServiceManager: [PerfService] set utilization:0.8 
01-01 12:07:38.034502  1613  2471 D AppOps  : noteOperation: allowing code 59 uid 10025 package com.android.providers.media
01-01 12:07:38.034841  1613  2471 D AppOps  : noteOperation: allowing code 59 uid 10029 package com.google.android.gms
01-01 12:07:38.035363  1613  1659 D SettingsInterface:  from settings cache , name = sys_storage_threshold_max_bytes , value = null
01-01 12:07:38.039169  1613  1659 D SettingsInterface:  from settings cache , name = sys_storage_threshold_percentage , value = null
01-01 12:07:38.039507  1613  1659 D SettingsInterface:  from settings cache , name = sys_storage_threshold_max_bytes , value = null
01-01 12:07:38.042097 10724 10989 V MediaProvider: insertFile<<<: values=bucket_id=27328240 date_modified=1451668056 bucket_display_name=APLog_2016_0101_120640 parent=97 format=12288 storage_id=65537 media_type=0 mime_type=null _data=/storage/emulated/0/mtklog/mobilelog/APLog_2016_0101_120640/mblog_history title=mblog_history _size=1818 is_drm=false date_added=1451668057 file_name=mblog_history, rowId=98
01-01 12:07:38.042892 10724 10989 V MediaProvider: insertInternal<<<: return newUri content://media/external/file/98
01-01 12:07:38.043224  1613  3328 D AppOps  : noteOperation: allowing code 59 uid 10128 package com.facebook.appmanager
01-01 12:07:38.043553  1613  3328 D AppOps  : noteOperation: allowing code 60 uid 10128 package com.facebook.appmanager
01-01 12:07:38.044214  1613  3328 D SettingsInterface:  from settings cache , name = sys_storage_threshold_percentage , value = null
01-01 12:07:38.044574  1613  3328 D SettingsInterface:  from settings cache , name = sys_storage_threshold_max_bytes , value = null
01-01 12:07:38.049073  6406  6420 V MediaScannerConnection: Scanning file /storage/emulated/0/mtklog/mobilelog/APLog_2016_0101_120640/properties
01-01 12:07:38.050245 10724 10739 D MediaScannerService: IMediaScannerService.scanFile: /storage/emulated/0/mtklog/mobilelog/APLog_2016_0101_120640/properties mimeType: null
01-01 12:07:38.059486  1613  1639 D AppOps  : noteOperation: allowing code 59 uid 10025 package com.android.providers.media
01-01 12:07:38.059828  1613  1639 D AppOps  : noteOperation: allowing code 59 uid 10029 package com.google.android.gms
01-01 12:07:38.060014  1613  1659 D SettingsInterface:  from settings cache , name = sys_storage_threshold_percentage , value = null
01-01 12:07:38.060319  1613  1659 D SettingsInterface:  from settings cache , name = sys_storage_threshold_max_bytes , value = null
01-01 12:07:38.068475  1613  1659 D SettingsInterface:  from settings cache , name = sys_storage_threshold_percentage , value = null
01-01 12:07:38.068876  1613  1659 D SettingsInterface:  from settings cache , name = sys_storage_threshold_max_bytes , value = null
01-01 12:07:38.071207  1613  1640 D AppOps  : noteOperation: allowing code 59 uid 10025 package com.android.providers.media
01-01 12:07:38.071595  1613  1640 D AppOps  : noteOperation: allowing code 60 uid 10025 package com.android.providers.media
01-01 12:07:38.072275  1613  1640 D SettingsInterface:  from settings cache , name = sys_storage_threshold_percentage , value = null
01-01 12:07:38.074241  1613  1640 D SettingsInterface:  from settings cache , name = sys_storage_threshold_max_bytes , value = null
01-01 12:07:38.079552  1613  1659 D SettingsInterface:  from settings cache , name = sys_storage_threshold_percentage , value = null
01-01 12:07:38.079954  1613  1659 D SettingsInterface:  from settings cache , name = sys_storage_threshold_max_bytes , value = null
01-01 12:07:38.082284  3360 10992 I iu.UploadsManager: End new media; added: 0, uploading: 0, time: 199 ms
01-01 12:07:38.082658 10724 10989 V MediaScannerService: handleMessage: what = 11, startId = 2, arguments = Bundle[{mimetype=null, filepath=/storage/emulated/0/mtklog/mobilelog/APLog_2016_0101_120640/properties, listener=android.os.BinderProxy@434473e}]
01-01 12:07:38.088690  1613  1659 I PackageManager: Checking for more work or unbind...
01-01 12:07:38.088781  1613  1659 I PackageManager: Posting MCS_BOUND for next work
01-01 12:07:38.091395 10724 10989 V MediaProvider: insertInternal>>>: uri=content://media/, match=300, initValues=name=external
01-01 12:07:38.091479  1613  2475 D AppOps  : noteOperation: allowing code 59 uid 10094 package com.asus.mobilemanager
01-01 12:07:38.091724  1613  2475 D AppOps  : noteOperation: allowing code 60 uid 10094 package com.asus.mobilemanager
01-01 12:07:38.092706  1613  1659 D SettingsInterface:  from settings cache , name = sys_storage_threshold_percentage , value = null
01-01 12:07:38.093059  1613  1659 D SettingsInterface:  from settings cache , name = sys_storage_threshold_max_bytes , value = null
01-01 12:07:38.093824  1613  2475 D SettingsInterface:  from settings cache , name = sys_storage_threshold_percentage , value = null
01-01 12:07:38.094215  1613  2475 D SettingsInterface:  from settings cache , name = sys_storage_threshold_max_bytes , value = null
01-01 12:07:38.094959  1613  1659 D SettingsInterface:  from settings cache , name = sys_storage_threshold_percentage , value = null
