01-01 12:07:37.180975  1613  1659 D SettingsInterface:  from settings cache , name = sys_storage_threshold_max_bytes , value = null
01-01 12:07:37.181350  6406  6406 V DisplayEventReceiver: call nativeScheduleVsync mReceiverPtr = 547456628928
01-01 12:07:37.181856  6406  6406 V ViewRootImpl: ViewRoot performTraversals+ : mFirst = false, this = ViewRoot{439b41b 停止录制,ident = 12}
01-01 12:07:37.181969   256   334 D SurfaceFlinger: requestNextVsync(6406)
01-01 12:07:37.183188  6406  6406 V ViewRootImpl: ViewRoot performTraversals and draw- : mResizeBuffer = null, mResizeAlpha = 0, this = ViewRoot{439b41b 停止录制,ident = 12} frame#16 (cancelDraw = false)
01-01 12:07:37.186513   256   295 D SurfaceFlinger: requestNextVsync(256)
01-01 12:07:37.189647  1613  1659 D SettingsInterface:  from settings cache , name = sys_storage_threshold_percentage , value = null
01-01 12:07:37.190201  1613  1659 D SettingsInterface:  from settings cache , name = sys_storage_threshold_max_bytes , value = null
01-01 12:07:37.198376  1613  1659 D SettingsInterface:  from settings cache , name = sys_storage_threshold_percentage , value = null
01-01 12:07:37.198710   256   314 D SurfaceFlinger: postEvent(6406, v/c=11315)
01-01 12:07:37.198714   256   316 D SurfaceFlinger: postEvent(256, v/c=32760)
01-01 12:07:37.199418  6406  6406 V DisplayEventReceiver: call nativeScheduleVsync mReceiverPtr = 547456628928
01-01 12:07:37.199859   256  3757 D SurfaceFlinger: requestNextVsync(6406)
01-01 12:07:37.200074  6406  6406 V ViewRootImpl: ViewRoot performTraversals+ : mFirst = false, this = ViewRoot{439b41b 停止录制,ident = 12}
01-01 12:07:37.201064  1613  1659 D SettingsInterface:  from settings cache , name = sys_storage_threshold_max_bytes , value = null
01-01 12:07:37.201258  6406  6406 V ViewRootImpl: ViewRoot performTraversals and draw- : mResizeBuffer = null, mResizeAlpha = 0, this = ViewRoot{439b41b 停止录制,ident = 12} frame#17 (cancelDraw = false)
01-01 12:07:37.204531   256   293 D SurfaceFlinger: requestNextVsync(256)
01-01 12:07:37.208431  1613  1659 I PackageManager: Checking for more work or unbind...
01-01 12:07:37.208536  1613  1659 I PackageManager: Posting MCS_BOUND for next work
01-01 12:07:37.210883  1613  3175 D AppOps  : noteOperation: allowing code 59 uid 10094 package com.asus.mobilemanager
01-01 12:07:37.211235  1613  3175 D AppOps  : noteOperation: allowing code 60 uid 10094 package com.asus.mobilemanager
01-01 12:07:37.211892  1613  3175 D SettingsInterface:  from settings cache , name = sys_storage_threshold_percentage , value = null
01-01 12:07:37.212247  1613  3175 D SettingsInterface:  from settings cache , name = sys_storage_threshold_max_bytes , value = null
01-01 12:07:37.212957  1613  1659 D SettingsInterface:  from settings cache , name = sys_storage_threshold_percentage , value = null
01-01 12:07:37.213336  1613  1659 D SettingsInterface:  from settings cache , name = sys_storage_threshold_max_bytes , value = null
01-01 12:07:37.214923  1613  2474 D AppOps  : noteOperation: allowing code 59 uid 10094 package com.asus.mobilemanager
01-01 12:07:37.215188 10971 10971 W System  : ClassLoader referenced unknown path: /system/app/facebook-appmanager/lib/arm
01-01 12:07:37.215262  1613  2474 D AppOps  : noteOperation: allowing code 60 uid 10094 package com.asus.mobilemanager
01-01 12:07:37.215909  1613  1659 D SettingsInterface:  from settings cache , name = sys_storage_threshold_percentage , value = null
01-01 12:07:37.216262  1613  1659 D SettingsInterface:  from settings cache , name = sys_storage_threshold_max_bytes , value = null
01-01 12:07:37.216987   256   314 D SurfaceFlinger: postEvent(6406, v/c=11316)
01-01 12:07:37.217015   256   316 D SurfaceFlinger: postEvent(256, v/c=32761)
01-01 12:07:37.217090  1613  2474 D SettingsInterface:  from settings cache , name = sys_storage_threshold_percentage , value = null
01-01 12:07:37.217433  1613  2474 D SettingsInterface:  from settings cache , name = sys_storage_threshold_max_bytes , value = null
01-01 12:07:37.218622  6406  6406 V DisplayEventReceiver: call nativeScheduleVsync mReceiverPtr = 547456628928
01-01 12:07:37.218737  1613  1659 D SettingsInterface:  from settings cache , name = sys_storage_threshold_percentage , value = null
01-01 12:07:37.218982   256  3758 D SurfaceFlinger: requestNextVsync(6406)
01-01 12:07:37.219050  6406  6406 V ViewRootImpl: ViewRoot performTraversals+ : mFirst = false, this = ViewRoot{439b41b 停止录制,ident = 12}
01-01 12:07:37.219602  1613  1659 D SettingsInterface:  from settings cache , name = sys_storage_threshold_max_bytes , value = null
01-01 12:07:37.221111  6406  6406 V ViewRootImpl: ViewRoot performTraversals and draw- : mResizeBuffer = null, mResizeAlpha = 0, this = ViewRoot{439b41b 停止录制,ident = 12} frame#18 (cancelDraw = false)
01-01 12:07:37.223429   256  3757 D SurfaceFlinger: requestNextVsync(256)
01-01 12:07:37.231635  1613  1659 D SettingsInterface:  from settings cache , name = sys_storage_threshold_percentage , value = null
01-01 12:07:37.231985  1613  1659 D SettingsInterface:  from settings cache , name = sys_storage_threshold_max_bytes , value = null
01-01 12:07:37.235208   256   314 D SurfaceFlinger: postEvent(6406, v/c=11317)
01-01 12:07:37.235211   256   316 D SurfaceFlinger: postEvent(256, v/c=32762)
01-01 12:07:37.236086  6406  6406 V DisplayEventReceiver: call nativeScheduleVsync mReceiverPtr = 547456628928
01-01 12:07:37.236354   256   334 D SurfaceFlinger: requestNextVsync(6406)
01-01 12:07:37.236673  6406  6406 V ViewRootImpl: ViewRoot performTraversals+ : mFirst = false, this = ViewRoot{439b41b 停止录制,ident = 12}
01-01 12:07:37.238459  6406  6406 V ViewRootImpl: ViewRoot performTraversals and draw- : mResizeBuffer = null, mResizeAlpha = 0, this = ViewRoot{439b41b 停止录制,ident = 12} frame#19 (cancelDraw = false)
01-01 12:07:37.239420  1613  1659 D SettingsInterface:  from settings cache , name = sys_storage_threshold_percentage , value = null
01-01 12:07:37.239806  1613  1659 D SettingsInterface:  from settings cache , name = sys_storage_threshold_max_bytes , value = null
01-01 12:07:37.242612   256  3758 D SurfaceFlinger: requestNextVsync(256)
01-01 12:07:37.245995  1613  1659 D SettingsInterface:  from settings cache , name = sys_storage_threshold_percentage , value = null
01-01 12:07:37.246381  1613  1659 D SettingsInterface:  from settings cache , name = sys_storage_threshold_max_bytes , value = null
01-01 12:07:37.249912  1613  1659 I PackageManager: Checking for more work or unbind...
01-01 12:07:37.249998  1613  1659 I PackageManager: Posting MCS_BOUND for next work
01-01 12:07:37.251958  1613  1640 D AppOps  : noteOperation: allowing code 59 uid 10094 package com.asus.mobilemanager
01-01 12:07:37.252229  1613  1640 D AppOps  : noteOperation: allowing code 60 uid 10094 package com.asus.mobilemanager
01-01 12:07:37.252799  1613  1640 D SettingsInterface:  from settings cache , name = sys_storage_threshold_percentage , value = null
01-01 12:07:37.253095  1613  1640 D SettingsInterface:  from settings cache , name = sys_storage_threshold_max_bytes , value = null
01-01 12:07:37.253438   256   316 D SurfaceFlinger: postEvent(256, v/c=32763)
01-01 12:07:37.253438   256   314 D SurfaceFlinger: postEvent(6406, v/c=11318)
01-01 12:07:37.254124  6406  6406 V DisplayEventReceiver: call nativeScheduleVsync mReceiverPtr = 547456628928
01-01 12:07:37.254496   256  3757 D SurfaceFlinger: requestNextVsync(6406)
01-01 12:07:37.254544  6406  6406 V ViewRootImpl: ViewRoot performTraversals+ : mFirst = false, this = ViewRoot{439b41b 停止录制,ident = 12}
01-01 12:07:37.254903  1613  1659 D SettingsInterface:  from settings cache , name = sys_storage_threshold_percentage , value = null
01-01 12:07:37.255322  1613  1659 D SettingsInterface:  from settings cache , name = sys_storage_threshold_max_bytes , value = null
01-01 12:07:37.256656  6406  6406 V ViewRootImpl: ViewRoot performTraversals and draw- : mResizeBuffer = null, mResizeAlpha = 0, this = ViewRoot{439b41b 停止录制,ident = 12} frame#20 (cancelDraw = false)
01-01 12:07:37.259112  1613  1659 D SettingsInterface:  from settings cache , name = sys_storage_threshold_percentage , value = null
01-01 12:07:37.261407   256   334 D SurfaceFlinger: requestNextVsync(256)
01-01 12:07:37.261935  1613  1659 D SettingsInterface:  from settings cache , name = sys_storage_threshold_max_bytes , value = null
01-01 12:07:37.263014  1613  3158 D AppOps  : noteOperation: allowing code 59 uid 10094 package com.asus.mobilemanager
01-01 12:07:37.263595  1613  3158 D AppOps  : noteOperation: allowing code 60 uid 10094 package com.asus.mobilemanager
01-01 12:07:37.264724  1613  3158 D SettingsInterface:  from settings cache , name = sys_storage_threshold_percentage , value = null
01-01 12:07:37.265096  1613  3158 D SettingsInterface:  from settings cache , name = sys_storage_threshold_max_bytes , value = null
01-01 12:07:37.266557  1613  1659 D SettingsInterface:  from settings cache , name = sys_storage_threshold_percentage , value = null
01-01 12:07:37.266916  1613  1659 D SettingsInterface:  from settings cache , name = sys_storage_threshold_max_bytes , value = null
01-01 12:07:37.270346 10971 10971 D ACRA    : ACRA init; reportURL: https://www.facebook.com/mobile/generic_android_crash_logs/659091980805095
01-01 12:07:37.271427  1613  1659 D SettingsInterface:  from settings cache , name = sys_storage_threshold_percentage , value = null
01-01 12:07:37.271694   256   314 D SurfaceFlinger: postEvent(6406, v/c=11319)
01-01 12:07:37.271694   256   316 D SurfaceFlinger: postEvent(256, v/c=32764)
01-01 12:07:37.271996  1613  1659 D SettingsInterface:  from settings cache , name = sys_storage_threshold_max_bytes , value = null
01-01 12:07:37.272450  6406  6406 V DisplayEventReceiver: call nativeScheduleVsync mReceiverPtr = 547456628928
01-01 12:07:37.272879  6406  6406 V ViewRootImpl: ViewRoot performTraversals+ : mFirst = false, this = ViewRoot{34aa005 com.mediatek.mtklogger/com.mediatek.mtklogger.MainActivity,ident = 10}
01-01 12:07:37.272952   256   293 D SurfaceFlinger: requestNextVsync(6406)
01-01 12:07:37.274780  6406  6406 V ViewRootImpl: ViewRoot performTraversals and draw- : mResizeBuffer = null, mResizeAlpha = 0, this = ViewRoot{34aa005 com.mediatek.mtklogger/com.mediatek.mtklogger.MainActivity,ident = 10} frame#21 (cancelDraw = false)
01-01 12:07:37.275005  6406  6406 V ViewRootImpl: ViewRoot performTraversals+ : mFirst = false, this = ViewRoot{439b41b 停止录制,ident = 12}
01-01 12:07:37.279875   256  3757 D SurfaceFlinger: requestNextVsync(256)
01-01 12:07:37.280613  6406  6406 V ViewRootImpl: ViewRoot performTraversals and draw- : mResizeBuffer = null, mResizeAlpha = 0, this = ViewRoot{439b41b 停止录制,ident = 12} frame#21 (cancelDraw = false)
01-01 12:07:37.282665  1613  1659 D SettingsInterface:  from settings cache , name = sys_storage_threshold_percentage , value = null
01-01 12:07:37.283691  1613  1659 D SettingsInterface:  from settings cache , name = sys_storage_threshold_max_bytes , value = null
01-01 12:07:37.285288   256   334 D SurfaceFlinger: requestNextVsync(256)
01-01 12:07:37.288926  1613  1659 D SettingsInterface:  from settings cache , name = sys_storage_threshold_percentage , value = null
01-01 12:07:37.289288  1613  1659 D SettingsInterface:  from settings cache , name = sys_storage_threshold_max_bytes , value = null
01-01 12:07:37.289922   256   316 D SurfaceFlinger: postEvent(256, v/c=32765)
01-01 12:07:37.289922   256   314 D SurfaceFlinger: postEvent(6406, v/c=11320)
01-01 12:07:37.290821  6406  6406 V DisplayEventReceiver: call nativeScheduleVsync mReceiverPtr = 547456628928
01-01 12:07:37.291254  6406  6406 V ViewRootImpl: ViewRoot performTraversals+ : mFirst = false, this = ViewRoot{439b41b 停止录制,ident = 12}
01-01 12:07:37.292938  6406  6406 V ViewRootImpl: ViewRoot performTraversals and draw- : mResizeBuffer = null, mResizeAlpha = 0, this = ViewRoot{439b41b 停止录制,ident = 12} frame#22 (cancelDraw = false)
01-01 12:07:37.293596   256   293 D SurfaceFlinger: requestNextVsync(6406)
01-01 12:07:37.295745 10971 10971 D ACRA    : ACRA is enabled for com.facebook.appmanager, intializing...
01-01 12:07:37.296822   256  3757 D SurfaceFlinger: requestNextVsync(256)
01-01 12:07:37.299263  1613  1659 I PackageManager: Checking for more work or unbind...
01-01 12:07:37.299393  1613  1659 I PackageManager: Posting MCS_BOUND for next work
01-01 12:07:37.302414  1613  2476 D AppOps  : noteOperation: allowing code 59 uid 10094 package com.asus.mobilemanager
01-01 12:07:37.302716  1613  2476 D AppOps  : noteOperation: allowing code 60 uid 10094 package com.asus.mobilemanager
01-01 12:07:37.303276  1613  1659 D SettingsInterface:  from settings cache , name = sys_storage_threshold_percentage , value = null
01-01 12:07:37.303620  1613  1659 D SettingsInterface:  from settings cache , name = sys_storage_threshold_max_bytes , value = null
01-01 12:07:37.304317  1613  2476 D SettingsInterface:  from settings cache , name = sys_storage_threshold_percentage , value = null
01-01 12:07:37.304640  1613  2476 D SettingsInterface:  from settings cache , name = sys_storage_threshold_max_bytes , value = null
01-01 12:07:37.305309  1613  1659 D SettingsInterface:  from settings cache , name = sys_storage_threshold_percentage , value = null
01-01 12:07:37.305684  1613  1659 D SettingsInterface:  from settings cache , name = sys_storage_threshold_max_bytes , value = null
01-01 12:07:37.307338  1613  1659 D SettingsInterface:  from settings cache , name = sys_storage_threshold_percentage , value = null
01-01 12:07:37.307411  1613  2479 D AppOps  : noteOperation: allowing code 59 uid 10094 package com.asus.mobilemanager
01-01 12:07:37.307770  1613  2479 D AppOps  : noteOperation: allowing code 60 uid 10094 package com.asus.mobilemanager
01-01 12:07:37.307835  1613  1659 D SettingsInterface:  from settings cache , name = sys_storage_threshold_max_bytes , value = null
01-01 12:07:37.308201   256   314 D SurfaceFlinger: postEvent(6406, v/c=11321)
01-01 12:07:37.308689   256   316 D SurfaceFlinger: postEvent(256, v/c=32766)
01-01 12:07:37.308779  1613  2479 D SettingsInterface:  from settings cache , name = sys_storage_threshold_percentage , value = null
01-01 12:07:37.308844  6406  6406 V DisplayEventReceiver: call nativeScheduleVsync mReceiverPtr = 547456628928
01-01 12:07:37.309168  6406  6406 V ViewRootImpl: ViewRoot performTraversals+ : mFirst = false, this = ViewRoot{439b41b 停止录制,ident = 12}
01-01 12:07:37.309702  1613  2479 D SettingsInterface:  from settings cache , name = sys_storage_threshold_max_bytes , value = null
01-01 12:07:37.311510   256   295 D SurfaceFlinger: requestNextVsync(6406)
01-01 12:07:37.312041  6406  6406 V ViewRootImpl: ViewRoot performTraversals and draw- : mResizeBuffer = null, mResizeAlpha = 0, this = ViewRoot{439b41b 停止录制,ident = 12} frame#23 (cancelDraw = false)
01-01 12:07:37.317910   256  3758 D SurfaceFlinger: requestNextVsync(256)
01-01 12:07:37.319747  1613  1659 D SettingsInterface:  from settings cache , name = sys_storage_threshold_percentage , value = null
01-01 12:07:37.320107  1613  1659 D SettingsInterface:  from settings cache , name = sys_storage_threshold_max_bytes , value = null
01-01 12:07:37.324400  1613  1659 D SettingsInterface:  from settings cache , name = sys_storage_threshold_percentage , value = null
01-01 12:07:37.324788  1613  1659 D SettingsInterface:  from settings cache , name = sys_storage_threshold_max_bytes , value = null
01-01 12:07:37.326377   256   314 D SurfaceFlinger: postEvent(6406, v/c=11322)
01-01 12:07:37.326432   256   316 D SurfaceFlinger: postEvent(256, v/c=32767)
01-01 12:07:37.327133  6406  6406 V DisplayEventReceiver: call nativeScheduleVsync mReceiverPtr = 547456628928
01-01 12:07:37.327562  6406  6406 V ViewRootImpl: ViewRoot performTraversals+ : mFirst = false, this = ViewRoot{439b41b 停止录制,ident = 12}
01-01 12:07:37.327565   256  3757 D SurfaceFlinger: requestNextVsync(6406)
01-01 12:07:37.328892  6406  6406 V ViewRootImpl: ViewRoot performTraversals and draw- : mResizeBuffer = null, mResizeAlpha = 0, this = ViewRoot{439b41b 停止录制,ident = 12} frame#24 (cancelDraw = false)
01-01 12:07:37.332515   256   334 D SurfaceFlinger: requestNextVsync(256)
01-01 12:07:37.333686  1613  1659 D SettingsInterface:  from settings cache , name = sys_storage_threshold_percentage , value = null
01-01 12:07:37.334173  1613  1659 D SettingsInterface:  from settings cache , name = sys_storage_threshold_max_bytes , value = null
01-01 12:07:37.338658  1613  1659 I PackageManager: Checking for more work or unbind...
01-01 12:07:37.338741  1613  1659 I PackageManager: Posting MCS_BOUND for next work
01-01 12:07:37.340823  1613  2471 D AppOps  : noteOperation: allowing code 59 uid 10094 package com.asus.mobilemanager
01-01 12:07:37.341189  1613  2471 D AppOps  : noteOperation: allowing code 60 uid 10094 package com.asus.mobilemanager
01-01 12:07:37.341838  1613  2471 D SettingsInterface:  from settings cache , name = sys_storage_threshold_percentage , value = null
01-01 12:07:37.342181  1613  2471 D SettingsInterface:  from settings cache , name = sys_storage_threshold_max_bytes , value = null
01-01 12:07:37.342926  1613  1659 D SettingsInterface:  from settings cache , name = sys_storage_threshold_percentage , value = null
01-01 12:07:37.343306  1613  1659 D SettingsInterface:  from settings cache , name = sys_storage_threshold_max_bytes , value = null
01-01 12:07:37.344615   256   316 D SurfaceFlinger: postEvent(256, v/c=32768)
01-01 12:07:37.344745  1613  3328 D AppOps  : noteOperation: allowing code 59 uid 10094 package com.asus.mobilemanager
01-01 12:07:37.344822  1613  1659 D SettingsInterface:  from settings cache , name = sys_storage_threshold_percentage , value = null
01-01 12:07:37.344995  1613  3328 D AppOps  : noteOperation: allowing code 60 uid 10094 package com.asus.mobilemanager
01-01 12:07:37.345161   256   314 D SurfaceFlinger: postEvent(6406, v/c=11323)
01-01 12:07:37.345828  6406  6406 V DisplayEventReceiver: call nativeScheduleVsync mReceiverPtr = 547456628928
01-01 12:07:37.346145   256   293 D SurfaceFlinger: requestNextVsync(6406)
01-01 12:07:37.346213  6406  6406 V ViewRootImpl: ViewRoot performTraversals+ : mFirst = false, this = ViewRoot{439b41b 停止录制,ident = 12}
01-01 12:07:37.347066  1613  1659 D SettingsInterface:  from settings cache , name = sys_storage_threshold_max_bytes , value = null
01-01 12:07:37.347331  6406  6406 V ViewRootImpl: ViewRoot performTraversals and draw- : mResizeBuffer = null, mResizeAlpha = 0, this = ViewRoot{439b41b 停止录制,ident = 12} frame#25 (cancelDraw = false)
01-01 12:07:37.350528   256  3757 D SurfaceFlinger: requestNextVsync(256)
01-01 12:07:37.351440  1613  3328 D SettingsInterface:  from settings cache , name = sys_storage_threshold_percentage , value = null
01-01 12:07:37.351816  1613  3328 D SettingsInterface:  from settings cache , name = sys_storage_threshold_max_bytes , value = null
01-01 12:07:37.353032  1613  1659 D SettingsInterface:  from settings cache , name = sys_storage_threshold_percentage , value = null
01-01 12:07:37.353640  1613  1659 D SettingsInterface:  from settings cache , name = sys_storage_threshold_max_bytes , value = null
01-01 12:07:37.358565  1613  1659 D SettingsInterface:  from settings cache , name = sys_storage_threshold_percentage , value = null
01-01 12:07:37.358959  1613  1659 D SettingsInterface:  from settings cache , name = sys_storage_threshold_max_bytes , value = null
01-01 12:07:37.362865   256   316 D SurfaceFlinger: postEvent(256, v/c=32769)
01-01 12:07:37.362865   256   314 D SurfaceFlinger: postEvent(6406, v/c=11324)
01-01 12:07:37.363405  1613  1659 D SettingsInterface:  from settings cache , name = sys_storage_threshold_percentage , value = null
01-01 12:07:37.363577  6406  6406 V DisplayEventReceiver: call nativeScheduleVsync mReceiverPtr = 547456628928
01-01 12:07:37.363974   256   295 D SurfaceFlinger: requestNextVsync(6406)
01-01 12:07:37.364093  6406  6406 V ViewRootImpl: ViewRoot performTraversals+ : mFirst = false, this = ViewRoot{439b41b 停止录制,ident = 12}
01-01 12:07:37.364240  1613  1659 D SettingsInterface:  from settings cache , name = sys_storage_threshold_max_bytes , value = null
01-01 12:07:37.365822  6406  6406 V ViewRootImpl: ViewRoot performTraversals and draw- : mResizeBuffer = null, mResizeAlpha = 0, this = ViewRoot{439b41b 停止录制,ident = 12} frame#26 (cancelDraw = false)
01-01 12:07:37.369870   256   293 D SurfaceFlinger: requestNextVsync(256)
01-01 12:07:37.372277 10971 10971 V fb-UnpackingSoSource: locked dso store /data/user/0/com.facebook.appmanager/lib-main
01-01 12:07:37.373817  1613  1659 D SettingsInterface:  from settings cache , name = sys_storage_threshold_percentage , value = null
01-01 12:07:37.374221  1613  1659 D SettingsInterface:  from settings cache , name = sys_storage_threshold_max_bytes , value = null
01-01 12:07:37.374659 10971 10971 I fb-UnpackingSoSource: dso store is up-to-date: /data/user/0/com.facebook.appmanager/lib-main
01-01 12:07:37.375146 10971 10971 V fb-UnpackingSoSource: releasing dso store lock for /data/user/0/com.facebook.appmanager/lib-main
01-01 12:07:37.378447  1613  1659 I PackageManager: Checking for more work or unbind...
01-01 12:07:37.378552  1613  1659 I PackageManager: Posting MCS_BOUND for next work
01-01 12:07:37.381175  1613  1640 D AppOps  : noteOperation: allowing code 59 uid 10094 package com.asus.mobilemanager
01-01 12:07:37.381493  1613  1640 D AppOps  : noteOperation: allowing code 60 uid 10094 package com.asus.mobilemanager
01-01 12:07:37.382098   256   314 D SurfaceFlinger: postEvent(6406, v/c=11325)
01-01 12:07:37.382098   256   316 D SurfaceFlinger: postEvent(256, v/c=32770)
01-01 12:07:37.382118  1613  1640 D SettingsInterface:  from settings cache , name = sys_storage_threshold_percentage , value = null
01-01 12:07:37.382824  6406  6406 V DisplayEventReceiver: call nativeScheduleVsync mReceiverPtr = 547456628928
01-01 12:07:37.383239  6406  6406 V ViewRootImpl: ViewRoot performTraversals+ : mFirst = false, this = ViewRoot{439b41b 停止录制,ident = 12}
01-01 12:07:37.386930  1613  1640 D SettingsInterface:  from settings cache , name = sys_storage_threshold_max_bytes , value = null
01-01 12:07:37.387656   256  3757 D SurfaceFlinger: requestNextVsync(6406)
01-01 12:07:37.391118  6406  6406 V ViewRootImpl: ViewRoot performTraversals and draw- : mResizeBuffer = null, mResizeAlpha = 0, this = ViewRoot{439b41b 停止录制,ident = 12} frame#27 (cancelDraw = false)
01-01 12:07:37.391412  1613  3158 D AppOps  : noteOperation: allowing code 59 uid 10094 package com.asus.mobilemanager
01-01 12:07:37.391677  1613  3158 D AppOps  : noteOperation: allowing code 60 uid 10094 package com.asus.mobilemanager
01-01 12:07:37.393208  1613  1659 D SettingsInterface:  from settings cache , name = sys_storage_threshold_percentage , value = null
01-01 12:07:37.393626  1613  1659 D SettingsInterface:  from settings cache , name = sys_storage_threshold_max_bytes , value = null
01-01 12:07:37.394614  1613  3158 D SettingsInterface:  from settings cache , name = sys_storage_threshold_percentage , value = null
01-01 12:07:37.394838   256   334 D SurfaceFlinger: requestNextVsync(256)
01-01 12:07:37.394987  1613  3158 D SettingsInterface:  from settings cache , name = sys_storage_threshold_max_bytes , value = null
01-01 12:07:37.396543  1613  1659 D SettingsInterface:  from settings cache , name = sys_storage_threshold_percentage , value = null
01-01 12:07:37.396935  1613  1659 D SettingsInterface:  from settings cache , name = sys_storage_threshold_max_bytes , value = null
01-01 12:07:37.398722  1613  1659 D SettingsInterface:  from settings cache , name = sys_storage_threshold_percentage , value = null
01-01 12:07:37.399081  1613  1659 D SettingsInterface:  from settings cache , name = sys_storage_threshold_max_bytes , value = null
01-01 12:07:37.399397   256   314 D SurfaceFlinger: postEvent(6406, v/c=11326)
01-01 12:07:37.399397   256   316 D SurfaceFlinger: postEvent(256, v/c=32771)
01-01 12:07:37.400388  6406  6406 V DisplayEventReceiver: call nativeScheduleVsync mReceiverPtr = 547456628928
01-01 12:07:37.400732   256   293 D SurfaceFlinger: requestNextVsync(6406)
01-01 12:07:37.401245  6406  6406 V ViewRootImpl: ViewRoot performTraversals+ : mFirst = false, this = ViewRoot{439b41b 停止录制,ident = 12}
01-01 12:07:37.403150  6406  6406 V ViewRootImpl: ViewRoot performTraversals and draw- : mResizeBuffer = null, mResizeAlpha = 0, this = ViewRoot{439b41b 停止录制,ident = 12} frame#28 (cancelDraw = false)
01-01 12:07:37.405686   256   295 D SurfaceFlinger: requestNextVsync(256)
01-01 12:07:37.410114  1613  1659 D SettingsInterface:  from settings cache , name = sys_storage_threshold_percentage , value = null
01-01 12:07:37.410468  1613  1659 D SettingsInterface:  from settings cache , name = sys_storage_threshold_max_bytes , value = null
01-01 12:07:37.410811 10971 10971 V Monotype: SetAppTypeFace- try to flip, app = com.facebook.appmanager
01-01 12:07:37.411391 10971 10971 V SettingsInterface: invalidate [global]: current 41 != cached 0
01-01 12:07:37.414729  1613  1659 D SettingsInterface:  from settings cache , name = sys_storage_threshold_percentage , value = null
01-01 12:07:37.415076  1613  1659 D SettingsInterface:  from settings cache , name = sys_storage_threshold_max_bytes , value = null
01-01 12:07:37.416943 10971 10971 V Monotype:     Typeface getFontPathFlipFont - systemFont = default#default
01-01 12:07:37.417911   256   314 D SurfaceFlinger: postEvent(6406, v/c=11327)
01-01 12:07:37.418068   256   316 D SurfaceFlinger: postEvent(256, v/c=32772)
01-01 12:07:37.418595  6406  6406 V DisplayEventReceiver: call nativeScheduleVsync mReceiverPtr = 547456628928
01-01 12:07:37.419309  6406  6406 V ViewRootImpl: ViewRoot performTraversals+ : mFirst = false, this = ViewRoot{439b41b 停止录制,ident = 12}
01-01 12:07:37.419323   256  3758 D SurfaceFlinger: requestNextVsync(6406)
01-01 12:07:37.421826  6406  6406 V ViewRootImpl: ViewRoot performTraversals and draw- : mResizeBuffer = null, mResizeAlpha = 0, this = ViewRoot{439b41b 停止录制,ident = 12} frame#29 (cancelDraw = false)
01-01 12:07:37.424014  1613  1659 D SettingsInterface:  from settings cache , name = sys_storage_threshold_percentage , value = null
01-01 12:07:37.424452  1613  1659 D SettingsInterface:  from settings cache , name = sys_storage_threshold_max_bytes , value = null
01-01 12:07:37.427042   256  3757 D SurfaceFlinger: requestNextVsync(256)
01-01 12:07:37.435910   256   314 D SurfaceFlinger: postEvent(6406, v/c=11328)
01-01 12:07:37.435910   256   316 D SurfaceFlinger: postEvent(256, v/c=32773)
01-01 12:07:37.436704  6406  6406 V DisplayEventReceiver: call nativeScheduleVsync mReceiverPtr = 547456628928
01-01 12:07:37.438602   256   295 D SurfaceFlinger: requestNextVsync(6406)
01-01 12:07:37.438740  6406  6406 V ViewRootImpl: ViewRoot performTraversals+ : mFirst = false, this = ViewRoot{439b41b 停止录制,ident = 12}
01-01 12:07:37.440814  6406  6406 V ViewRootImpl: ViewRoot performTraversals and draw- : mResizeBuffer = null, mResizeAlpha = 0, this = ViewRoot{439b41b 停止录制,ident = 12} frame#30 (cancelDraw = false)
01-01 12:07:37.442478  1613  1659 I PackageManager: Checking for more work or unbind...
01-01 12:07:37.442570  1613  1659 I PackageManager: Posting MCS_BOUND for next work
01-01 12:07:37.446951  1613  2475 D AppOps  : noteOperation: allowing code 59 uid 10094 package com.asus.mobilemanager
01-01 12:07:37.447308  1613  2475 D AppOps  : noteOperation: allowing code 60 uid 10094 package com.asus.mobilemanager
01-01 12:07:37.448183  1613  2475 D SettingsInterface:  from settings cache , name = sys_storage_threshold_percentage , value = null
01-01 12:07:37.448524  1613  2475 D SettingsInterface:  from settings cache , name = sys_storage_threshold_max_bytes , value = null
01-01 12:07:37.449571   256  3758 D SurfaceFlinger: requestNextVsync(256)
01-01 12:07:37.451109  1613  1659 D SettingsInterface:  from settings cache , name = sys_storage_threshold_percentage , value = null
01-01 12:07:37.451522  1613  1659 D SettingsInterface:  from settings cache , name = sys_storage_threshold_max_bytes , value = null
01-01 12:07:37.451965  1613  3159 D AppOps  : noteOperation: allowing code 59 uid 10094 package com.asus.mobilemanager
01-01 12:07:37.452271  1613  3159 D AppOps  : noteOperation: allowing code 60 uid 10094 package com.asus.mobilemanager
01-01 12:07:37.452868  1613  1659 D SettingsInterface:  from settings cache , name = sys_storage_threshold_percentage , value = null
01-01 12:07:37.453257  1613  1659 D SettingsInterface:  from settings cache , name = sys_storage_threshold_max_bytes , value = null
01-01 12:07:37.454007  1613  3159 D SettingsInterface:  from settings cache , name = sys_storage_threshold_percentage , value = null
01-01 12:07:37.454119   256   316 D SurfaceFlinger: postEvent(256, v/c=32774)
01-01 12:07:37.454121   256   314 D SurfaceFlinger: postEvent(6406, v/c=11329)
01-01 12:07:37.454693  1613  3159 D SettingsInterface:  from settings cache , name = sys_storage_threshold_max_bytes , value = null
01-01 12:07:37.455194  6406  6406 V DisplayEventReceiver: call nativeScheduleVsync mReceiverPtr = 547456628928
01-01 12:07:37.455528   256   293 D SurfaceFlinger: requestNextVsync(6406)
01-01 12:07:37.456494  6406  6406 V ViewRootImpl: ViewRoot performTraversals+ : mFirst = false, this = ViewRoot{439b41b 停止录制,ident = 12}
01-01 12:07:37.457536   256   256 I SurfaceFlinger: [Built-in Screen (type:0)] fps:44.694969,dur:1006.82,max:164.12,min:15.75
01-01 12:07:37.458836  1613  1659 D SettingsInterface:  from settings cache , name = sys_storage_threshold_percentage , value = null
01-01 12:07:37.459470  6406  6406 V ViewRootImpl: ViewRoot performTraversals and draw- : mResizeBuffer = null, mResizeAlpha = 0, this = ViewRoot{439b41b 停止录制,ident = 12} frame#31 (cancelDraw = false)
01-01 12:07:37.459945  1613  1659 D SettingsInterface:  from settings cache , name = sys_storage_threshold_max_bytes , value = null
01-01 12:07:37.462536   256   295 D SurfaceFlinger: requestNextVsync(256)
01-01 12:07:37.465862  1613  1659 D SettingsInterface:  from settings cache , name = sys_storage_threshold_percentage , value = null
01-01 12:07:37.466269  1613  1659 D SettingsInterface:  from settings cache , name = sys_storage_threshold_max_bytes , value = null
01-01 12:07:37.470940  1613  1659 D SettingsInterface:  from settings cache , name = sys_storage_threshold_percentage , value = null
01-01 12:07:37.471346  1613  1659 D SettingsInterface:  from settings cache , name = sys_storage_threshold_max_bytes , value = null
01-01 12:07:37.472342   256   314 D SurfaceFlinger: postEvent(6406, v/c=11330)
01-01 12:07:37.472491   256   316 D SurfaceFlinger: postEvent(256, v/c=32775)
01-01 12:07:37.473082  6406  6406 V DisplayEventReceiver: call nativeScheduleVsync mReceiverPtr = 547456628928
01-01 12:07:37.473573   256   334 D SurfaceFlinger: requestNextVsync(6406)
01-01 12:07:37.473717  6406  6406 V ViewRootImpl: ViewRoot performTraversals+ : mFirst = false, this = ViewRoot{439b41b 停止录制,ident = 12}
01-01 12:07:37.475517  6406  6406 V ViewRootImpl: ViewRoot performTraversals and draw- : mResizeBuffer = null, mResizeAlpha = 0, this = ViewRoot{439b41b 停止录制,ident = 12} frame#32 (cancelDraw = false)
01-01 12:07:37.479066   256   293 D SurfaceFlinger: requestNextVsync(256)
01-01 12:07:37.481728  1613  1659 D SettingsInterface:  from settings cache , name = sys_storage_threshold_percentage , value = null
01-01 12:07:37.482423  1613  1659 D SettingsInterface:  from settings cache , name = sys_storage_threshold_max_bytes , value = null
01-01 12:07:37.485960  1613  1659 I PackageManager: Checking for more work or unbind...
01-01 12:07:37.486042  1613  1659 I PackageManager: Posting MCS_BOUND for next work
01-01 12:07:37.489019  1613  2471 D AppOps  : noteOperation: allowing code 59 uid 10094 package com.asus.mobilemanager
01-01 12:07:37.489340  1613  2471 D AppOps  : noteOperation: allowing code 60 uid 10094 package com.asus.mobilemanager
01-01 12:07:37.490048  1613  2471 D SettingsInterface:  from settings cache , name = sys_storage_threshold_percentage , value = null
01-01 12:07:37.490543   256   314 D SurfaceFlinger: postEvent(6406, v/c=11331)
01-01 12:07:37.490578   256   316 D SurfaceFlinger: postEvent(256, v/c=32776)
01-01 12:07:37.491077  1613  2471 D SettingsInterface:  from settings cache , name = sys_storage_threshold_max_bytes , value = null
01-01 12:07:37.491295  6406  6406 V DisplayEventReceiver: call nativeScheduleVsync mReceiverPtr = 547456628928
01-01 12:07:37.491639   256  3757 D SurfaceFlinger: requestNextVsync(6406)
01-01 12:07:37.491761  6406  6406 V ViewRootImpl: ViewRoot performTraversals+ : mFirst = false, this = ViewRoot{439b41b 停止录制,ident = 12}
01-01 12:07:37.493220  6406  6406 V ViewRootImpl: ViewRoot performTraversals and draw- : mResizeBuffer = null, mResizeAlpha = 0, this = ViewRoot{439b41b 停止录制,ident = 12} frame#33 (cancelDraw = false)
01-01 12:07:37.495071  1613  1659 D SettingsInterface:  from settings cache , name = sys_storage_threshold_percentage , value = null
01-01 12:07:37.495548  1613  1659 D SettingsInterface:  from settings cache , name = sys_storage_threshold_max_bytes , value = null
01-01 12:07:37.497413  1613  1659 D SettingsInterface:  from settings cache , name = sys_storage_threshold_percentage , value = null
01-01 12:07:37.497588  1613  3328 D AppOps  : noteOperation: allowing code 59 uid 10094 package com.asus.mobilemanager
01-01 12:07:37.497953  1613  3328 D AppOps  : noteOperation: allowing code 60 uid 10094 package com.asus.mobilemanager
01-01 12:07:37.497965   256   334 D SurfaceFlinger: requestNextVsync(256)
01-01 12:07:37.498908  1613  1659 D SettingsInterface:  from settings cache , name = sys_storage_threshold_max_bytes , value = null
01-01 12:07:37.500537  1613  3328 D SettingsInterface:  from settings cache , name = sys_storage_threshold_percentage , value = null
01-01 12:07:37.500926  1613  3328 D SettingsInterface:  from settings cache , name = sys_storage_threshold_max_bytes , value = null
01-01 12:07:37.501962  1613  1659 D SettingsInterface:  from settings cache , name = sys_storage_threshold_percentage , value = null
01-01 12:07:37.502343  1613  1659 D SettingsInterface:  from settings cache , name = sys_storage_threshold_max_bytes , value = null
01-01 12:07:37.506834  1613  1659 D SettingsInterface:  from settings cache , name = sys_storage_threshold_percentage , value = null
01-01 12:07:37.507237  1613  1659 D SettingsInterface:  from settings cache , name = sys_storage_threshold_max_bytes , value = null
01-01 12:07:37.508786   256   314 D SurfaceFlinger: postEvent(6406, v/c=11332)
01-01 12:07:37.508929   256   316 D SurfaceFlinger: postEvent(256, v/c=32777)
01-01 12:07:37.509685  6406  6406 V DisplayEventReceiver: call nativeScheduleVsync mReceiverPtr = 547456628928
01-01 12:07:37.509987   256  3758 D SurfaceFlinger: requestNextVsync(6406)
01-01 12:07:37.510079  6406  6406 V ViewRootImpl: ViewRoot performTraversals+ : mFirst = false, this = ViewRoot{439b41b 停止录制,ident = 12}
01-01 12:07:37.513760  6406  6406 V ViewRootImpl: ViewRoot performTraversals and draw- : mResizeBuffer = null, mResizeAlpha = 0, this = ViewRoot{439b41b 停止录制,ident = 12} frame#34 (cancelDraw = false)
01-01 12:07:37.514951   975 10966 D MobileLogD/lib: write deep_stop,1 to client 19 
01-01 12:07:37.515176   975 10966 D MobileLogD/lib: write to client over
01-01 12:07:37.515579  6406  6450 V MTKLogger/LogConnection: Response from native byte size=11
01-01 12:07:37.515890   256  3757 D SurfaceFlinger: requestNextVsync(256)
01-01 12:07:37.515906  6406  6450 I MTKLogger/MobileLog: -->dealWithResponse(), resp=deep_stop,1
01-01 12:07:37.516700  6406  6449 I MTKLogger/MobileLog: Handle receive message, what=25
01-01 12:07:37.516931  6406  6449 D MTKLogger/MobileLog: Got an update event, new state = 0, reason=null, oldState=1
01-01 12:07:37.517103  6406  6449 I MTKLogger/MobileLog: -->notifyServiceStatus(), status=0,  reason=[]
01-01 12:07:37.523678  1613  1659 D SettingsInterface:  from settings cache , name = sys_storage_threshold_percentage , value = null
01-01 12:07:37.524068  1613  1659 D SettingsInterface:  from settings cache , name = sys_storage_threshold_max_bytes , value = null
01-01 12:07:37.527071   256   314 D SurfaceFlinger: postEvent(6406, v/c=11333)
01-01 12:07:37.527071   256   316 D SurfaceFlinger: postEvent(256, v/c=32778)
01-01 12:07:37.528085  6406  6406 V DisplayEventReceiver: call nativeScheduleVsync mReceiverPtr = 547456628928
01-01 12:07:37.528423   256   295 D SurfaceFlinger: requestNextVsync(6406)
01-01 12:07:37.528532  6406  6406 V ViewRootImpl: ViewRoot performTraversals+ : mFirst = false, this = ViewRoot{439b41b 停止录制,ident = 12}
01-01 12:07:37.531236  6406  6449 D MTKLogger/LogInstance: -->updateStatusBar(), logType=1, titleRes=2131296258, enable=false
01-01 12:07:37.531493  1613  1659 D SettingsInterface:  from settings cache , name = sys_storage_threshold_percentage , value = null
01-01 12:07:37.531892  1613  1659 D SettingsInterface:  from settings cache , name = sys_storage_threshold_max_bytes , value = null
01-01 12:07:37.532861  6406  6406 V ViewRootImpl: ViewRoot performTraversals and draw- : mResizeBuffer = null, mResizeAlpha = 0, this = ViewRoot{439b41b 停止录制,ident = 12} frame#35 (cancelDraw = false)
01-01 12:07:37.536825   256  3758 D SurfaceFlinger: requestNextVsync(256)
01-01 12:07:37.539337  6406 10986 D MTKLogger/MTKLoggerService:  mNativeStateHandler receive message, what=1, arg1=1, arg2=0
01-01 12:07:37.539580  6406 10986 D MTKLogger/MTKLoggerService: -->handleLogStateChangeMsg(), mCachedStartStopCmd = 1
01-01 12:07:37.539757  6406 10986 D MTKLogger/MTKLoggerService:  MSG_LOG_STATE_CHANGED, logType=1, result=0, reason=[]
01-01 12:07:37.539899  6406 10986 D MTKLogger/MTKLoggerService: Still waiting start/stop command response, mark it as finished.
01-01 12:07:37.540094  6406 10986 I MTKLogger/MTKLoggerService:  Notify other modules current state with broadcast. mCurrentAffectedLogType=1, currentRunningStatus=0, failReasonStr=[]
01-01 12:07:37.540221  1613  1659 I PackageManager: Checking for more work or unbind...
01-01 12:07:37.540286  1613  1659 I PackageManager: Posting MCS_BOUND for next work
01-01 12:07:37.543852  6406 10986 D MTKLogger/MTKLoggerService: -->updateStartRecordingTime(), mCurrentRunningStatus=0
01-01 12:07:37.544065  6406 10986 V MTKLogger/MTKLoggerService: -->isLogRunning(), logType = 16
01-01 12:07:37.544521  6406 10986 I MTKLogger/LogInstance:  Native log(16) running status=false
01-01 12:07:37.544715  6406 10986 V MTKLogger/MTKLoggerService: <--isLogRunning()? false
01-01 12:07:37.544888  6406 10986 V MTKLogger/MTKLoggerService: -->isLogRunning(), logType = 4
01-01 12:07:37.545069  1613  3158 D AppOps  : noteOperation: allowing code 59 uid 10094 package com.asus.mobilemanager
01-01 12:07:37.545083  6406 10986 I MTKLogger/LogInstance:  Native log(4) running status=false
01-01 12:07:37.545239  6406 10986 V MTKLogger/MTKLoggerService: <--isLogRunning()? false
01-01 12:07:37.545295  1613  3158 D AppOps  : noteOperation: allowing code 60 uid 10094 package com.asus.mobilemanager
01-01 12:07:37.545390  6406 10986 V MTKLogger/MTKLoggerService: -->isLogRunning(), logType = 1
01-01 12:07:37.545576  1613  1659 D SettingsInterface:  from settings cache , name = sys_storage_threshold_percentage , value = null
01-01 12:07:37.545581  6406 10986 I MTKLogger/LogInstance:  Native log(1) running status=false
01-01 12:07:37.545735  6406 10986 V MTKLogger/MTKLoggerService: <--isLogRunning()? false
01-01 12:07:37.545889  6406 10986 V MTKLogger/MTKLoggerService: -->isLogRunning(), logType = 2
01-01 12:07:37.546216  6406 10986 I MTKLogger/LogInstance:  Native log(2) running status=false
01-01 12:07:37.546362  6406 10986 D MTKLogger/MultiModemLog: Is modm log running ? false
01-01 12:07:37.546502  6406 10986 V MTKLogger/MTKLoggerService: <--isLogRunning()? false
01-01 12:07:37.546650  6406 10986 V MTKLogger/MTKLoggerService: <--isAnyLogRunning()? false
01-01 12:07:37.547436  6406 10986 V MTKLogger/MTKLoggerService: -->isLogRunning(), logType = 16
01-01 12:07:37.547953  6406 10986 I MTKLogger/LogInstance:  Native log(16) running status=false
01-01 12:07:37.548163  6406 10986 V MTKLogger/MTKLoggerService: <--isLogRunning()? false
01-01 12:07:37.548340  6406 10986 V MTKLogger/MTKLoggerService: -->isLogRunning(), logType = 4
01-01 12:07:37.548552  6406 10986 I MTKLogger/LogInstance:  Native log(4) running status=false
01-01 12:07:37.548706  6406 10986 V MTKLogger/MTKLoggerService: <--isLogRunning()? false
01-01 12:07:37.548872  6406 10986 V MTKLogger/MTKLoggerService: -->isLogRunning(), logType = 1
01-01 12:07:37.549057  6406 10986 I MTKLogger/LogInstance:  Native log(1) running status=false
01-01 12:07:37.549204  6406 10986 V MTKLogger/MTKLoggerService: <--isLogRunning()? false
01-01 12:07:37.549364  6406 10986 V MTKLogger/MTKLoggerService: -->isLogRunning(), logType = 2
01-01 12:07:37.549555  6406 10986 I MTKLogger/LogInstance:  Native log(2) running status=false
01-01 12:07:37.549713  6406 10986 D MTKLogger/MultiModemLog: Is modm log running ? false
01-01 12:07:37.549865  6406 10986 V MTKLogger/MTKLoggerService: <--isLogRunning()? false
01-01 12:07:37.550027  6406 10986 V MTKLogger/MTKLoggerService: <--isAnyLogRunning()? false
01-01 12:07:37.550196  6406 10986 D MTKLogger/MTKLoggerService: -->updateLogFolderMonitor(), isLogRunning=false, mLogFolderMonitorThreadStopFlag=false
01-01 12:07:37.550338  6406 10986 V MTKLogger/MTKLoggerService: Log is stopped, so need to stop log folder monitor if any exist.
01-01 12:07:37.550726  6406 10617 W MTKLogger/MTKLoggerService: Waiting check log folder been interrupted.
01-01 12:07:37.550903  6406 10617 D MTKLogger/MTKLoggerService: End monitor log folder status.
01-01 12:07:37.545884  1613  1659 D SettingsInterface:  from settings cache , name = sys_storage_threshold_max_bytes , value = null
01-01 12:07:37.553524  6406 10986 V MTKLogger/MTKLoggerService: -->isLogRunning(), logType = 16
01-01 12:07:37.553802  6406 10986 I MTKLogger/LogInstance:  Native log(16) running status=false
01-01 12:07:37.553952  6406 10986 V MTKLogger/MTKLoggerService: <--isLogRunning()? false
01-01 12:07:37.554108  6406 10986 V MTKLogger/MTKLoggerService: -->isLogRunning(), logType = 4
01-01 12:07:37.554281  6406 10986 I MTKLogger/LogInstance:  Native log(4) running status=false
01-01 12:07:37.554423  6406 10986 V MTKLogger/MTKLoggerService: <--isLogRunning()? false
01-01 12:07:37.554579  6406 10986 V MTKLogger/MTKLoggerService: -->isLogRunning(), logType = 1
01-01 12:07:37.554770  6406 10986 I MTKLogger/LogInstance:  Native log(1) running status=false
01-01 12:07:37.554916  6406 10986 V MTKLogger/MTKLoggerService: <--isLogRunning()? false
01-01 12:07:37.555077  6406 10986 V MTKLogger/MTKLoggerService: -->isLogRunning(), logType = 2
01-01 12:07:37.555310  6406 10986 I MTKLogger/LogInstance:  Native log(2) running status=false
01-01 12:07:37.555470  6406 10986 D MTKLogger/MultiModemLog: Is modm log running ? false
01-01 12:07:37.555645  6406 10986 V MTKLogger/MTKLoggerService: <--isLogRunning()? false
01-01 12:07:37.555806  6406 10986 V MTKLogger/MTKLoggerService: <--isAnyLogRunning()? false
01-01 12:07:37.555911  6406 10986 V MTKLogger/Utils: -->updateLogFilesInMediaProvider
01-01 12:07:37.557126  6406 10987 V MTKLogger/Utils: -->updateLogFilesInMediaProviderSync
01-01 12:07:37.557326  6406 10987 I MTKLogger/Utils: -->getInternalSdPath()
01-01 12:07:37.557343  1613  3158 D SettingsInterface:  from settings cache , name = sys_storage_threshold_percentage , value = null
01-01 12:07:37.557807  1613  3158 D SettingsInterface:  from settings cache , name = sys_storage_threshold_max_bytes , value = null
01-01 12:07:37.559821  6406  6406 D MTKLogger/MainActivity: ACTION_LOG_STATE_CHANGED
01-01 12:07:37.559977  6406  6406 D Dialog  : dismissDialog
01-01 12:07:37.560575  1613  1659 D SettingsInterface:  from settings cache , name = sys_storage_threshold_percentage , value = null
01-01 12:07:37.560986  1613  1659 D SettingsInterface:  from settings cache , name = sys_storage_threshold_max_bytes , value = null
01-01 12:07:37.562590  1613  2479 D AppOps  : noteOperation: allowing code 59 uid 10094 package com.asus.mobilemanager
01-01 12:07:37.562905  1613  2479 D AppOps  : noteOperation: allowing code 60 uid 10094 package com.asus.mobilemanager
01-01 12:07:37.563362  6406  7842 D OpenGLRenderer: Flushing caches (mode 0)
01-01 12:07:37.563536  6406  7842 D Surface : Surface::disconnect(this=0x7f8bc1b800,api=1)
01-01 12:07:37.563587  1613  2479 D SettingsInterface:  from settings cache , name = sys_storage_threshold_percentage , value = null
01-01 12:07:37.564000  1613  2479 D SettingsInterface:  from settings cache , name = sys_storage_threshold_max_bytes , value = null
01-01 12:07:37.564239  1613  2475 D AppOps  : noteOperation: allowing code 59 uid 10092 package com.mediatek.mtklogger
01-01 12:07:37.564465  1613  2475 D AppOps  : noteOperation: allowing code 60 uid 10092 package com.mediatek.mtklogger
01-01 12:07:37.564588   256   293 I BufferQueueProducer: [停止录制](this:0x7fb1849400,id:88,api:1,p:-1,c:256) disconnect(P): api 1
01-01 12:07:37.565022   256   293 I BufferQueueConsumer: [停止录制](this:0x7fb1849400,id:88,api:1,p:-1,c:256) getReleasedBuffers: returning mask 0xfffffffffffffffb
01-01 12:07:37.565047  1613  2475 D SettingsInterface:  from settings cache , name = sys_storage_threshold_percentage , value = null
01-01 12:07:37.565216   256   293 D GraphicBuffer: free, handle(0x7fb471e040) (w:684 h:324 s:688 f:0x1 u:0x000b00)
01-01 12:07:37.565295   256   293 I [MALI][Gralloc]: [-]hnd(0x7fb471e040), client(26), share_fd(77)
01-01 12:07:37.565344  1613  2475 D SettingsInterface:  from settings cache , name = sys_storage_threshold_max_bytes , value = null
01-01 12:07:37.565948  6406  7842 D GraphicBuffer: unregister, handle(0x7f748b8960) (w:684 h:324 s:688 f:0x1 u:0x000b00)
01-01 12:07:37.566048  6406  7842 E HAL     : SLCODE-loaded class_id=gralloc 
01-01 12:07:37.566089  6406  7842 E HAL     : SLCODE-loaded name=gralloc 
01-01 12:07:37.566133  6406  7842 E HAL     : SLCODE-loaded prop_name=ro.hardware.gralloc 
01-01 12:07:37.566176  6406  7842 E HAL     : SLCODE-loaded for circle execute 
01-01 12:07:37.566224  6406  7842 E HAL     : SLCODE-hw_module_exists HAL_LIBRARY_PATH2=/vendor/lib64/hw, name=gralloc, subname=mt6735 
01-01 12:07:37.566337  6406  7842 E HAL     : SLCODE-hw_module_exists HAL_LIBRARY_PATH1=/system/lib64/hw, name=gralloc, subname=mt6735 
01-01 12:07:37.566409  6406  7842 E HAL     : SLCODE-hw_module_exists return ENOENT 
01-01 12:07:37.566458  6406  7842 E HAL     : SLCODE-hw_module_exists HAL_LIBRARY_PATH2=/vendor/lib64/hw, name=gralloc, subname=MT6737T 
01-01 12:07:37.566460  6406 10987 I MTKLogger/Utils: /storage/emulated/0 is mounted!
01-01 12:07:37.566686  6406  7842 E HAL     : SLCODE-hw_module_exists HAL_LIBRARY_PATH1=/system/lib64/hw, name=gralloc, subname=MT6737T 
01-01 12:07:37.566756  6406  7842 E HAL     : SLCODE-hw_module_exists return ENOENT 
01-01 12:07:37.566807  6406  7842 E HAL     : SLCODE-hw_module_exists HAL_LIBRARY_PATH2=/vendor/lib64/hw, name=gralloc, subname=mt6737t 
01-01 12:07:37.566894  6406  7842 E HAL     : SLCODE-hw_module_exists HAL_LIBRARY_PATH1=/system/lib64/hw, name=gralloc, subname=mt6737t 
01-01 12:07:37.566963  6406  7842 E HAL     : SLCODE-loaded HAL id=gralloc path=/system/lib64/hw/gralloc.mt6737t.so 
01-01 12:07:37.568042  6406  7842 I [MALI][Gralloc]: [-]r_hnd(0x7f748b8960), client(44), share_fd(65)
01-01 12:07:37.568285  6406  7842 D GraphicBuffer: unregister, handle(0x7f7745e500) (w:684 h:324 s:688 f:0x1 u:0x000b00)
01-01 12:07:37.568356  6406  7842 E HAL     : SLCODE-loaded class_id=gralloc 
01-01 12:07:37.568398  6406  7842 E HAL     : SLCODE-loaded name=gralloc 
01-01 12:07:37.568439  6406  7842 E HAL     : SLCODE-loaded prop_name=ro.hardware.gralloc 
01-01 12:07:37.568479  6406  7842 E HAL     : SLCODE-loaded for circle execute 
01-01 12:07:37.568522  6406  7842 E HAL     : SLCODE-hw_module_exists HAL_LIBRARY_PATH2=/vendor/lib64/hw, name=gralloc, subname=mt6735 
01-01 12:07:37.568635  6406  7842 E HAL     : SLCODE-hw_module_exists HAL_LIBRARY_PATH1=/system/lib64/hw, name=gralloc, subname=mt6735 
01-01 12:07:37.569019  6406 10987 I MTKLogger/Utils: Is emulated and volumeInfo.getId() : emulated
01-01 12:07:37.569966  6406  7842 E HAL     : SLCODE-hw_module_exists return ENOENT 
01-01 12:07:37.570025  6406  7842 E HAL     : SLCODE-hw_module_exists HAL_LIBRARY_PATH2=/vendor/lib64/hw, name=gralloc, subname=MT6737T 
01-01 12:07:37.570040  6406 10987 I MTKLogger/Utils: <--getInternalSdPath() : internalPath = /storage/emulated/0
01-01 12:07:37.570121  6406  7842 E HAL     : SLCODE-hw_module_exists HAL_LIBRARY_PATH1=/system/lib64/hw, name=gralloc, subname=MT6737T 
01-01 12:07:37.570190  6406  7842 E HAL     : SLCODE-hw_module_exists return ENOENT 
01-01 12:07:37.570237  6406  7842 E HAL     : SLCODE-hw_module_exists HAL_LIBRARY_PATH2=/vendor/lib64/hw, name=gralloc, subname=mt6737t 
01-01 12:07:37.570324  6406  7842 E HAL     : SLCODE-hw_module_exists HAL_LIBRARY_PATH1=/system/lib64/hw, name=gralloc, subname=mt6737t 
01-01 12:07:37.570394  6406  7842 E HAL     : SLCODE-loaded HAL id=gralloc path=/system/lib64/hw/gralloc.mt6737t.so 
01-01 12:07:37.570413  6406 10987 V MTKLogger: <--getLogPath(), type=internal_sd, string=/storage/emulated/0
01-01 12:07:37.570506  6406 10987 D MTKLogger/Utils: -->getPathFromFileTree()
01-01 12:07:37.570646  6406 10987 D MTKLogger/Utils: fileTree = /storage/emulated/0/mtklog/file_tree.txt
01-01 12:07:37.571231  6406  7842 I [MALI][Gralloc]: [-]r_hnd(0x7f7745e500), client(44), share_fd(66)
01-01 12:07:37.571510  6406  7842 D GraphicBuffer: unregister, handle(0x7f7742b400) (w:684 h:324 s:688 f:0x1 u:0x000b00)
