01-01 12:07:39.303023  1613  3328 D AppOps  : noteOperation: allowing code 59 uid 10094 package com.asus.mobilemanager
01-01 12:07:39.303331  1613  3328 D AppOps  : noteOperation: allowing code 60 uid 10094 package com.asus.mobilemanager
01-01 12:07:39.304943  1613  3328 D SettingsInterface:  from settings cache , name = sys_storage_threshold_percentage , value = null
01-01 12:07:39.305568  1613  3328 D SettingsInterface:  from settings cache , name = sys_storage_threshold_max_bytes , value = null
01-01 12:07:39.309688  1613  1659 D SettingsInterface:  from settings cache , name = sys_storage_threshold_percentage , value = null
01-01 12:07:39.310066  1613  1659 D SettingsInterface:  from settings cache , name = sys_storage_threshold_max_bytes , value = null
01-01 12:07:39.310099  1613  2477 D AppOps  : noteOperation: allowing code 59 uid 10025 package com.android.providers.media
01-01 12:07:39.310331  1613  2477 D AppOps  : noteOperation: allowing code 60 uid 10025 package com.android.providers.media
01-01 12:07:39.310974  1613  2477 D SettingsInterface:  from settings cache , name = sys_storage_threshold_percentage , value = null
01-01 12:07:39.311313  1613  2477 D SettingsInterface:  from settings cache , name = sys_storage_threshold_max_bytes , value = null
01-01 12:07:39.311399  1613  1640 D AppOps  : noteOperation: allowing code 59 uid 10094 package com.asus.mobilemanager
01-01 12:07:39.311614  1613  1640 D AppOps  : noteOperation: allowing code 60 uid 10094 package com.asus.mobilemanager
01-01 12:07:39.312242  1613  1640 D SettingsInterface:  from settings cache , name = sys_storage_threshold_percentage , value = null
01-01 12:07:39.312608  1613  1640 D SettingsInterface:  from settings cache , name = sys_storage_threshold_max_bytes , value = null
01-01 12:07:39.313892  1613  1659 D SettingsInterface:  from settings cache , name = sys_storage_threshold_percentage , value = null
01-01 12:07:39.314298   256   316 D SurfaceFlinger: postEvent(256, v/c=32812)
01-01 12:07:39.314299   256   314 D SurfaceFlinger: postEvent(1613, v/c=11370)
01-01 12:07:39.314412  1613  1659 D SettingsInterface:  from settings cache , name = sys_storage_threshold_max_bytes , value = null
01-01 12:07:39.315945  1613  1651 V DisplayEventReceiver: call nativeScheduleVsync mReceiverPtr = 547443958976
01-01 12:07:39.316068  1613  1659 D SettingsInterface:  from settings cache , name = sys_storage_threshold_percentage , value = null
01-01 12:07:39.316289   256  3757 D SurfaceFlinger: requestNextVsync(1613)
01-01 12:07:39.316437  1613  1659 D SettingsInterface:  from settings cache , name = sys_storage_threshold_max_bytes , value = null
01-01 12:07:39.317427   256  3757 D SurfaceFlinger: requestNextVsync(256)
01-01 12:07:39.324169   975 11005 I MobileLogD/dupm: dump /data/misc/mblog/inter_sd_folder
01-01 12:07:39.324651  1613  1659 D SettingsInterface:  from settings cache , name = sys_storage_threshold_percentage , value = null
01-01 12:07:39.325048  1613  1659 D SettingsInterface:  from settings cache , name = sys_storage_threshold_max_bytes , value = null
01-01 12:07:39.330162  1613  1659 D SettingsInterface:  from settings cache , name = sys_storage_threshold_percentage , value = null
01-01 12:07:39.330529  1613  1659 D SettingsInterface:  from settings cache , name = sys_storage_threshold_max_bytes , value = null
01-01 12:07:39.332529   256   316 D SurfaceFlinger: postEvent(256, v/c=32813)
01-01 12:07:39.332535   256   314 D SurfaceFlinger: postEvent(1613, v/c=11371)
01-01 12:07:39.334303  1613  1651 V DisplayEventReceiver: call nativeScheduleVsync mReceiverPtr = 547443958976
01-01 12:07:39.334688   256   334 D SurfaceFlinger: requestNextVsync(1613)
01-01 12:07:39.334800   256   295 D SurfaceFlinger: requestNextVsync(256)
01-01 12:07:39.342532  1613  1659 D SettingsInterface:  from settings cache , name = sys_storage_threshold_percentage , value = null
01-01 12:07:39.343349  1613  1659 D SettingsInterface:  from settings cache , name = sys_storage_threshold_max_bytes , value = null
01-01 12:07:39.346623  1613  1659 I PackageManager: Checking for more work or unbind...
01-01 12:07:39.346702  1613  1659 I PackageManager: Posting MCS_BOUND for next work
01-01 12:07:39.349007 10724 10989 V MediaProvider: insertFile<<<: values=bucket_id=27328240 date_modified=1451668056 bucket_display_name=APLog_2016_0101_120640 parent=97 format=12288 storage_id=65537 media_type=0 mime_type=null _data=/storage/emulated/0/mtklog/mobilelog/APLog_2016_0101_120640/main_log title=main_log _size=6008472 is_drm=false date_added=1451668059 file_name=main_log, rowId=102
01-01 12:07:39.349396 10724 10989 V MediaProvider: insertInternal<<<: return newUri content://media/external/file/102
01-01 12:07:39.350802   256   316 D SurfaceFlinger: postEvent(256, v/c=32814)
01-01 12:07:39.350863   256   314 D SurfaceFlinger: postEvent(1613, v/c=11372)
01-01 12:07:39.352511  1613  1651 V DisplayEventReceiver: call nativeScheduleVsync mReceiverPtr = 547443958976
01-01 12:07:39.352810   256   293 D SurfaceFlinger: requestNextVsync(1613)
01-01 12:07:39.352987   256  3758 D SurfaceFlinger: requestNextVsync(256)
01-01 12:07:39.353980  6406  6420 V MediaScannerConnection: Scanning file /storage/emulated/0/mtklog/mobilelog/APLog_2016_0101_120640/crash_log
01-01 12:07:39.355173 10724 10994 D MediaScannerService: IMediaScannerService.scanFile: /storage/emulated/0/mtklog/mobilelog/APLog_2016_0101_120640/crash_log mimeType: null
01-01 12:07:39.357016  1613  2477 D AppOps  : noteOperation: allowing code 59 uid 10094 package com.asus.mobilemanager
01-01 12:07:39.357250  1613  2477 D AppOps  : noteOperation: allowing code 60 uid 10094 package com.asus.mobilemanager
01-01 12:07:39.357911  1613  2477 D SettingsInterface:  from settings cache , name = sys_storage_threshold_percentage , value = null
01-01 12:07:39.358247  1613  2477 D SettingsInterface:  from settings cache , name = sys_storage_threshold_max_bytes , value = null
01-01 12:07:39.361645  1613  1659 D SettingsInterface:  from settings cache , name = sys_storage_threshold_percentage , value = null
01-01 12:07:39.362009  1613  1659 D SettingsInterface:  from settings cache , name = sys_storage_threshold_max_bytes , value = null
01-01 12:07:39.364899  1613  2476 D AppOps  : noteOperation: allowing code 59 uid 10094 package com.asus.mobilemanager
01-01 12:07:39.365189  1613  2476 D AppOps  : noteOperation: allowing code 60 uid 10094 package com.asus.mobilemanager
01-01 12:07:39.365613  1613  2479 D AppOps  : noteOperation: allowing code 59 uid 10025 package com.android.providers.media
01-01 12:07:39.365874  1613  1659 D SettingsInterface:  from settings cache , name = sys_storage_threshold_percentage , value = null
01-01 12:07:39.365891  1613  2479 D AppOps  : noteOperation: allowing code 60 uid 10025 package com.android.providers.media
01-01 12:07:39.366199  1613  1659 D SettingsInterface:  from settings cache , name = sys_storage_threshold_max_bytes , value = null
01-01 12:07:39.366896  1613  2476 D SettingsInterface:  from settings cache , name = sys_storage_threshold_percentage , value = null
01-01 12:07:39.367257  1613  2476 D SettingsInterface:  from settings cache , name = sys_storage_threshold_max_bytes , value = null
01-01 12:07:39.368195  1613  2479 D SettingsInterface:  from settings cache , name = sys_storage_threshold_percentage , value = null
01-01 12:07:39.368969   256   316 D SurfaceFlinger: postEvent(256, v/c=32815)
01-01 12:07:39.368988   256   314 D SurfaceFlinger: postEvent(1613, v/c=11373)
01-01 12:07:39.370253  1613  2479 D SettingsInterface:  from settings cache , name = sys_storage_threshold_max_bytes , value = null
01-01 12:07:39.370770  1613  1651 V DisplayEventReceiver: call nativeScheduleVsync mReceiverPtr = 547443958976
01-01 12:07:39.371094   256  3757 D SurfaceFlinger: requestNextVsync(1613)
01-01 12:07:39.371791   256  3757 D SurfaceFlinger: requestNextVsync(256)
01-01 12:07:39.372421  1613  1659 D SettingsInterface:  from settings cache , name = sys_storage_threshold_percentage , value = null
01-01 12:07:39.372851  1613  1659 D SettingsInterface:  from settings cache , name = sys_storage_threshold_max_bytes , value = null
01-01 12:07:39.375390 10724 10989 V MediaScannerService: handleMessage: what = 11, startId = 6, arguments = Bundle[{mimetype=null, filepath=/storage/emulated/0/mtklog/mobilelog/APLog_2016_0101_120640/crash_log, listener=android.os.BinderProxy@434473e}]
01-01 12:07:39.376753 10724 10989 V MediaProvider: insertInternal>>>: uri=content://media/, match=300, initValues=name=external
01-01 12:07:39.383668  1613  1659 D SettingsInterface:  from settings cache , name = sys_storage_threshold_percentage , value = null
01-01 12:07:39.384052  1613  1659 D SettingsInterface:  from settings cache , name = sys_storage_threshold_max_bytes , value = null
01-01 12:07:39.384101  1613  2477 D AppOps  : noteOperation: allowing code 59 uid 10025 package com.android.providers.media
01-01 12:07:39.384357  1613  2477 D AppOps  : noteOperation: allowing code 60 uid 10025 package com.android.providers.media
01-01 12:07:39.387039  1613  2477 D SettingsInterface:  from settings cache , name = sys_storage_threshold_percentage , value = null
01-01 12:07:39.387211   256   316 D SurfaceFlinger: postEvent(256, v/c=32816)
01-01 12:07:39.387232   256   314 D SurfaceFlinger: postEvent(1613, v/c=11374)
01-01 12:07:39.388474  1613  2477 D SettingsInterface:  from settings cache , name = sys_storage_threshold_max_bytes , value = null
01-01 12:07:39.389046  1613  1651 V DisplayEventReceiver: call nativeScheduleVsync mReceiverPtr = 547443958976
01-01 12:07:39.389746   256   295 D SurfaceFlinger: requestNextVsync(1613)
01-01 12:07:39.390115   256   295 D SurfaceFlinger: requestNextVsync(256)
01-01 12:07:39.393493  1613  2474 D AppOps  : noteOperation: allowing code 59 uid 10025 package com.android.providers.media
01-01 12:07:39.393783  1613  2474 D AppOps  : noteOperation: allowing code 60 uid 10025 package com.android.providers.media
01-01 12:07:39.393893  1613  1659 D SettingsInterface:  from settings cache , name = sys_storage_threshold_percentage , value = null
01-01 12:07:39.394190  1613  1659 D SettingsInterface:  from settings cache , name = sys_storage_threshold_max_bytes , value = null
01-01 12:07:39.394780  1613  2474 D SettingsInterface:  from settings cache , name = sys_storage_threshold_percentage , value = null
01-01 12:07:39.395311  1613  2474 D SettingsInterface:  from settings cache , name = sys_storage_threshold_max_bytes , value = null
01-01 12:07:39.396735 10724 10989 V MediaProvider: attachVolume>>> volume=external
01-01 12:07:39.403114  1613  1659 D SettingsInterface:  from settings cache , name = sys_storage_threshold_percentage , value = null
01-01 12:07:39.403506  1613  1659 D SettingsInterface:  from settings cache , name = sys_storage_threshold_max_bytes , value = null
01-01 12:07:39.403577  1613  2476 D AppOps  : noteOperation: allowing code 59 uid 10025 package com.android.providers.media
01-01 12:07:39.403806  1613  2476 D AppOps  : noteOperation: allowing code 60 uid 10025 package com.android.providers.media
01-01 12:07:39.404355  1613  2476 D SettingsInterface:  from settings cache , name = sys_storage_threshold_percentage , value = null
01-01 12:07:39.404690  1613  2476 D SettingsInterface:  from settings cache , name = sys_storage_threshold_max_bytes , value = null
01-01 12:07:39.405437   256   316 D SurfaceFlinger: postEvent(256, v/c=32817)
01-01 12:07:39.405460   256   314 D SurfaceFlinger: postEvent(1613, v/c=11375)
01-01 12:07:39.407172  1613  1651 V DisplayEventReceiver: call nativeScheduleVsync mReceiverPtr = 547443958976
01-01 12:07:39.408320   256   334 D SurfaceFlinger: requestNextVsync(1613)
01-01 12:07:39.408388   256  3757 D SurfaceFlinger: requestNextVsync(256)
01-01 12:07:39.409291  1613  1659 I PackageManager: Checking for more work or unbind...
01-01 12:07:39.409464  1613  1659 I PackageManager: Posting MCS_BOUND for next work
01-01 12:07:39.411272  1613  2472 D AppOps  : noteOperation: allowing code 59 uid 10025 package com.android.providers.media
01-01 12:07:39.411528  1613  2472 D AppOps  : noteOperation: allowing code 60 uid 10025 package com.android.providers.media
01-01 12:07:39.412072  1613  2472 D SettingsInterface:  from settings cache , name = sys_storage_threshold_percentage , value = null
01-01 12:07:39.412361  1613  2472 D SettingsInterface:  from settings cache , name = sys_storage_threshold_max_bytes , value = null
01-01 12:07:39.414175 10724 10989 V MediaProvider: attachVolume<<< Already attached external.db
01-01 12:07:39.420436  1613  1659 D SettingsInterface:  from settings cache , name = sys_storage_threshold_percentage , value = null
01-01 12:07:39.420448  1613  3012 D AppOps  : noteOperation: allowing code 59 uid 10094 package com.asus.mobilemanager
01-01 12:07:39.420785  1613  3012 D AppOps  : noteOperation: allowing code 60 uid 10094 package com.asus.mobilemanager
01-01 12:07:39.420836  1613  1659 D SettingsInterface:  from settings cache , name = sys_storage_threshold_max_bytes , value = null
01-01 12:07:39.421095  1613  2474 D AppOps  : noteOperation: allowing code 59 uid 10025 package com.android.providers.media
01-01 12:07:39.421392  1613  2474 D AppOps  : noteOperation: allowing code 60 uid 10025 package com.android.providers.media
01-01 12:07:39.421481  1613  3012 D SettingsInterface:  from settings cache , name = sys_storage_threshold_percentage , value = null
01-01 12:07:39.421802  1613  3012 D SettingsInterface:  from settings cache , name = sys_storage_threshold_max_bytes , value = null
01-01 12:07:39.422519  1613  2474 D SettingsInterface:  from settings cache , name = sys_storage_threshold_percentage , value = null
01-01 12:07:39.422869  1613  2474 D SettingsInterface:  from settings cache , name = sys_storage_threshold_max_bytes , value = null
01-01 12:07:39.423607  1613  1659 D SettingsInterface:  from settings cache , name = sys_storage_threshold_percentage , value = null
01-01 12:07:39.423703   256   316 D SurfaceFlinger: postEvent(256, v/c=32818)
01-01 12:07:39.423711   256   314 D SurfaceFlinger: postEvent(1613, v/c=11376)
01-01 12:07:39.424009  1613  1659 D SettingsInterface:  from settings cache , name = sys_storage_threshold_max_bytes , value = null
01-01 12:07:39.424399 10724 10989 D MediaProvider: ensureDefaultFolders dcimExist: true
01-01 12:07:39.425485  1613  1651 V DisplayEventReceiver: call nativeScheduleVsync mReceiverPtr = 547443958976
01-01 12:07:39.426313   256   295 D SurfaceFlinger: requestNextVsync(1613)
01-01 12:07:39.426618   256   295 D SurfaceFlinger: requestNextVsync(256)
01-01 12:07:39.429595 10724 10989 I StagefrightMediaScanner: StagefrightMediaScanner Constructor
01-01 12:07:39.430268 10724 10989 V MediaScanner: setDefaultRingtoneFileNames: ringtone=Festival.ogg,notification=NewMessage.ogg,alarm=BusyBugs.ogg
01-01 12:07:39.431560   975 11005 I MobileLogD/dupm: dump /data/misc/mblog/mblog_config
01-01 12:07:39.432887  1613  2478 D AppOps  : noteOperation: allowing code 59 uid 10094 package com.asus.mobilemanager
01-01 12:07:39.433324  1613  2478 D AppOps  : noteOperation: allowing code 60 uid 10094 package com.asus.mobilemanager
01-01 12:07:39.433842  1613  1659 D SettingsInterface:  from settings cache , name = sys_storage_threshold_percentage , value = null
01-01 12:07:39.434317  1613  1659 D SettingsInterface:  from settings cache , name = sys_storage_threshold_max_bytes , value = null
01-01 12:07:39.434506  1613  2250 D PerfServiceManager: [PerfService] MESSAGE_TIMEOUT:105 
01-01 12:07:39.434829  1613  2250 I libPerfService: 5: set: 1
01-01 12:07:39.435044  1613  2250 I libPerfService: 5: set freq: 0
01-01 12:07:39.435102  1613  2250 I libPerfService: 5: set vcore level: 0
01-01 12:07:39.435689  1613  2250 D PerfServiceManager: [PerfService] set utilization:0.8 
01-01 12:07:39.436331  1613  2478 D SettingsInterface:  from settings cache , name = sys_storage_threshold_percentage , value = null
01-01 12:07:39.436488  1613  2471 D AppOps  : noteOperation: allowing code 59 uid 10025 package com.android.providers.media
01-01 12:07:39.436661  1613  2478 D SettingsInterface:  from settings cache , name = sys_storage_threshold_max_bytes , value = null
01-01 12:07:39.436797  1613  2471 D AppOps  : noteOperation: allowing code 60 uid 10025 package com.android.providers.media
01-01 12:07:39.437380  1613  2471 D SettingsInterface:  from settings cache , name = sys_storage_threshold_percentage , value = null
01-01 12:07:39.437829  1613  2471 D SettingsInterface:  from settings cache , name = sys_storage_threshold_max_bytes , value = null
01-01 12:07:39.441917   256   316 D SurfaceFlinger: postEvent(256, v/c=32819)
01-01 12:07:39.441945   256   314 D SurfaceFlinger: postEvent(1613, v/c=11377)
01-01 12:07:39.443493  1613  1651 V DisplayEventReceiver: call nativeScheduleVsync mReceiverPtr = 547443958976
01-01 12:07:39.444020   256   334 D SurfaceFlinger: requestNextVsync(1613)
01-01 12:07:39.444143   256  3757 D SurfaceFlinger: requestNextVsync(256)
01-01 12:07:39.448874  1613  1659 D SettingsInterface:  from settings cache , name = sys_storage_threshold_percentage , value = null
01-01 12:07:39.449273  1613  1659 D SettingsInterface:  from settings cache , name = sys_storage_threshold_max_bytes , value = null
01-01 12:07:39.449421  1613  3175 D AppOps  : noteOperation: allowing code 59 uid 10025 package com.android.providers.media
01-01 12:07:39.450046  1613  3175 D AppOps  : noteOperation: allowing code 60 uid 10025 package com.android.providers.media
01-01 12:07:39.451280  1613  3175 D SettingsInterface:  from settings cache , name = sys_storage_threshold_percentage , value = null
01-01 12:07:39.452496  1613  3175 D SettingsInterface:  from settings cache , name = sys_storage_threshold_max_bytes , value = null
01-01 12:07:39.460162   256   314 D SurfaceFlinger: postEvent(1613, v/c=11378)
01-01 12:07:39.460162   256   316 D SurfaceFlinger: postEvent(256, v/c=32820)
01-01 12:07:39.461784  6406  6406 V DisplayEventReceiver: call nativeScheduleVsync mReceiverPtr = 547456628928
01-01 12:07:39.462355   256  3758 D SurfaceFlinger: requestNextVsync(6406)
01-01 12:07:39.462466   256   334 D SurfaceFlinger: requestNextVsync(256)
01-01 12:07:39.465540  1613  1639 D AppOps  : noteOperation: allowing code 59 uid 10025 package com.android.providers.media
01-01 12:07:39.465626  1613  1659 D SettingsInterface:  from settings cache , name = sys_storage_threshold_percentage , value = null
01-01 12:07:39.465839  1613  1639 D AppOps  : noteOperation: allowing code 60 uid 10025 package com.android.providers.media
01-01 12:07:39.466022  1613  1659 D SettingsInterface:  from settings cache , name = sys_storage_threshold_max_bytes , value = null
01-01 12:07:39.466485  1613  1651 V DisplayEventReceiver: call nativeScheduleVsync mReceiverPtr = 547443958976
01-01 12:07:39.466759  1613  1639 D SettingsInterface:  from settings cache , name = sys_storage_threshold_percentage , value = null
01-01 12:07:39.466849   256   293 D SurfaceFlinger: requestNextVsync(1613)
01-01 12:07:39.467108  1613  1639 D SettingsInterface:  from settings cache , name = sys_storage_threshold_max_bytes , value = null
01-01 12:07:39.469481 10724 10989 V MediaScanner: prescan>>> filePath=/storage/emulated/0/mtklog/mobilelog/APLog_2016_0101_120640/crash_log,prescanFiles=true
01-01 12:07:39.472782  1613  1659 D SettingsInterface:  from settings cache , name = sys_storage_threshold_percentage , value = null
01-01 12:07:39.473160  1613  1659 D SettingsInterface:  from settings cache , name = sys_storage_threshold_max_bytes , value = null
01-01 12:07:39.476449  1613  1659 I PackageManager: Checking for more work or unbind...
01-01 12:07:39.476526  1613  1659 I PackageManager: Posting MCS_BOUND for next work
01-01 12:07:39.478442   256   314 D SurfaceFlinger: postEvent(6406, v/c=11379)
01-01 12:07:39.478457   256   316 D SurfaceFlinger: postEvent(256, v/c=32821)
01-01 12:07:39.478619   256   314 D SurfaceFlinger: postEvent(1613, v/c=11379)
01-01 12:07:39.479094  6406  6406 V ViewRootImpl: ViewRoot performTraversals+ : mFirst = false, this = ViewRoot{9fdd5c 开始录制,ident = 13}
01-01 12:07:39.480377  6406  6406 V DisplayEventReceiver: call nativeScheduleVsync mReceiverPtr = 547456628928
01-01 12:07:39.482352   256   334 D SurfaceFlinger: requestNextVsync(6406)
01-01 12:07:39.482674  6406  6406 V ViewRootImpl: ViewRoot performTraversals and draw- : mResizeBuffer = null, mResizeAlpha = 0, this = ViewRoot{9fdd5c 开始录制,ident = 13} frame#5 (cancelDraw = false)
01-01 12:07:39.483274   256  3757 I BufferQueueProducer: [开始录制](this:0x7fb1849400,id:89,api:1,p:6406,c:256) new GraphicBuffer needed
01-01 12:07:39.483369   256  3757 D GraphicBuffer: free, handle(0x7fb471e860) (w:684 h:324 s:688 f:0x1 u:0x000900)
01-01 12:07:39.483459   256  3757 I [MALI][Gralloc]: [-]hnd(0x7fb471e860), client(26), share_fd(59)
01-01 12:07:39.484286  1613  2476 D AppOps  : noteOperation: allowing code 59 uid 10094 package com.asus.mobilemanager
01-01 12:07:39.484577  1613  2476 D AppOps  : noteOperation: allowing code 60 uid 10094 package com.asus.mobilemanager
01-01 12:07:39.484917   256  3757 I [MALI][Gralloc]: [+]hnd(0x7fb471e860), client(26), share_fd(85), hnd->flags:4
01-01 12:07:39.484994   256  3757 D GraphicBuffer: alloc, handle(0x7fb471e860) (w:684 h:324 s:688 f:0x1 u:0x000b00) err(0)
01-01 12:07:39.485221  1613  2476 D SettingsInterface:  from settings cache , name = sys_storage_threshold_percentage , value = null
01-01 12:07:39.485592  1613  2476 D SettingsInterface:  from settings cache , name = sys_storage_threshold_max_bytes , value = null
01-01 12:07:39.486467  6406  7842 E HAL     : SLCODE-loaded class_id=gralloc 
01-01 12:07:39.486560  6406  7842 E HAL     : SLCODE-loaded name=gralloc 
01-01 12:07:39.486607  6406  7842 E HAL     : SLCODE-loaded prop_name=ro.hardware.gralloc 
01-01 12:07:39.486651  6406  7842 E HAL     : SLCODE-loaded for circle execute 
01-01 12:07:39.486698  6406  7842 E HAL     : SLCODE-hw_module_exists HAL_LIBRARY_PATH2=/vendor/lib64/hw, name=gralloc, subname=mt6735 
01-01 12:07:39.486802  6406  7842 E HAL     : SLCODE-hw_module_exists HAL_LIBRARY_PATH1=/system/lib64/hw, name=gralloc, subname=mt6735 
01-01 12:07:39.486872  6406  7842 E HAL     : SLCODE-hw_module_exists return ENOENT 
01-01 12:07:39.486921  6406  7842 E HAL     : SLCODE-hw_module_exists HAL_LIBRARY_PATH2=/vendor/lib64/hw, name=gralloc, subname=MT6737T 
01-01 12:07:39.487049  6406  7842 E HAL     : SLCODE-hw_module_exists HAL_LIBRARY_PATH1=/system/lib64/hw, name=gralloc, subname=MT6737T 
01-01 12:07:39.487171  6406  7842 E HAL     : SLCODE-hw_module_exists return ENOENT 
01-01 12:07:39.487227  6406  7842 E HAL     : SLCODE-hw_module_exists HAL_LIBRARY_PATH2=/vendor/lib64/hw, name=gralloc, subname=mt6737t 
01-01 12:07:39.487328  6406  7842 E HAL     : SLCODE-hw_module_exists HAL_LIBRARY_PATH1=/system/lib64/hw, name=gralloc, subname=mt6737t 
01-01 12:07:39.487409  6406  7842 E HAL     : SLCODE-loaded HAL id=gralloc path=/system/lib64/hw/gralloc.mt6737t.so 
01-01 12:07:39.488933  6406  7842 I [MALI][Gralloc]: [+]r_hnd(0x7f748b88c0), client(44), share_fd(66)
01-01 12:07:39.489017  6406  7842 D GraphicBuffer: register, handle(0x7f748b88c0) (w:684 h:324 s:688 f:0x1 u:0x000b00)
01-01 12:07:39.489402  1613  1659 D SettingsInterface:  from settings cache , name = sys_storage_threshold_percentage , value = null
01-01 12:07:39.489648  1613  2211 E PROXIMITY: ProximitySensor: unknown event (type=3, code=0)
01-01 12:07:39.490503  1613  1659 D SettingsInterface:  from settings cache , name = sys_storage_threshold_max_bytes , value = null
01-01 12:07:39.490948  1613  3158 D AppOps  : noteOperation: allowing code 59 uid 10094 package com.asus.mobilemanager
01-01 12:07:39.491211  1613  3158 D AppOps  : noteOperation: allowing code 60 uid 10094 package com.asus.mobilemanager
01-01 12:07:39.491928  1613  3158 D SettingsInterface:  from settings cache , name = sys_storage_threshold_percentage , value = null
01-01 12:07:39.492227  1613  3158 D SettingsInterface:  from settings cache , name = sys_storage_threshold_max_bytes , value = null
01-01 12:07:39.493500   256   334 D SurfaceFlinger: requestNextVsync(256)
01-01 12:07:39.493821  1613  1659 D SettingsInterface:  from settings cache , name = sys_storage_threshold_percentage , value = null
01-01 12:07:39.494496  1613  1659 D SettingsInterface:  from settings cache , name = sys_storage_threshold_max_bytes , value = null
01-01 12:07:39.496619   256   316 D SurfaceFlinger: postEvent(256, v/c=32822)
01-01 12:07:39.496634   256   314 D SurfaceFlinger: postEvent(6406, v/c=11380)
01-01 12:07:39.497618  6406  6406 V DisplayEventReceiver: call nativeScheduleVsync mReceiverPtr = 547456628928
01-01 12:07:39.498067  6406  6406 V ViewRootImpl: ViewRoot performTraversals+ : mFirst = false, this = ViewRoot{9fdd5c 开始录制,ident = 13}
01-01 12:07:39.499092   256   293 D SurfaceFlinger: requestNextVsync(6406)
01-01 12:07:39.499377  6406  6406 V ViewRootImpl: ViewRoot performTraversals and draw- : mResizeBuffer = null, mResizeAlpha = 0, this = ViewRoot{9fdd5c 开始录制,ident = 13} frame#6 (cancelDraw = false)
01-01 12:07:39.502914   256  3757 D SurfaceFlinger: requestNextVsync(256)
01-01 12:07:39.504944  1613  1659 D SettingsInterface:  from settings cache , name = sys_storage_threshold_percentage , value = null
01-01 12:07:39.505561  1613  1659 D SettingsInterface:  from settings cache , name = sys_storage_threshold_max_bytes , value = null
01-01 12:07:39.514788 10724 10989 V MediaScanner: prescan<<< imageCount=0,videoCount=0, audioCount=2, lastId=-9223372036854775808,isEmpty=true
01-01 12:07:39.514878   256   316 D SurfaceFlinger: postEvent(256, v/c=32823)
01-01 12:07:39.515005   256   314 D SurfaceFlinger: postEvent(6406, v/c=11381)
01-01 12:07:39.515786  6406  6406 V DisplayEventReceiver: call nativeScheduleVsync mReceiverPtr = 547456628928
01-01 12:07:39.516258  1613  1659 D SettingsInterface:  from settings cache , name = sys_storage_threshold_percentage , value = null
01-01 12:07:39.516582  6406  6406 V ViewRootImpl: ViewRoot performTraversals+ : mFirst = false, this = ViewRoot{9fdd5c 开始录制,ident = 13}
01-01 12:07:39.516689  1613  1659 D SettingsInterface:  from settings cache , name = sys_storage_threshold_max_bytes , value = null
01-01 12:07:39.518986   256   334 D SurfaceFlinger: requestNextVsync(6406)
01-01 12:07:39.520488  6406  6406 V ViewRootImpl: ViewRoot performTraversals and draw- : mResizeBuffer = null, mResizeAlpha = 0, this = ViewRoot{9fdd5c 开始录制,ident = 13} frame#7 (cancelDraw = false)
01-01 12:07:39.521800   256   295 D SurfaceFlinger: requestNextVsync(256)
01-01 12:07:39.523736 10724 10989 V MediaProvider: insertInternal>>>: uri=content://media/external/file, match=700, initValues=mime_type=null date_modified=1451668000 _size=19 title=crash_log _data=/storage/emulated/0/mtklog/mobilelog/APLog_2016_0101_120640/crash_log format=12288 is_drm=false
01-01 12:07:39.524347 10724 10989 V MediaProvider: insertFile>>>: uri=content://media/external/file, mediaType=0, values=mime_type=null date_modified=1451668000 _size=19 title=crash_log _data=/storage/emulated/0/mtklog/mobilelog/APLog_2016_0101_120640/crash_log format=12288 is_drm=false
01-01 12:07:39.525376 10724 10989 V MediaProvider: Returning cached entry for /storage/emulated/0/mtklog/mobilelog/APLog_2016_0101_120640
01-01 12:07:39.528168  1613  1659 D SettingsInterface:  from settings cache , name = sys_storage_threshold_percentage , value = null
01-01 12:07:39.528246  1613  3012 D AppOps  : noteOperation: allowing code 59 uid 10025 package com.android.providers.media
01-01 12:07:39.528470  1613  3012 D AppOps  : noteOperation: allowing code 60 uid 10025 package com.android.providers.media
01-01 12:07:39.528509  1613  1659 D SettingsInterface:  from settings cache , name = sys_storage_threshold_max_bytes , value = null
01-01 12:07:39.529113  1613  3012 D SettingsInterface:  from settings cache , name = sys_storage_threshold_percentage , value = null
01-01 12:07:39.529436  1613  3012 D SettingsInterface:  from settings cache , name = sys_storage_threshold_max_bytes , value = null
01-01 12:07:39.533101   256   316 D SurfaceFlinger: postEvent(256, v/c=32824)
01-01 12:07:39.533120   256   314 D SurfaceFlinger: postEvent(6406, v/c=11382)
01-01 12:07:39.533818  6406  6406 V DisplayEventReceiver: call nativeScheduleVsync mReceiverPtr = 547456628928
01-01 12:07:39.534306  6406  6406 V ViewRootImpl: ViewRoot performTraversals+ : mFirst = false, this = ViewRoot{9fdd5c 开始录制,ident = 13}
01-01 12:07:39.534546   256  3757 D SurfaceFlinger: requestNextVsync(6406)
01-01 12:07:39.536207  6406  6406 V ViewRootImpl: ViewRoot performTraversals and draw- : mResizeBuffer = null, mResizeAlpha = 0, this = ViewRoot{9fdd5c 开始录制,ident = 13} frame#8 (cancelDraw = false)
01-01 12:07:39.537566   975 11005 I MobileLogD/dupm: dump /data/misc/mblog/mblog_history
01-01 12:07:39.539452   256  3758 D SurfaceFlinger: requestNextVsync(256)
01-01 12:07:39.540407 10724 10989 V MediaProvider: insertFile<<<: values=bucket_id=27328240 date_modified=1451668000 bucket_display_name=APLog_2016_0101_120640 parent=97 format=12288 storage_id=65537 media_type=0 mime_type=null _data=/storage/emulated/0/mtklog/mobilelog/APLog_2016_0101_120640/crash_log title=crash_log _size=19 is_drm=false date_added=1451668059 file_name=crash_log, rowId=103
01-01 12:07:39.540591  1613  1659 D SettingsInterface:  from settings cache , name = sys_storage_threshold_percentage , value = null
01-01 12:07:39.540641 10724 10989 V MediaProvider: insertInternal<<<: return newUri content://media/external/file/103
01-01 12:07:39.540993  1613  1659 D SettingsInterface:  from settings cache , name = sys_storage_threshold_max_bytes , value = null
01-01 12:07:39.545263  6406  6421 V MediaScannerConnection: Scanning file /storage/emulated/0/mtklog/mobilelog/APLog_2016_0101_120640/sys_log
01-01 12:07:39.546267  1613  1659 I PackageManager: Checking for more work or unbind...
01-01 12:07:39.546353  1613  1659 I PackageManager: Posting MCS_BOUND for next work
01-01 12:07:39.546384 10724 10739 D MediaScannerService: IMediaScannerService.scanFile: /storage/emulated/0/mtklog/mobilelog/APLog_2016_0101_120640/sys_log mimeType: null
01-01 12:07:39.549194  1613  1643 D AppOps  : noteOperation: allowing code 59 uid 10094 package com.asus.mobilemanager
01-01 12:07:39.549483  1613  1643 D AppOps  : noteOperation: allowing code 60 uid 10094 package com.asus.mobilemanager
01-01 12:07:39.550063  1613  1643 D SettingsInterface:  from settings cache , name = sys_storage_threshold_percentage , value = null
01-01 12:07:39.550394  1613  1643 D SettingsInterface:  from settings cache , name = sys_storage_threshold_max_bytes , value = null
01-01 12:07:39.551388   256   316 D SurfaceFlinger: postEvent(256, v/c=32825)
01-01 12:07:39.551559   256   314 D SurfaceFlinger: postEvent(6406, v/c=11383)
01-01 12:07:39.552218  6406  6406 V DisplayEventReceiver: call nativeScheduleVsync mReceiverPtr = 547456628928
01-01 12:07:39.553424   256   293 D SurfaceFlinger: requestNextVsync(6406)
01-01 12:07:39.553550  6406  6406 V ViewRootImpl: ViewRoot performTraversals+ : mFirst = false, this = ViewRoot{9fdd5c 开始录制,ident = 13}
01-01 12:07:39.555728  6406  6406 V ViewRootImpl: ViewRoot performTraversals and draw- : mResizeBuffer = null, mResizeAlpha = 0, this = ViewRoot{9fdd5c 开始录制,ident = 13} frame#9 (cancelDraw = false)
01-01 12:07:39.556320  1613  1659 D SettingsInterface:  from settings cache , name = sys_storage_threshold_percentage , value = null
01-01 12:07:39.556864  1613  1659 D SettingsInterface:  from settings cache , name = sys_storage_threshold_max_bytes , value = null
01-01 12:07:39.557199  1613  2478 D AppOps  : noteOperation: allowing code 59 uid 10094 package com.asus.mobilemanager
01-01 12:07:39.557502  1613  2478 D AppOps  : noteOperation: allowing code 60 uid 10094 package com.asus.mobilemanager
01-01 12:07:39.558310  1613  2479 D AppOps  : noteOperation: allowing code 59 uid 10025 package com.android.providers.media
01-01 12:07:39.558472  1613  2478 D SettingsInterface:  from settings cache , name = sys_storage_threshold_percentage , value = null
01-01 12:07:39.558646  1613  2479 D AppOps  : noteOperation: allowing code 60 uid 10025 package com.android.providers.media
01-01 12:07:39.558866  1613  2478 D SettingsInterface:  from settings cache , name = sys_storage_threshold_max_bytes , value = null
01-01 12:07:39.559391   256  3757 D SurfaceFlinger: requestNextVsync(256)
01-01 12:07:39.560732  1613  1659 D SettingsInterface:  from settings cache , name = sys_storage_threshold_percentage , value = null
01-01 12:07:39.561161  1613  1659 D SettingsInterface:  from settings cache , name = sys_storage_threshold_max_bytes , value = null
01-01 12:07:39.562351  1613  2479 D SettingsInterface:  from settings cache , name = sys_storage_threshold_percentage , value = null
01-01 12:07:39.564039  1613  2479 D SettingsInterface:  from settings cache , name = sys_storage_threshold_max_bytes , value = null
01-01 12:07:39.564737  1613  1659 D SettingsInterface:  from settings cache , name = sys_storage_threshold_percentage , value = null
01-01 12:07:39.565113  1613  1659 D SettingsInterface:  from settings cache , name = sys_storage_threshold_max_bytes , value = null
01-01 12:07:39.568253 10724 10989 V MediaScannerService: handleMessage: what = 11, startId = 7, arguments = Bundle[{mimetype=null, filepath=/storage/emulated/0/mtklog/mobilelog/APLog_2016_0101_120640/sys_log, listener=android.os.BinderProxy@434473e}]
01-01 12:07:39.569601   256   316 D SurfaceFlinger: postEvent(256, v/c=32826)
01-01 12:07:39.569641   256   314 D SurfaceFlinger: postEvent(6406, v/c=11384)
01-01 12:07:39.569798 10724 10989 V MediaProvider: insertInternal>>>: uri=content://media/, match=300, initValues=name=external
01-01 12:07:39.570284  6406  6406 V DisplayEventReceiver: call nativeScheduleVsync mReceiverPtr = 547456628928
01-01 12:07:39.570724  6406  6406 V ViewRootImpl: ViewRoot performTraversals+ : mFirst = false, this = ViewRoot{9fdd5c 开始录制,ident = 13}
01-01 12:07:39.570814   256  3758 D SurfaceFlinger: requestNextVsync(6406)
01-01 12:07:39.574253  6406  6406 V ViewRootImpl: ViewRoot performTraversals and draw- : mResizeBuffer = null, mResizeAlpha = 0, this = ViewRoot{9fdd5c 开始录制,ident = 13} frame#10 (cancelDraw = false)
01-01 12:07:39.576001  1613  2474 D AppOps  : noteOperation: allowing code 59 uid 10025 package com.android.providers.media
01-01 12:07:39.576311  1613  2474 D AppOps  : noteOperation: allowing code 60 uid 10025 package com.android.providers.media
01-01 12:07:39.576976  1613  2474 D SettingsInterface:  from settings cache , name = sys_storage_threshold_percentage , value = null
01-01 12:07:39.577496  1613  2474 D SettingsInterface:  from settings cache , name = sys_storage_threshold_max_bytes , value = null
01-01 12:07:39.577954   256   295 D SurfaceFlinger: requestNextVsync(256)
01-01 12:07:39.579927  1613  1659 D SettingsInterface:  from settings cache , name = sys_storage_threshold_percentage , value = null
01-01 12:07:39.580399  1613  1659 D SettingsInterface:  from settings cache , name = sys_storage_threshold_max_bytes , value = null
01-01 12:07:39.587913   256   316 D SurfaceFlinger: postEvent(256, v/c=32827)
01-01 12:07:39.587931   256   314 D SurfaceFlinger: postEvent(6406, v/c=11385)
01-01 12:07:39.588697  1613  2476 D AppOps  : noteOperation: allowing code 59 uid 10025 package com.android.providers.media
01-01 12:07:39.588944  1613  2476 D AppOps  : noteOperation: allowing code 60 uid 10025 package com.android.providers.media
01-01 12:07:39.589480  1613  2476 D SettingsInterface:  from settings cache , name = sys_storage_threshold_percentage , value = null
01-01 12:07:39.589753  1613  2476 D SettingsInterface:  from settings cache , name = sys_storage_threshold_max_bytes , value = null
01-01 12:07:39.590496  1613  1659 D SettingsInterface:  from settings cache , name = sys_storage_threshold_percentage , value = null
01-01 12:07:39.590651 10724 10989 V MediaProvider: attachVolume>>> volume=external
01-01 12:07:39.590899  1613  1659 D SettingsInterface:  from settings cache , name = sys_storage_threshold_max_bytes , value = null
01-01 12:07:39.591199  6406  6406 V DisplayEventReceiver: call nativeScheduleVsync mReceiverPtr = 547456628928
01-01 12:07:39.591476   256  3757 D SurfaceFlinger: requestNextVsync(6406)
01-01 12:07:39.591549  6406  6406 V ViewRootImpl: ViewRoot performTraversals+ : mFirst = false, this = ViewRoot{9fdd5c 开始录制,ident = 13}
01-01 12:07:39.593148  6406  6406 V ViewRootImpl: ViewRoot performTraversals and draw- : mResizeBuffer = null, mResizeAlpha = 0, this = ViewRoot{9fdd5c 开始录制,ident = 13} frame#11 (cancelDraw = false)
01-01 12:07:39.596825   256   334 D SurfaceFlinger: requestNextVsync(256)
01-01 12:07:39.601893  1613  1659 D SettingsInterface:  from settings cache , name = sys_storage_threshold_percentage , value = null
01-01 12:07:39.602258  1613  1659 D SettingsInterface:  from settings cache , name = sys_storage_threshold_max_bytes , value = null
01-01 12:07:39.602259  1613  2478 D AppOps  : noteOperation: allowing code 59 uid 10025 package com.android.providers.media
01-01 12:07:39.602558  1613  2478 D AppOps  : noteOperation: allowing code 60 uid 10025 package com.android.providers.media
01-01 12:07:39.603114  1613  2478 D SettingsInterface:  from settings cache , name = sys_storage_threshold_percentage , value = null
01-01 12:07:39.603444  1613  2478 D SettingsInterface:  from settings cache , name = sys_storage_threshold_max_bytes , value = null
01-01 12:07:39.606073   256   316 D SurfaceFlinger: postEvent(256, v/c=32828)
01-01 12:07:39.606078   256   314 D SurfaceFlinger: postEvent(6406, v/c=11386)
01-01 12:07:39.606739  1613  2472 D AppOps  : noteOperation: allowing code 59 uid 10025 package com.android.providers.media
01-01 12:07:39.606816  6406  6406 V DisplayEventReceiver: call nativeScheduleVsync mReceiverPtr = 547456628928
01-01 12:07:39.607042  1613  2472 D AppOps  : noteOperation: allowing code 60 uid 10025 package com.android.providers.media
01-01 12:07:39.607172  6406  6406 V ViewRootImpl: ViewRoot performTraversals+ : mFirst = false, this = ViewRoot{9fdd5c 开始录制,ident = 13}
01-01 12:07:39.607830  1613  2472 D SettingsInterface:  from settings cache , name = sys_storage_threshold_percentage , value = null
01-01 12:07:39.608189   256   293 D SurfaceFlinger: requestNextVsync(6406)
01-01 12:07:39.608208  1613  2472 D SettingsInterface:  from settings cache , name = sys_storage_threshold_max_bytes , value = null
01-01 12:07:39.609505  6406  6406 V ViewRootImpl: ViewRoot performTraversals and draw- : mResizeBuffer = null, mResizeAlpha = 0, this = ViewRoot{9fdd5c 开始录制,ident = 13} frame#12 (cancelDraw = false)
01-01 12:07:39.610541  1613  1659 I PackageManager: Checking for more work or unbind...
01-01 12:07:39.610668  1613  1659 I PackageManager: Posting MCS_BOUND for next work
01-01 12:07:39.611325 10724 10989 V MediaProvider: attachVolume<<< Already attached external.db
01-01 12:07:39.612561   256  3758 D SurfaceFlinger: requestNextVsync(256)
01-01 12:07:39.623862  1613  1659 D SettingsInterface:  from settings cache , name = sys_storage_threshold_percentage , value = null
01-01 12:07:39.624114  1613  2474 D AppOps  : noteOperation: allowing code 59 uid 10094 package com.asus.mobilemanager
01-01 12:07:39.624266  1613  1659 D SettingsInterface:  from settings cache , name = sys_storage_threshold_max_bytes , value = null
01-01 12:07:39.624346   256   316 D SurfaceFlinger: postEvent(256, v/c=32829)
01-01 12:07:39.624480   256   314 D SurfaceFlinger: postEvent(6406, v/c=11387)
01-01 12:07:39.624608  1613  2474 D AppOps  : noteOperation: allowing code 60 uid 10094 package com.asus.mobilemanager
01-01 12:07:39.625155  6406  6406 V DisplayEventReceiver: call nativeScheduleVsync mReceiverPtr = 547456628928
01-01 12:07:39.625252  1613  2474 D SettingsInterface:  from settings cache , name = sys_storage_threshold_percentage , value = null
01-01 12:07:39.625520  6406  6406 V ViewRootImpl: ViewRoot performTraversals+ : mFirst = false, this = ViewRoot{9fdd5c 开始录制,ident = 13}
01-01 12:07:39.625531   256   334 D SurfaceFlinger: requestNextVsync(6406)
01-01 12:07:39.625593  1613  2474 D SettingsInterface:  from settings cache , name = sys_storage_threshold_max_bytes , value = null
01-01 12:07:39.626829  6406  6406 V ViewRootImpl: ViewRoot performTraversals and draw- : mResizeBuffer = null, mResizeAlpha = 0, this = ViewRoot{9fdd5c 开始录制,ident = 13} frame#13 (cancelDraw = false)
01-01 12:07:39.628606  1613  1639 D AppOps  : noteOperation: allowing code 59 uid 10025 package com.android.providers.media
01-01 12:07:39.629083  1613  1639 D AppOps  : noteOperation: allowing code 60 uid 10025 package com.android.providers.media
01-01 12:07:39.629735  1613  1639 D SettingsInterface:  from settings cache , name = sys_storage_threshold_percentage , value = null
01-01 12:07:39.630222  1613  1639 D SettingsInterface:  from settings cache , name = sys_storage_threshold_max_bytes , value = null
01-01 12:07:39.630969   256   295 D SurfaceFlinger: requestNextVsync(256)
01-01 12:07:39.631301 10724 10989 D MediaProvider: ensureDefaultFolders dcimExist: true
01-01 12:07:39.635491 10724 10989 I StagefrightMediaScanner: StagefrightMediaScanner Constructor
01-01 12:07:39.635783 10724 10989 V MediaScanner: setDefaultRingtoneFileNames: ringtone=Festival.ogg,notification=NewMessage.ogg,alarm=BusyBugs.ogg
01-01 12:07:39.641354  1613  1640 D AppOps  : noteOperation: allowing code 59 uid 10094 package com.asus.mobilemanager
01-01 12:07:39.641638  1613  1640 D AppOps  : noteOperation: allowing code 60 uid 10094 package com.asus.mobilemanager
01-01 12:07:39.641861  1613  1659 D SettingsInterface:  from settings cache , name = sys_storage_threshold_percentage , value = null
01-01 12:07:39.642201  1613  1659 D SettingsInterface:  from settings cache , name = sys_storage_threshold_max_bytes , value = null
01-01 12:07:39.642724   256   316 D SurfaceFlinger: postEvent(256, v/c=32830)
01-01 12:07:39.642727   256   314 D SurfaceFlinger: postEvent(6406, v/c=11388)
01-01 12:07:39.643582  6406  6406 V DisplayEventReceiver: call nativeScheduleVsync mReceiverPtr = 547456628928
01-01 12:07:39.643927  6406  6406 V ViewRootImpl: ViewRoot performTraversals+ : mFirst = false, this = ViewRoot{9fdd5c 开始录制,ident = 13}
01-01 12:07:39.644221   256  3757 D SurfaceFlinger: requestNextVsync(6406)
01-01 12:07:39.646695   975 11005 I MobileLogD/dupm: dump /proc/bootprof
01-01 12:07:39.647135  6406  6406 V ViewRootImpl: ViewRoot performTraversals and draw- : mResizeBuffer = null, mResizeAlpha = 0, this = ViewRoot{9fdd5c 开始录制,ident = 13} frame#14 (cancelDraw = false)
01-01 12:07:39.648995   256   334 D SurfaceFlinger: requestNextVsync(256)
01-01 12:07:39.649450  1613  1640 D SettingsInterface:  from settings cache , name = sys_storage_threshold_percentage , value = null
01-01 12:07:39.649838  1613  1640 D SettingsInterface:  from settings cache , name = sys_storage_threshold_max_bytes , value = null
01-01 12:07:39.651240  1613  1659 D SettingsInterface:  from settings cache , name = sys_storage_threshold_percentage , value = null
01-01 12:07:39.651849  1613  1659 D SettingsInterface:  from settings cache , name = sys_storage_threshold_max_bytes , value = null
01-01 12:07:39.652689  1613  2477 D AppOps  : noteOperation: allowing code 59 uid 10025 package com.android.providers.media
01-01 12:07:39.653044  1613  2477 D AppOps  : noteOperation: allowing code 60 uid 10025 package com.android.providers.media
01-01 12:07:39.653644  1613  2477 D SettingsInterface:  from settings cache , name = sys_storage_threshold_percentage , value = null
01-01 12:07:39.653997  1613  2477 D SettingsInterface:  from settings cache , name = sys_storage_threshold_max_bytes , value = null
01-01 12:07:39.657657  1613  1659 D SettingsInterface:  from settings cache , name = sys_storage_threshold_percentage , value = null
01-01 12:07:39.658105  1613  2474 D AppOps  : noteOperation: allowing code 59 uid 10025 package com.android.providers.media
01-01 12:07:39.658173  1613  1659 D SettingsInterface:  from settings cache , name = sys_storage_threshold_max_bytes , value = null
01-01 12:07:39.658349  1613  2474 D AppOps  : noteOperation: allowing code 60 uid 10025 package com.android.providers.media
01-01 12:07:39.658911  1613  2474 D SettingsInterface:  from settings cache , name = sys_storage_threshold_percentage , value = null
01-01 12:07:39.659333  1613  2474 D SettingsInterface:  from settings cache , name = sys_storage_threshold_max_bytes , value = null
01-01 12:07:39.660796   256   316 D SurfaceFlinger: postEvent(256, v/c=32831)
01-01 12:07:39.660806   256   314 D SurfaceFlinger: postEvent(6406, v/c=11389)
01-01 12:07:39.661587  6406  6406 V DisplayEventReceiver: call nativeScheduleVsync mReceiverPtr = 547456628928
01-01 12:07:39.662548   256   293 D SurfaceFlinger: requestNextVsync(6406)
01-01 12:07:39.662732  6406  6406 V ViewRootImpl: ViewRoot performTraversals+ : mFirst = false, this = ViewRoot{9fdd5c 开始录制,ident = 13}
01-01 12:07:39.662836  1613  1639 D AppOps  : noteOperation: allowing code 59 uid 10025 package com.android.providers.media
01-01 12:07:39.663121  1613  1639 D AppOps  : noteOperation: allowing code 60 uid 10025 package com.android.providers.media
01-01 12:07:39.663927  1613  1639 D SettingsInterface:  from settings cache , name = sys_storage_threshold_percentage , value = null
01-01 12:07:39.664319  1613  1639 D SettingsInterface:  from settings cache , name = sys_storage_threshold_max_bytes , value = null
01-01 12:07:39.666117  6406  6406 V ViewRootImpl: ViewRoot performTraversals and draw- : mResizeBuffer = null, mResizeAlpha = 0, this = ViewRoot{9fdd5c 开始录制,ident = 13} frame#15 (cancelDraw = false)
01-01 12:07:39.666628 10724 10989 V MediaScanner: prescan>>> filePath=/storage/emulated/0/mtklog/mobilelog/APLog_2016_0101_120640/sys_log,prescanFiles=true
01-01 12:07:39.668148  1613  1659 D SettingsInterface:  from settings cache , name = sys_storage_threshold_percentage , value = null
01-01 12:07:39.669707  1613  1659 D SettingsInterface:  from settings cache , name = sys_storage_threshold_max_bytes , value = null
01-01 12:07:39.669898   256  3757 D SurfaceFlinger: requestNextVsync(256)
01-01 12:07:39.679036   256   316 D SurfaceFlinger: postEvent(256, v/c=32832)
01-01 12:07:39.679057   256   314 D SurfaceFlinger: postEvent(6406, v/c=11390)
01-01 12:07:39.679806  6406  6406 V DisplayEventReceiver: call nativeScheduleVsync mReceiverPtr = 547456628928
01-01 12:07:39.680177  6406  6406 V ViewRootImpl: ViewRoot performTraversals+ : mFirst = false, this = ViewRoot{9fdd5c 开始录制,ident = 13}
01-01 12:07:39.681180   256  3758 D SurfaceFlinger: requestNextVsync(6406)
01-01 12:07:39.682182  6406  6406 V ViewRootImpl: ViewRoot performTraversals and draw- : mResizeBuffer = null, mResizeAlpha = 0, this = ViewRoot{9fdd5c 开始录制,ident = 13} frame#16 (cancelDraw = false)
01-01 12:07:39.686252   256   293 D SurfaceFlinger: requestNextVsync(256)
01-01 12:07:39.686814  1613  1659 D SettingsInterface:  from settings cache , name = sys_storage_threshold_percentage , value = null
01-01 12:07:39.687343  1613  1659 D SettingsInterface:  from settings cache , name = sys_storage_threshold_max_bytes , value = null
01-01 12:07:39.692339  1613  1659 I PackageManager: Checking for more work or unbind...
01-01 12:07:39.692449  1613  1659 I PackageManager: Posting MCS_BOUND for next work
01-01 12:07:39.694342  1613  1643 D AppOps  : noteOperation: allowing code 59 uid 10094 package com.asus.mobilemanager
01-01 12:07:39.694660  1613  1643 D AppOps  : noteOperation: allowing code 60 uid 10094 package com.asus.mobilemanager
01-01 12:07:39.695228  1613  1643 D SettingsInterface:  from settings cache , name = sys_storage_threshold_percentage , value = null
01-01 12:07:39.695523  1613  1643 D SettingsInterface:  from settings cache , name = sys_storage_threshold_max_bytes , value = null
01-01 12:07:39.697293   256   314 D SurfaceFlinger: postEvent(6406, v/c=11391)
01-01 12:07:39.697586   256   316 D SurfaceFlinger: postEvent(256, v/c=32833)
01-01 12:07:39.698600  6406  6406 V DisplayEventReceiver: call nativeScheduleVsync mReceiverPtr = 547456628928
01-01 12:07:39.699024   256   295 D SurfaceFlinger: requestNextVsync(6406)
01-01 12:07:39.699025  6406  6406 V ViewRootImpl: ViewRoot performTraversals+ : mFirst = false, this = ViewRoot{9fdd5c 开始录制,ident = 13}
01-01 12:07:39.700917  6406  6406 V ViewRootImpl: ViewRoot performTraversals and draw- : mResizeBuffer = null, mResizeAlpha = 0, this = ViewRoot{9fdd5c 开始录制,ident = 13} frame#17 (cancelDraw = false)
01-01 12:07:39.701904  1613  2475 D AppOps  : noteOperation: allowing code 59 uid 10094 package com.asus.mobilemanager
01-01 12:07:39.702456  1613  2475 D AppOps  : noteOperation: allowing code 60 uid 10094 package com.asus.mobilemanager
01-01 12:07:39.703434  1613  2475 D SettingsInterface:  from settings cache , name = sys_storage_threshold_percentage , value = null
01-01 12:07:39.703814  1613  2475 D SettingsInterface:  from settings cache , name = sys_storage_threshold_max_bytes , value = null
01-01 12:07:39.707497   256  3758 D SurfaceFlinger: requestNextVsync(256)
01-01 12:07:39.708843 10724 10989 V MediaScanner: prescan<<< imageCount=0,videoCount=0, audioCount=2, lastId=-9223372036854775808,isEmpty=true
01-01 12:07:39.712352 10724 10989 V MediaProvider: insertInternal>>>: uri=content://media/external/file, match=700, initValues=mime_type=null date_modified=1451668056 _size=1581015 title=sys_log _data=/storage/emulated/0/mtklog/mobilelog/APLog_2016_0101_120640/sys_log format=12288 is_drm=false
