01-01 12:06:13.876272  1613  2477 D use-Rlog/RLOG-GSM: mapGsmSignalDbm() gsmRscpQdbm=-388 asu=8
01-01 12:06:13.876361  1613  2477 W SignalStrength: SignalStrength get plugin
01-01 12:06:13.876896  1613  2477 D SubscriptionManager: [getPhoneId]- return dummy value, subId = -2
01-01 12:06:13.877962  3079  3079 D SubscriptionController: [getSubId]- sSlotIdxToSubId.size == 0, return DummySubIds slotIdx=0
01-01 12:06:13.878079  3079  3079 D SubscriptionController: getDummySubIds: slotIdx=0 return 2 DummySubIds with each subId=-2
01-01 12:06:13.879473  3079  3079 D GsmSST  : [GsmSST0] handleMessage msg done
01-01 12:06:13.921565  1222  1222 D RILMUXD : [gsm0710muxd] 3897:main(): Frames received/dropped: 1122/0
01-01 12:06:18.922630  1222  1222 D RILMUXD : [gsm0710muxd] 3897:main(): Frames received/dropped: 1122/0
01-01 12:06:18.978871  1222  1298 D RILMUXD : [gsm0710muxd] 1643:gsm0710_base_buffer_get_frame(): Get a complete frame. ch:2, ctrl:239, len:39
01-01 12:06:18.978972  1222  1298 D RILMUXD : [gsm0710muxd] 2383:extract_frames(): Writing 39 byte frame received on channel 2 to /dev/pts/2
01-01 12:06:18.979065  1222  1298 D RILMUXD : [gsm0710muxd] 2403:extract_frames(): write() returned. Written 39/39 bytes of frame to /dev/pts/2
01-01 12:06:18.979127  1222  1298 D RILMUXD : [gsm0710muxd] 2408:extract_frames(): fsync() failed (-1, 22 - Invalid argument)
01-01 12:06:18.980536  1313  1336 I AT      : AT read end: 39
01-01 12:06:18.980639  1313  1336 D AT      : AT< +ECSQ: 28,17,1,-371,-63,1,1,2,32767
01-01 12:06:18.980696  1313  1336 D AT      : RIL_URC_READER Enter processLine:+ECSQ: 28,17,1,-371,-63,1,1,2,32767
01-01 12:06:18.980760  1313  1336 D RIL     : Nw URC:+ECSQ: 28,17,1,-371,-63,1,1,2,32767
01-01 12:06:18.980837  1313  1336 D RIL     : convert3GRssiValue baseband=503 ,isFdd3G=1,isTdd3G=0 ,RSCP_in_qdbm=-371 ,EcN0_in_qdbm=-63
01-01 12:06:18.980914  1313  1336 D RILC    : callForRilVersion new vendor RIL, version: 10
01-01 12:06:18.980974  1313  1336 I RILC    : RIL_SOCKET_1 UNSOLICITED: UNSOL_SIGNAL_STRENGTH length:72
01-01 12:06:18.981028  1313  1336 E RILC    : Send Response to RIL_SOCKET_1
01-01 12:06:18.981145  1313  1336 I AT      : AT read start
01-01 12:06:18.981785  3079  3079 D GsmSST  : [GsmSST0] handle EVENT_SIGNAL_STRENGTH_UPDATE
01-01 12:06:18.982121  3079  3079 D GsmSST  : [GsmSST0] onSignalStrengthResult():  LastSignalStrength=SignalStrength: 8 12 -120 -160 -2 0 -1 99 2147483647 -2147483647 2147483647 2147483647 2147483647 gsm|lte 1 -388 -74
01-01 12:06:18.982283  3079  3079 D GsmSST  : [GsmSST0] onSignalStrengthResult():new mSignalStrength=SignalStrength: 8 17 -120 -160 -2 0 -1 99 2147483647 -2147483647 2147483647 2147483647 2147483647 gsm|lte 1 -372 -63
01-01 12:06:18.982483  3079  3079 W SignalStrength: SignalStrength get plugin
01-01 12:06:18.982602  3079  3079 I use-Rlog/RLOG-GSM: getLTELevel - rsrp:2147483647 snr:2147483647 rsrpIconLevel:-1 snrIconLevel:-1
01-01 12:06:18.982687  3079  3079 I use-Rlog/RLOG-GSM: getLTELevel - rssi:99 rssiIconLevel:0
01-01 12:06:18.983193  3079  3079 W SignalStrength: SignalStrength get plugin
01-01 12:06:18.983304  3079  3079 D use-Rlog/RLOG-GSM: mapGsmSignalDbm() gsmRscpQdbm=-372 asu=8
01-01 12:06:18.983376  3079  3079 W SignalStrength: SignalStrength get plugin
01-01 12:06:18.983465  3079  3079 D GsmSST  : [GsmSST0] notifySignalStrength: mSignalStrength.getLevel=3
01-01 12:06:18.983592  3079  3079 D SubscriptionController: [getSubId]- sSlotIdxToSubId.size == 0, return DummySubIds slotIdx=0
01-01 12:06:18.983693  3079  3079 D SubscriptionController: getDummySubIds: slotIdx=0 return 2 DummySubIds with each subId=-2
01-01 12:06:18.983899  3079  3079 D DefaultPhoneNotifier: notifySignalStrength: mRegistry=com.android.internal.telephony.ITelephonyRegistry$Stub$Proxy@943ba1c ss=SignalStrength: 8 17 -120 -160 -2 0 -1 99 2147483647 -2147483647 2147483647 2147483647 2147483647 gsm|lte 1 -372 -63 sender=Handler (com.android.internal.telephony.gsm.GSMPhone) {c9c6a87}
01-01 12:06:18.985257  1613  3175 D TelephonyRegistry: notifySignalStrengthForSubscriber: subId=-2 signalStrength=SignalStrength: 8 17 -120 -160 -2 0 -1 99 2147483647 -2147483647 2147483647 2147483647 2147483647 gsm|lte 1 -372 -63
01-01 12:06:18.985441  1613  3175 D TelephonyRegistry: notifySignalStrengthForSubscriber: logSSC.length=5 next=3
01-01 12:06:18.987943  1613  3175 D TelephonyRegistry: notifyServiceStateForSubscriber Time 20160101T120504America/New_York(5,0,-18000,0,1451667904) mSubId -2 mPhoneId 0  mState 1 1 voice home data home null null null null null null  Unknown Unknown CSS not supported 0 0 RoamInd=-1 DefRoamInd=-1 EmergOnly=true Ril Voice Regist state: 10 Ril Data Regist state: 0 mProprietaryDataRadioTechnology: 0 VoiceRejectCause: -1 DataRejectCause: -1 mCdmaNetWorkMode: 0 IsDataRoamingFromRegistration=false
01-01 12:06:18.990935  1613  3175 D TelephonyRegistry: notifyServiceStateForSubscriber Time 20160101T120535America/New_York(5,0,-18000,0,1451667935) mSubId -2 mPhoneId 0  mState 1 1 voice home data home null null null null null null  Unknown Unknown CSS not supported -1 -1 RoamInd=-1 DefRoamInd=-1 EmergOnly=true Ril Voice Regist state: 10 Ril Data Regist state: 0 mProprietaryDataRadioTechnology: 0 VoiceRejectCause: -1 DataRejectCause: -1 mCdmaNetWorkMode: 0 IsDataRoamingFromRegistration=false
01-01 12:06:18.995534  1613  3175 D TelephonyRegistry: notifyServiceStateForSubscriber Time 20160101T120539America/New_York(5,0,-18000,0,1451667939) mSubId -2 mPhoneId 0  mState 1 1 voice home data home null null null null null null  Unknown Unknown CSS not supported 0 0 RoamInd=-1 DefRoamInd=-1 EmergOnly=true Ril Voice Regist state: 10 Ril Data Regist state: 0 mProprietaryDataRadioTechnology: 0 VoiceRejectCause: -1 DataRejectCause: -1 mCdmaNetWorkMode: 0 IsDataRoamingFromRegistration=false
01-01 12:06:18.999152  1613  3175 D TelephonyRegistry: notifyServiceStateForSubscriber Time 20160101T120548America/New_York(5,0,-18000,0,1451667948) mSubId -2 mPhoneId 0  mState 1 1 voice home data home null null null null null null  Unknown Unknown CSS not supported -1 -1 RoamInd=-1 DefRoamInd=-1 EmergOnly=true Ril Voice Regist state: 10 Ril Data Regist state: 0 mProprietaryDataRadioTechnology: 0 VoiceRejectCause: -1 DataRejectCause: -1 mCdmaNetWorkMode: 0 IsDataRoamingFromRegistration=false
01-01 12:06:19.001961  1613  3175 D TelephonyRegistry: notifyServiceStateForSubscriber Time 20160101T120557America/New_York(5,0,-18000,0,1451667957) mSubId -2 mPhoneId 0  mState 1 1 voice home data home null null null null null null  Unknown Unknown CSS not supported 0 0 RoamInd=-1 DefRoamInd=-1 EmergOnly=true Ril Voice Regist state: 10 Ril Data Regist state: 0 mProprietaryDataRadioTechnology: 0 VoiceRejectCause: -1 DataRejectCause: -1 mCdmaNetWorkMode: 0 IsDataRoamingFromRegistration=false
01-01 12:06:19.002136  1613  3175 D TelephonyRegistry: notifySignalStrengthForSubscriber: ----------------
01-01 12:06:19.002454  1613  3175 D SubscriptionManager: [getPhoneId]- return dummy value, subId = -2
01-01 12:06:19.002597  1613  3175 D TelephonyRegistry: validatePhoneId: true
01-01 12:06:19.002706  1613  3175 D TelephonyRegistry: notifySignalStrengthForSubscriber: valid phoneId=0
01-01 12:06:19.004426  3079  3079 D SubscriptionController: [getPhoneId] asked for default subId=-1
01-01 12:06:19.005087  3079  3079 D SubscriptionController: [getPhoneId]- invalid subId = -1 return = -1
01-01 12:06:19.005814  1613  3175 D SubscriptionManager: [getPhoneId]- return dummy value, subId = -2
01-01 12:06:19.005958  1613  3175 D TelephonyRegistry: idMatch: rlt=false
01-01 12:06:19.007307  3079  3079 D SubscriptionController: [getPhoneId] asked for default subId=-1
01-01 12:06:19.008112  3079  3079 D SubscriptionController: [getPhoneId]- invalid subId = -1 return = -1
01-01 12:06:19.008951  1613  3175 D SubscriptionManager: [getPhoneId]- return dummy value, subId = -2
01-01 12:06:19.009091  1613  3175 D TelephonyRegistry: idMatch: rlt=false
01-01 12:06:19.009283  1613  3175 D TelephonyRegistry: handleRemoveListLocked: mRemoveList.size()=0
01-01 12:06:19.009591  1613  3175 W SignalStrength: SignalStrength get plugin
01-01 12:06:19.009879  1613  3175 I use-Rlog/RLOG-GSM: getLTELevel - rsrp:2147483647 snr:2147483647 rsrpIconLevel:-1 snrIconLevel:-1
01-01 12:06:19.010002  1613  3175 I use-Rlog/RLOG-GSM: getLTELevel - rssi:99 rssiIconLevel:0
01-01 12:06:19.010082  1613  3175 W SignalStrength: SignalStrength get plugin
01-01 12:06:19.010225  1613  3175 D use-Rlog/RLOG-GSM: mapGsmSignalDbm() gsmRscpQdbm=-372 asu=8
01-01 12:06:19.010292  1613  3175 W SignalStrength: SignalStrength get plugin
01-01 12:06:19.010941  1613  3175 D SubscriptionManager: [getPhoneId]- return dummy value, subId = -2
01-01 12:06:19.012784  3079  3079 D SubscriptionController: [getSubId]- sSlotIdxToSubId.size == 0, return DummySubIds slotIdx=0
01-01 12:06:19.012908  3079  3079 D SubscriptionController: getDummySubIds: slotIdx=0 return 2 DummySubIds with each subId=-2
01-01 12:06:19.014991  3079  3079 D GsmSST  : [GsmSST0] handleMessage msg done
01-01 12:06:21.780229  1313  1332 I RILC    : NUMBER:1
01-01 12:06:21.780292  1313  1332 I RILC    : arg len:14
01-01 12:06:21.780349  1313  1332 I RILC    : ARGS[0]:THERMAL,0,-1
01-01 12:06:21.780476  1313  1332 D RILC    : C[locl]> QUERY_MODEM_THERMAL
01-01 12:06:21.780545  1313  1332 D RILC-MTK: QUERY_MODEM_THERMAL pRI=0x7fab3cc2a0 p=0x7fab3d62a0 dispatched to RIL_CMD_PROXY_1
01-01 12:06:21.780811  1313  1331 I RILC-MTK: RIL_ATCI2_PROXY wakeup
01-01 12:06:21.780854  1313  1331 I RILC-MTK: RIL_ATCI2_PROXY sleep
01-01 12:06:21.780912  1313  1322 I RILC-MTK: RIL_CMD_PROXY_2 wakeup
01-01 12:06:21.780953  1313  1322 I RILC-MTK: RIL_CMD_PROXY_2 sleep
01-01 12:06:21.781008  1313  1326 I RILC-MTK: RIL_URC2_PROXY wakeup
01-01 12:06:21.781049  1313  1326 I RILC-MTK: RIL_URC2_PROXY sleep
01-01 12:06:21.781109  1313  1328 I RILC-MTK: RIL_CMD2_PROXY_2 wakeup
01-01 12:06:21.781149  1313  1328 I RILC-MTK: RIL_CMD2_PROXY_2 sleep
01-01 12:06:21.781207  1313  1325 I RILC-MTK: RIL_ATCI_PROXY wakeup
01-01 12:06:21.781254  1313  1325 I RILC-MTK: RIL_ATCI_PROXY sleep
01-01 12:06:21.781310  1313  1330 I RILC-MTK: RIL_CMD2_PROXY_4 wakeup
01-01 12:06:21.781352  1313  1330 I RILC-MTK: RIL_CMD2_PROXY_4 sleep
01-01 12:06:21.781409  1313  1327 I RILC-MTK: RIL_CMD2_PROXY_3 wakeup
01-01 12:06:21.781449  1313  1327 I RILC-MTK: RIL_CMD2_PROXY_3 sleep
01-01 12:06:21.781511  1313  1321 I RILC-MTK: RIL_CMD_PROXY_3 wakeup
01-01 12:06:21.781552  1313  1321 I RILC-MTK: RIL_CMD_PROXY_3 sleep
01-01 12:06:21.781611  1313  1324 I RILC-MTK: RIL_CMD_PROXY_4 wakeup
01-01 12:06:21.781651  1313  1324 I RILC-MTK: RIL_CMD_PROXY_4 sleep
01-01 12:06:21.781709  1313  1329 I RILC-MTK: RIL_CMD2_PROXY_1 wakeup
01-01 12:06:21.781754  1313  1329 I RILC-MTK: RIL_CMD2_PROXY_1 sleep
01-01 12:06:21.781816  1313  1320 I RILC-MTK: RIL_URC_PROXY wakeup
01-01 12:06:21.781858  1313  1320 I RILC-MTK: RIL_URC_PROXY sleep
01-01 12:06:21.781917  1313  1323 I RILC-MTK: RIL_CMD_PROXY_1 wakeup
01-01 12:06:21.781962  1313  1323 D RILC-MTK: proxy id:3, proxyName: RIL_CMD_PROXY_1
01-01 12:06:21.782008  1313  1323 D RILC-MTK: QUERY_MODEM_THERMAL pRI=0x7fab3cc2a0 p=0x7fab3d62a0 execute on RIL_CMD_PROXY_1 using channel 3
01-01 12:06:21.782057  1313  1323 D RILC    : callOnRequest for new vendor ril
01-01 12:06:21.782101  1313  1323 D RIL     : onRequest: QUERY_MODEM_THERMAL, datalen = 8
01-01 12:06:21.782142  1313  1323 D RIL     : radioState:10
01-01 12:06:21.782192  1313  1323 D RIL     : requestQueryThermal Enter,-1
01-01 12:06:21.782248  1313  1323 D AT      : getRILChannelCtx subsystem:1, rid:0 channelOffset:0
01-01 12:06:21.782295  1313  1323 D AT      : AT send on RIL_CMD_READER_3, tid:548324013120
01-01 12:06:21.782338  1313  1323 D AT      : AT> AT+ETHERMAL
01-01 12:06:21.782378  1313  1323 I AT      : AT write start
01-01 12:06:21.783936  1222  1305 D RILMUXD : [gsm0710muxd] 3614:poll_thread(): poll_thread select found
01-01 12:06:21.784008  1222  1305 D RILMUXD : [gsm0710muxd] 1045:pseudo_device_read(): Enter, LackofAtciChannel=0
01-01 12:06:21.784189  1222  1305 D RILMUXD : [gsm0710muxd] 657:write_frame(): Sending frame to channel 5
01-01 12:06:21.784341  1222  1305 D RILMUXD : [gsm0710muxd] 766:write_frame(): Write a frame on channel 5 with length 12
01-01 12:06:21.792492  1222  1298 D RILMUXD : [gsm0710muxd] 1643:gsm0710_base_buffer_get_frame(): Get a complete frame. ch:5, ctrl:239, len:44
01-01 12:06:21.792608  1222  1298 D RILMUXD : [gsm0710muxd] 2383:extract_frames(): Writing 44 byte frame received on channel 5 to /dev/pts/5
01-01 12:06:21.792694  1222  1298 D RILMUXD : [gsm0710muxd] 2403:extract_frames(): write() returned. Written 44/44 bytes of frame to /dev/pts/5
01-01 12:06:21.792746  1222  1298 D RILMUXD : [gsm0710muxd] 2408:extract_frames(): fsync() failed (-1, 22 - Invalid argument)
01-01 12:06:21.792803  1222  1298 D RILMUXD : [gsm0710muxd] 1643:gsm0710_base_buffer_get_frame(): Get a complete frame. ch:5, ctrl:239, len:6
01-01 12:06:21.792854  1222  1298 D RILMUXD : [gsm0710muxd] 2383:extract_frames(): Writing 6 byte frame received on channel 5 to /dev/pts/5
01-01 12:06:21.792911  1222  1298 D RILMUXD : [gsm0710muxd] 2403:extract_frames(): write() returned. Written 6/6 bytes of frame to /dev/pts/5
01-01 12:06:21.792960  1222  1298 D RILMUXD : [gsm0710muxd] 2408:extract_frames(): fsync() failed (-1, 22 - Invalid argument)
01-01 12:06:21.793468  1313  1339 I AT      : AT read end: 50
01-01 12:06:21.793536  1313  1339 D AT      : AT< +ETHERMAL: 2, 32767, -127, -1, 32767, 18
01-01 12:06:21.793581  1313  1339 D AT      : RIL_CMD_READER_3 Enter processLine:+ETHERMAL: 2, 32767, -127, -1, 32767, 18
01-01 12:06:21.793633  1313  1339 D AT      : AT< OK
01-01 12:06:21.793676  1313  1339 D AT      : RIL_CMD_READER_3 Enter processLine:OK
01-01 12:06:21.793737  1313  1339 I AT      : AT read start
01-01 12:06:21.793823  1313  1323 D AT      : response received on RIL_CMD_READER_3, tid:548324013120
01-01 12:06:21.793867  1313  1323 D RIL     : requestQueryThermal success
01-01 12:06:21.793912  1313  1323 D RILC    : RequestComplete, RIL_SOCKET_1
01-01 12:06:21.793956  1313  1323 D RILC    : [THERMAL] local request for THERMAL returned 
01-01 12:06:21.794006  1313  1323 D RILC    : [THERMAL] s_THERMAL_fd is valid strResult is  2, 32767, -127, -1, 32767, 18
01-01 12:06:21.794095  1313  1323 D RILC-MTK: proxyLoop free  pRI=0x7fab3cc2a0 p=0x7fab3d62a0 
01-01 12:06:21.794146  1313  1323 D RILC-MTK: proxyLoop free  pRequest=0x7fa90c2140
01-01 12:06:21.794187  1313  1323 I RILC-MTK: RIL_CMD_PROXY_1 sleep
01-01 12:06:23.922895  1222  1222 D RILMUXD : [gsm0710muxd] 3897:main(): Frames received/dropped: 1125/0
01-01 12:06:24.098817  1222  1298 D RILMUXD : [gsm0710muxd] 1643:gsm0710_base_buffer_get_frame(): Get a complete frame. ch:2, ctrl:239, len:9
01-01 12:06:24.098920  1222  1298 D RILMUXD : [gsm0710muxd] 2383:extract_frames(): Writing 9 byte frame received on channel 2 to /dev/pts/2
01-01 12:06:24.099025  1222  1298 D RILMUXD : [gsm0710muxd] 2403:extract_frames(): write() returned. Written 9/9 bytes of frame to /dev/pts/2
01-01 12:06:24.099091  1222  1298 D RILMUXD : [gsm0710muxd] 2408:extract_frames(): fsync() failed (-1, 22 - Invalid argument)
01-01 12:06:24.099160  1222  1298 D RILMUXD : [gsm0710muxd] 1643:gsm0710_base_buffer_get_frame(): Get a complete frame. ch:2, ctrl:239, len:30
01-01 12:06:24.099222  1222  1298 D RILMUXD : [gsm0710muxd] 2383:extract_frames(): Writing 30 byte frame received on channel 2 to /dev/pts/2
01-01 12:06:24.099295  1222  1298 D RILMUXD : [gsm0710muxd] 2403:extract_frames(): write() returned. Written 30/30 bytes of frame to /dev/pts/2
01-01 12:06:24.099353  1222  1298 D RILMUXD : [gsm0710muxd] 2408:extract_frames(): fsync() failed (-1, 22 - Invalid argument)
01-01 12:06:24.099544  1313  1336 I AT      : AT read end: 39
01-01 12:06:24.099617  1313  1336 D AT      : AT< +ECSQ: 25,13,1,-384,-72,1,1,2,32767
01-01 12:06:24.099672  1313  1336 D AT      : RIL_URC_READER Enter processLine:+ECSQ: 25,13,1,-384,-72,1,1,2,32767
01-01 12:06:24.099734  1313  1336 D RIL     : Nw URC:+ECSQ: 25,13,1,-384,-72,1,1,2,32767
01-01 12:06:24.099829  1313  1336 D RIL     : convert3GRssiValue baseband=503 ,isFdd3G=1,isTdd3G=0 ,RSCP_in_qdbm=-384 ,EcN0_in_qdbm=-72
01-01 12:06:24.099926  1313  1336 D RILC    : callForRilVersion new vendor RIL, version: 10
01-01 12:06:24.100009  1313  1336 I RILC    : RIL_SOCKET_1 UNSOLICITED: UNSOL_SIGNAL_STRENGTH length:72
01-01 12:06:24.100101  1313  1336 E RILC    : Send Response to RIL_SOCKET_1
01-01 12:06:24.101375  1313  1336 I AT      : AT read start
01-01 12:06:24.102599  3079  3079 D GsmSST  : [GsmSST0] handle EVENT_SIGNAL_STRENGTH_UPDATE
01-01 12:06:24.102880  3079  3079 D GsmSST  : [GsmSST0] onSignalStrengthResult():  LastSignalStrength=SignalStrength: 8 17 -120 -160 -2 0 -1 99 2147483647 -2147483647 2147483647 2147483647 2147483647 gsm|lte 1 -372 -63
01-01 12:06:24.103246  3079  3079 D GsmSST  : [GsmSST0] onSignalStrengthResult():new mSignalStrength=SignalStrength: 8 13 -120 -160 -2 0 -1 99 2147483647 -2147483647 2147483647 2147483647 2147483647 gsm|lte 1 -384 -72
01-01 12:06:24.103483  3079  3079 W SignalStrength: SignalStrength get plugin
01-01 12:06:24.103645  3079  3079 I use-Rlog/RLOG-GSM: getLTELevel - rsrp:2147483647 snr:2147483647 rsrpIconLevel:-1 snrIconLevel:-1
01-01 12:06:24.103744  3079  3079 I use-Rlog/RLOG-GSM: getLTELevel - rssi:99 rssiIconLevel:0
01-01 12:06:24.103841  3079  3079 W SignalStrength: SignalStrength get plugin
01-01 12:06:24.103935  3079  3079 D use-Rlog/RLOG-GSM: mapGsmSignalDbm() gsmRscpQdbm=-384 asu=8
01-01 12:06:24.104022  3079  3079 W SignalStrength: SignalStrength get plugin
01-01 12:06:24.104256  3079  3079 D GsmSST  : [GsmSST0] notifySignalStrength: mSignalStrength.getLevel=3
01-01 12:06:24.104408  3079  3079 D SubscriptionController: [getSubId]- sSlotIdxToSubId.size == 0, return DummySubIds slotIdx=0
01-01 12:06:24.104508  3079  3079 D SubscriptionController: getDummySubIds: slotIdx=0 return 2 DummySubIds with each subId=-2
01-01 12:06:24.104768  3079  3079 D DefaultPhoneNotifier: notifySignalStrength: mRegistry=com.android.internal.telephony.ITelephonyRegistry$Stub$Proxy@943ba1c ss=SignalStrength: 8 13 -120 -160 -2 0 -1 99 2147483647 -2147483647 2147483647 2147483647 2147483647 gsm|lte 1 -384 -72 sender=Handler (com.android.internal.telephony.gsm.GSMPhone) {c9c6a87}
01-01 12:06:24.106182  1613  1643 D TelephonyRegistry: notifySignalStrengthForSubscriber: subId=-2 signalStrength=SignalStrength: 8 13 -120 -160 -2 0 -1 99 2147483647 -2147483647 2147483647 2147483647 2147483647 gsm|lte 1 -384 -72
01-01 12:06:24.106410  1613  1643 D TelephonyRegistry: notifySignalStrengthForSubscriber: logSSC.length=5 next=3
01-01 12:06:24.109689  1613  1643 D TelephonyRegistry: notifyServiceStateForSubscriber Time 20160101T120504America/New_York(5,0,-18000,0,1451667904) mSubId -2 mPhoneId 0  mState 1 1 voice home data home null null null null null null  Unknown Unknown CSS not supported 0 0 RoamInd=-1 DefRoamInd=-1 EmergOnly=true Ril Voice Regist state: 10 Ril Data Regist state: 0 mProprietaryDataRadioTechnology: 0 VoiceRejectCause: -1 DataRejectCause: -1 mCdmaNetWorkMode: 0 IsDataRoamingFromRegistration=false
01-01 12:06:24.112073  1613  1643 D TelephonyRegistry: notifyServiceStateForSubscriber Time 20160101T120535America/New_York(5,0,-18000,0,1451667935) mSubId -2 mPhoneId 0  mState 1 1 voice home data home null null null null null null  Unknown Unknown CSS not supported -1 -1 RoamInd=-1 DefRoamInd=-1 EmergOnly=true Ril Voice Regist state: 10 Ril Data Regist state: 0 mProprietaryDataRadioTechnology: 0 VoiceRejectCause: -1 DataRejectCause: -1 mCdmaNetWorkMode: 0 IsDataRoamingFromRegistration=false
01-01 12:06:24.115749  1613  1643 D TelephonyRegistry: notifyServiceStateForSubscriber Time 20160101T120539America/New_York(5,0,-18000,0,1451667939) mSubId -2 mPhoneId 0  mState 1 1 voice home data home null null null null null null  Unknown Unknown CSS not supported 0 0 RoamInd=-1 DefRoamInd=-1 EmergOnly=true Ril Voice Regist state: 10 Ril Data Regist state: 0 mProprietaryDataRadioTechnology: 0 VoiceRejectCause: -1 DataRejectCause: -1 mCdmaNetWorkMode: 0 IsDataRoamingFromRegistration=false
01-01 12:06:24.118153  1613  1643 D TelephonyRegistry: notifyServiceStateForSubscriber Time 20160101T120548America/New_York(5,0,-18000,0,1451667948) mSubId -2 mPhoneId 0  mState 1 1 voice home data home null null null null null null  Unknown Unknown CSS not supported -1 -1 RoamInd=-1 DefRoamInd=-1 EmergOnly=true Ril Voice Regist state: 10 Ril Data Regist state: 0 mProprietaryDataRadioTechnology: 0 VoiceRejectCause: -1 DataRejectCause: -1 mCdmaNetWorkMode: 0 IsDataRoamingFromRegistration=false
01-01 12:06:24.121341  1613  1643 D TelephonyRegistry: notifyServiceStateForSubscriber Time 20160101T120557America/New_York(5,0,-18000,0,1451667957) mSubId -2 mPhoneId 0  mState 1 1 voice home data home null null null null null null  Unknown Unknown CSS not supported 0 0 RoamInd=-1 DefRoamInd=-1 EmergOnly=true Ril Voice Regist state: 10 Ril Data Regist state: 0 mProprietaryDataRadioTechnology: 0 VoiceRejectCause: -1 DataRejectCause: -1 mCdmaNetWorkMode: 0 IsDataRoamingFromRegistration=false
01-01 12:06:24.121487  1613  1643 D TelephonyRegistry: notifySignalStrengthForSubscriber: ----------------
01-01 12:06:24.121901  1613  1643 D SubscriptionManager: [getPhoneId]- return dummy value, subId = -2
01-01 12:06:24.122075  1613  1643 D TelephonyRegistry: validatePhoneId: true
01-01 12:06:24.122192  1613  1643 D TelephonyRegistry: notifySignalStrengthForSubscriber: valid phoneId=0
01-01 12:06:24.123723  3079  3079 D SubscriptionController: [getPhoneId] asked for default subId=-1
01-01 12:06:24.124556  3079  3079 D SubscriptionController: [getPhoneId]- invalid subId = -1 return = -1
01-01 12:06:24.127269  1613  1643 D SubscriptionManager: [getPhoneId]- return dummy value, subId = -2
01-01 12:06:24.127427  1613  1643 D TelephonyRegistry: idMatch: rlt=false
01-01 12:06:24.129193  3079  3079 D SubscriptionController: [getPhoneId] asked for default subId=-1
01-01 12:06:24.129691  3079  3079 D SubscriptionController: [getPhoneId]- invalid subId = -1 return = -1
01-01 12:06:24.130883  1613  1643 D SubscriptionManager: [getPhoneId]- return dummy value, subId = -2
01-01 12:06:24.131036  1613  1643 D TelephonyRegistry: idMatch: rlt=false
01-01 12:06:24.131224  1613  1643 D TelephonyRegistry: handleRemoveListLocked: mRemoveList.size()=0
01-01 12:06:24.131549  1613  1643 W SignalStrength: SignalStrength get plugin
01-01 12:06:24.131878  1613  1643 I use-Rlog/RLOG-GSM: getLTELevel - rsrp:2147483647 snr:2147483647 rsrpIconLevel:-1 snrIconLevel:-1
01-01 12:06:24.132019  1613  1643 I use-Rlog/RLOG-GSM: getLTELevel - rssi:99 rssiIconLevel:0
01-01 12:06:24.132100  1613  1643 W SignalStrength: SignalStrength get plugin
01-01 12:06:24.132231  1613  1643 D use-Rlog/RLOG-GSM: mapGsmSignalDbm() gsmRscpQdbm=-384 asu=8
01-01 12:06:24.132302  1613  1643 W SignalStrength: SignalStrength get plugin
01-01 12:06:24.133032  1613  1643 D SubscriptionManager: [getPhoneId]- return dummy value, subId = -2
01-01 12:06:24.134312  3079  3079 D SubscriptionController: [getSubId]- sSlotIdxToSubId.size == 0, return DummySubIds slotIdx=0
01-01 12:06:24.134436  3079  3079 D SubscriptionController: getDummySubIds: slotIdx=0 return 2 DummySubIds with each subId=-2
01-01 12:06:24.136417  3079  3079 D GsmSST  : [GsmSST0] handleMessage msg done
01-01 12:06:27.783584  1222  1298 D RILMUXD : [gsm0710muxd] 1643:gsm0710_base_buffer_get_frame(): Get a complete frame. ch:2, ctrl:239, len:36
01-01 12:06:27.783931  1222  1298 D RILMUXD : [gsm0710muxd] 2383:extract_frames(): Writing 36 byte frame received on channel 2 to /dev/pts/2
01-01 12:06:27.784259  1222  1298 D RILMUXD : [gsm0710muxd] 2403:extract_frames(): write() returned. Written 36/36 bytes of frame to /dev/pts/2
01-01 12:06:27.784467  1222  1298 D RILMUXD : [gsm0710muxd] 2408:extract_frames(): fsync() failed (-1, 22 - Invalid argument)
01-01 12:06:27.784688  1222  1298 D RILMUXD : [gsm0710muxd] 1643:gsm0710_base_buffer_get_frame(): Get a complete frame. ch:2, ctrl:239, len:42
01-01 12:06:27.784896  1222  1298 D RILMUXD : [gsm0710muxd] 2383:extract_frames(): Writing 42 byte frame received on channel 2 to /dev/pts/2
01-01 12:06:27.785135  1222  1298 D RILMUXD : [gsm0710muxd] 2403:extract_frames(): write() returned. Written 42/42 bytes of frame to /dev/pts/2
01-01 12:06:27.785335  1222  1298 D RILMUXD : [gsm0710muxd] 2408:extract_frames(): fsync() failed (-1, 22 - Invalid argument)
01-01 12:06:27.787036  1313  1336 I AT      : AT read end: 78
01-01 12:06:27.787262  1313  1336 D AT      : AT< +CREG: 0,"A80E","00CC3036",2,0,0
01-01 12:06:27.787440  1313  1336 D AT      : RIL_URC_READER Enter processLine:+CREG: 0,"A80E","00CC3036",2,0,0
01-01 12:06:27.787624  1313  1336 D RIL     : Nw URC:+CREG: 0,"A80E","00CC3036",2,0,0
01-01 12:06:27.788051  1313  1336 D RIL     : NW state changed: normal case
01-01 12:06:27.788228  1313  1336 D RIL     : The URC is "A80E","00CC3036",2,0,0
01-01 12:06:27.788409  1313  1336 D RIL     : convertRegState() uiRegState=0 , uiRet=0 
01-01 12:06:27.788586  1313  1336 D RIL     : onNetworkStateChanged() , stat=0 , is_cs=1
01-01 12:06:27.788807  1313  1336 D RIL     : +creg urc <ci>: 13381686
01-01 12:06:27.788996  1313  1336 D RIL     : bCREGType3Support=1
01-01 12:06:27.789169  1313  1336 D RIL     : now +creg urc <cause_type>: 0
01-01 12:06:27.789336  1313  1336 D RIL     : now +creg urc <cause>: 0
01-01 12:06:27.789657  1313  1336 I RILC    : RIL_SOCKET_1 UNSOLICITED: UNSOL_RESPONSE_VOICE_NETWORK_STATE_CHANGED length:72
01-01 12:06:27.789831  1313  1336 E RILC    : Send Response to RIL_SOCKET_1
01-01 12:06:27.793738  3079  3442 V RILJ    : [UNSL]< UNSOL_RESPONSE_VOICE_NETWORK_STATE_CHANGED {0, a80e, cc3036, 2, 0} [SUB0]
01-01 12:06:27.794787  3079  3079 D GsmSST  : [GsmSST0] handle EVENT_NETWORK_STATE_CHANGED
01-01 12:06:27.795181  3079  3079 D GsmSST  : [GsmSST0] onNetworkStateChangeResult state:0 lac:43022 cid:13381686 Act:2 cause:0
01-01 12:06:27.795721  3079  3079 I use-Rlog/RLOG-GSM: clear dontUpdateNetworkStateFlag
01-01 12:06:27.796080  3079  3079 D GsmSST  : [GsmSST0] mNewCellLoc Updated, lac:43022 and cid:13381686
01-01 12:06:27.800299  3079  3079 D SubscriptionController: [getSubId]- sSlotIdxToSubId.size == 0, return DummySubIds slotIdx=0
01-01 12:06:27.800618  3079  3079 D SubscriptionController: getDummySubIds: slotIdx=0 return 2 DummySubIds with each subId=-2
01-01 12:06:27.800931  3079  3079 D GsmSST  : [GsmSST0] Invalid subId, return invalid networkType
01-01 12:06:27.801252  3079  3079 D GsmSST  : [GsmSST0] pollState RadioState is RADIO_ON, currentNetworkMode= -1
01-01 12:06:27.801878  3079  3079 D RILJ    : [3965]> OPERATOR [SUB0]
01-01 12:06:27.803428  1313  1336 D RILC    : internalRequestTimedCallback malloc p_info: 0x7fa92437e0
01-01 12:06:27.803660  1313  1336 D RILC    : internalRequestTimedCallback malloc p_info->event: 0x7fa92437f0
01-01 12:06:27.806704  1313  1336 D AT      : AT< +CGREG: 0,"A80E","00CC3036",2,"0E",0,0
01-01 12:06:27.806937  1313  1336 D AT      : RIL_URC_READER Enter processLine:+CGREG: 0,"A80E","00CC3036",2,"0E",0,0
01-01 12:06:27.807128  1313  1336 D RIL     : Nw URC:+CGREG: 0,"A80E","00CC3036",2,"0E",0,0
01-01 12:06:27.807311  1313  1336 D RIL     : NW state changed: normal case
01-01 12:06:27.807478  1313  1336 D RIL     : The URC is "A80E","00CC3036",2,"0E",0,0
01-01 12:06:27.807657  1313  1336 D RIL     : convertRegState() uiRegState=0 , uiRet=0 
01-01 12:06:27.808516  1313  1336 D RIL     : onNetworkStateChanged() , stat=0 , is_cs=0
01-01 12:06:27.808903  1313  1336 I RILC    : RIL_SOCKET_1 UNSOLICITED: UNSOL_RESPONSE_PS_NETWORK_STATE_CHANGED length:16
01-01 12:06:27.809076  1313  1336 E RILC    : Send Response to RIL_SOCKET_1
01-01 12:06:27.820649  3079  3442 D RILJ    : responseInts numInts=1 [SUB0]
01-01 12:06:27.820736  3079  3442 D RILJ    : responseInts response[0]=0 [SUB0]
01-01 12:06:27.820824  3079  3442 D RILJ    : [UNSL]< UNSOL_RESPONSE_PS_NETWORK_STATE_CHANGED [SUB0]
01-01 12:06:27.821028  1313  1336 D RILC    : s_last_wake_timeout_info: 0x7fa92437e0, cancel
01-01 12:06:27.821086  1313  1336 D RILC    : internalRequestTimedCallback malloc p_info: 0x7fa9243060
01-01 12:06:27.821134  1313  1336 D RILC    : internalRequestTimedCallback malloc p_info->event: 0x7fa9243070
01-01 12:06:27.821930  1313  1336 I AT      : AT read start
01-01 12:06:27.823252  1313  1332 D RILC    : SOCKET RIL_SOCKET_1 REQUEST: OPERATOR length:8
01-01 12:06:27.823327  1313  1332 I RILC-MTK: create request 22: pRequest=0x7fa90c2020, pRI=0x7fab3cc360, p=0x7fab3d6310, pUCI=0x0
01-01 12:06:27.823375  1313  1332 D RILC-MTK: OPERATOR pRI=0x7fab3cc360 p=0x7fab3d6310 dispatched to RIL_CMD_PROXY_3
01-01 12:06:27.823638  1313  1331 I RILC-MTK: RIL_ATCI2_PROXY wakeup
01-01 12:06:27.823681  1313  1331 I RILC-MTK: RIL_ATCI2_PROXY sleep
01-01 12:06:27.823742  1313  1322 I RILC-MTK: RIL_CMD_PROXY_2 wakeup
01-01 12:06:27.823783  1313  1322 I RILC-MTK: RIL_CMD_PROXY_2 sleep
01-01 12:06:27.823841  1313  1326 I RILC-MTK: RIL_URC2_PROXY wakeup
01-01 12:06:27.823882  1313  1326 I RILC-MTK: RIL_URC2_PROXY sleep
01-01 12:06:27.823940  1313  1328 I RILC-MTK: RIL_CMD2_PROXY_2 wakeup
01-01 12:06:27.823982  1313  1328 I RILC-MTK: RIL_CMD2_PROXY_2 sleep
01-01 12:06:27.824037  1313  1325 I RILC-MTK: RIL_ATCI_PROXY wakeup
01-01 12:06:27.824076  1313  1325 I RILC-MTK: RIL_ATCI_PROXY sleep
01-01 12:06:27.824135  1313  1330 I RILC-MTK: RIL_CMD2_PROXY_4 wakeup
01-01 12:06:27.824181  1313  1330 I RILC-MTK: RIL_CMD2_PROXY_4 sleep
01-01 12:06:27.824243  1313  1327 I RILC-MTK: RIL_CMD2_PROXY_3 wakeup
01-01 12:06:27.824285  1313  1327 I RILC-MTK: RIL_CMD2_PROXY_3 sleep
01-01 12:06:27.824352  1313  1321 I RILC-MTK: RIL_CMD_PROXY_3 wakeup
01-01 12:06:27.824396  1313  1321 D RILC-MTK: proxy id:1, proxyName: RIL_CMD_PROXY_3
01-01 12:06:27.824443  1313  1321 D RILC-MTK: OPERATOR pRI=0x7fab3cc360 p=0x7fab3d6310 execute on RIL_CMD_PROXY_3 using channel 1
01-01 12:06:27.824486  1313  1321 D RILC    : callOnRequest for new vendor ril
01-01 12:06:27.824530  1313  1321 D RIL     : onRequest: OPERATOR, datalen = 0
01-01 12:06:27.824571  1313  1321 D RIL     : radioState:10
01-01 12:06:27.824621  1313  1321 D AT      : AT send on RIL_CMD_READER_1, tid:548326093888
01-01 12:06:27.824668  1313  1321 D AT      : AT> AT+COPS?
01-01 12:06:27.824710  1313  1321 I AT      : AT write start
01-01 12:06:27.824829  1313  1324 I RILC-MTK: RIL_CMD_PROXY_4 wakeup
01-01 12:06:27.824872  1313  1324 I RILC-MTK: RIL_CMD_PROXY_4 sleep
01-01 12:06:27.824933  1313  1329 I RILC-MTK: RIL_CMD2_PROXY_1 wakeup
01-01 12:06:27.824975  1313  1329 I RILC-MTK: RIL_CMD2_PROXY_1 sleep
01-01 12:06:27.825035  1313  1320 I RILC-MTK: RIL_URC_PROXY wakeup
01-01 12:06:27.825076  1313  1320 I RILC-MTK: RIL_URC_PROXY sleep
01-01 12:06:27.825137  1313  1323 I RILC-MTK: RIL_CMD_PROXY_1 wakeup
01-01 12:06:27.825178  1313  1323 I RILC-MTK: RIL_CMD_PROXY_1 sleep
01-01 12:06:27.825330  1222  1302 D RILMUXD : [gsm0710muxd] 3614:poll_thread(): poll_thread select found
01-01 12:06:27.825391  1222  1302 D RILMUXD : [gsm0710muxd] 1045:pseudo_device_read(): Enter, LackofAtciChannel=0
01-01 12:06:27.825486  1222  1302 D RILMUXD : [gsm0710muxd] 657:write_frame(): Sending frame to channel 3
01-01 12:06:27.825624  1222  1302 D RILMUXD : [gsm0710muxd] 766:write_frame(): Write a frame on channel 3 with length 9
01-01 12:06:27.825903  3079  3079 D RILJ    : [3966]> DATA_REGISTRATION_STATE [SUB0]
01-01 12:06:27.827022  1222  1298 D RILMUXD : [gsm0710muxd] 1643:gsm0710_base_buffer_get_frame(): Get a complete frame. ch:3, ctrl:239, len:12
01-01 12:06:27.827097  1222  1298 D RILMUXD : [gsm0710muxd] 2383:extract_frames(): Writing 12 byte frame received on channel 3 to /dev/pts/3
01-01 12:06:27.827182  1222  1298 D RILMUXD : [gsm0710muxd] 2403:extract_frames(): write() returned. Written 12/12 bytes of frame to /dev/pts/3
01-01 12:06:27.827233  1222  1298 D RILMUXD : [gsm0710muxd] 2408:extract_frames(): fsync() failed (-1, 22 - Invalid argument)
01-01 12:06:27.827287  1222  1298 D RILMUXD : [gsm0710muxd] 1643:gsm0710_base_buffer_get_frame(): Get a complete frame. ch:3, ctrl:239, len:6
01-01 12:06:27.827341  1222  1298 D RILMUXD : [gsm0710muxd] 2383:extract_frames(): Writing 6 byte frame received on channel 3 to /dev/pts/3
01-01 12:06:27.827403  1222  1298 D RILMUXD : [gsm0710muxd] 2403:extract_frames(): write() returned. Written 6/6 bytes of frame to /dev/pts/3
01-01 12:06:27.827452  1222  1298 D RILMUXD : [gsm0710muxd] 2408:extract_frames(): fsync() failed (-1, 22 - Invalid argument)
01-01 12:06:27.830085  1313  1337 I AT      : AT read end: 18
01-01 12:06:27.830146  1313  1337 D AT      : AT< +COPS: 0
01-01 12:06:27.830193  1313  1337 D AT      : RIL_CMD_READER_1 Enter processLine:+COPS: 0
01-01 12:06:27.830241  1313  1337 D AT      : AT< OK
01-01 12:06:27.830286  1313  1337 D AT      : RIL_CMD_READER_1 Enter processLine:OK
01-01 12:06:27.830349  1313  1337 I AT      : AT read start
01-01 12:06:27.830432  1313  1321 D AT      : response received on RIL_CMD_READER_1, tid:548326093888
01-01 12:06:27.830492  1313  1321 D AT      : AT send on RIL_CMD_READER_1, tid:548326093888
01-01 12:06:27.830532  1313  1321 D AT      : AT> AT+EOPS?
01-01 12:06:27.830573  1313  1321 I AT      : AT write start
01-01 12:06:27.830735  1222  1302 D RILMUXD : [gsm0710muxd] 3614:poll_thread(): poll_thread select found
01-01 12:06:27.830798  1222  1302 D RILMUXD : [gsm0710muxd] 1045:pseudo_device_read(): Enter, LackofAtciChannel=0
01-01 12:06:27.830885  1222  1302 D RILMUXD : [gsm0710muxd] 657:write_frame(): Sending frame to channel 3
01-01 12:06:27.830987  1222  1302 D RILMUXD : [gsm0710muxd] 766:write_frame(): Write a frame on channel 3 with length 9
01-01 12:06:27.832447  1222  1298 D RILMUXD : [gsm0710muxd] 1643:gsm0710_base_buffer_get_frame(): Get a complete frame. ch:3, ctrl:239, len:9
01-01 12:06:27.832509  1222  1298 D RILMUXD : [gsm0710muxd] 2383:extract_frames(): Writing 9 byte frame received on channel 3 to /dev/pts/3
01-01 12:06:27.832585  1222  1298 D RILMUXD : [gsm0710muxd] 2403:extract_frames(): write() returned. Written 9/9 bytes of frame to /dev/pts/3
01-01 12:06:27.832635  1222  1298 D RILMUXD : [gsm0710muxd] 2408:extract_frames(): fsync() failed (-1, 22 - Invalid argument)
01-01 12:06:27.832856  1222  1298 D RILMUXD : [gsm0710muxd] 1643:gsm0710_base_buffer_get_frame(): Get a complete frame. ch:3, ctrl:239, len:15
01-01 12:06:27.832906  1222  1298 D RILMUXD : [gsm0710muxd] 2383:extract_frames(): Writing 15 byte frame received on channel 3 to /dev/pts/3
01-01 12:06:27.832962  1222  1298 D RILMUXD : [gsm0710muxd] 2403:extract_frames(): write() returned. Written 15/15 bytes of frame to /dev/pts/3
01-01 12:06:27.833010  1222  1298 D RILMUXD : [gsm0710muxd] 2408:extract_frames(): fsync() failed (-1, 22 - Invalid argument)
01-01 12:06:27.833060  1222  1298 D RILMUXD : [gsm0710muxd] 1643:gsm0710_base_buffer_get_frame(): Get a complete frame. ch:3, ctrl:239, len:6
01-01 12:06:27.833107  1222  1298 D RILMUXD : [gsm0710muxd] 2383:extract_frames(): Writing 6 byte frame received on channel 3 to /dev/pts/3
01-01 12:06:27.833161  1222  1298 D RILMUXD : [gsm0710muxd] 2403:extract_frames(): write() returned. Written 6/6 bytes of frame to /dev/pts/3
01-01 12:06:27.833207  1222  1298 D RILMUXD : [gsm0710muxd] 2408:extract_frames(): fsync() failed (-1, 22 - Invalid argument)
01-01 12:06:27.833341  1313  1337 I AT      : AT read end: 30
01-01 12:06:27.833386  1313  1337 D AT      : AT< +EOPS: 0,2,"46001",0
01-01 12:06:27.833428  1313  1337 D AT      : RIL_CMD_READER_1 Enter processLine:+EOPS: 0,2,"46001",0
01-01 12:06:27.833472  1313  1337 D AT      : AT< OK
01-01 12:06:27.833512  1313  1337 D AT      : RIL_CMD_READER_1 Enter processLine:OK
01-01 12:06:27.833573  1313  1337 I AT      : AT read start
01-01 12:06:27.833644  1313  1321 D AT      : response received on RIL_CMD_READER_1, tid:548326093888
01-01 12:06:27.833692  1313  1321 D RIL     : EOPS Get operator code 46001
01-01 12:06:27.833734  1313  1321 D RILC    : RequestComplete, RIL_SOCKET_1
01-01 12:06:27.833793  1313  1321 E RILC    : Send Response to RIL_SOCKET_1
01-01 12:06:27.833909  1313  1321 D RILC-MTK: proxyLoop free  pRI=0x7fab3cc360 p=0x7fab3d6310 
01-01 12:06:27.833959  1313  1321 D RILC-MTK: proxyLoop free  pRequest=0x7fa90c2020
01-01 12:06:27.833999  1313  1321 I RILC-MTK: RIL_CMD_PROXY_3 sleep
01-01 12:06:27.834415  3079  3442 D RILJ    : [3965]< OPERATOR {46001} [SUB0]
01-01 12:06:27.835284  1313  1332 D RILC    : SOCKET RIL_SOCKET_1 REQUEST: DATA_REGISTRATION_STATE length:8
01-01 12:06:27.835347  1313  1332 I RILC-MTK: create request 21: pRequest=0x7fa90c2040, pRI=0x7fab3cc450, p=0x7fab3d6a80, pUCI=0x0
01-01 12:06:27.835393  1313  1332 D RILC-MTK: DATA_REGISTRATION_STATE pRI=0x7fab3cc450 p=0x7fab3d6a80 dispatched to RIL_CMD_PROXY_3
01-01 12:06:27.835643  1313  1331 I RILC-MTK: RIL_ATCI2_PROXY wakeup
01-01 12:06:27.835683  1313  1331 I RILC-MTK: RIL_ATCI2_PROXY sleep
01-01 12:06:27.835742  1313  1322 I RILC-MTK: RIL_CMD_PROXY_2 wakeup
01-01 12:06:27.835786  1313  1322 I RILC-MTK: RIL_CMD_PROXY_2 sleep
01-01 12:06:27.835842  1313  1326 I RILC-MTK: RIL_URC2_PROXY wakeup
01-01 12:06:27.835881  1313  1326 I RILC-MTK: RIL_URC2_PROXY sleep
01-01 12:06:27.835941  1313  1328 I RILC-MTK: RIL_CMD2_PROXY_2 wakeup
01-01 12:06:27.835984  1313  1328 I RILC-MTK: RIL_CMD2_PROXY_2 sleep
01-01 12:06:27.836038  1313  1325 I RILC-MTK: RIL_ATCI_PROXY wakeup
01-01 12:06:27.836078  1313  1325 I RILC-MTK: RIL_ATCI_PROXY sleep
01-01 12:06:27.836138  1313  1330 I RILC-MTK: RIL_CMD2_PROXY_4 wakeup
01-01 12:06:27.836176  1313  1330 I RILC-MTK: RIL_CMD2_PROXY_4 sleep
01-01 12:06:27.836232  1313  1327 I RILC-MTK: RIL_CMD2_PROXY_3 wakeup
01-01 12:06:27.836276  1313  1327 I RILC-MTK: RIL_CMD2_PROXY_3 sleep
01-01 12:06:27.836335  1313  1324 I RILC-MTK: RIL_CMD_PROXY_4 wakeup
01-01 12:06:27.836375  1313  1324 I RILC-MTK: RIL_CMD_PROXY_4 sleep
01-01 12:06:27.836433  1313  1329 I RILC-MTK: RIL_CMD2_PROXY_1 wakeup
01-01 12:06:27.836475  1313  1329 I RILC-MTK: RIL_CMD2_PROXY_1 sleep
01-01 12:06:27.836533  1313  1320 I RILC-MTK: RIL_URC_PROXY wakeup
01-01 12:06:27.836572  1313  1320 I RILC-MTK: RIL_URC_PROXY sleep
01-01 12:06:27.836628  1313  1323 I RILC-MTK: RIL_CMD_PROXY_1 wakeup
01-01 12:06:27.836666  1313  1323 I RILC-MTK: RIL_CMD_PROXY_1 sleep
01-01 12:06:27.836725  1313  1321 I RILC-MTK: RIL_CMD_PROXY_3 wakeup
01-01 12:06:27.836772  1313  1321 D RILC-MTK: proxy id:1, proxyName: RIL_CMD_PROXY_3
01-01 12:06:27.836817  1313  1321 D RILC-MTK: DATA_REGISTRATION_STATE pRI=0x7fab3cc450 p=0x7fab3d6a80 execute on RIL_CMD_PROXY_3 using channel 1
01-01 12:06:27.836860  1313  1321 D RILC    : callOnRequest for new vendor ril
01-01 12:06:27.836902  1313  1321 D RIL     : onRequest: DATA_REGISTRATION_STATE, datalen = 0
01-01 12:06:27.836944  1313  1321 D RIL     : radioState:10
01-01 12:06:27.836999  1313  1321 D RIL     : request gprs reg state: normal case
01-01 12:06:27.837043  1313  1321 D AT      : AT send on RIL_CMD_READER_1, tid:548326093888
01-01 12:06:27.837082  1313  1321 D AT      : AT> AT+CGREG?
01-01 12:06:27.837118  1313  1321 I AT      : AT write start
01-01 12:06:27.837310  1222  1302 D RILMUXD : [gsm0710muxd] 3614:poll_thread(): poll_thread select found
01-01 12:06:27.837370  1222  1302 D RILMUXD : [gsm0710muxd] 1045:pseudo_device_read(): Enter, LackofAtciChannel=0
01-01 12:06:27.837465  1222  1302 D RILMUXD : [gsm0710muxd] 657:write_frame(): Sending frame to channel 3
01-01 12:06:27.837566  1222  1302 D RILMUXD : [gsm0710muxd] 766:write_frame(): Write a frame on channel 3 with length 10
01-01 12:06:27.838097  3079  3079 D RILJ    : [3967]> VOICE_REGISTRATION_STATE [SUB0]
01-01 12:06:27.838410  1222  1298 D RILMUXD : [gsm0710muxd] 1643:gsm0710_base_buffer_get_frame(): Get a complete frame. ch:3, ctrl:239, len:44
01-01 12:06:27.838467  1222  1298 D RILMUXD : [gsm0710muxd] 2383:extract_frames(): Writing 44 byte frame received on channel 3 to /dev/pts/3
01-01 12:06:27.838543  1222  1298 D RILMUXD : [gsm0710muxd] 2403:extract_frames(): write() returned. Written 44/44 bytes of frame to /dev/pts/3
01-01 12:06:27.838593  1222  1298 D RILMUXD : [gsm0710muxd] 2408:extract_frames(): fsync() failed (-1, 22 - Invalid argument)
01-01 12:06:27.838838  1222  1298 D RILMUXD : [gsm0710muxd] 1643:gsm0710_base_buffer_get_frame(): Get a complete frame. ch:3, ctrl:239, len:6
01-01 12:06:27.838891  1222  1298 D RILMUXD : [gsm0710muxd] 2383:extract_frames(): Writing 6 byte frame received on channel 3 to /dev/pts/3
01-01 12:06:27.838954  1222  1298 D RILMUXD : [gsm0710muxd] 2403:extract_frames(): write() returned. Written 6/6 bytes of frame to /dev/pts/3
01-01 12:06:27.839003  1222  1298 D RILMUXD : [gsm0710muxd] 2408:extract_frames(): fsync() failed (-1, 22 - Invalid argument)
01-01 12:06:27.839099  1313  1337 I AT      : AT read end: 44
01-01 12:06:27.839145  1313  1337 D AT      : AT< +CGREG: 3,0,"A80E","00CC3036",2,"0E",0,0
01-01 12:06:27.839191  1313  1337 D AT      : RIL_CMD_READER_1 Enter processLine:+CGREG: 3,0,"A80E","00CC3036",2,"0E",0,0
01-01 12:06:27.839237  1313  1337 I AT      : AT read start
01-01 12:06:27.839338  1313  1337 I AT      : AT read end: 6
01-01 12:06:27.839377  1313  1337 D AT      : AT< OK
01-01 12:06:27.839416  1313  1337 D AT      : RIL_CMD_READER_1 Enter processLine:OK
01-01 12:06:27.839477  1313  1337 I AT      : AT read start
01-01 12:06:27.839556  1313  1321 D AT      : response received on RIL_CMD_READER_1, tid:548326093888
01-01 12:06:27.839609  1313  1321 D RIL     : convertRegState() uiRegState=0 , uiRet=0 
01-01 12:06:27.839650  1313  1321 D RIL     : dontChangeCgregFormat=0
01-01 12:06:27.839689  1313  1321 E RIL     : it is short CREG CGREG
01-01 12:06:27.839741  1313  1321 E RIL     : rid: 0
01-01 12:06:27.839783  1313  1321 D RIL     : RestrictedStateChanged: 22
01-01 12:06:27.839826  1313  1321 D RIL     : isSimInserted(): rid: 0, sim_inserted_status: 0
01-01 12:06:27.839866  1313  1321 D RIL     : isSimInserted(): pivotSim = 1 ,0
01-01 12:06:27.839905  1313  1321 D RIL     : isSimInserted(): simInserted = 0
01-01 12:06:27.839948  1313  1321 D RILC    : RequestComplete, RIL_SOCKET_1
01-01 12:06:27.840011  1313  1321 E RILC    : Send Response to RIL_SOCKET_1
01-01 12:06:27.840126  1313  1321 D RILC-MTK: proxyLoop free  pRI=0x7fab3cc450 p=0x7fab3d6a80 
01-01 12:06:27.840174  1313  1321 D RILC-MTK: proxyLoop free  pRequest=0x7fa90c2040
01-01 12:06:27.840216  1313  1321 I RILC-MTK: RIL_CMD_PROXY_3 sleep
01-01 12:06:27.840603  3079  3442 D RILJ    : [3966]< DATA_REGISTRATION_STATE {0, -1, -1, 0} [SUB0]
01-01 12:06:27.850478  1313  1332 D RILC    : SOCKET RIL_SOCKET_1 REQUEST: VOICE_REGISTRATION_STATE length:8
01-01 12:06:27.850559  1313  1332 I RILC-MTK: create request 20: pRequest=0x7fa90c2080, pRI=0x7fab3cc6f0, p=0x7fab3d70a0, pUCI=0x0
01-01 12:06:27.850608  1313  1332 D RILC-MTK: VOICE_REGISTRATION_STATE pRI=0x7fab3cc6f0 p=0x7fab3d70a0 dispatched to RIL_CMD_PROXY_3
01-01 12:06:27.850864  1313  1331 I RILC-MTK: RIL_ATCI2_PROXY wakeup
01-01 12:06:27.850907  1313  1331 I RILC-MTK: RIL_ATCI2_PROXY sleep
01-01 12:06:27.850964  1313  1322 I RILC-MTK: RIL_CMD_PROXY_2 wakeup
01-01 12:06:27.851005  1313  1322 I RILC-MTK: RIL_CMD_PROXY_2 sleep
01-01 12:06:27.851060  1313  1326 I RILC-MTK: RIL_URC2_PROXY wakeup
01-01 12:06:27.851099  1313  1326 I RILC-MTK: RIL_URC2_PROXY sleep
01-01 12:06:27.851151  1313  1328 I RILC-MTK: RIL_CMD2_PROXY_2 wakeup
01-01 12:06:27.851190  1313  1328 I RILC-MTK: RIL_CMD2_PROXY_2 sleep
01-01 12:06:27.851255  1313  1325 I RILC-MTK: RIL_ATCI_PROXY wakeup
01-01 12:06:27.851295  1313  1325 I RILC-MTK: RIL_ATCI_PROXY sleep
01-01 12:06:27.851355  1313  1330 I RILC-MTK: RIL_CMD2_PROXY_4 wakeup
01-01 12:06:27.851395  1313  1330 I RILC-MTK: RIL_CMD2_PROXY_4 sleep
01-01 12:06:27.851456  1313  1327 I RILC-MTK: RIL_CMD2_PROXY_3 wakeup
01-01 12:06:27.851497  1313  1327 I RILC-MTK: RIL_CMD2_PROXY_3 sleep
01-01 12:06:27.851553  1313  1324 I RILC-MTK: RIL_CMD_PROXY_4 wakeup
01-01 12:06:27.851592  1313  1324 I RILC-MTK: RIL_CMD_PROXY_4 sleep
01-01 12:06:27.851649  1313  1329 I RILC-MTK: RIL_CMD2_PROXY_1 wakeup
01-01 12:06:27.851689  1313  1329 I RILC-MTK: RIL_CMD2_PROXY_1 sleep
01-01 12:06:27.851747  1313  1320 I RILC-MTK: RIL_URC_PROXY wakeup
01-01 12:06:27.851786  1313  1320 I RILC-MTK: RIL_URC_PROXY sleep
01-01 12:06:27.851843  1313  1323 I RILC-MTK: RIL_CMD_PROXY_1 wakeup
01-01 12:06:27.851883  1313  1323 I RILC-MTK: RIL_CMD_PROXY_1 sleep
01-01 12:06:27.851961  1313  1321 I RILC-MTK: RIL_CMD_PROXY_3 wakeup
01-01 12:06:27.852007  1313  1321 D RILC-MTK: proxy id:1, proxyName: RIL_CMD_PROXY_3
01-01 12:06:27.852053  1313  1321 D RILC-MTK: VOICE_REGISTRATION_STATE pRI=0x7fab3cc6f0 p=0x7fab3d70a0 execute on RIL_CMD_PROXY_3 using channel 1
01-01 12:06:27.852096  1313  1321 D RILC    : callOnRequest for new vendor ril
01-01 12:06:27.852140  1313  1321 D RIL     : onRequest: VOICE_REGISTRATION_STATE, datalen = 0
01-01 12:06:27.852180  1313  1321 D RIL     : radioState:10
01-01 12:06:27.852230  1313  1321 D AT      : AT send on RIL_CMD_READER_1, tid:548326093888
01-01 12:06:27.852270  1313  1321 D AT      : AT> AT+CREG?
01-01 12:06:27.852307  1313  1321 I AT      : AT write start
01-01 12:06:27.852491  1222  1302 D RILMUXD : [gsm0710muxd] 3614:poll_thread(): poll_thread select found
01-01 12:06:27.852554  1222  1302 D RILMUXD : [gsm0710muxd] 1045:pseudo_device_read(): Enter, LackofAtciChannel=0
01-01 12:06:27.852650  1222  1302 D RILMUXD : [gsm0710muxd] 657:write_frame(): Sending frame to channel 3
01-01 12:06:27.852751  1222  1302 D RILMUXD : [gsm0710muxd] 766:write_frame(): Write a frame on channel 3 with length 9
01-01 12:06:27.853029  3079  3079 D RILJ    : [3968]> QUERY_NETWORK_SELECTION_MODE [SUB0]
01-01 12:06:27.854495  1222  1298 D RILMUXD : [gsm0710muxd] 1643:gsm0710_base_buffer_get_frame(): Get a complete frame. ch:3, ctrl:239, len:38
01-01 12:06:27.854553  1222  1298 D RILMUXD : [gsm0710muxd] 2383:extract_frames(): Writing 38 byte frame received on channel 3 to /dev/pts/3
01-01 12:06:27.854644  1222  1298 D RILMUXD : [gsm0710muxd] 2403:extract_frames(): write() returned. Written 38/38 bytes of frame to /dev/pts/3
01-01 12:06:27.854694  1222  1298 D RILMUXD : [gsm0710muxd] 2408:extract_frames(): fsync() failed (-1, 22 - Invalid argument)
01-01 12:06:27.854895  1222  1298 D RILMUXD : [gsm0710muxd] 1643:gsm0710_base_buffer_get_frame(): Get a complete frame. ch:3, ctrl:239, len:6
01-01 12:06:27.854948  1222  1298 D RILMUXD : [gsm0710muxd] 2383:extract_frames(): Writing 6 byte frame received on channel 3 to /dev/pts/3
01-01 12:06:27.855004  1222  1298 D RILMUXD : [gsm0710muxd] 2403:extract_frames(): write() returned. Written 6/6 bytes of frame to /dev/pts/3
01-01 12:06:27.855055  1222  1298 D RILMUXD : [gsm0710muxd] 2408:extract_frames(): fsync() failed (-1, 22 - Invalid argument)
01-01 12:06:27.856622  1313  1337 I AT      : AT read end: 44
01-01 12:06:27.856677  1313  1337 D AT      : AT< +CREG: 3,0,"A80E","00CC3036",2,0,0
01-01 12:06:27.856729  1313  1337 D AT      : RIL_CMD_READER_1 Enter processLine:+CREG: 3,0,"A80E","00CC3036",2,0,0
01-01 12:06:27.856776  1313  1337 D AT      : AT< OK
01-01 12:06:27.856818  1313  1337 D AT      : RIL_CMD_READER_1 Enter processLine:OK
01-01 12:06:27.856882  1313  1337 I AT      : AT read start
01-01 12:06:27.856966  1313  1321 D AT      : response received on RIL_CMD_READER_1, tid:548326093888
01-01 12:06:27.857021  1313  1321 D RIL     : convertRegState() uiRegState=0 , uiRet=0 
01-01 12:06:27.857061  1313  1321 D RIL     : dontChangeFormat=0
01-01 12:06:27.857100  1313  1321 E RIL     : it is short CREG CGREG
01-01 12:06:27.857145  1313  1321 E RIL     : rid: 0
01-01 12:06:27.857185  1313  1321 D RIL     : RestrictedStateChanged: 22
01-01 12:06:27.857235  1313  1321 D RIL     : isSimInserted(): rid: 0, sim_inserted_status: 0
01-01 12:06:27.857278  1313  1321 D RIL     : isSimInserted(): pivotSim = 1 ,0
01-01 12:06:27.857318  1313  1321 D RIL     : isSimInserted(): simInserted = 0
01-01 12:06:27.857361  1313  1321 D RIL     : convertToRilRegState() uiRegState=0 , uiRet=10 
01-01 12:06:27.857405  1313  1321 D RILC    : RequestComplete, RIL_SOCKET_1
01-01 12:06:27.857465  1313  1321 E RILC    : Send Response to RIL_SOCKET_1
01-01 12:06:27.857569  1313  1321 D RILC-MTK: proxyLoop free  pRI=0x7fab3cc6f0 p=0x7fab3d70a0 
01-01 12:06:27.857612  1313  1321 D RILC-MTK: proxyLoop free  pRequest=0x7fa90c2080
01-01 12:06:27.857659  1313  1321 I RILC-MTK: RIL_CMD_PROXY_3 sleep
01-01 12:06:27.858574  3079  3442 D RILJ    : [3967]< VOICE_REGISTRATION_STATE {10, -1, -1, 0} [SUB0]
01-01 12:06:27.859547  1313  1332 D RILC    : SOCKET RIL_SOCKET_1 REQUEST: QUERY_NETWORK_SELECTION_MODE length:8
01-01 12:06:27.859612  1313  1332 I RILC-MTK: create request 45: pRequest=0x7fa90c2120, pRI=0x7fab3cc180, p=0x7fab3d68c0, pUCI=0x0
01-01 12:06:27.859654  1313  1332 D RILC-MTK: QUERY_NETWORK_SELECTION_MODE pRI=0x7fab3cc180 p=0x7fab3d68c0 dispatched to RIL_CMD_PROXY_3
01-01 12:06:27.859897  1313  1331 I RILC-MTK: RIL_ATCI2_PROXY wakeup
01-01 12:06:27.859934  1313  1331 I RILC-MTK: RIL_ATCI2_PROXY sleep
01-01 12:06:27.859983  1313  1322 I RILC-MTK: RIL_CMD_PROXY_2 wakeup
01-01 12:06:27.860022  1313  1322 I RILC-MTK: RIL_CMD_PROXY_2 sleep
01-01 12:06:27.860076  1313  1326 I RILC-MTK: RIL_URC2_PROXY wakeup
01-01 12:06:27.860111  1313  1326 I RILC-MTK: RIL_URC2_PROXY sleep
01-01 12:06:27.860160  1313  1328 I RILC-MTK: RIL_CMD2_PROXY_2 wakeup
01-01 12:06:27.860199  1313  1328 I RILC-MTK: RIL_CMD2_PROXY_2 sleep
01-01 12:06:27.860253  1313  1325 I RILC-MTK: RIL_ATCI_PROXY wakeup
01-01 12:06:27.860289  1313  1325 I RILC-MTK: RIL_ATCI_PROXY sleep
01-01 12:06:27.860339  1313  1330 I RILC-MTK: RIL_CMD2_PROXY_4 wakeup
01-01 12:06:27.860375  1313  1330 I RILC-MTK: RIL_CMD2_PROXY_4 sleep
