01-01 12:06:29.091902  1313  1321 D RILC-MTK: proxy id:1, proxyName: RIL_CMD_PROXY_3
01-01 12:06:29.091941  1313  1321 D RILC-MTK: QUERY_NETWORK_SELECTION_MODE pRI=0x7fab3cc630 p=0x7fab3d69a0 execute on RIL_CMD_PROXY_3 using channel 1
01-01 12:06:29.091979  1313  1321 D RILC    : callOnRequest for new vendor ril
01-01 12:06:29.092015  1313  1321 D RIL     : onRequest: QUERY_NETWORK_SELECTION_MODE, datalen = 0
01-01 12:06:29.092051  1313  1321 D RIL     : radioState:10
01-01 12:06:29.092091  1313  1321 D AT      : AT send on RIL_CMD_READER_1, tid:548326093888
01-01 12:06:29.092127  1313  1321 D AT      : AT> AT+COPS?
01-01 12:06:29.092160  1313  1321 I AT      : AT write start
01-01 12:06:29.092605  3079  3442 D RILJ    : [3979]< VOICE_REGISTRATION_STATE {10, -1, -1, 0} [SUB0]
01-01 12:06:29.092882  1222  1302 D RILMUXD : [gsm0710muxd] 3614:poll_thread(): poll_thread select found
01-01 12:06:29.092939  1222  1302 D RILMUXD : [gsm0710muxd] 1045:pseudo_device_read(): Enter, LackofAtciChannel=0
01-01 12:06:29.092993  1222  1302 D RILMUXD : [gsm0710muxd] 657:write_frame(): Sending frame to channel 3
01-01 12:06:29.093085  1222  1302 D RILMUXD : [gsm0710muxd] 766:write_frame(): Write a frame on channel 3 with length 9
01-01 12:06:29.093200  3079  3079 D GsmSST  : [GsmSST0] handle EVENT_POLL_STATE_REGISTRATION
01-01 12:06:29.093285  3079  3079 D GsmSST  : [GsmSST0] set Lac to previous value
01-01 12:06:29.093343  3079  3079 D GsmSST  : [GsmSST0] set Cid to previous value
01-01 12:06:29.093446  3079  3079 D GsmSST  : [GsmSST0] EVENT_POLL_STATE_REGISTRATION mSS getRilVoiceRadioTechnology:0, regState:10, NewSS RilVoiceRadioTechnology:0, lac:43022, cid:13381686
01-01 12:06:29.093555  3079  3079 D PHONE   : [ServiceState] setVoiceRegState=1
01-01 12:06:29.093604  3079  3079 E PHONE   : [ServiceState] setState deprecated use setVoiceRegState()
01-01 12:06:29.093793  3079  3079 D GsmSST  : [GsmSST0] regState = 10isVoiceCapable = truemEmergencyOnly = true
01-01 12:06:29.093844  3079  3079 D GsmSST  : [GsmSST0] states.length > 3
01-01 12:06:29.093903  3079  3079 D GsmSST  : [GsmSST0] handleMessage msg done
01-01 12:06:29.094402  1222  1298 D RILMUXD : [gsm0710muxd] 1643:gsm0710_base_buffer_get_frame(): Get a complete frame. ch:3, ctrl:239, len:12
01-01 12:06:29.094462  1222  1298 D RILMUXD : [gsm0710muxd] 2383:extract_frames(): Writing 12 byte frame received on channel 3 to /dev/pts/3
01-01 12:06:29.094540  1222  1298 D RILMUXD : [gsm0710muxd] 2403:extract_frames(): write() returned. Written 12/12 bytes of frame to /dev/pts/3
01-01 12:06:29.094586  1222  1298 D RILMUXD : [gsm0710muxd] 2408:extract_frames(): fsync() failed (-1, 22 - Invalid argument)
01-01 12:06:29.094801  1313  1337 I AT      : AT read end: 12
01-01 12:06:29.094847  1313  1337 D AT      : AT< +COPS: 0
01-01 12:06:29.094848  1222  1298 D RILMUXD : [gsm0710muxd] 1643:gsm0710_base_buffer_get_frame(): Get a complete frame. ch:3, ctrl:239, len:6
01-01 12:06:29.094921  1222  1298 D RILMUXD : [gsm0710muxd] 2383:extract_frames(): Writing 6 byte frame received on channel 3 to /dev/pts/3
01-01 12:06:29.094936  1313  1337 D AT      : RIL_CMD_READER_1 Enter processLine:+COPS: 0
01-01 12:06:29.094982  1313  1337 I AT      : AT read start
01-01 12:06:29.094987  1222  1298 D RILMUXD : [gsm0710muxd] 2403:extract_frames(): write() returned. Written 6/6 bytes of frame to /dev/pts/3
01-01 12:06:29.095049  1222  1298 D RILMUXD : [gsm0710muxd] 2408:extract_frames(): fsync() failed (-1, 22 - Invalid argument)
01-01 12:06:29.095137  1313  1337 I AT      : AT read end: 6
01-01 12:06:29.095173  1313  1337 D AT      : AT< OK
01-01 12:06:29.095209  1313  1337 D AT      : RIL_CMD_READER_1 Enter processLine:OK
01-01 12:06:29.095260  1313  1337 I AT      : AT read start
01-01 12:06:29.095306  1313  1321 D AT      : response received on RIL_CMD_READER_1, tid:548326093888
01-01 12:06:29.095358  1313  1321 D RILC    : RequestComplete, RIL_SOCKET_1
01-01 12:06:29.095411  1313  1321 E RILC    : Send Response to RIL_SOCKET_1
01-01 12:06:29.095516  1313  1321 D RILC-MTK: proxyLoop free  pRI=0x7fab3cc630 p=0x7fab3d69a0 
01-01 12:06:29.095559  1313  1321 D RILC-MTK: proxyLoop free  pRequest=0x7fa90c22c0
01-01 12:06:29.095596  1313  1321 I RILC-MTK: RIL_CMD_PROXY_3 sleep
01-01 12:06:29.095919  3079  3442 D RILJ    : responseInts numInts=1 [SUB0]
01-01 12:06:29.096016  3079  3442 D RILJ    : responseInts response[0]=0 [SUB0]
01-01 12:06:29.096144  3079  3442 D RILJ    : [3980]< QUERY_NETWORK_SELECTION_MODE {0} [SUB0]
01-01 12:06:29.096389  3079  3079 D GsmSST  : [GsmSST0] handle EVENT_POLL_STATE_NETWORK_SELECTION_MODE
01-01 12:06:29.099374  3079  3079 D GsmSST  : [GsmSST0] set raoming=false,mGsmRoaming= false,mDataRoaming= false
01-01 12:06:29.100038  3079  3079 D SubscriptionController: [getSubId]- sSlotIdxToSubId.size == 0, return DummySubIds slotIdx=0
01-01 12:06:29.100132  3079  3079 D SubscriptionController: getDummySubIds: slotIdx=0 return 2 DummySubIds with each subId=-2
01-01 12:06:29.101183  3079  3079 D SubscriptionManager: [getPhoneId]- return dummy value, subId = -2
01-01 12:06:29.101427  3079  3079 D GsmSST  : [GsmSST0] mLastCsNetworkType=0, mLastPsNetworkType= 0, mNewSS VoiceRadioTechnology= 0, mSS VoiceRadioTechnology= 0, mNewSS DataRadioTechnology= 0, mSS DataRadioTechnology= 0
01-01 12:06:29.101491  3079  3079 D GsmSST  : [GsmSST0] pollStateDone(): don't change network type and wait for new event
01-01 12:06:29.101552  3079  3079 D PHONE   : [ServiceState] setDataRadioTechnology=0
01-01 12:06:29.101797  3079  3079 D GsmSST  : [GsmSST0] Poll ServiceState done:  oldSS=[1 1 voice home data home null null null null null null  Unknown Unknown CSS not supported -1 -1 RoamInd=-1 DefRoamInd=-1 EmergOnly=true Ril Voice Regist state: 10 Ril Data Regist state: 0 mProprietaryDataRadioTechnology: 0 VoiceRejectCause: -1 DataRejectCause: -1 mCdmaNetWorkMode: 0 IsDataRoamingFromRegistration=false] newSS=[1 1 voice home data home null null null null null null  Unknown Unknown CSS not supported 0 0 RoamInd=-1 DefRoamInd=-1 EmergOnly=true Ril Voice Regist state: 10 Ril Data Regist state: 0 mProprietaryDataRadioTechnology: 0 VoiceRejectCause: -1 DataRejectCause: -1 mCdmaNetWorkMode: 0 IsDataRoamingFromRegistration=false] oldMaxDataCalls=1 mNewMaxDataCalls=1 oldReasonDataDenied=-1 mNewReasonDataDenied=-1
01-01 12:06:29.102020  3079  3079 D GsmSST  : [GsmSST0] pollStateDone,hasRegistered:false,hasDeregistered:false,hasGprsAttached:false,hasRilVoiceRadioTechnologyChanged:false,hasRilDataRadioTechnologyChanged:false,hasVoiceRegStateChanged:false,hasDataRegStateChanged:false,hasChanged:true,hasVoiceRoamingOn:false,hasVoiceRoamingOff:false,hasDataRoamingOn:false,hasDataRoamingOff:false,hasLocationChanged:true,hasLacChanged:true,sReceiveNitz:false
01-01 12:06:29.102128  3079  3079 D GsmSST  : [GsmSST0] No matched EONS and No CPHS ONS
01-01 12:06:29.102343  3079  3079 D GsmSST  : [GsmSST0] updateSpnDisplay mVoiceCapable=true mEmergencyOnly=true mCi.getRadioState().isOn()=true getVoiceRegState()=1 getDataRegState()1
01-01 12:06:29.102401  3079  3079 D GsmSST  : [GsmSST0] updateSpnDisplay show mEmergencyOnly
01-01 12:06:29.104800  3079  3079 D SubscriptionController: [getSubId]- sSlotIdxToSubId.size == 0, return DummySubIds slotIdx=0
01-01 12:06:29.104910  3079  3079 D SubscriptionController: getDummySubIds: slotIdx=0 return 2 DummySubIds with each subId=-2
01-01 12:06:29.105082  3079  3079 D GsmSST  : [GsmSST0] updateAllOpertorInfo with realPlmn:null
01-01 12:06:29.107857  3079  3079 D TelephonyManager: getTelephonyProperty prop value= 
01-01 12:06:29.108048  3079  3079 D TelephonyManager: setTelephonyProperty: success phoneId=0 property=gsm.operator.numeric value:  propVal=
01-01 12:06:29.108925  3079  3079 D GsmSST  : [GsmSST0] operatorNumeric is null
01-01 12:06:29.109108  3079  3079 D TelephonyManager: setTelephonyProperty: success phoneId=0 property=gsm.operator.iso-country value:  propVal=
01-01 12:06:29.110069  3079  3079 D TelephonyManager: setTelephonyProperty: success phoneId=0 property=gsm.operator.isroaming value: false propVal=false,false
01-01 12:06:29.110753  3079  3079 D GsmSST  : [GsmSST0] Broadcasting ServiceState : 1 1 voice home data home null null null null null null  Unknown Unknown CSS not supported 0 0 RoamInd=-1 DefRoamInd=-1 EmergOnly=true Ril Voice Regist state: 10 Ril Data Regist state: 0 mProprietaryDataRadioTechnology: 0 VoiceRejectCause: -1 DataRejectCause: -1 mCdmaNetWorkMode: 0 IsDataRoamingFromRegistration=false
01-01 12:06:29.111008  3079  3079 D GSMPhone: [GSMPhone] getServiceState : getState() : 1 getDataRegState() : 1
01-01 12:06:29.111139  3079  3079 D PhoneBase: networkType=UNKNOWN
01-01 12:06:29.111218  3079  3079 D PhoneBase: isVideoEnabled: false
01-01 12:06:29.111880  3079  3079 D GSMPhone: [GSMPhone] getServiceState : getState() : 1 getDataRegState() : 1
01-01 12:06:29.112014  3079  3079 D SubscriptionController: [getSubId]- sSlotIdxToSubId.size == 0, return DummySubIds slotIdx=0
01-01 12:06:29.112087  3079  3079 D SubscriptionController: getDummySubIds: slotIdx=0 return 2 DummySubIds with each subId=-2
01-01 12:06:29.112355  3079  3079 D DefaultPhoneNotifier: nofityServiceState: mRegistry=com.android.internal.telephony.ITelephonyRegistry$Stub$Proxy@943ba1c ss=1 1 voice home data home null null null null null null  Unknown Unknown CSS not supported 0 0 RoamInd=-1 DefRoamInd=-1 EmergOnly=true Ril Voice Regist state: 10 Ril Data Regist state: 0 mProprietaryDataRadioTechnology: 0 VoiceRejectCause: -1 DataRejectCause: -1 mCdmaNetWorkMode: 0 IsDataRoamingFromRegistration=false sender=Handler (com.android.internal.telephony.gsm.GSMPhone) {c9c6a87} phondId=0 subId=-2
01-01 12:06:29.113459  1613  2472 D TelephonyRegistry: notifyServiceStateForSubscriber: subId=-2 phoneId=0 state=1 1 voice home data home null null null null null null  Unknown Unknown CSS not supported 0 0 RoamInd=-1 DefRoamInd=-1 EmergOnly=true Ril Voice Regist state: 10 Ril Data Regist state: 0 mProprietaryDataRadioTechnology: 0 VoiceRejectCause: -1 DataRejectCause: -1 mCdmaNetWorkMode: 0 IsDataRoamingFromRegistration=false
01-01 12:06:29.113595  1613  2472 D TelephonyRegistry: validatePhoneId: true
01-01 12:06:29.113912  1613  2472 D TelephonyRegistry: notifyServiceStateForSubscriber: logSSC.length=5 next=0
01-01 12:06:29.115418  1613  2472 D TelephonyRegistry: notifyServiceStateForSubscriber Time 20160101T120539America/New_York(5,0,-18000,0,1451667939) mSubId -2 mPhoneId 0  mState 1 1 voice home data home null null null null null null  Unknown Unknown CSS not supported 0 0 RoamInd=-1 DefRoamInd=-1 EmergOnly=true Ril Voice Regist state: 10 Ril Data Regist state: 0 mProprietaryDataRadioTechnology: 0 VoiceRejectCause: -1 DataRejectCause: -1 mCdmaNetWorkMode: 0 IsDataRoamingFromRegistration=false
01-01 12:06:29.116840  1613  2472 D TelephonyRegistry: notifyServiceStateForSubscriber Time 20160101T120548America/New_York(5,0,-18000,0,1451667948) mSubId -2 mPhoneId 0  mState 1 1 voice home data home null null null null null null  Unknown Unknown CSS not supported -1 -1 RoamInd=-1 DefRoamInd=-1 EmergOnly=true Ril Voice Regist state: 10 Ril Data Regist state: 0 mProprietaryDataRadioTechnology: 0 VoiceRejectCause: -1 DataRejectCause: -1 mCdmaNetWorkMode: 0 IsDataRoamingFromRegistration=false
01-01 12:06:29.118444  1613  2472 D TelephonyRegistry: notifyServiceStateForSubscriber Time 20160101T120557America/New_York(5,0,-18000,0,1451667957) mSubId -2 mPhoneId 0  mState 1 1 voice home data home null null null null null null  Unknown Unknown CSS not supported 0 0 RoamInd=-1 DefRoamInd=-1 EmergOnly=true Ril Voice Regist state: 10 Ril Data Regist state: 0 mProprietaryDataRadioTechnology: 0 VoiceRejectCause: -1 DataRejectCause: -1 mCdmaNetWorkMode: 0 IsDataRoamingFromRegistration=false
01-01 12:06:29.119913  1613  2472 D TelephonyRegistry: notifyServiceStateForSubscriber Time 20160101T120627America/New_York(5,0,-18000,0,1451667987) mSubId -2 mPhoneId 0  mState 1 1 voice home data home null null null null null null  Unknown Unknown CSS not supported -1 -1 RoamInd=-1 DefRoamInd=-1 EmergOnly=true Ril Voice Regist state: 10 Ril Data Regist state: 0 mProprietaryDataRadioTechnology: 0 VoiceRejectCause: -1 DataRejectCause: -1 mCdmaNetWorkMode: 0 IsDataRoamingFromRegistration=false
01-01 12:06:29.121346  1613  2472 D TelephonyRegistry: notifyServiceStateForSubscriber Time 20160101T120629America/New_York(5,0,-18000,0,1451667989) mSubId -2 mPhoneId 0  mState 1 1 voice home data home null null null null null null  Unknown Unknown CSS not supported 0 0 RoamInd=-1 DefRoamInd=-1 EmergOnly=true Ril Voice Regist state: 10 Ril Data Regist state: 0 mProprietaryDataRadioTechnology: 0 VoiceRejectCause: -1 DataRejectCause: -1 mCdmaNetWorkMode: 0 IsDataRoamingFromRegistration=false
01-01 12:06:29.121437  1613  2472 D TelephonyRegistry: notifyServiceStateForSubscriber: ----------------
01-01 12:06:29.122691  3079  3079 D SubscriptionController: [getPhoneId] asked for default subId=-1
01-01 12:06:29.123151  3079  3079 D SubscriptionController: [getPhoneId]- invalid subId = -1 return = -1
01-01 12:06:29.124029  1613  2472 D SubscriptionManager: [getPhoneId]- return dummy value, subId = -2
01-01 12:06:29.124142  1613  2472 D TelephonyRegistry: idMatch: rlt=false
01-01 12:06:29.125221  3079  3079 D SubscriptionController: [getPhoneId] asked for default subId=-1
01-01 12:06:29.125634  3079  3079 D SubscriptionController: [getPhoneId]- invalid subId = -1 return = -1
01-01 12:06:29.126226  1613  2472 D SubscriptionManager: [getPhoneId]- return dummy value, subId = -2
01-01 12:06:29.126333  1613  2472 D TelephonyRegistry: idMatch: rlt=false
01-01 12:06:29.127416  3079  3079 D SubscriptionController: [getPhoneId] asked for default subId=-1
01-01 12:06:29.128062  3079  3079 D SubscriptionController: [getPhoneId]- invalid subId = -1 return = -1
01-01 12:06:29.128766  1613  2472 D SubscriptionManager: [getPhoneId]- return dummy value, subId = -2
01-01 12:06:29.128875  1613  2472 D TelephonyRegistry: idMatch: rlt=false
01-01 12:06:29.130154  3079  3079 D SubscriptionController: [getPhoneId] asked for default subId=-1
01-01 12:06:29.130531  3079  3079 D SubscriptionController: [getPhoneId]- invalid subId = -1 return = -1
01-01 12:06:29.131074  1613  2472 D SubscriptionManager: [getPhoneId]- return dummy value, subId = -2
01-01 12:06:29.131179  1613  2472 D TelephonyRegistry: idMatch: rlt=false
01-01 12:06:29.132221  3079  3079 D SubscriptionController: [getPhoneId] asked for default subId=-1
01-01 12:06:29.132576  3079  3079 D SubscriptionController: [getPhoneId]- invalid subId = -1 return = -1
01-01 12:06:29.133109  1613  2472 D SubscriptionManager: [getPhoneId]- return dummy value, subId = -2
01-01 12:06:29.133215  1613  2472 D TelephonyRegistry: idMatch: rlt=false
01-01 12:06:29.134254  3079  3079 D SubscriptionController: [getPhoneId] asked for default subId=-1
01-01 12:06:29.134630  3079  3079 D SubscriptionController: [getPhoneId]- invalid subId = -1 return = -1
01-01 12:06:29.135176  1613  2472 D SubscriptionManager: [getPhoneId]- return dummy value, subId = -2
01-01 12:06:29.135280  1613  2472 D TelephonyRegistry: idMatch: rlt=false
01-01 12:06:29.136302  3079  3079 D SubscriptionController: [getPhoneId] asked for default subId=-1
01-01 12:06:29.136672  3079  3079 D SubscriptionController: [getPhoneId]- invalid subId = -1 return = -1
01-01 12:06:29.137197  1613  2472 D SubscriptionManager: [getPhoneId]- return dummy value, subId = -2
01-01 12:06:29.137297  1613  2472 D TelephonyRegistry: idMatch: rlt=false
01-01 12:06:29.137383  1613  2472 D TelephonyRegistry: handleRemoveListLocked: mRemoveList.size()=0
01-01 12:06:29.138776  1613  2472 D SubscriptionManager: [getSlotId]- fail, subId = -1
01-01 12:06:29.139457  3079  3079 D SubscriptionController: [getSlotId]- subId invalid
01-01 12:06:29.140401  3079  3079 D SubscriptionController: getSimStateForSlotIdx:  simState=ABSENT ordinal=1
01-01 12:06:29.140710  1613  2472 D SubscriptionManager: getSimStateForSubscriber: simState=1 slotIdx=0
01-01 12:06:29.141670  3079  3079 D SubscriptionController: getSimStateForSlotIdx:  simState=ABSENT ordinal=1
01-01 12:06:29.141992  1613  2472 D SubscriptionManager: getSimStateForSubscriber: simState=1 slotIdx=1
01-01 12:06:29.142253  1613  2472 D TelephonyManager: getSimState: default sim:-1, all SIMs absent, return state as absent
01-01 12:06:29.142841  1613  2472 D SubscriptionManager: [getPhoneId]- return dummy value, subId = -2
01-01 12:06:29.143615  3079  3079 D SubscriptionController: [getSubId]- sSlotIdxToSubId.size == 0, return DummySubIds slotIdx=0
01-01 12:06:29.143712  3079  3079 D SubscriptionController: getDummySubIds: slotIdx=0 return 2 DummySubIds with each subId=-2
01-01 12:06:29.145885  3079  3079 D GsmSST  : [GsmSST0] old:1 ,mPsRegState:1,new:1
01-01 12:06:29.146033  3079  3079 D SubscriptionController: [getSubId]- sSlotIdxToSubId.size == 0, return DummySubIds slotIdx=0
01-01 12:06:29.146100  3079  3079 D SubscriptionController: getDummySubIds: slotIdx=0 return 2 DummySubIds with each subId=-2
01-01 12:06:29.146233  3079  3079 D GsmSST  : [GsmSST0] getCellLocation(): X good mCellLoc=[43023,13445043,-1]
01-01 12:06:29.148851  1613  1640 D TelephonyRegistry: notifyCellLocationForSubscriber: subId=-2 cellLocation=Bundle[mParcelledData.dataSize=88]
01-01 12:06:29.149071  1613  1640 D TelephonyRegistry: notifyCellLocationForSubscriber: subId=-2 cellLocation=Bundle[mParcelledData.dataSize=88]
01-01 12:06:29.149217  1613  1640 D SubscriptionManager: [getPhoneId]- return dummy value, subId = -2
01-01 12:06:29.149316  1613  1640 D TelephonyRegistry: validatePhoneId: true
01-01 12:06:29.157327  1613  1640 D TelephonyRegistry: validateEventsAndUserLocked: valid=false r.callerUserId=0 foregroundUser=0 r.events=8192 events=16
01-01 12:06:29.157570  1613  1640 D TelephonyRegistry: validateEventsAndUserLocked: valid=false r.callerUserId=0 foregroundUser=0 r.events=449 events=16
01-01 12:06:29.157837  1613  1640 D TelephonyRegistry: validateEventsAndUserLocked: valid=false r.callerUserId=0 foregroundUser=0 r.events=32 events=16
01-01 12:06:29.158022  1613  1640 D TelephonyRegistry: validateEventsAndUserLocked: valid=false r.callerUserId=0 foregroundUser=0 r.events=32 events=16
01-01 12:06:29.158173  1613  1640 D TelephonyRegistry: validateEventsAndUserLocked: valid=false r.callerUserId=0 foregroundUser=0 r.events=0 events=16
01-01 12:06:29.158321  1613  1640 D TelephonyRegistry: validateEventsAndUserLocked: valid=false r.callerUserId=0 foregroundUser=0 r.events=32 events=16
01-01 12:06:29.158473  1613  1640 D TelephonyRegistry: validateEventsAndUserLocked: valid=false r.callerUserId=0 foregroundUser=0 r.events=0 events=16
01-01 12:06:29.158623  1613  1640 D TelephonyRegistry: validateEventsAndUserLocked: valid=false r.callerUserId=0 foregroundUser=0 r.events=0 events=16
01-01 12:06:29.158770  1613  1640 D TelephonyRegistry: validateEventsAndUserLocked: valid=false r.callerUserId=0 foregroundUser=0 r.events=0 events=16
01-01 12:06:29.158915  1613  1640 D TelephonyRegistry: validateEventsAndUserLocked: valid=false r.callerUserId=0 foregroundUser=0 r.events=0 events=16
01-01 12:06:29.159076  1613  1640 D TelephonyRegistry: validateEventsAndUserLocked: valid=false r.callerUserId=0 foregroundUser=0 r.events=65536 events=16
01-01 12:06:29.159223  1613  1640 D TelephonyRegistry: validateEventsAndUserLocked: valid=false r.callerUserId=0 foregroundUser=0 r.events=1 events=16
01-01 12:06:29.159368  1613  1640 D TelephonyRegistry: validateEventsAndUserLocked: valid=false r.callerUserId=0 foregroundUser=0 r.events=0 events=16
01-01 12:06:29.159522  1613  1640 D TelephonyRegistry: validateEventsAndUserLocked: valid=false r.callerUserId=0 foregroundUser=0 r.events=0 events=16
01-01 12:06:29.160508  1613  1640 D TelephonyRegistry: validateEventsAndUserLocked: valid=false r.callerUserId=0 foregroundUser=0 r.events=65536 events=16
01-01 12:06:29.161392  1613  1640 D TelephonyRegistry: validateEventsAndUserLocked: valid=false r.callerUserId=0 foregroundUser=0 r.events=256 events=16
01-01 12:06:29.161576  1613  1640 D TelephonyRegistry: validateEventsAndUserLocked: valid=false r.callerUserId=0 foregroundUser=0 r.events=0 events=16
01-01 12:06:29.161731  1613  1640 D TelephonyRegistry: validateEventsAndUserLocked: valid=false r.callerUserId=0 foregroundUser=0 r.events=0 events=16
01-01 12:06:29.169496  1613  1640 D TelephonyRegistry: validateEventsAndUserLocked: valid=false r.callerUserId=0 foregroundUser=0 r.events=0 events=16
01-01 12:06:29.169749  1613  1640 D TelephonyRegistry: validateEventsAndUserLocked: valid=true r.callerUserId=0 foregroundUser=0 r.events=1104 events=16
01-01 12:06:29.169906  1613  1640 D TelephonyRegistry: validateEventsAndUserLocked: valid=false r.callerUserId=0 foregroundUser=0 r.events=0 events=16
01-01 12:06:29.170068  1613  1640 D TelephonyRegistry: validateEventsAndUserLocked: valid=false r.callerUserId=0 foregroundUser=0 r.events=1 events=16
01-01 12:06:29.170230  1613  1640 D TelephonyRegistry: validateEventsAndUserLocked: valid=false r.callerUserId=0 foregroundUser=0 r.events=512 events=16
01-01 12:06:29.170381  1613  1640 D TelephonyRegistry: validateEventsAndUserLocked: valid=false r.callerUserId=0 foregroundUser=0 r.events=0 events=16
01-01 12:06:29.170531  1613  1640 D TelephonyRegistry: validateEventsAndUserLocked: valid=false r.callerUserId=0 foregroundUser=0 r.events=1 events=16
01-01 12:06:29.170682  1613  1640 D TelephonyRegistry: validateEventsAndUserLocked: valid=false r.callerUserId=0 foregroundUser=0 r.events=0 events=16
01-01 12:06:29.170833  1613  1640 D TelephonyRegistry: validateEventsAndUserLocked: valid=false r.callerUserId=0 foregroundUser=0 r.events=1 events=16
01-01 12:06:29.170988  1613  1640 D TelephonyRegistry: validateEventsAndUserLocked: valid=false r.callerUserId=0 foregroundUser=0 r.events=1 events=16
01-01 12:06:29.171138  1613  1640 D TelephonyRegistry: validateEventsAndUserLocked: valid=false r.callerUserId=0 foregroundUser=0 r.events=0 events=16
01-01 12:06:29.171292  1613  1640 D TelephonyRegistry: validateEventsAndUserLocked: valid=false r.callerUserId=0 foregroundUser=0 r.events=0 events=16
01-01 12:06:29.171442  1613  1640 D TelephonyRegistry: validateEventsAndUserLocked: valid=false r.callerUserId=0 foregroundUser=0 r.events=1 events=16
01-01 12:06:29.171530  1613  1640 D TelephonyRegistry: handleRemoveListLocked: mRemoveList.size()=0
01-01 12:06:29.171880  3079  3079 D GsmSST  : [GsmSST0] handleMessage msg done
01-01 12:06:29.172189  3079  3079 D CallManager:  handleMessage (EVENT_SERVICE_STATE_CHANGED)
01-01 12:06:29.173022  3079  3079 D SubscriptionController: [getSubId]- sSlotIdxToSubId.size == 0, return DummySubIds slotIdx=0
01-01 12:06:29.173098  3079  3079 D SubscriptionController: getDummySubIds: slotIdx=0 return 2 DummySubIds with each subId=-2
01-01 12:06:29.390814  1222  1298 D RILMUXD : [gsm0710muxd] 1643:gsm0710_base_buffer_get_frame(): Get a complete frame. ch:2, ctrl:239, len:39
01-01 12:06:29.390913  1222  1298 D RILMUXD : [gsm0710muxd] 2383:extract_frames(): Writing 39 byte frame received on channel 2 to /dev/pts/2
01-01 12:06:29.390999  1222  1298 D RILMUXD : [gsm0710muxd] 2403:extract_frames(): write() returned. Written 39/39 bytes of frame to /dev/pts/2
01-01 12:06:29.391051  1222  1298 D RILMUXD : [gsm0710muxd] 2408:extract_frames(): fsync() failed (-1, 22 - Invalid argument)
01-01 12:06:29.391180  1313  1336 I AT      : AT read end: 39
01-01 12:06:29.391239  1313  1336 D AT      : AT< +ECSQ: 29,21,1,-367,-56,1,1,2,32767
01-01 12:06:29.391283  1313  1336 D AT      : RIL_URC_READER Enter processLine:+ECSQ: 29,21,1,-367,-56,1,1,2,32767
01-01 12:06:29.391334  1313  1336 D RIL     : Nw URC:+ECSQ: 29,21,1,-367,-56,1,1,2,32767
01-01 12:06:29.391406  1313  1336 D RIL     : convert3GRssiValue baseband=503 ,isFdd3G=1,isTdd3G=0 ,RSCP_in_qdbm=-367 ,EcN0_in_qdbm=-56
01-01 12:06:29.391470  1313  1336 D RILC    : callForRilVersion new vendor RIL, version: 10
01-01 12:06:29.391526  1313  1336 I RILC    : RIL_SOCKET_1 UNSOLICITED: UNSOL_SIGNAL_STRENGTH length:72
01-01 12:06:29.391569  1313  1336 E RILC    : Send Response to RIL_SOCKET_1
01-01 12:06:29.391674  1313  1336 I AT      : AT read start
01-01 12:06:29.392272  3079  3079 D GsmSST  : [GsmSST0] handle EVENT_SIGNAL_STRENGTH_UPDATE
01-01 12:06:29.392510  3079  3079 D GsmSST  : [GsmSST0] onSignalStrengthResult():  LastSignalStrength=SignalStrength: 8 13 -120 -160 -2 0 -1 99 2147483647 -2147483647 2147483647 2147483647 2147483647 gsm|lte 1 -384 -72
01-01 12:06:29.392657  3079  3079 D GsmSST  : [GsmSST0] onSignalStrengthResult():new mSignalStrength=SignalStrength: 8 21 -120 -160 -2 0 -1 99 2147483647 -2147483647 2147483647 2147483647 2147483647 gsm|lte 1 -368 -56
01-01 12:06:29.392924  3079  3079 W SignalStrength: SignalStrength get plugin
01-01 12:06:29.393084  3079  3079 I use-Rlog/RLOG-GSM: getLTELevel - rsrp:2147483647 snr:2147483647 rsrpIconLevel:-1 snrIconLevel:-1
01-01 12:06:29.393160  3079  3079 I use-Rlog/RLOG-GSM: getLTELevel - rssi:99 rssiIconLevel:0
01-01 12:06:29.393283  3079  3079 W SignalStrength: SignalStrength get plugin
01-01 12:06:29.393396  3079  3079 D use-Rlog/RLOG-GSM: mapGsmSignalDbm() gsmRscpQdbm=-368 asu=8
01-01 12:06:29.393496  3079  3079 W SignalStrength: SignalStrength get plugin
01-01 12:06:29.393623  3079  3079 D GsmSST  : [GsmSST0] notifySignalStrength: mSignalStrength.getLevel=3
01-01 12:06:29.393734  3079  3079 D SubscriptionController: [getSubId]- sSlotIdxToSubId.size == 0, return DummySubIds slotIdx=0
01-01 12:06:29.393812  3079  3079 D SubscriptionController: getDummySubIds: slotIdx=0 return 2 DummySubIds with each subId=-2
01-01 12:06:29.394004  3079  3079 D DefaultPhoneNotifier: notifySignalStrength: mRegistry=com.android.internal.telephony.ITelephonyRegistry$Stub$Proxy@943ba1c ss=SignalStrength: 8 21 -120 -160 -2 0 -1 99 2147483647 -2147483647 2147483647 2147483647 2147483647 gsm|lte 1 -368 -56 sender=Handler (com.android.internal.telephony.gsm.GSMPhone) {c9c6a87}
01-01 12:06:29.395041  1613  2471 D TelephonyRegistry: notifySignalStrengthForSubscriber: subId=-2 signalStrength=SignalStrength: 8 21 -120 -160 -2 0 -1 99 2147483647 -2147483647 2147483647 2147483647 2147483647 gsm|lte 1 -368 -56
01-01 12:06:29.395422  1613  2471 D TelephonyRegistry: notifySignalStrengthForSubscriber: logSSC.length=5 next=0
01-01 12:06:29.397303  1613  2471 D TelephonyRegistry: notifyServiceStateForSubscriber Time 20160101T120539America/New_York(5,0,-18000,0,1451667939) mSubId -2 mPhoneId 0  mState 1 1 voice home data home null null null null null null  Unknown Unknown CSS not supported 0 0 RoamInd=-1 DefRoamInd=-1 EmergOnly=true Ril Voice Regist state: 10 Ril Data Regist state: 0 mProprietaryDataRadioTechnology: 0 VoiceRejectCause: -1 DataRejectCause: -1 mCdmaNetWorkMode: 0 IsDataRoamingFromRegistration=false
01-01 12:06:29.399233  1613  2471 D TelephonyRegistry: notifyServiceStateForSubscriber Time 20160101T120548America/New_York(5,0,-18000,0,1451667948) mSubId -2 mPhoneId 0  mState 1 1 voice home data home null null null null null null  Unknown Unknown CSS not supported -1 -1 RoamInd=-1 DefRoamInd=-1 EmergOnly=true Ril Voice Regist state: 10 Ril Data Regist state: 0 mProprietaryDataRadioTechnology: 0 VoiceRejectCause: -1 DataRejectCause: -1 mCdmaNetWorkMode: 0 IsDataRoamingFromRegistration=false
01-01 12:06:29.400897  1613  2471 D TelephonyRegistry: notifyServiceStateForSubscriber Time 20160101T120557America/New_York(5,0,-18000,0,1451667957) mSubId -2 mPhoneId 0  mState 1 1 voice home data home null null null null null null  Unknown Unknown CSS not supported 0 0 RoamInd=-1 DefRoamInd=-1 EmergOnly=true Ril Voice Regist state: 10 Ril Data Regist state: 0 mProprietaryDataRadioTechnology: 0 VoiceRejectCause: -1 DataRejectCause: -1 mCdmaNetWorkMode: 0 IsDataRoamingFromRegistration=false
01-01 12:06:29.402478  1613  2471 D TelephonyRegistry: notifyServiceStateForSubscriber Time 20160101T120627America/New_York(5,0,-18000,0,1451667987) mSubId -2 mPhoneId 0  mState 1 1 voice home data home null null null null null null  Unknown Unknown CSS not supported -1 -1 RoamInd=-1 DefRoamInd=-1 EmergOnly=true Ril Voice Regist state: 10 Ril Data Regist state: 0 mProprietaryDataRadioTechnology: 0 VoiceRejectCause: -1 DataRejectCause: -1 mCdmaNetWorkMode: 0 IsDataRoamingFromRegistration=false
01-01 12:06:29.404043  1613  2471 D TelephonyRegistry: notifyServiceStateForSubscriber Time 20160101T120629America/New_York(5,0,-18000,0,1451667989) mSubId -2 mPhoneId 0  mState 1 1 voice home data home null null null null null null  Unknown Unknown CSS not supported 0 0 RoamInd=-1 DefRoamInd=-1 EmergOnly=true Ril Voice Regist state: 10 Ril Data Regist state: 0 mProprietaryDataRadioTechnology: 0 VoiceRejectCause: -1 DataRejectCause: -1 mCdmaNetWorkMode: 0 IsDataRoamingFromRegistration=false
01-01 12:06:29.404143  1613  2471 D TelephonyRegistry: notifySignalStrengthForSubscriber: ----------------
01-01 12:06:29.404313  1613  2471 D SubscriptionManager: [getPhoneId]- return dummy value, subId = -2
01-01 12:06:29.404426  1613  2471 D TelephonyRegistry: validatePhoneId: true
01-01 12:06:29.404516  1613  2471 D TelephonyRegistry: notifySignalStrengthForSubscriber: valid phoneId=0
01-01 12:06:29.405752  3079  3079 D SubscriptionController: [getPhoneId] asked for default subId=-1
01-01 12:06:29.406161  3079  3079 D SubscriptionController: [getPhoneId]- invalid subId = -1 return = -1
01-01 12:06:29.406739  1613  2471 D SubscriptionManager: [getPhoneId]- return dummy value, subId = -2
01-01 12:06:29.406852  1613  2471 D TelephonyRegistry: idMatch: rlt=false
01-01 12:06:29.408135  3079  3079 D SubscriptionController: [getPhoneId] asked for default subId=-1
01-01 12:06:29.408625  3079  3079 D SubscriptionController: [getPhoneId]- invalid subId = -1 return = -1
01-01 12:06:29.409488  1613  2471 D SubscriptionManager: [getPhoneId]- return dummy value, subId = -2
01-01 12:06:29.409618  1613  2471 D TelephonyRegistry: idMatch: rlt=false
01-01 12:06:29.409780  1613  2471 D TelephonyRegistry: handleRemoveListLocked: mRemoveList.size()=0
01-01 12:06:29.410063  1613  2471 W SignalStrength: SignalStrength get plugin
01-01 12:06:29.410336  1613  2471 I use-Rlog/RLOG-GSM: getLTELevel - rsrp:2147483647 snr:2147483647 rsrpIconLevel:-1 snrIconLevel:-1
01-01 12:06:29.410443  1613  2471 I use-Rlog/RLOG-GSM: getLTELevel - rssi:99 rssiIconLevel:0
01-01 12:06:29.410512  1613  2471 W SignalStrength: SignalStrength get plugin
01-01 12:06:29.410626  1613  2471 D use-Rlog/RLOG-GSM: mapGsmSignalDbm() gsmRscpQdbm=-368 asu=8
01-01 12:06:29.410680  1613  2471 W SignalStrength: SignalStrength get plugin
01-01 12:06:29.411242  1613  2471 D SubscriptionManager: [getPhoneId]- return dummy value, subId = -2
01-01 12:06:29.412349  3079  3079 D SubscriptionController: [getSubId]- sSlotIdxToSubId.size == 0, return DummySubIds slotIdx=0
01-01 12:06:29.412468  3079  3079 D SubscriptionController: getDummySubIds: slotIdx=0 return 2 DummySubIds with each subId=-2
01-01 12:06:29.413900  3079  3079 D GsmSST  : [GsmSST0] handleMessage msg done
01-01 12:06:30.009782  1313  1332 D RILC    : s_last_wake_timeout_info: 0x7fa9243840 
01-01 12:06:30.010102  1313  1332 D RILC    : userTimerCallback free  p_info: 0x7fa92438a0
01-01 12:06:30.010287  1313  1332 D RILC    : userTimerCallback free  p_info->event: 0x7fa92438b0
01-01 12:06:30.016620  1313  1332 D RILC    : s_last_wake_timeout_info: 0x7fa9243840 reset to NULL
01-01 12:06:30.018119  1313  1332 D RILC    : userTimerCallback free  p_info: 0x7fa9243840
01-01 12:06:30.018355  1313  1332 D RILC    : userTimerCallback free  p_info->event: 0x7fa9243850
01-01 12:06:31.805916  1313  1332 I RILC    : NUMBER:1
01-01 12:06:31.806708  1313  1332 I RILC    : arg len:14
01-01 12:06:31.807402  1313  1332 I RILC    : ARGS[0]:THERMAL,0,-1
01-01 12:06:31.808250  1313  1332 D RILC    : C[locl]> QUERY_MODEM_THERMAL
01-01 12:06:31.808486  1313  1332 D RILC-MTK: QUERY_MODEM_THERMAL pRI=0x7fab3ccab0 p=0x7fab3d6e70 dispatched to RIL_CMD_PROXY_1
01-01 12:06:31.810915  1313  1327 I RILC-MTK: RIL_CMD2_PROXY_3 wakeup
01-01 12:06:31.811141  1313  1327 I RILC-MTK: RIL_CMD2_PROXY_3 sleep
01-01 12:06:31.811444  1313  1330 I RILC-MTK: RIL_CMD2_PROXY_4 wakeup
01-01 12:06:31.811612  1313  1330 I RILC-MTK: RIL_CMD2_PROXY_4 sleep
01-01 12:06:31.811892  1313  1325 I RILC-MTK: RIL_ATCI_PROXY wakeup
01-01 12:06:31.812059  1313  1325 I RILC-MTK: RIL_ATCI_PROXY sleep
01-01 12:06:31.812342  1313  1320 I RILC-MTK: RIL_URC_PROXY wakeup
01-01 12:06:31.812511  1313  1320 I RILC-MTK: RIL_URC_PROXY sleep
01-01 12:06:31.812793  1313  1326 I RILC-MTK: RIL_URC2_PROXY wakeup
01-01 12:06:31.812959  1313  1326 I RILC-MTK: RIL_URC2_PROXY sleep
01-01 12:06:31.813225  1313  1329 I RILC-MTK: RIL_CMD2_PROXY_1 wakeup
01-01 12:06:31.813390  1313  1329 I RILC-MTK: RIL_CMD2_PROXY_1 sleep
01-01 12:06:31.813696  1313  1328 I RILC-MTK: RIL_CMD2_PROXY_2 wakeup
01-01 12:06:31.813861  1313  1328 I RILC-MTK: RIL_CMD2_PROXY_2 sleep
01-01 12:06:31.814138  1313  1331 I RILC-MTK: RIL_ATCI2_PROXY wakeup
01-01 12:06:31.814325  1313  1331 I RILC-MTK: RIL_ATCI2_PROXY sleep
01-01 12:06:31.814629  1313  1323 I RILC-MTK: RIL_CMD_PROXY_1 wakeup
01-01 12:06:31.814815  1313  1323 D RILC-MTK: proxy id:3, proxyName: RIL_CMD_PROXY_1
01-01 12:06:31.815006  1313  1323 D RILC-MTK: QUERY_MODEM_THERMAL pRI=0x7fab3ccab0 p=0x7fab3d6e70 execute on RIL_CMD_PROXY_1 using channel 3
01-01 12:06:31.815192  1313  1323 D RILC    : callOnRequest for new vendor ril
01-01 12:06:31.815370  1313  1323 D RIL     : onRequest: QUERY_MODEM_THERMAL, datalen = 8
01-01 12:06:31.815534  1313  1323 D RIL     : radioState:10
01-01 12:06:31.815717  1313  1323 D RIL     : requestQueryThermal Enter,-1
01-01 12:06:31.815915  1313  1323 D AT      : getRILChannelCtx subsystem:1, rid:0 channelOffset:0
01-01 12:06:31.816087  1313  1323 D AT      : AT send on RIL_CMD_READER_3, tid:548324013120
01-01 12:06:31.816271  1313  1323 D AT      : AT> AT+ETHERMAL
01-01 12:06:31.816438  1313  1323 I AT      : AT write start
01-01 12:06:31.816864  1313  1322 I RILC-MTK: RIL_CMD_PROXY_2 wakeup
01-01 12:06:31.817040  1313  1322 I RILC-MTK: RIL_CMD_PROXY_2 sleep
01-01 12:06:31.817333  1313  1324 I RILC-MTK: RIL_CMD_PROXY_4 wakeup
01-01 12:06:31.817503  1313  1324 I RILC-MTK: RIL_CMD_PROXY_4 sleep
01-01 12:06:31.818255  1313  1321 I RILC-MTK: RIL_CMD_PROXY_3 wakeup
01-01 12:06:31.818425  1313  1321 I RILC-MTK: RIL_CMD_PROXY_3 sleep
01-01 12:06:31.824193  1222  1305 D RILMUXD : [gsm0710muxd] 3614:poll_thread(): poll_thread select found
01-01 12:06:31.824473  1222  1305 D RILMUXD : [gsm0710muxd] 1045:pseudo_device_read(): Enter, LackofAtciChannel=0
01-01 12:06:31.824707  1222  1305 D RILMUXD : [gsm0710muxd] 657:write_frame(): Sending frame to channel 5
01-01 12:06:31.825114  1222  1305 D RILMUXD : [gsm0710muxd] 766:write_frame(): Write a frame on channel 5 with length 12
01-01 12:06:31.833063  1222  1298 D RILMUXD : [gsm0710muxd] 1643:gsm0710_base_buffer_get_frame(): Get a complete frame. ch:5, ctrl:239, len:44
01-01 12:06:31.833308  1222  1298 D RILMUXD : [gsm0710muxd] 2383:extract_frames(): Writing 44 byte frame received on channel 5 to /dev/pts/5
01-01 12:06:31.833537  1222  1298 D RILMUXD : [gsm0710muxd] 2403:extract_frames(): write() returned. Written 44/44 bytes of frame to /dev/pts/5
01-01 12:06:31.833679  1222  1298 D RILMUXD : [gsm0710muxd] 2408:extract_frames(): fsync() failed (-1, 22 - Invalid argument)
01-01 12:06:31.833832  1222  1298 D RILMUXD : [gsm0710muxd] 1643:gsm0710_base_buffer_get_frame(): Get a complete frame. ch:5, ctrl:239, len:6
01-01 12:06:31.834014  1222  1298 D RILMUXD : [gsm0710muxd] 2383:extract_frames(): Writing 6 byte frame received on channel 5 to /dev/pts/5
01-01 12:06:31.834174  1222  1298 D RILMUXD : [gsm0710muxd] 2403:extract_frames(): write() returned. Written 6/6 bytes of frame to /dev/pts/5
01-01 12:06:31.834311  1222  1298 D RILMUXD : [gsm0710muxd] 2408:extract_frames(): fsync() failed (-1, 22 - Invalid argument)
01-01 12:06:31.835567  1313  1339 I AT      : AT read end: 50
01-01 12:06:31.835785  1313  1339 D AT      : AT< +ETHERMAL: 2, 32767, -127, -1, 32767, 18
01-01 12:06:31.835910  1313  1339 D AT      : RIL_CMD_READER_3 Enter processLine:+ETHERMAL: 2, 32767, -127, -1, 32767, 18
01-01 12:06:31.836029  1313  1339 D AT      : AT< OK
01-01 12:06:31.836148  1313  1339 D AT      : RIL_CMD_READER_3 Enter processLine:OK
01-01 12:06:31.836309  1313  1339 I AT      : AT read start
01-01 12:06:31.836509  1313  1323 D AT      : response received on RIL_CMD_READER_3, tid:548324013120
01-01 12:06:31.836632  1313  1323 D RIL     : requestQueryThermal success
01-01 12:06:31.836751  1313  1323 D RILC    : RequestComplete, RIL_SOCKET_1
01-01 12:06:31.836875  1313  1323 D RILC    : [THERMAL] local request for THERMAL returned 
01-01 12:06:31.837009  1313  1323 D RILC    : [THERMAL] s_THERMAL_fd is valid strResult is  2, 32767, -127, -1, 32767, 18
01-01 12:06:31.837244  1313  1323 D RILC-MTK: proxyLoop free  pRI=0x7fab3ccab0 p=0x7fab3d6e70 
01-01 12:06:31.837374  1313  1323 D RILC-MTK: proxyLoop free  pRequest=0x7fa90c2020
01-01 12:06:31.837489  1313  1323 I RILC-MTK: RIL_CMD_PROXY_1 sleep
01-01 12:06:33.923926  1222  1222 D RILMUXD : [gsm0710muxd] 3897:main(): Frames received/dropped: 1175/0
01-01 12:06:34.512428  1222  1298 D RILMUXD : [gsm0710muxd] 1643:gsm0710_base_buffer_get_frame(): Get a complete frame. ch:2, ctrl:239, len:39
01-01 12:06:34.512768  1222  1298 D RILMUXD : [gsm0710muxd] 2383:extract_frames(): Writing 39 byte frame received on channel 2 to /dev/pts/2
01-01 12:06:34.513102  1222  1298 D RILMUXD : [gsm0710muxd] 2403:extract_frames(): write() returned. Written 39/39 bytes of frame to /dev/pts/2
01-01 12:06:34.513312  1222  1298 D RILMUXD : [gsm0710muxd] 2408:extract_frames(): fsync() failed (-1, 22 - Invalid argument)
01-01 12:06:34.514876  1313  1336 I AT      : AT read end: 39
01-01 12:06:34.515120  1313  1336 D AT      : AT< +ECSQ: 29,20,1,-366,-57,1,1,2,32767
01-01 12:06:34.515299  1313  1336 D AT      : RIL_URC_READER Enter processLine:+ECSQ: 29,20,1,-366,-57,1,1,2,32767
01-01 12:06:34.515482  1313  1336 D RIL     : Nw URC:+ECSQ: 29,20,1,-366,-57,1,1,2,32767
01-01 12:06:34.515727  1313  1336 D RIL     : convert3GRssiValue baseband=503 ,isFdd3G=1,isTdd3G=0 ,RSCP_in_qdbm=-366 ,EcN0_in_qdbm=-57
01-01 12:06:34.515954  1313  1336 D RILC    : callForRilVersion new vendor RIL, version: 10
01-01 12:06:34.516144  1313  1336 I RILC    : RIL_SOCKET_1 UNSOLICITED: UNSOL_SIGNAL_STRENGTH length:72
01-01 12:06:34.516312  1313  1336 E RILC    : Send Response to RIL_SOCKET_1
01-01 12:06:34.516704  1313  1336 I AT      : AT read start
01-01 12:06:34.518626  3079  3079 D GsmSST  : [GsmSST0] handle EVENT_SIGNAL_STRENGTH_UPDATE
01-01 12:06:34.519320  3079  3079 D GsmSST  : [GsmSST0] onSignalStrengthResult():  LastSignalStrength=SignalStrength: 8 21 -120 -160 -2 0 -1 99 2147483647 -2147483647 2147483647 2147483647 2147483647 gsm|lte 1 -368 -56
01-01 12:06:34.519828  3079  3079 D GsmSST  : [GsmSST0] onSignalStrengthResult():new mSignalStrength=SignalStrength: 8 20 -120 -160 -2 0 -1 99 2147483647 -2147483647 2147483647 2147483647 2147483647 gsm|lte 1 -368 -57
01-01 12:06:34.520343  3079  3079 W SignalStrength: SignalStrength get plugin
01-01 12:06:34.520685  3079  3079 I use-Rlog/RLOG-GSM: getLTELevel - rsrp:2147483647 snr:2147483647 rsrpIconLevel:-1 snrIconLevel:-1
01-01 12:06:34.520962  3079  3079 I use-Rlog/RLOG-GSM: getLTELevel - rssi:99 rssiIconLevel:0
01-01 12:06:34.521275  3079  3079 W SignalStrength: SignalStrength get plugin
01-01 12:06:34.521577  3079  3079 D use-Rlog/RLOG-GSM: mapGsmSignalDbm() gsmRscpQdbm=-368 asu=8
01-01 12:06:34.525090  3079  3079 W SignalStrength: SignalStrength get plugin
01-01 12:06:34.525391  3079  3079 D GsmSST  : [GsmSST0] notifySignalStrength: mSignalStrength.getLevel=3
01-01 12:06:34.525801  3079  3079 D SubscriptionController: [getSubId]- sSlotIdxToSubId.size == 0, return DummySubIds slotIdx=0
01-01 12:06:34.526099  3079  3079 D SubscriptionController: getDummySubIds: slotIdx=0 return 2 DummySubIds with each subId=-2
01-01 12:06:34.526704  3079  3079 D DefaultPhoneNotifier: notifySignalStrength: mRegistry=com.android.internal.telephony.ITelephonyRegistry$Stub$Proxy@943ba1c ss=SignalStrength: 8 20 -120 -160 -2 0 -1 99 2147483647 -2147483647 2147483647 2147483647 2147483647 gsm|lte 1 -368 -57 sender=Handler (com.android.internal.telephony.gsm.GSMPhone) {c9c6a87}
01-01 12:06:34.531374  1613  2479 D TelephonyRegistry: notifySignalStrengthForSubscriber: subId=-2 signalStrength=SignalStrength: 8 20 -120 -160 -2 0 -1 99 2147483647 -2147483647 2147483647 2147483647 2147483647 gsm|lte 1 -368 -57
01-01 12:06:34.531778  1613  2479 D TelephonyRegistry: notifySignalStrengthForSubscriber: logSSC.length=5 next=0
01-01 12:06:34.536428  1613  2479 D TelephonyRegistry: notifyServiceStateForSubscriber Time 20160101T120539America/New_York(5,0,-18000,0,1451667939) mSubId -2 mPhoneId 0  mState 1 1 voice home data home null null null null null null  Unknown Unknown CSS not supported 0 0 RoamInd=-1 DefRoamInd=-1 EmergOnly=true Ril Voice Regist state: 10 Ril Data Regist state: 0 mProprietaryDataRadioTechnology: 0 VoiceRejectCause: -1 DataRejectCause: -1 mCdmaNetWorkMode: 0 IsDataRoamingFromRegistration=false
01-01 12:06:34.544098  1613  2479 D TelephonyRegistry: notifyServiceStateForSubscriber Time 20160101T120548America/New_York(5,0,-18000,0,1451667948) mSubId -2 mPhoneId 0  mState 1 1 voice home data home null null null null null null  Unknown Unknown CSS not supported -1 -1 RoamInd=-1 DefRoamInd=-1 EmergOnly=true Ril Voice Regist state: 10 Ril Data Regist state: 0 mProprietaryDataRadioTechnology: 0 VoiceRejectCause: -1 DataRejectCause: -1 mCdmaNetWorkMode: 0 IsDataRoamingFromRegistration=false
01-01 12:06:34.549077  1613  2479 D TelephonyRegistry: notifyServiceStateForSubscriber Time 20160101T120557America/New_York(5,0,-18000,0,1451667957) mSubId -2 mPhoneId 0  mState 1 1 voice home data home null null null null null null  Unknown Unknown CSS not supported 0 0 RoamInd=-1 DefRoamInd=-1 EmergOnly=true Ril Voice Regist state: 10 Ril Data Regist state: 0 mProprietaryDataRadioTechnology: 0 VoiceRejectCause: -1 DataRejectCause: -1 mCdmaNetWorkMode: 0 IsDataRoamingFromRegistration=false
01-01 12:06:34.550723  1613  2479 D TelephonyRegistry: notifyServiceStateForSubscriber Time 20160101T120627America/New_York(5,0,-18000,0,1451667987) mSubId -2 mPhoneId 0  mState 1 1 voice home data home null null null null null null  Unknown Unknown CSS not supported -1 -1 RoamInd=-1 DefRoamInd=-1 EmergOnly=true Ril Voice Regist state: 10 Ril Data Regist state: 0 mProprietaryDataRadioTechnology: 0 VoiceRejectCause: -1 DataRejectCause: -1 mCdmaNetWorkMode: 0 IsDataRoamingFromRegistration=false
01-01 12:06:34.552268  1613  2479 D TelephonyRegistry: notifyServiceStateForSubscriber Time 20160101T120629America/New_York(5,0,-18000,0,1451667989) mSubId -2 mPhoneId 0  mState 1 1 voice home data home null null null null null null  Unknown Unknown CSS not supported 0 0 RoamInd=-1 DefRoamInd=-1 EmergOnly=true Ril Voice Regist state: 10 Ril Data Regist state: 0 mProprietaryDataRadioTechnology: 0 VoiceRejectCause: -1 DataRejectCause: -1 mCdmaNetWorkMode: 0 IsDataRoamingFromRegistration=false
01-01 12:06:34.552353  1613  2479 D TelephonyRegistry: notifySignalStrengthForSubscriber: ----------------
01-01 12:06:34.552614  1613  2479 D SubscriptionManager: [getPhoneId]- return dummy value, subId = -2
01-01 12:06:34.552720  1613  2479 D TelephonyRegistry: validatePhoneId: true
01-01 12:06:34.552805  1613  2479 D TelephonyRegistry: notifySignalStrengthForSubscriber: valid phoneId=0
01-01 12:06:34.554775  3079  3079 D SubscriptionController: [getPhoneId] asked for default subId=-1
01-01 12:06:34.555567  3079  3079 D SubscriptionController: [getPhoneId]- invalid subId = -1 return = -1
01-01 12:06:34.568191  1613  2479 D SubscriptionManager: [getPhoneId]- return dummy value, subId = -2
01-01 12:06:34.568350  1613  2479 D TelephonyRegistry: idMatch: rlt=false
01-01 12:06:34.569765  3079  3079 D SubscriptionController: [getPhoneId] asked for default subId=-1
01-01 12:06:34.570056  3079  3079 D SubscriptionController: [getPhoneId]- invalid subId = -1 return = -1
01-01 12:06:34.570728  1613  2479 D SubscriptionManager: [getPhoneId]- return dummy value, subId = -2
01-01 12:06:34.570850  1613  2479 D TelephonyRegistry: idMatch: rlt=false
01-01 12:06:34.571008  1613  2479 D TelephonyRegistry: handleRemoveListLocked: mRemoveList.size()=0
01-01 12:06:34.571278  1613  2479 W SignalStrength: SignalStrength get plugin
01-01 12:06:34.571517  1613  2479 I use-Rlog/RLOG-GSM: getLTELevel - rsrp:2147483647 snr:2147483647 rsrpIconLevel:-1 snrIconLevel:-1
01-01 12:06:34.571620  1613  2479 I use-Rlog/RLOG-GSM: getLTELevel - rssi:99 rssiIconLevel:0
01-01 12:06:34.571685  1613  2479 W SignalStrength: SignalStrength get plugin
01-01 12:06:34.571804  1613  2479 D use-Rlog/RLOG-GSM: mapGsmSignalDbm() gsmRscpQdbm=-368 asu=8
01-01 12:06:34.571857  1613  2479 W SignalStrength: SignalStrength get plugin
01-01 12:06:34.572374  1613  2479 D SubscriptionManager: [getPhoneId]- return dummy value, subId = -2
01-01 12:06:34.573727  3079  3079 D SubscriptionController: [getSubId]- sSlotIdxToSubId.size == 0, return DummySubIds slotIdx=0
01-01 12:06:34.573838  3079  3079 D SubscriptionController: getDummySubIds: slotIdx=0 return 2 DummySubIds with each subId=-2
01-01 12:06:34.575555  3079  3079 D GsmSST  : [GsmSST0] handleMessage msg done
01-01 12:06:36.851919  3079  3715 D UiccController: isValidCardIndex index = 0
01-01 12:06:36.852121  3079  3715 D UiccController: isValidCardIndex index = 1
01-01 12:06:38.924305  1222  1222 D RILMUXD : [gsm0710muxd] 3897:main(): Frames received/dropped: 1176/0
01-01 12:06:39.632964  1222  1298 D RILMUXD : [gsm0710muxd] 1643:gsm0710_base_buffer_get_frame(): Get a complete frame. ch:2, ctrl:239, len:39
01-01 12:06:39.633251  1222  1298 D RILMUXD : [gsm0710muxd] 2383:extract_frames(): Writing 39 byte frame received on channel 2 to /dev/pts/2
01-01 12:06:39.633570  1222  1298 D RILMUXD : [gsm0710muxd] 2403:extract_frames(): write() returned. Written 39/39 bytes of frame to /dev/pts/2
01-01 12:06:39.633774  1222  1298 D RILMUXD : [gsm0710muxd] 2408:extract_frames(): fsync() failed (-1, 22 - Invalid argument)
01-01 12:06:39.634246  1313  1336 I AT      : AT read end: 39
01-01 12:06:39.634467  1313  1336 D AT      : AT< +ECSQ: 33,24,1,-352,-50,1,1,2,32767
01-01 12:06:39.634641  1313  1336 D AT      : RIL_URC_READER Enter processLine:+ECSQ: 33,24,1,-352,-50,1,1,2,32767
01-01 12:06:39.634828  1313  1336 D RIL     : Nw URC:+ECSQ: 33,24,1,-352,-50,1,1,2,32767
01-01 12:06:39.635110  1313  1336 D RIL     : convert3GRssiValue baseband=503 ,isFdd3G=1,isTdd3G=0 ,RSCP_in_qdbm=-352 ,EcN0_in_qdbm=-50
01-01 12:06:39.635370  1313  1336 D RILC    : callForRilVersion new vendor RIL, version: 10
01-01 12:06:39.635566  1313  1336 I RILC    : RIL_SOCKET_1 UNSOLICITED: UNSOL_SIGNAL_STRENGTH length:72
01-01 12:06:39.635760  1313  1336 E RILC    : Send Response to RIL_SOCKET_1
01-01 12:06:39.636109  1313  1336 I AT      : AT read start
01-01 12:06:39.637371  3079  3079 D GsmSST  : [GsmSST0] handle EVENT_SIGNAL_STRENGTH_UPDATE
01-01 12:06:39.638365  3079  3079 D GsmSST  : [GsmSST0] onSignalStrengthResult():  LastSignalStrength=SignalStrength: 8 20 -120 -160 -2 0 -1 99 2147483647 -2147483647 2147483647 2147483647 2147483647 gsm|lte 1 -368 -57
01-01 12:06:39.638917  3079  3079 D GsmSST  : [GsmSST0] onSignalStrengthResult():new mSignalStrength=SignalStrength: 14 24 -120 -160 -2 0 -1 99 2147483647 -2147483647 2147483647 2147483647 2147483647 gsm|lte 1 -352 -50
01-01 12:06:39.639461  3079  3079 W SignalStrength: SignalStrength get plugin
01-01 12:06:39.639839  3079  3079 I use-Rlog/RLOG-GSM: getLTELevel - rsrp:2147483647 snr:2147483647 rsrpIconLevel:-1 snrIconLevel:-1
01-01 12:06:39.640146  3079  3079 I use-Rlog/RLOG-GSM: getLTELevel - rssi:99 rssiIconLevel:0
01-01 12:06:39.640466  3079  3079 W SignalStrength: SignalStrength get plugin
01-01 12:06:39.640774  3079  3079 D use-Rlog/RLOG-GSM: mapGsmSignalDbm() gsmRscpQdbm=-352 asu=14
01-01 12:06:39.641022  3079  3079 W SignalStrength: SignalStrength get plugin
01-01 12:06:39.641288  3079  3079 D GsmSST  : [GsmSST0] notifySignalStrength: mSignalStrength.getLevel=4
01-01 12:06:39.641673  3079  3079 D SubscriptionController: [getSubId]- sSlotIdxToSubId.size == 0, return DummySubIds slotIdx=0
01-01 12:06:39.641975  3079  3079 D SubscriptionController: getDummySubIds: slotIdx=0 return 2 DummySubIds with each subId=-2
01-01 12:06:39.642961  3079  3079 D DefaultPhoneNotifier: notifySignalStrength: mRegistry=com.android.internal.telephony.ITelephonyRegistry$Stub$Proxy@943ba1c ss=SignalStrength: 14 24 -120 -160 -2 0 -1 99 2147483647 -2147483647 2147483647 2147483647 2147483647 gsm|lte 1 -352 -50 sender=Handler (com.android.internal.telephony.gsm.GSMPhone) {c9c6a87}
01-01 12:06:39.646784  1613  2474 D TelephonyRegistry: notifySignalStrengthForSubscriber: subId=-2 signalStrength=SignalStrength: 14 24 -120 -160 -2 0 -1 99 2147483647 -2147483647 2147483647 2147483647 2147483647 gsm|lte 1 -352 -50
01-01 12:06:39.647556  1613  2474 D TelephonyRegistry: notifySignalStrengthForSubscriber: logSSC.length=5 next=0
01-01 12:06:39.654879  1613  2474 D TelephonyRegistry: notifyServiceStateForSubscriber Time 20160101T120539America/New_York(5,0,-18000,0,1451667939) mSubId -2 mPhoneId 0  mState 1 1 voice home data home null null null null null null  Unknown Unknown CSS not supported 0 0 RoamInd=-1 DefRoamInd=-1 EmergOnly=true Ril Voice Regist state: 10 Ril Data Regist state: 0 mProprietaryDataRadioTechnology: 0 VoiceRejectCause: -1 DataRejectCause: -1 mCdmaNetWorkMode: 0 IsDataRoamingFromRegistration=false
