01-01 12:07:52.028761  1222  1298 D RILMUXD : [gsm0710muxd] 1643:gsm0710_base_buffer_get_frame(): Get a complete frame. ch:5, ctrl:239, len:6
01-01 12:07:52.028805  1222  1298 D RILMUXD : [gsm0710muxd] 2383:extract_frames(): Writing 6 byte frame received on channel 5 to /dev/pts/5
01-01 12:07:52.028859  1222  1298 D RILMUXD : [gsm0710muxd] 2403:extract_frames(): write() returned. Written 6/6 bytes of frame to /dev/pts/5
01-01 12:07:52.028903  1222  1298 D RILMUXD : [gsm0710muxd] 2408:extract_frames(): fsync() failed (-1, 22 - Invalid argument)
01-01 12:07:52.029074  1313  1339 I AT      : AT read end: 50
01-01 12:07:52.029124  1313  1339 D AT      : AT< +ETHERMAL: 2, 32767, -127, -1, 32767, 18
01-01 12:07:52.029164  1313  1339 D AT      : RIL_CMD_READER_3 Enter processLine:+ETHERMAL: 2, 32767, -127, -1, 32767, 18
01-01 12:07:52.029205  1313  1339 D AT      : AT< OK
01-01 12:07:52.029242  1313  1339 D AT      : RIL_CMD_READER_3 Enter processLine:OK
01-01 12:07:52.029292  1313  1339 I AT      : AT read start
01-01 12:07:52.029571  1313  1323 D AT      : response received on RIL_CMD_READER_3, tid:548324013120
01-01 12:07:52.029628  1313  1323 D RIL     : requestQueryThermal success
01-01 12:07:52.029674  1313  1323 D RILC    : RequestComplete, RIL_SOCKET_1
01-01 12:07:52.029718  1313  1323 D RILC    : [THERMAL] local request for THERMAL returned 
01-01 12:07:52.029768  1313  1323 D RILC    : [THERMAL] s_THERMAL_fd is valid strResult is  2, 32767, -127, -1, 32767, 18
01-01 12:07:52.029864  1313  1323 D RILC-MTK: proxyLoop free  pRI=0x7fab3cc2a0 p=0x7fab3d6e70 
01-01 12:07:52.029910  1313  1323 D RILC-MTK: proxyLoop free  pRequest=0x7fa90c2000
01-01 12:07:52.029947  1313  1323 I RILC-MTK: RIL_CMD_PROXY_1 sleep
01-01 12:07:53.928318  1222  1222 D RILMUXD : [gsm0710muxd] 3897:main(): Frames received/dropped: 1207/0
01-01 12:07:56.431305  1222  1298 D RILMUXD : [gsm0710muxd] 1643:gsm0710_base_buffer_get_frame(): Get a complete frame. ch:2, ctrl:239, len:39
01-01 12:07:56.431394  1222  1298 D RILMUXD : [gsm0710muxd] 2383:extract_frames(): Writing 39 byte frame received on channel 2 to /dev/pts/2
01-01 12:07:56.431476  1222  1298 D RILMUXD : [gsm0710muxd] 2403:extract_frames(): write() returned. Written 39/39 bytes of frame to /dev/pts/2
01-01 12:07:56.431525  1222  1298 D RILMUXD : [gsm0710muxd] 2408:extract_frames(): fsync() failed (-1, 22 - Invalid argument)
01-01 12:07:56.431903  1313  1336 I AT      : AT read end: 39
01-01 12:07:56.432004  1313  1336 D AT      : AT< +ECSQ: 31,25,1,-357,-47,1,1,2,32767
01-01 12:07:56.432048  1313  1336 D AT      : RIL_URC_READER Enter processLine:+ECSQ: 31,25,1,-357,-47,1,1,2,32767
01-01 12:07:56.432100  1313  1336 D RIL     : Nw URC:+ECSQ: 31,25,1,-357,-47,1,1,2,32767
01-01 12:07:56.432186  1313  1336 D RIL     : convert3GRssiValue baseband=503 ,isFdd3G=1,isTdd3G=0 ,RSCP_in_qdbm=-357 ,EcN0_in_qdbm=-47
01-01 12:07:56.432243  1313  1336 D RILC    : callForRilVersion new vendor RIL, version: 10
01-01 12:07:56.432289  1313  1336 I RILC    : RIL_SOCKET_1 UNSOLICITED: UNSOL_SIGNAL_STRENGTH length:72
01-01 12:07:56.432328  1313  1336 E RILC    : Send Response to RIL_SOCKET_1
01-01 12:07:56.432417  1313  1336 I AT      : AT read start
01-01 12:07:56.433022  3079  3079 D GsmSST  : [GsmSST0] handle EVENT_SIGNAL_STRENGTH_UPDATE
01-01 12:07:56.433359  3079  3079 D GsmSST  : [GsmSST0] onSignalStrengthResult():  LastSignalStrength=SignalStrength: 14 26 -120 -160 -2 0 -1 99 2147483647 -2147483647 2147483647 2147483647 2147483647 gsm|lte 1 -352 -45
01-01 12:07:56.433501  3079  3079 D GsmSST  : [GsmSST0] onSignalStrengthResult():new mSignalStrength=SignalStrength: 11 25 -120 -160 -2 0 -1 99 2147483647 -2147483647 2147483647 2147483647 2147483647 gsm|lte 1 -360 -47
01-01 12:07:56.433696  3079  3079 W SignalStrength: SignalStrength get plugin
01-01 12:07:56.433807  3079  3079 I use-Rlog/RLOG-GSM: getLTELevel - rsrp:2147483647 snr:2147483647 rsrpIconLevel:-1 snrIconLevel:-1
01-01 12:07:56.433878  3079  3079 I use-Rlog/RLOG-GSM: getLTELevel - rssi:99 rssiIconLevel:0
01-01 12:07:56.433956  3079  3079 W SignalStrength: SignalStrength get plugin
01-01 12:07:56.434026  3079  3079 D use-Rlog/RLOG-GSM: mapGsmSignalDbm() gsmRscpQdbm=-360 asu=11
01-01 12:07:56.434077  3079  3079 W SignalStrength: SignalStrength get plugin
01-01 12:07:56.434156  3079  3079 D GsmSST  : [GsmSST0] notifySignalStrength: mSignalStrength.getLevel=4
01-01 12:07:56.434266  3079  3079 D SubscriptionController: [getSubId]- sSlotIdxToSubId.size == 0, return DummySubIds slotIdx=0
01-01 12:07:56.434331  3079  3079 D SubscriptionController: getDummySubIds: slotIdx=0 return 2 DummySubIds with each subId=-2
01-01 12:07:56.434492  3079  3079 D DefaultPhoneNotifier: notifySignalStrength: mRegistry=com.android.internal.telephony.ITelephonyRegistry$Stub$Proxy@943ba1c ss=SignalStrength: 11 25 -120 -160 -2 0 -1 99 2147483647 -2147483647 2147483647 2147483647 2147483647 gsm|lte 1 -360 -47 sender=Handler (com.android.internal.telephony.gsm.GSMPhone) {c9c6a87}
01-01 12:07:56.454672  1613  3159 D TelephonyRegistry: notifySignalStrengthForSubscriber: subId=-2 signalStrength=SignalStrength: 11 25 -120 -160 -2 0 -1 99 2147483647 -2147483647 2147483647 2147483647 2147483647 gsm|lte 1 -360 -47
01-01 12:07:56.454853  1613  3159 D TelephonyRegistry: notifySignalStrengthForSubscriber: logSSC.length=5 next=0
01-01 12:07:56.456428  1613  3159 D TelephonyRegistry: notifyServiceStateForSubscriber Time 20160101T120539America/New_York(5,0,-18000,0,1451667939) mSubId -2 mPhoneId 0  mState 1 1 voice home data home null null null null null null  Unknown Unknown CSS not supported 0 0 RoamInd=-1 DefRoamInd=-1 EmergOnly=true Ril Voice Regist state: 10 Ril Data Regist state: 0 mProprietaryDataRadioTechnology: 0 VoiceRejectCause: -1 DataRejectCause: -1 mCdmaNetWorkMode: 0 IsDataRoamingFromRegistration=false
01-01 12:07:56.458121  1613  3159 D TelephonyRegistry: notifyServiceStateForSubscriber Time 20160101T120548America/New_York(5,0,-18000,0,1451667948) mSubId -2 mPhoneId 0  mState 1 1 voice home data home null null null null null null  Unknown Unknown CSS not supported -1 -1 RoamInd=-1 DefRoamInd=-1 EmergOnly=true Ril Voice Regist state: 10 Ril Data Regist state: 0 mProprietaryDataRadioTechnology: 0 VoiceRejectCause: -1 DataRejectCause: -1 mCdmaNetWorkMode: 0 IsDataRoamingFromRegistration=false
01-01 12:07:56.463762  1613  3159 D TelephonyRegistry: notifyServiceStateForSubscriber Time 20160101T120557America/New_York(5,0,-18000,0,1451667957) mSubId -2 mPhoneId 0  mState 1 1 voice home data home null null null null null null  Unknown Unknown CSS not supported 0 0 RoamInd=-1 DefRoamInd=-1 EmergOnly=true Ril Voice Regist state: 10 Ril Data Regist state: 0 mProprietaryDataRadioTechnology: 0 VoiceRejectCause: -1 DataRejectCause: -1 mCdmaNetWorkMode: 0 IsDataRoamingFromRegistration=false
01-01 12:07:56.467508  1613  3159 D TelephonyRegistry: notifyServiceStateForSubscriber Time 20160101T120627America/New_York(5,0,-18000,0,1451667987) mSubId -2 mPhoneId 0  mState 1 1 voice home data home null null null null null null  Unknown Unknown CSS not supported -1 -1 RoamInd=-1 DefRoamInd=-1 EmergOnly=true Ril Voice Regist state: 10 Ril Data Regist state: 0 mProprietaryDataRadioTechnology: 0 VoiceRejectCause: -1 DataRejectCause: -1 mCdmaNetWorkMode: 0 IsDataRoamingFromRegistration=false
01-01 12:07:56.469384  1613  3159 D TelephonyRegistry: notifyServiceStateForSubscriber Time 20160101T120629America/New_York(5,0,-18000,0,1451667989) mSubId -2 mPhoneId 0  mState 1 1 voice home data home null null null null null null  Unknown Unknown CSS not supported 0 0 RoamInd=-1 DefRoamInd=-1 EmergOnly=true Ril Voice Regist state: 10 Ril Data Regist state: 0 mProprietaryDataRadioTechnology: 0 VoiceRejectCause: -1 DataRejectCause: -1 mCdmaNetWorkMode: 0 IsDataRoamingFromRegistration=false
01-01 12:07:56.469519  1613  3159 D TelephonyRegistry: notifySignalStrengthForSubscriber: ----------------
01-01 12:07:56.469763  1613  3159 D SubscriptionManager: [getPhoneId]- return dummy value, subId = -2
01-01 12:07:56.469908  1613  3159 D TelephonyRegistry: validatePhoneId: true
01-01 12:07:56.469986  1613  3159 D TelephonyRegistry: notifySignalStrengthForSubscriber: valid phoneId=0
01-01 12:07:56.471261  3079  3079 D SubscriptionController: [getPhoneId] asked for default subId=-1
01-01 12:07:56.471754  3079  3079 D SubscriptionController: [getPhoneId]- invalid subId = -1 return = -1
01-01 12:07:56.474214  1613  3159 D SubscriptionManager: [getPhoneId]- return dummy value, subId = -2
01-01 12:07:56.474370  1613  3159 D TelephonyRegistry: idMatch: rlt=false
01-01 12:07:56.480760  3079  3079 D SubscriptionController: [getPhoneId] asked for default subId=-1
01-01 12:07:56.481037  3079  3079 D SubscriptionController: [getPhoneId]- invalid subId = -1 return = -1
01-01 12:07:56.481733  1613  3159 D SubscriptionManager: [getPhoneId]- return dummy value, subId = -2
01-01 12:07:56.481862  1613  3159 D TelephonyRegistry: idMatch: rlt=false
01-01 12:07:56.482015  1613  3159 D TelephonyRegistry: handleRemoveListLocked: mRemoveList.size()=0
01-01 12:07:56.482291  1613  3159 W SignalStrength: SignalStrength get plugin
01-01 12:07:56.482601  1613  3159 I use-Rlog/RLOG-GSM: getLTELevel - rsrp:2147483647 snr:2147483647 rsrpIconLevel:-1 snrIconLevel:-1
01-01 12:07:56.482740  1613  3159 I use-Rlog/RLOG-GSM: getLTELevel - rssi:99 rssiIconLevel:0
01-01 12:07:56.482809  1613  3159 W SignalStrength: SignalStrength get plugin
01-01 12:07:56.482927  1613  3159 D use-Rlog/RLOG-GSM: mapGsmSignalDbm() gsmRscpQdbm=-360 asu=11
01-01 12:07:56.482976  1613  3159 W SignalStrength: SignalStrength get plugin
01-01 12:07:56.483550  1613  3159 D SubscriptionManager: [getPhoneId]- return dummy value, subId = -2
01-01 12:07:56.486401  3079  3079 D SubscriptionController: [getSubId]- sSlotIdxToSubId.size == 0, return DummySubIds slotIdx=0
01-01 12:07:56.486501  3079  3079 D SubscriptionController: getDummySubIds: slotIdx=0 return 2 DummySubIds with each subId=-2
01-01 12:07:56.489829  3079  3079 D GsmSST  : [GsmSST0] handleMessage msg done
01-01 12:07:56.861534  3079  3079 E SmsApplication: AsusBackup package not found: asus.com.backup
01-01 12:07:56.862599  3079  3079 E SmsApplication: com.mediatek.datatransfer does not have system signature
01-01 12:07:56.863499  3079  3079 E SmsApplication: com.mediatek.apst.target does not have system signature
01-01 12:07:56.865030  3079  3079 E SmsApplication: com.mediatek.ppl does not have system signature
01-01 12:07:56.866519  3079  3079 E SmsApplication: com.mediatek.backuprestore does not have system signature
01-01 12:07:56.871748  3079  3079 E SmsApplication: com.mediatek.rcs.messageservice does not have system signature
01-01 12:07:56.872921  3079  3079 E SmsApplication: com.mediatek.esntrack does not have system signature
01-01 12:07:58.928575  1222  1222 D RILMUXD : [gsm0710muxd] 3897:main(): Frames received/dropped: 1208/0
01-01 12:08:00.749463  3079  3097 D SubscriptionController: [getPhoneId]- invalid subId = -1 return = -1
01-01 12:08:01.553089  1222  1298 D RILMUXD : [gsm0710muxd] 1643:gsm0710_base_buffer_get_frame(): Get a complete frame. ch:2, ctrl:239, len:39
01-01 12:08:01.553379  1222  1298 D RILMUXD : [gsm0710muxd] 2383:extract_frames(): Writing 39 byte frame received on channel 2 to /dev/pts/2
01-01 12:08:01.553694  1222  1298 D RILMUXD : [gsm0710muxd] 2403:extract_frames(): write() returned. Written 39/39 bytes of frame to /dev/pts/2
01-01 12:08:01.553900  1222  1298 D RILMUXD : [gsm0710muxd] 2408:extract_frames(): fsync() failed (-1, 22 - Invalid argument)
01-01 12:08:01.554611  1313  1336 I AT      : AT read end: 39
01-01 12:08:01.555034  1313  1336 D AT      : AT< +ECSQ: 34,26,1,-347,-46,1,1,2,32767
01-01 12:08:01.555206  1313  1336 D AT      : RIL_URC_READER Enter processLine:+ECSQ: 34,26,1,-347,-46,1,1,2,32767
01-01 12:08:01.555392  1313  1336 D RIL     : Nw URC:+ECSQ: 34,26,1,-347,-46,1,1,2,32767
01-01 12:08:01.555627  1313  1336 D RIL     : convert3GRssiValue baseband=503 ,isFdd3G=1,isTdd3G=0 ,RSCP_in_qdbm=-347 ,EcN0_in_qdbm=-46
01-01 12:08:01.555900  1313  1336 D RILC    : callForRilVersion new vendor RIL, version: 10
01-01 12:08:01.556090  1313  1336 I RILC    : RIL_SOCKET_1 UNSOLICITED: UNSOL_SIGNAL_STRENGTH length:72
01-01 12:08:01.556261  1313  1336 E RILC    : Send Response to RIL_SOCKET_1
01-01 12:08:01.556608  1313  1336 I AT      : AT read start
01-01 12:08:01.558969  3079  3079 D GsmSST  : [GsmSST0] handle EVENT_SIGNAL_STRENGTH_UPDATE
01-01 12:08:01.559749  3079  3079 D GsmSST  : [GsmSST0] onSignalStrengthResult():  LastSignalStrength=SignalStrength: 11 25 -120 -160 -2 0 -1 99 2147483647 -2147483647 2147483647 2147483647 2147483647 gsm|lte 1 -360 -47
01-01 12:08:01.560340  3079  3079 D GsmSST  : [GsmSST0] onSignalStrengthResult():new mSignalStrength=SignalStrength: 14 26 -120 -160 -2 0 -1 99 2147483647 -2147483647 2147483647 2147483647 2147483647 gsm|lte 1 -348 -46
01-01 12:08:01.561193  3079  3079 W SignalStrength: SignalStrength get plugin
01-01 12:08:01.561859  3079  3079 I use-Rlog/RLOG-GSM: getLTELevel - rsrp:2147483647 snr:2147483647 rsrpIconLevel:-1 snrIconLevel:-1
01-01 12:08:01.562205  3079  3079 I use-Rlog/RLOG-GSM: getLTELevel - rssi:99 rssiIconLevel:0
01-01 12:08:01.562582  3079  3079 W SignalStrength: SignalStrength get plugin
01-01 12:08:01.563251  3079  3079 D use-Rlog/RLOG-GSM: mapGsmSignalDbm() gsmRscpQdbm=-348 asu=14
01-01 12:08:01.563482  3079  3079 W SignalStrength: SignalStrength get plugin
01-01 12:08:01.563782  3079  3079 D GsmSST  : [GsmSST0] notifySignalStrength: mSignalStrength.getLevel=4
01-01 12:08:01.564140  3079  3079 D SubscriptionController: [getSubId]- sSlotIdxToSubId.size == 0, return DummySubIds slotIdx=0
01-01 12:08:01.564455  3079  3079 D SubscriptionController: getDummySubIds: slotIdx=0 return 2 DummySubIds with each subId=-2
01-01 12:08:01.565414  3079  3079 D DefaultPhoneNotifier: notifySignalStrength: mRegistry=com.android.internal.telephony.ITelephonyRegistry$Stub$Proxy@943ba1c ss=SignalStrength: 14 26 -120 -160 -2 0 -1 99 2147483647 -2147483647 2147483647 2147483647 2147483647 gsm|lte 1 -348 -46 sender=Handler (com.android.internal.telephony.gsm.GSMPhone) {c9c6a87}
01-01 12:08:01.569884  1613  2472 D TelephonyRegistry: notifySignalStrengthForSubscriber: subId=-2 signalStrength=SignalStrength: 14 26 -120 -160 -2 0 -1 99 2147483647 -2147483647 2147483647 2147483647 2147483647 gsm|lte 1 -348 -46
01-01 12:08:01.570402  1613  2472 D TelephonyRegistry: notifySignalStrengthForSubscriber: logSSC.length=5 next=0
01-01 12:08:01.577648  1613  2472 D TelephonyRegistry: notifyServiceStateForSubscriber Time 20160101T120539America/New_York(5,0,-18000,0,1451667939) mSubId -2 mPhoneId 0  mState 1 1 voice home data home null null null null null null  Unknown Unknown CSS not supported 0 0 RoamInd=-1 DefRoamInd=-1 EmergOnly=true Ril Voice Regist state: 10 Ril Data Regist state: 0 mProprietaryDataRadioTechnology: 0 VoiceRejectCause: -1 DataRejectCause: -1 mCdmaNetWorkMode: 0 IsDataRoamingFromRegistration=false
01-01 12:08:01.584676  1613  2472 D TelephonyRegistry: notifyServiceStateForSubscriber Time 20160101T120548America/New_York(5,0,-18000,0,1451667948) mSubId -2 mPhoneId 0  mState 1 1 voice home data home null null null null null null  Unknown Unknown CSS not supported -1 -1 RoamInd=-1 DefRoamInd=-1 EmergOnly=true Ril Voice Regist state: 10 Ril Data Regist state: 0 mProprietaryDataRadioTechnology: 0 VoiceRejectCause: -1 DataRejectCause: -1 mCdmaNetWorkMode: 0 IsDataRoamingFromRegistration=false
01-01 12:08:01.589256  1613  2472 D TelephonyRegistry: notifyServiceStateForSubscriber Time 20160101T120557America/New_York(5,0,-18000,0,1451667957) mSubId -2 mPhoneId 0  mState 1 1 voice home data home null null null null null null  Unknown Unknown CSS not supported 0 0 RoamInd=-1 DefRoamInd=-1 EmergOnly=true Ril Voice Regist state: 10 Ril Data Regist state: 0 mProprietaryDataRadioTechnology: 0 VoiceRejectCause: -1 DataRejectCause: -1 mCdmaNetWorkMode: 0 IsDataRoamingFromRegistration=false
01-01 12:08:01.591053  1613  2472 D TelephonyRegistry: notifyServiceStateForSubscriber Time 20160101T120627America/New_York(5,0,-18000,0,1451667987) mSubId -2 mPhoneId 0  mState 1 1 voice home data home null null null null null null  Unknown Unknown CSS not supported -1 -1 RoamInd=-1 DefRoamInd=-1 EmergOnly=true Ril Voice Regist state: 10 Ril Data Regist state: 0 mProprietaryDataRadioTechnology: 0 VoiceRejectCause: -1 DataRejectCause: -1 mCdmaNetWorkMode: 0 IsDataRoamingFromRegistration=false
01-01 12:08:01.592719  1613  2472 D TelephonyRegistry: notifyServiceStateForSubscriber Time 20160101T120629America/New_York(5,0,-18000,0,1451667989) mSubId -2 mPhoneId 0  mState 1 1 voice home data home null null null null null null  Unknown Unknown CSS not supported 0 0 RoamInd=-1 DefRoamInd=-1 EmergOnly=true Ril Voice Regist state: 10 Ril Data Regist state: 0 mProprietaryDataRadioTechnology: 0 VoiceRejectCause: -1 DataRejectCause: -1 mCdmaNetWorkMode: 0 IsDataRoamingFromRegistration=false
01-01 12:08:01.592825  1613  2472 D TelephonyRegistry: notifySignalStrengthForSubscriber: ----------------
01-01 12:08:01.593113  1613  2472 D SubscriptionManager: [getPhoneId]- return dummy value, subId = -2
01-01 12:08:01.593244  1613  2472 D TelephonyRegistry: validatePhoneId: true
01-01 12:08:01.593371  1613  2472 D TelephonyRegistry: notifySignalStrengthForSubscriber: valid phoneId=0
01-01 12:08:01.594735  3079  3079 D SubscriptionController: [getPhoneId] asked for default subId=-1
01-01 12:08:01.595138  3079  3079 D SubscriptionController: [getPhoneId]- invalid subId = -1 return = -1
01-01 12:08:01.595836  1613  2472 D SubscriptionManager: [getPhoneId]- return dummy value, subId = -2
01-01 12:08:01.595957  1613  2472 D TelephonyRegistry: idMatch: rlt=false
01-01 12:08:01.597073  3079  3079 D SubscriptionController: [getPhoneId] asked for default subId=-1
01-01 12:08:01.597328  3079  3079 D SubscriptionController: [getPhoneId]- invalid subId = -1 return = -1
01-01 12:08:01.598071  1613  2472 D SubscriptionManager: [getPhoneId]- return dummy value, subId = -2
01-01 12:08:01.598180  1613  2472 D TelephonyRegistry: idMatch: rlt=false
01-01 12:08:01.598341  1613  2472 D TelephonyRegistry: handleRemoveListLocked: mRemoveList.size()=0
01-01 12:08:01.598607  1613  2472 W SignalStrength: SignalStrength get plugin
01-01 12:08:01.598881  1613  2472 I use-Rlog/RLOG-GSM: getLTELevel - rsrp:2147483647 snr:2147483647 rsrpIconLevel:-1 snrIconLevel:-1
01-01 12:08:01.598995  1613  2472 I use-Rlog/RLOG-GSM: getLTELevel - rssi:99 rssiIconLevel:0
01-01 12:08:01.599069  1613  2472 W SignalStrength: SignalStrength get plugin
01-01 12:08:01.599192  1613  2472 D use-Rlog/RLOG-GSM: mapGsmSignalDbm() gsmRscpQdbm=-348 asu=14
01-01 12:08:01.599254  1613  2472 W SignalStrength: SignalStrength get plugin
01-01 12:08:01.599788  1613  2472 D SubscriptionManager: [getPhoneId]- return dummy value, subId = -2
01-01 12:08:01.600662  3079  3079 D SubscriptionController: [getSubId]- sSlotIdxToSubId.size == 0, return DummySubIds slotIdx=0
01-01 12:08:01.600765  3079  3079 D SubscriptionController: getDummySubIds: slotIdx=0 return 2 DummySubIds with each subId=-2
01-01 12:08:01.602140  3079  3079 D GsmSST  : [GsmSST0] handleMessage msg done
01-01 12:08:02.037242  1313  1332 I RILC    : NUMBER:1
01-01 12:08:02.037332  1313  1332 I RILC    : arg len:14
01-01 12:08:02.037402  1313  1332 I RILC    : ARGS[0]:THERMAL,0,-1
01-01 12:08:02.037612  1313  1332 D RILC    : C[locl]> QUERY_MODEM_THERMAL
01-01 12:08:02.037881  1313  1332 D RILC-MTK: QUERY_MODEM_THERMAL pRI=0x7fab3cc7b0 p=0x7fab3d7030 dispatched to RIL_CMD_PROXY_1
01-01 12:08:02.038131  1313  1328 I RILC-MTK: RIL_CMD2_PROXY_2 wakeup
01-01 12:08:02.038164  1313  1321 I RILC-MTK: RIL_CMD_PROXY_3 wakeup
01-01 12:08:02.038189  1313  1328 I RILC-MTK: RIL_CMD2_PROXY_2 sleep
01-01 12:08:02.038236  1313  1324 I RILC-MTK: RIL_CMD_PROXY_4 wakeup
01-01 12:08:02.038283  1313  1329 I RILC-MTK: RIL_CMD2_PROXY_1 wakeup
01-01 12:08:02.038326  1313  1324 I RILC-MTK: RIL_CMD_PROXY_4 sleep
01-01 12:08:02.038379  1313  1327 I RILC-MTK: RIL_CMD2_PROXY_3 wakeup
01-01 12:08:02.038406  1313  1325 I RILC-MTK: RIL_ATCI_PROXY wakeup
01-01 12:08:02.038423  1313  1327 I RILC-MTK: RIL_CMD2_PROXY_3 sleep
01-01 12:08:02.038494  1313  1323 I RILC-MTK: RIL_CMD_PROXY_1 wakeup
01-01 12:08:02.038509  1313  1321 I RILC-MTK: RIL_CMD_PROXY_3 sleep
01-01 12:08:02.038584  1313  1322 I RILC-MTK: RIL_CMD_PROXY_2 wakeup
01-01 12:08:02.038258  1313  1320 I RILC-MTK: RIL_URC_PROXY wakeup
01-01 12:08:02.038624  1313  1322 I RILC-MTK: RIL_CMD_PROXY_2 sleep
01-01 12:08:02.038700  1313  1325 I RILC-MTK: RIL_ATCI_PROXY sleep
01-01 12:08:02.039175  1313  1331 I RILC-MTK: RIL_ATCI2_PROXY wakeup
01-01 12:08:02.039199  1313  1320 I RILC-MTK: RIL_URC_PROXY sleep
01-01 12:08:02.039279  1313  1323 D RILC-MTK: proxy id:3, proxyName: RIL_CMD_PROXY_1
01-01 12:08:02.039310  1313  1326 I RILC-MTK: RIL_URC2_PROXY wakeup
01-01 12:08:02.039353  1313  1326 I RILC-MTK: RIL_URC2_PROXY sleep
01-01 12:08:02.039350  1313  1323 D RILC-MTK: QUERY_MODEM_THERMAL pRI=0x7fab3cc7b0 p=0x7fab3d7030 execute on RIL_CMD_PROXY_1 using channel 3
01-01 12:08:02.039445  1313  1329 I RILC-MTK: RIL_CMD2_PROXY_1 sleep
01-01 12:08:02.039482  1313  1323 D RILC    : callOnRequest for new vendor ril
01-01 12:08:02.039551  1313  1323 D RIL     : onRequest: QUERY_MODEM_THERMAL, datalen = 8
01-01 12:08:02.039595  1313  1323 D RIL     : radioState:10
01-01 12:08:02.039647  1313  1323 D RIL     : requestQueryThermal Enter,-1
01-01 12:08:02.039701  1313  1323 D AT      : getRILChannelCtx subsystem:1, rid:0 channelOffset:0
01-01 12:08:02.039746  1313  1323 D AT      : AT send on RIL_CMD_READER_3, tid:548324013120
01-01 12:08:02.039788  1313  1323 D AT      : AT> AT+ETHERMAL
01-01 12:08:02.039825  1313  1323 I AT      : AT write start
01-01 12:08:02.040022  1222  1305 D RILMUXD : [gsm0710muxd] 3614:poll_thread(): poll_thread select found
01-01 12:08:02.040083  1222  1305 D RILMUXD : [gsm0710muxd] 1045:pseudo_device_read(): Enter, LackofAtciChannel=0
01-01 12:08:02.040143  1222  1305 D RILMUXD : [gsm0710muxd] 657:write_frame(): Sending frame to channel 5
01-01 12:08:02.040245  1222  1305 D RILMUXD : [gsm0710muxd] 766:write_frame(): Write a frame on channel 5 with length 12
01-01 12:08:02.040331  1313  1330 I RILC-MTK: RIL_CMD2_PROXY_4 wakeup
01-01 12:08:02.040399  1313  1330 I RILC-MTK: RIL_CMD2_PROXY_4 sleep
01-01 12:08:02.040548  1313  1331 I RILC-MTK: RIL_ATCI2_PROXY sleep
01-01 12:08:02.047933  1222  1298 D RILMUXD : [gsm0710muxd] 1643:gsm0710_base_buffer_get_frame(): Get a complete frame. ch:5, ctrl:239, len:44
01-01 12:08:02.048030  1222  1298 D RILMUXD : [gsm0710muxd] 2383:extract_frames(): Writing 44 byte frame received on channel 5 to /dev/pts/5
01-01 12:08:02.048128  1222  1298 D RILMUXD : [gsm0710muxd] 2403:extract_frames(): write() returned. Written 44/44 bytes of frame to /dev/pts/5
01-01 12:08:02.048182  1222  1298 D RILMUXD : [gsm0710muxd] 2408:extract_frames(): fsync() failed (-1, 22 - Invalid argument)
01-01 12:08:02.048243  1222  1298 D RILMUXD : [gsm0710muxd] 1643:gsm0710_base_buffer_get_frame(): Get a complete frame. ch:5, ctrl:239, len:6
01-01 12:08:02.048294  1222  1298 D RILMUXD : [gsm0710muxd] 2383:extract_frames(): Writing 6 byte frame received on channel 5 to /dev/pts/5
01-01 12:08:02.048377  1222  1298 D RILMUXD : [gsm0710muxd] 2403:extract_frames(): write() returned. Written 6/6 bytes of frame to /dev/pts/5
01-01 12:08:02.048438  1222  1298 D RILMUXD : [gsm0710muxd] 2408:extract_frames(): fsync() failed (-1, 22 - Invalid argument)
01-01 12:08:02.048586  1313  1339 I AT      : AT read end: 50
01-01 12:08:02.048645  1313  1339 D AT      : AT< +ETHERMAL: 2, 32767, -127, -1, 32767, 18
01-01 12:08:02.048690  1313  1339 D AT      : RIL_CMD_READER_3 Enter processLine:+ETHERMAL: 2, 32767, -127, -1, 32767, 18
01-01 12:08:02.048740  1313  1339 D AT      : AT< OK
01-01 12:08:02.048781  1313  1339 D AT      : RIL_CMD_READER_3 Enter processLine:OK
01-01 12:08:02.048839  1313  1339 I AT      : AT read start
01-01 12:08:02.048975  1313  1323 D AT      : response received on RIL_CMD_READER_3, tid:548324013120
01-01 12:08:02.049034  1313  1323 D RIL     : requestQueryThermal success
01-01 12:08:02.049079  1313  1323 D RILC    : RequestComplete, RIL_SOCKET_1
01-01 12:08:02.049124  1313  1323 D RILC    : [THERMAL] local request for THERMAL returned 
01-01 12:08:02.049174  1313  1323 D RILC    : [THERMAL] s_THERMAL_fd is valid strResult is  2, 32767, -127, -1, 32767, 18
01-01 12:08:02.049265  1313  1323 D RILC-MTK: proxyLoop free  pRI=0x7fab3cc7b0 p=0x7fab3d7030 
01-01 12:08:02.049320  1313  1323 D RILC-MTK: proxyLoop free  pRequest=0x7fa90c2160
01-01 12:08:02.049390  1313  1323 I RILC-MTK: RIL_CMD_PROXY_1 sleep
01-01 12:08:03.928892  1222  1222 D RILMUXD : [gsm0710muxd] 3897:main(): Frames received/dropped: 1211/0
