01-01 12:06:28.041752  1613  3159 D TelephonyRegistry: validateEventsAndUserLocked: valid=false r.callerUserId=0 foregroundUser=0 r.events=0 events=16
01-01 12:06:28.041927  1613  3159 D TelephonyRegistry: validateEventsAndUserLocked: valid=false r.callerUserId=0 foregroundUser=0 r.events=1 events=16
01-01 12:06:28.042087  1613  3159 D TelephonyRegistry: validateEventsAndUserLocked: valid=false r.callerUserId=0 foregroundUser=0 r.events=0 events=16
01-01 12:06:28.042242  1613  3159 D TelephonyRegistry: validateEventsAndUserLocked: valid=false r.callerUserId=0 foregroundUser=0 r.events=1 events=16
01-01 12:06:28.042406  1613  3159 D TelephonyRegistry: validateEventsAndUserLocked: valid=false r.callerUserId=0 foregroundUser=0 r.events=1 events=16
01-01 12:06:28.042561  1613  3159 D TelephonyRegistry: validateEventsAndUserLocked: valid=false r.callerUserId=0 foregroundUser=0 r.events=0 events=16
01-01 12:06:28.042717  1613  3159 D TelephonyRegistry: validateEventsAndUserLocked: valid=false r.callerUserId=0 foregroundUser=0 r.events=0 events=16
01-01 12:06:28.042871  1613  3159 D TelephonyRegistry: validateEventsAndUserLocked: valid=false r.callerUserId=0 foregroundUser=0 r.events=1 events=16
01-01 12:06:28.042961  1613  3159 D TelephonyRegistry: handleRemoveListLocked: mRemoveList.size()=0
01-01 12:06:28.043324  3079  3079 D GsmSST  : [GsmSST0] handleMessage msg done
01-01 12:06:28.043641  3079  3079 D CallManager:  handleMessage (EVENT_SERVICE_STATE_CHANGED)
01-01 12:06:28.044450  3079  3079 D SubscriptionController: [getSubId]- sSlotIdxToSubId.size == 0, return DummySubIds slotIdx=0
01-01 12:06:28.044529  3079  3079 D SubscriptionController: getDummySubIds: slotIdx=0 return 2 DummySubIds with each subId=-2
01-01 12:06:28.805014  1313  1332 D RILC    : s_last_wake_timeout_info: 0x7fa9243060 
01-01 12:06:28.805356  1313  1332 D RILC    : userTimerCallback free  p_info: 0x7fa92437e0
01-01 12:06:28.805542  1313  1332 D RILC    : userTimerCallback free  p_info->event: 0x7fa92437f0
01-01 12:06:28.821647  1313  1332 D RILC    : s_last_wake_timeout_info: 0x7fa9243060 reset to NULL
01-01 12:06:28.821975  1313  1332 D RILC    : userTimerCallback free  p_info: 0x7fa9243060
01-01 12:06:28.822159  1313  1332 D RILC    : userTimerCallback free  p_info->event: 0x7fa9243070
01-01 12:06:28.923342  1222  1222 D RILMUXD : [gsm0710muxd] 3897:main(): Frames received/dropped: 1150/0
01-01 12:06:29.002736  1222  1298 D RILMUXD : [gsm0710muxd] 1643:gsm0710_base_buffer_get_frame(): Get a complete frame. ch:2, ctrl:239, len:36
01-01 12:06:29.002968  1222  1298 D RILMUXD : [gsm0710muxd] 2383:extract_frames(): Writing 36 byte frame received on channel 2 to /dev/pts/2
01-01 12:06:29.003198  1222  1298 D RILMUXD : [gsm0710muxd] 2403:extract_frames(): write() returned. Written 36/36 bytes of frame to /dev/pts/2
01-01 12:06:29.003392  1222  1298 D RILMUXD : [gsm0710muxd] 2408:extract_frames(): fsync() failed (-1, 22 - Invalid argument)
01-01 12:06:29.003552  1222  1298 D RILMUXD : [gsm0710muxd] 1643:gsm0710_base_buffer_get_frame(): Get a complete frame. ch:2, ctrl:239, len:42
01-01 12:06:29.003695  1222  1298 D RILMUXD : [gsm0710muxd] 2383:extract_frames(): Writing 42 byte frame received on channel 2 to /dev/pts/2
01-01 12:06:29.003863  1222  1298 D RILMUXD : [gsm0710muxd] 2403:extract_frames(): write() returned. Written 42/42 bytes of frame to /dev/pts/2
01-01 12:06:29.003999  1222  1298 D RILMUXD : [gsm0710muxd] 2408:extract_frames(): fsync() failed (-1, 22 - Invalid argument)
01-01 12:06:29.004341  1313  1336 I AT      : AT read end: 78
01-01 12:06:29.004472  1313  1336 D AT      : AT< +CREG: 0,"A80F","00CD27B3",2,0,0
01-01 12:06:29.004595  1313  1336 D AT      : RIL_URC_READER Enter processLine:+CREG: 0,"A80F","00CD27B3",2,0,0
01-01 12:06:29.004730  1313  1336 D RIL     : Nw URC:+CREG: 0,"A80F","00CD27B3",2,0,0
01-01 12:06:29.004859  1313  1336 D RIL     : NW state changed: normal case
01-01 12:06:29.004974  1313  1336 D RIL     : The URC is "A80F","00CD27B3",2,0,0
01-01 12:06:29.005059  3079  3103 D GSMPhone: [GSMPhone] getDeviceId: null
01-01 12:06:29.005095  1313  1336 D RIL     : convertRegState() uiRegState=0 , uiRet=0 
01-01 12:06:29.005231  1313  1336 D RIL     : onNetworkStateChanged() , stat=0 , is_cs=1
01-01 12:06:29.005393  1313  1336 D RIL     : +creg urc <ci>: 13445043
01-01 12:06:29.005526  1313  1336 D RIL     : bCREGType3Support=1
01-01 12:06:29.005649  1313  1336 D RIL     : now +creg urc <cause_type>: 0
01-01 12:06:29.005767  1313  1336 D RIL     : now +creg urc <cause>: 0
01-01 12:06:29.005990  1313  1336 I RILC    : RIL_SOCKET_1 UNSOLICITED: UNSOL_RESPONSE_VOICE_NETWORK_STATE_CHANGED length:72
01-01 12:06:29.006111  1313  1336 E RILC    : Send Response to RIL_SOCKET_1
01-01 12:06:29.006706  1313  1336 D RILC    : internalRequestTimedCallback malloc p_info: 0x7fa92438a0
01-01 12:06:29.006844  1313  1336 D RILC    : internalRequestTimedCallback malloc p_info->event: 0x7fa92438b0
01-01 12:06:29.007053  1313  1336 D AT      : AT< +CGREG: 0,"A80F","00CD27B3",2,"0F",0,0
01-01 12:06:29.007179  1313  1336 D AT      : RIL_URC_READER Enter processLine:+CGREG: 0,"A80F","00CD27B3",2,"0F",0,0
01-01 12:06:29.007306  1313  1336 D RIL     : Nw URC:+CGREG: 0,"A80F","00CD27B3",2,"0F",0,0
01-01 12:06:29.007430  1313  1336 D RIL     : NW state changed: normal case
01-01 12:06:29.007546  1313  1336 D RIL     : The URC is "A80F","00CD27B3",2,"0F",0,0
01-01 12:06:29.007669  1313  1336 D RIL     : convertRegState() uiRegState=0 , uiRet=0 
01-01 12:06:29.008985  3079  3442 V RILJ    : [UNSL]< UNSOL_RESPONSE_VOICE_NETWORK_STATE_CHANGED {0, a80f, cd27b3, 2, 0} [SUB0]
01-01 12:06:29.009756  3079  3079 D GsmSST  : [GsmSST0] handle EVENT_NETWORK_STATE_CHANGED
01-01 12:06:29.010039  3079  3079 D GsmSST  : [GsmSST0] onNetworkStateChangeResult state:0 lac:43023 cid:13445043 Act:2 cause:0
01-01 12:06:29.010452  3079  3079 I use-Rlog/RLOG-GSM: clear dontUpdateNetworkStateFlag
01-01 12:06:29.010674  3079  3079 D GsmSST  : [GsmSST0] mNewCellLoc Updated, lac:43023 and cid:13445043
01-01 12:06:29.012339  3079  3079 D SubscriptionController: [getSubId]- sSlotIdxToSubId.size == 0, return DummySubIds slotIdx=0
01-01 12:06:29.012564  3079  3079 D SubscriptionController: getDummySubIds: slotIdx=0 return 2 DummySubIds with each subId=-2
01-01 12:06:29.012795  3079  3079 D GsmSST  : [GsmSST0] Invalid subId, return invalid networkType
01-01 12:06:29.013020  3079  3079 D GsmSST  : [GsmSST0] pollState RadioState is RADIO_ON, currentNetworkMode= -1
01-01 12:06:29.014036  1313  1336 D RIL     : onNetworkStateChanged() , stat=0 , is_cs=0
01-01 12:06:29.014344  1313  1336 I RILC    : RIL_SOCKET_1 UNSOLICITED: UNSOL_RESPONSE_PS_NETWORK_STATE_CHANGED length:16
01-01 12:06:29.014481  1313  1336 E RILC    : Send Response to RIL_SOCKET_1
01-01 12:06:29.014752  1313  1336 D RILC    : s_last_wake_timeout_info: 0x7fa92438a0, cancel
01-01 12:06:29.014885  1313  1336 D RILC    : internalRequestTimedCallback malloc p_info: 0x7fa9243840
01-01 12:06:29.015015  1313  1336 D RILC    : internalRequestTimedCallback malloc p_info->event: 0x7fa9243850
01-01 12:06:29.015233  1313  1336 I AT      : AT read start
01-01 12:06:29.016359  3079  3442 D RILJ    : responseInts numInts=1 [SUB0]
01-01 12:06:29.016632  3079  3442 D RILJ    : responseInts response[0]=0 [SUB0]
01-01 12:06:29.016751  3079  3079 D RILJ    : [3973]> OPERATOR [SUB0]
01-01 12:06:29.016868  3079  3442 D RILJ    : [UNSL]< UNSOL_RESPONSE_PS_NETWORK_STATE_CHANGED [SUB0]
01-01 12:06:29.024162  3079  3079 D RILJ    : [3974]> DATA_REGISTRATION_STATE [SUB0]
01-01 12:06:29.029176  1313  1332 D RILC    : SOCKET RIL_SOCKET_1 REQUEST: OPERATOR length:8
01-01 12:06:29.029309  1313  1332 I RILC-MTK: create request 22: pRequest=0x7fa90c2020, pRI=0x7fab3ccae0, p=0x7fab3d6d20, pUCI=0x0
01-01 12:06:29.029410  1313  1332 D RILC-MTK: OPERATOR pRI=0x7fab3ccae0 p=0x7fab3d6d20 dispatched to RIL_CMD_PROXY_3
01-01 12:06:29.029820  1313  1331 I RILC-MTK: RIL_ATCI2_PROXY wakeup
01-01 12:06:29.029918  1313  1331 I RILC-MTK: RIL_ATCI2_PROXY sleep
01-01 12:06:29.030046  1313  1328 I RILC-MTK: RIL_CMD2_PROXY_2 wakeup
01-01 12:06:29.030133  1313  1328 I RILC-MTK: RIL_CMD2_PROXY_2 sleep
01-01 12:06:29.030252  1313  1326 I RILC-MTK: RIL_URC2_PROXY wakeup
01-01 12:06:29.030337  1313  1326 I RILC-MTK: RIL_URC2_PROXY sleep
01-01 12:06:29.030491  1313  1322 I RILC-MTK: RIL_CMD_PROXY_2 wakeup
01-01 12:06:29.030579  1313  1322 I RILC-MTK: RIL_CMD_PROXY_2 sleep
01-01 12:06:29.030704  1313  1329 I RILC-MTK: RIL_CMD2_PROXY_1 wakeup
01-01 12:06:29.030788  1313  1329 I RILC-MTK: RIL_CMD2_PROXY_1 sleep
01-01 12:06:29.030907  1313  1324 I RILC-MTK: RIL_CMD_PROXY_4 wakeup
01-01 12:06:29.030992  1313  1324 I RILC-MTK: RIL_CMD_PROXY_4 sleep
01-01 12:06:29.031155  1313  1327 I RILC-MTK: RIL_CMD2_PROXY_3 wakeup
01-01 12:06:29.031241  1313  1327 I RILC-MTK: RIL_CMD2_PROXY_3 sleep
01-01 12:06:29.031370  1313  1330 I RILC-MTK: RIL_CMD2_PROXY_4 wakeup
01-01 12:06:29.031458  1313  1330 I RILC-MTK: RIL_CMD2_PROXY_4 sleep
01-01 12:06:29.031580  1313  1325 I RILC-MTK: RIL_ATCI_PROXY wakeup
01-01 12:06:29.031666  1313  1325 I RILC-MTK: RIL_ATCI_PROXY sleep
01-01 12:06:29.031791  1313  1321 I RILC-MTK: RIL_CMD_PROXY_3 wakeup
01-01 12:06:29.031884  1313  1321 D RILC-MTK: proxy id:1, proxyName: RIL_CMD_PROXY_3
01-01 12:06:29.031979  1313  1321 D RILC-MTK: OPERATOR pRI=0x7fab3ccae0 p=0x7fab3d6d20 execute on RIL_CMD_PROXY_3 using channel 1
01-01 12:06:29.032275  1313  1323 I RILC-MTK: RIL_CMD_PROXY_1 wakeup
01-01 12:06:29.032360  1313  1323 I RILC-MTK: RIL_CMD_PROXY_1 sleep
01-01 12:06:29.032476  1313  1320 I RILC-MTK: RIL_URC_PROXY wakeup
01-01 12:06:29.032557  1313  1320 I RILC-MTK: RIL_URC_PROXY sleep
01-01 12:06:29.034769  1313  1321 D RILC    : callOnRequest for new vendor ril
01-01 12:06:29.034864  1313  1321 D RIL     : onRequest: OPERATOR, datalen = 0
01-01 12:06:29.034947  1313  1321 D RIL     : radioState:10
01-01 12:06:29.035043  1313  1321 D AT      : AT send on RIL_CMD_READER_1, tid:548326093888
01-01 12:06:29.035129  1313  1321 D AT      : AT> AT+COPS?
01-01 12:06:29.035267  1313  1321 I AT      : AT write start
01-01 12:06:29.035614  1222  1302 D RILMUXD : [gsm0710muxd] 3614:poll_thread(): poll_thread select found
01-01 12:06:29.035791  1222  1302 D RILMUXD : [gsm0710muxd] 1045:pseudo_device_read(): Enter, LackofAtciChannel=0
01-01 12:06:29.035915  1222  1302 D RILMUXD : [gsm0710muxd] 657:write_frame(): Sending frame to channel 3
01-01 12:06:29.036105  1222  1302 D RILMUXD : [gsm0710muxd] 766:write_frame(): Write a frame on channel 3 with length 9
01-01 12:06:29.038415  3079  3079 D RILJ    : [3975]> VOICE_REGISTRATION_STATE [SUB0]
01-01 12:06:29.038745  1222  1298 D RILMUXD : [gsm0710muxd] 1643:gsm0710_base_buffer_get_frame(): Get a complete frame. ch:3, ctrl:239, len:12
01-01 12:06:29.038987  1222  1298 D RILMUXD : [gsm0710muxd] 2383:extract_frames(): Writing 12 byte frame received on channel 3 to /dev/pts/3
01-01 12:06:29.039077  1222  1298 D RILMUXD : [gsm0710muxd] 2403:extract_frames(): write() returned. Written 12/12 bytes of frame to /dev/pts/3
01-01 12:06:29.039132  1222  1298 D RILMUXD : [gsm0710muxd] 2408:extract_frames(): fsync() failed (-1, 22 - Invalid argument)
01-01 12:06:29.039345  1313  1337 I AT      : AT read end: 12
01-01 12:06:29.039398  1313  1337 D AT      : AT< +COPS: 0
01-01 12:06:29.039443  1313  1337 D AT      : RIL_CMD_READER_1 Enter processLine:+COPS: 0
01-01 12:06:29.039492  1313  1337 I AT      : AT read start
01-01 12:06:29.039608  1222  1298 D RILMUXD : [gsm0710muxd] 1643:gsm0710_base_buffer_get_frame(): Get a complete frame. ch:3, ctrl:239, len:6
01-01 12:06:29.039663  1222  1298 D RILMUXD : [gsm0710muxd] 2383:extract_frames(): Writing 6 byte frame received on channel 3 to /dev/pts/3
01-01 12:06:29.039738  1222  1298 D RILMUXD : [gsm0710muxd] 2403:extract_frames(): write() returned. Written 6/6 bytes of frame to /dev/pts/3
01-01 12:06:29.039882  1222  1298 D RILMUXD : [gsm0710muxd] 2408:extract_frames(): fsync() failed (-1, 22 - Invalid argument)
01-01 12:06:29.039989  1313  1337 I AT      : AT read end: 6
01-01 12:06:29.040033  1313  1337 D AT      : AT< OK
01-01 12:06:29.040077  1313  1337 D AT      : RIL_CMD_READER_1 Enter processLine:OK
01-01 12:06:29.040152  1313  1337 I AT      : AT read start
01-01 12:06:29.040374  1313  1332 D RILC    : SOCKET RIL_SOCKET_1 REQUEST: DATA_REGISTRATION_STATE length:8
01-01 12:06:29.040435  1313  1332 I RILC-MTK: create request 21: pRequest=0x7fa90c20c0, pRI=0x7fab3ccb10, p=0x7fab3d6f50, pUCI=0x0
01-01 12:06:29.040482  1313  1332 D RILC-MTK: DATA_REGISTRATION_STATE pRI=0x7fab3ccb10 p=0x7fab3d6f50 dispatched to RIL_CMD_PROXY_3
01-01 12:06:29.041211  1313  1327 I RILC-MTK: RIL_CMD2_PROXY_3 wakeup
01-01 12:06:29.041277  1313  1327 I RILC-MTK: RIL_CMD2_PROXY_3 sleep
01-01 12:06:29.041504  1313  1330 I RILC-MTK: RIL_CMD2_PROXY_4 wakeup
01-01 12:06:29.041560  1313  1330 I RILC-MTK: RIL_CMD2_PROXY_4 sleep
01-01 12:06:29.041812  1313  1325 I RILC-MTK: RIL_ATCI_PROXY wakeup
01-01 12:06:29.041868  1313  1325 I RILC-MTK: RIL_ATCI_PROXY sleep
01-01 12:06:29.042237  1313  1320 I RILC-MTK: RIL_URC_PROXY wakeup
01-01 12:06:29.042298  1313  1320 I RILC-MTK: RIL_URC_PROXY sleep
01-01 12:06:29.042367  1313  1326 I RILC-MTK: RIL_URC2_PROXY wakeup
01-01 12:06:29.042409  1313  1326 I RILC-MTK: RIL_URC2_PROXY sleep
01-01 12:06:29.042472  1313  1323 I RILC-MTK: RIL_CMD_PROXY_1 wakeup
01-01 12:06:29.042502  1313  1329 I RILC-MTK: RIL_CMD2_PROXY_1 wakeup
01-01 12:06:29.042566  1313  1329 I RILC-MTK: RIL_CMD2_PROXY_1 sleep
01-01 12:06:29.042637  1313  1328 I RILC-MTK: RIL_CMD2_PROXY_2 wakeup
01-01 12:06:29.042682  1313  1328 I RILC-MTK: RIL_CMD2_PROXY_2 sleep
01-01 12:06:29.042750  1313  1331 I RILC-MTK: RIL_ATCI2_PROXY wakeup
01-01 12:06:29.042795  1313  1331 I RILC-MTK: RIL_ATCI2_PROXY sleep
01-01 12:06:29.042887  1313  1323 I RILC-MTK: RIL_CMD_PROXY_1 sleep
01-01 12:06:29.042952  1313  1322 I RILC-MTK: RIL_CMD_PROXY_2 wakeup
01-01 12:06:29.042994  1313  1322 I RILC-MTK: RIL_CMD_PROXY_2 sleep
01-01 12:06:29.043056  1313  1324 I RILC-MTK: RIL_CMD_PROXY_4 wakeup
01-01 12:06:29.043106  1313  1324 I RILC-MTK: RIL_CMD_PROXY_4 sleep
01-01 12:06:29.043192  1313  1321 D AT      : response received on RIL_CMD_READER_1, tid:548326093888
01-01 12:06:29.043253  1313  1321 D AT      : AT send on RIL_CMD_READER_1, tid:548326093888
01-01 12:06:29.043300  1313  1321 D AT      : AT> AT+EOPS?
01-01 12:06:29.043342  1313  1321 I AT      : AT write start
01-01 12:06:29.043545  1222  1302 D RILMUXD : [gsm0710muxd] 3614:poll_thread(): poll_thread select found
01-01 12:06:29.043606  1222  1302 D RILMUXD : [gsm0710muxd] 1045:pseudo_device_read(): Enter, LackofAtciChannel=0
01-01 12:06:29.043670  1222  1302 D RILMUXD : [gsm0710muxd] 657:write_frame(): Sending frame to channel 3
01-01 12:06:29.043774  1222  1302 D RILMUXD : [gsm0710muxd] 766:write_frame(): Write a frame on channel 3 with length 9
01-01 12:06:29.045233  3079  3079 D RILJ    : [3976]> QUERY_NETWORK_SELECTION_MODE [SUB0]
01-01 12:06:29.045370  1222  1298 D RILMUXD : [gsm0710muxd] 1643:gsm0710_base_buffer_get_frame(): Get a complete frame. ch:3, ctrl:239, len:24
01-01 12:06:29.045435  1222  1298 D RILMUXD : [gsm0710muxd] 2383:extract_frames(): Writing 24 byte frame received on channel 3 to /dev/pts/3
01-01 12:06:29.045549  1222  1298 D RILMUXD : [gsm0710muxd] 2403:extract_frames(): write() returned. Written 24/24 bytes of frame to /dev/pts/3
01-01 12:06:29.045602  1222  1298 D RILMUXD : [gsm0710muxd] 2408:extract_frames(): fsync() failed (-1, 22 - Invalid argument)
01-01 12:06:29.046020  1313  1332 D RILC    : SOCKET RIL_SOCKET_1 REQUEST: VOICE_REGISTRATION_STATE length:8
01-01 12:06:29.046097  1313  1332 I RILC-MTK: create request 20: pRequest=0x7fa90c20e0, pRI=0x7fab3ccb40, p=0x7fab3d6fc0, pUCI=0x0
01-01 12:06:29.046146  1313  1332 D RILC-MTK: 1:DATA_REGISTRATION_STATE pRI=0x7fab3ccb10 p=0x7fab3d6f50 is queued in RIL_CMD_PROXY_3
01-01 12:06:29.046191  1313  1332 D RILC-MTK: **** the last executed cmd for RIL_CMD_PROXY_3 is OPERATOR ****
01-01 12:06:29.046238  1313  1332 D RILC-MTK: Request pRI=0x7fab3ccb40 to RIL_CMD_PROXY_3 is busy. total:2 requests pending
01-01 12:06:29.047305  1222  1298 D RILMUXD : [gsm0710muxd] 1643:gsm0710_base_buffer_get_frame(): Get a complete frame. ch:3, ctrl:239, len:6
01-01 12:06:29.047368  1222  1298 D RILMUXD : [gsm0710muxd] 2383:extract_frames(): Writing 6 byte frame received on channel 3 to /dev/pts/3
01-01 12:06:29.047436  1222  1298 D RILMUXD : [gsm0710muxd] 2403:extract_frames(): write() returned. Written 6/6 bytes of frame to /dev/pts/3
01-01 12:06:29.047488  1222  1298 D RILMUXD : [gsm0710muxd] 2408:extract_frames(): fsync() failed (-1, 22 - Invalid argument)
01-01 12:06:29.047676  1313  1337 I AT      : AT read end: 30
01-01 12:06:29.047955  1313  1337 D AT      : AT< +EOPS: 0,2,"46001",0
01-01 12:06:29.048001  1313  1337 D AT      : RIL_CMD_READER_1 Enter processLine:+EOPS: 0,2,"46001",0
01-01 12:06:29.048050  1313  1337 D AT      : AT< OK
01-01 12:06:29.048090  1313  1337 D AT      : RIL_CMD_READER_1 Enter processLine:OK
01-01 12:06:29.048154  1313  1337 I AT      : AT read start
01-01 12:06:29.048280  1313  1321 D AT      : response received on RIL_CMD_READER_1, tid:548326093888
01-01 12:06:29.048334  1313  1321 D RIL     : EOPS Get operator code 46001
01-01 12:06:29.048379  1313  1321 D RILC    : RequestComplete, RIL_SOCKET_1
01-01 12:06:29.048441  1313  1321 E RILC    : Send Response to RIL_SOCKET_1
01-01 12:06:29.048561  1313  1321 D RILC-MTK: proxyLoop free  pRI=0x7fab3ccae0 p=0x7fab3d6d20 
01-01 12:06:29.048610  1313  1321 D RILC-MTK: proxyLoop free  pRequest=0x7fa90c2020
01-01 12:06:29.048655  1313  1321 D RILC-MTK: proxy id:1, proxyName: RIL_CMD_PROXY_3
01-01 12:06:29.048700  1313  1321 D RILC-MTK: DATA_REGISTRATION_STATE pRI=0x7fab3ccb10 p=0x7fab3d6f50 execute on RIL_CMD_PROXY_3 using channel 1
01-01 12:06:29.048743  1313  1321 D RILC    : callOnRequest for new vendor ril
01-01 12:06:29.048809  1313  1321 D RIL     : onRequest: DATA_REGISTRATION_STATE, datalen = 0
01-01 12:06:29.048852  1313  1321 D RIL     : radioState:10
01-01 12:06:29.048906  1313  1321 D RIL     : request gprs reg state: normal case
01-01 12:06:29.048958  1313  1321 D AT      : AT send on RIL_CMD_READER_1, tid:548326093888
01-01 12:06:29.049002  1313  1321 D AT      : AT> AT+CGREG?
01-01 12:06:29.049042  1313  1321 I AT      : AT write start
01-01 12:06:29.049217  1222  1302 D RILMUXD : [gsm0710muxd] 3614:poll_thread(): poll_thread select found
01-01 12:06:29.049282  1222  1302 D RILMUXD : [gsm0710muxd] 1045:pseudo_device_read(): Enter, LackofAtciChannel=0
01-01 12:06:29.049354  1222  1302 D RILMUXD : [gsm0710muxd] 657:write_frame(): Sending frame to channel 3
01-01 12:06:29.049457  1222  1302 D RILMUXD : [gsm0710muxd] 766:write_frame(): Write a frame on channel 3 with length 9
01-01 12:06:29.049518  3079  3442 D RILJ    : [3973]< OPERATOR {46001} [SUB0]
01-01 12:06:29.049847  3079  3079 D GsmSST  : [GsmSST0] handleMessage msg done
01-01 12:06:29.050071  3079  3079 D GsmSST  : [GsmSST0] handle EVENT_PS_NETWORK_STATE_CHANGED
01-01 12:06:29.050157  3079  3079 D GsmSST  : [GsmSST0] mPsRegState:1,new:1,result:0
01-01 12:06:29.051220  1313  1332 D RILC    : SOCKET RIL_SOCKET_1 REQUEST: QUERY_NETWORK_SELECTION_MODE length:8
01-01 12:06:29.051310  1313  1332 I RILC-MTK: create request 45: pRequest=0x7fa90c2220, pRI=0x7fab3cc180, p=0x7fab3d6310, pUCI=0x0
01-01 12:06:29.051362  1313  1332 D RILC-MTK: 1:VOICE_REGISTRATION_STATE pRI=0x7fab3ccb40 p=0x7fab3d6fc0 is queued in RIL_CMD_PROXY_3
01-01 12:06:29.051409  1313  1332 D RILC-MTK: **** the last executed cmd for RIL_CMD_PROXY_3 is DATA_REGISTRATION_STATE ****
01-01 12:06:29.051458  1313  1332 D RILC-MTK: Request pRI=0x7fab3cc180 to RIL_CMD_PROXY_3 is busy. total:2 requests pending
01-01 12:06:29.053114  3079  3079 D SubscriptionController: [getSubId]- sSlotIdxToSubId.size == 0, return DummySubIds slotIdx=0
01-01 12:06:29.053233  3079  3079 D SubscriptionController: getDummySubIds: slotIdx=0 return 2 DummySubIds with each subId=-2
01-01 12:06:29.053325  3079  3079 D GsmSST  : [GsmSST0] Invalid subId, return invalid networkType
01-01 12:06:29.053421  3079  3079 D GsmSST  : [GsmSST0] pollState RadioState is RADIO_ON, currentNetworkMode= -1
01-01 12:06:29.053607  3079  3079 D RILJ    : [3977]> OPERATOR [SUB0]
01-01 12:06:29.054079  1222  1302 D RILMUXD : [gsm0710muxd] 3614:poll_thread(): poll_thread select found
01-01 12:06:29.054149  1222  1302 D RILMUXD : [gsm0710muxd] 1045:pseudo_device_read(): Enter, LackofAtciChannel=0
01-01 12:06:29.054208  1222  1302 D RILMUXD : [gsm0710muxd] 657:write_frame(): Sending frame to channel 3
01-01 12:06:29.054309  1222  1302 D RILMUXD : [gsm0710muxd] 766:write_frame(): Write a frame on channel 3 with length 1
01-01 12:06:29.057657  3079  3079 D RILJ    : [3978]> DATA_REGISTRATION_STATE [SUB0]
01-01 12:06:29.060466  1313  1332 D RILC    : SOCKET RIL_SOCKET_1 REQUEST: OPERATOR length:8
01-01 12:06:29.060556  1313  1332 I RILC-MTK: create request 22: pRequest=0x7fa90c2040, pRI=0x7fab3cc3c0, p=0x7fab3d68c0, pUCI=0x0
01-01 12:06:29.060605  1313  1332 D RILC-MTK: 1:VOICE_REGISTRATION_STATE pRI=0x7fab3ccb40 p=0x7fab3d6fc0 is queued in RIL_CMD_PROXY_3
01-01 12:06:29.060651  1313  1332 D RILC-MTK: 2:QUERY_NETWORK_SELECTION_MODE pRI=0x7fab3cc180 p=0x7fab3d6310 is queued in RIL_CMD_PROXY_3
01-01 12:06:29.060698  1313  1332 D RILC-MTK: **** the last executed cmd for RIL_CMD_PROXY_3 is DATA_REGISTRATION_STATE ****
01-01 12:06:29.060744  1313  1332 D RILC-MTK: Request pRI=0x7fab3cc3c0 to RIL_CMD_PROXY_3 is busy. total:3 requests pending
01-01 12:06:29.060983  1222  1298 D RILMUXD : [gsm0710muxd] 1643:gsm0710_base_buffer_get_frame(): Get a complete frame. ch:3, ctrl:239, len:44
01-01 12:06:29.061046  1222  1298 D RILMUXD : [gsm0710muxd] 2383:extract_frames(): Writing 44 byte frame received on channel 3 to /dev/pts/3
01-01 12:06:29.061135  1222  1298 D RILMUXD : [gsm0710muxd] 2403:extract_frames(): write() returned. Written 44/44 bytes of frame to /dev/pts/3
01-01 12:06:29.061188  1222  1298 D RILMUXD : [gsm0710muxd] 2408:extract_frames(): fsync() failed (-1, 22 - Invalid argument)
01-01 12:06:29.061245  1222  1298 D RILMUXD : [gsm0710muxd] 1643:gsm0710_base_buffer_get_frame(): Get a complete frame. ch:3, ctrl:239, len:6
01-01 12:06:29.061295  1222  1298 D RILMUXD : [gsm0710muxd] 2383:extract_frames(): Writing 6 byte frame received on channel 3 to /dev/pts/3
01-01 12:06:29.061368  1222  1298 D RILMUXD : [gsm0710muxd] 2403:extract_frames(): write() returned. Written 6/6 bytes of frame to /dev/pts/3
01-01 12:06:29.061423  1222  1298 D RILMUXD : [gsm0710muxd] 2408:extract_frames(): fsync() failed (-1, 22 - Invalid argument)
01-01 12:06:29.062106  1313  1337 I AT      : AT read end: 50
01-01 12:06:29.062179  1313  1337 D AT      : AT< +CGREG: 3,0,"A80F","00CD27B3",2,"0F",0,0
01-01 12:06:29.062229  1313  1337 D AT      : RIL_CMD_READER_1 Enter processLine:+CGREG: 3,0,"A80F","00CD27B3",2,"0F",0,0
01-01 12:06:29.062279  1313  1337 D AT      : AT< OK
01-01 12:06:29.062324  1313  1337 D AT      : RIL_CMD_READER_1 Enter processLine:OK
01-01 12:06:29.062388  1313  1337 I AT      : AT read start
01-01 12:06:29.062457  1313  1321 D AT      : response received on RIL_CMD_READER_1, tid:548326093888
01-01 12:06:29.062518  1313  1321 D RIL     : convertRegState() uiRegState=0 , uiRet=0 
01-01 12:06:29.062563  1313  1321 D RIL     : dontChangeCgregFormat=0
01-01 12:06:29.062609  1313  1321 E RIL     : it is short CREG CGREG
01-01 12:06:29.062664  1313  1321 E RIL     : rid: 0
01-01 12:06:29.062711  1313  1321 D RIL     : RestrictedStateChanged: 22
01-01 12:06:29.062760  1313  1321 D RIL     : isSimInserted(): rid: 0, sim_inserted_status: 0
01-01 12:06:29.062835  1313  1321 D RIL     : isSimInserted(): pivotSim = 1 ,0
01-01 12:06:29.062880  1313  1321 D RIL     : isSimInserted(): simInserted = 0
01-01 12:06:29.062933  1313  1321 D RILC    : RequestComplete, RIL_SOCKET_1
01-01 12:06:29.062998  1313  1321 E RILC    : Send Response to RIL_SOCKET_1
01-01 12:06:29.063126  1313  1321 D RILC-MTK: proxyLoop free  pRI=0x7fab3ccb10 p=0x7fab3d6f50 
01-01 12:06:29.063174  1313  1321 D RILC-MTK: proxyLoop free  pRequest=0x7fa90c20c0
01-01 12:06:29.063221  1313  1321 D RILC-MTK: proxy id:1, proxyName: RIL_CMD_PROXY_3
01-01 12:06:29.063269  1313  1321 D RILC-MTK: VOICE_REGISTRATION_STATE pRI=0x7fab3ccb40 p=0x7fab3d6fc0 execute on RIL_CMD_PROXY_3 using channel 1
01-01 12:06:29.063316  1313  1321 D RILC    : callOnRequest for new vendor ril
01-01 12:06:29.063360  1313  1321 D RIL     : onRequest: VOICE_REGISTRATION_STATE, datalen = 0
01-01 12:06:29.063403  1313  1321 D RIL     : radioState:10
01-01 12:06:29.063452  1313  1321 D AT      : AT send on RIL_CMD_READER_1, tid:548326093888
01-01 12:06:29.063495  1313  1321 D AT      : AT> AT+CREG?
01-01 12:06:29.063537  1313  1321 I AT      : AT write start
01-01 12:06:29.064026  3079  3442 D RILJ    : [3974]< DATA_REGISTRATION_STATE {0, -1, -1, 0} [SUB0]
01-01 12:06:29.065304  1222  1302 D RILMUXD : [gsm0710muxd] 3614:poll_thread(): poll_thread select found
01-01 12:06:29.065413  1222  1302 D RILMUXD : [gsm0710muxd] 1045:pseudo_device_read(): Enter, LackofAtciChannel=0
01-01 12:06:29.065480  1222  1302 D RILMUXD : [gsm0710muxd] 657:write_frame(): Sending frame to channel 3
01-01 12:06:29.065586  1222  1302 D RILMUXD : [gsm0710muxd] 766:write_frame(): Write a frame on channel 3 with length 9
01-01 12:06:29.066433  1222  1298 D RILMUXD : [gsm0710muxd] 1643:gsm0710_base_buffer_get_frame(): Get a complete frame. ch:3, ctrl:239, len:38
01-01 12:06:29.066494  1222  1298 D RILMUXD : [gsm0710muxd] 2383:extract_frames(): Writing 38 byte frame received on channel 3 to /dev/pts/3
01-01 12:06:29.066581  1222  1298 D RILMUXD : [gsm0710muxd] 2403:extract_frames(): write() returned. Written 38/38 bytes of frame to /dev/pts/3
01-01 12:06:29.066633  1222  1298 D RILMUXD : [gsm0710muxd] 2408:extract_frames(): fsync() failed (-1, 22 - Invalid argument)
01-01 12:06:29.066854  1313  1337 I AT      : AT read end: 38
01-01 12:06:29.066863  1222  1298 D RILMUXD : [gsm0710muxd] 1643:gsm0710_base_buffer_get_frame(): Get a complete frame. ch:3, ctrl:239, len:6
01-01 12:06:29.066941  1222  1298 D RILMUXD : [gsm0710muxd] 2383:extract_frames(): Writing 6 byte frame received on channel 3 to /dev/pts/3
01-01 12:06:29.067022  1222  1298 D RILMUXD : [gsm0710muxd] 2403:extract_frames(): write() returned. Written 6/6 bytes of frame to /dev/pts/3
01-01 12:06:29.067076  1222  1298 D RILMUXD : [gsm0710muxd] 2408:extract_frames(): fsync() failed (-1, 22 - Invalid argument)
01-01 12:06:29.067089  1313  1337 D AT      : AT< +CREG: 3,0,"A80F","00CD27B3",2,0,0
01-01 12:06:29.067137  1313  1337 D AT      : RIL_CMD_READER_1 Enter processLine:+CREG: 3,0,"A80F","00CD27B3",2,0,0
01-01 12:06:29.067190  1313  1337 I AT      : AT read start
01-01 12:06:29.067244  1313  1337 I AT      : AT read end: 6
01-01 12:06:29.067284  1313  1337 D AT      : AT< OK
01-01 12:06:29.067326  1313  1337 D AT      : RIL_CMD_READER_1 Enter processLine:OK
01-01 12:06:29.067384  1313  1337 I AT      : AT read start
01-01 12:06:29.067436  1313  1321 D AT      : response received on RIL_CMD_READER_1, tid:548326093888
01-01 12:06:29.067491  1313  1321 D RIL     : convertRegState() uiRegState=0 , uiRet=0 
01-01 12:06:29.067533  1313  1321 D RIL     : dontChangeFormat=0
01-01 12:06:29.067579  1313  1321 E RIL     : it is short CREG CGREG
01-01 12:06:29.067631  1313  1321 E RIL     : rid: 0
01-01 12:06:29.067675  1313  1321 D RIL     : RestrictedStateChanged: 22
01-01 12:06:29.068172  1313  1321 D RIL     : isSimInserted(): rid: 0, sim_inserted_status: 0
01-01 12:06:29.068214  1313  1321 D RIL     : isSimInserted(): pivotSim = 1 ,0
01-01 12:06:29.068253  1313  1321 D RIL     : isSimInserted(): simInserted = 0
01-01 12:06:29.068295  1313  1321 D RIL     : convertToRilRegState() uiRegState=0 , uiRet=10 
01-01 12:06:29.068342  1313  1321 D RILC    : RequestComplete, RIL_SOCKET_1
01-01 12:06:29.068397  1313  1321 E RILC    : Send Response to RIL_SOCKET_1
01-01 12:06:29.068869  3079  3079 D RILJ    : [3979]> VOICE_REGISTRATION_STATE [SUB0]
01-01 12:06:29.068941  3079  3442 D RILJ    : [3975]< VOICE_REGISTRATION_STATE {10, -1, -1, 0} [SUB0]
01-01 12:06:29.069087  1313  1321 D RILC-MTK: proxyLoop free  pRI=0x7fab3ccb40 p=0x7fab3d6fc0 
01-01 12:06:29.069142  1313  1321 D RILC-MTK: proxyLoop free  pRequest=0x7fa90c20e0
01-01 12:06:29.069189  1313  1321 D RILC-MTK: proxy id:1, proxyName: RIL_CMD_PROXY_3
01-01 12:06:29.069232  1313  1321 D RILC-MTK: QUERY_NETWORK_SELECTION_MODE pRI=0x7fab3cc180 p=0x7fab3d6310 execute on RIL_CMD_PROXY_3 using channel 1
01-01 12:06:29.069272  1313  1321 D RILC    : callOnRequest for new vendor ril
01-01 12:06:29.069312  1313  1321 D RIL     : onRequest: QUERY_NETWORK_SELECTION_MODE, datalen = 0
01-01 12:06:29.069348  1313  1321 D RIL     : radioState:10
01-01 12:06:29.069395  1313  1321 D AT      : AT send on RIL_CMD_READER_1, tid:548326093888
01-01 12:06:29.069433  1313  1321 D AT      : AT> AT+COPS?
01-01 12:06:29.069473  1313  1321 I AT      : AT write start
01-01 12:06:29.071277  1313  1332 D RILC    : SOCKET RIL_SOCKET_1 REQUEST: DATA_REGISTRATION_STATE length:8
01-01 12:06:29.071287  1222  1302 D RILMUXD : [gsm0710muxd] 3614:poll_thread(): poll_thread select found
01-01 12:06:29.071363  1313  1332 I RILC-MTK: create request 21: pRequest=0x7fa90c2080, pRI=0x7fab3cc6f0, p=0x7fab3d6a80, pUCI=0x0
01-01 12:06:29.071448  1222  1302 D RILMUXD : [gsm0710muxd] 1045:pseudo_device_read(): Enter, LackofAtciChannel=0
01-01 12:06:29.071472  1313  1332 D RILC-MTK: 1:OPERATOR pRI=0x7fab3cc3c0 p=0x7fab3d68c0 is queued in RIL_CMD_PROXY_3
01-01 12:06:29.071508  1222  1302 D RILMUXD : [gsm0710muxd] 657:write_frame(): Sending frame to channel 3
01-01 12:06:29.071515  1313  1332 D RILC-MTK: **** the last executed cmd for RIL_CMD_PROXY_3 is QUERY_NETWORK_SELECTION_MODE ****
01-01 12:06:29.071582  1313  1332 D RILC-MTK: Request pRI=0x7fab3cc6f0 to RIL_CMD_PROXY_3 is busy. total:2 requests pending
01-01 12:06:29.071721  1222  1302 D RILMUXD : [gsm0710muxd] 766:write_frame(): Write a frame on channel 3 with length 9
01-01 12:06:29.072596  3079  3079 D RILJ    : [3980]> QUERY_NETWORK_SELECTION_MODE [SUB0]
01-01 12:06:29.073129  1222  1298 D RILMUXD : [gsm0710muxd] 1643:gsm0710_base_buffer_get_frame(): Get a complete frame. ch:3, ctrl:239, len:12
01-01 12:06:29.073221  1222  1298 D RILMUXD : [gsm0710muxd] 2383:extract_frames(): Writing 12 byte frame received on channel 3 to /dev/pts/3
01-01 12:06:29.073335  1222  1298 D RILMUXD : [gsm0710muxd] 2403:extract_frames(): write() returned. Written 12/12 bytes of frame to /dev/pts/3
01-01 12:06:29.073511  1313  1332 D RILC    : SOCKET RIL_SOCKET_1 REQUEST: VOICE_REGISTRATION_STATE length:8
01-01 12:06:29.073577  1313  1332 I RILC-MTK: create request 20: pRequest=0x7fa90c2120, pRI=0x7fab3cc750, p=0x7fab3d70a0, pUCI=0x0
01-01 12:06:29.073621  1313  1332 D RILC-MTK: 1:OPERATOR pRI=0x7fab3cc3c0 p=0x7fab3d68c0 is queued in RIL_CMD_PROXY_3
01-01 12:06:29.073663  1313  1332 D RILC-MTK: 2:DATA_REGISTRATION_STATE pRI=0x7fab3cc6f0 p=0x7fab3d6a80 is queued in RIL_CMD_PROXY_3
01-01 12:06:29.073703  1313  1332 D RILC-MTK: **** the last executed cmd for RIL_CMD_PROXY_3 is QUERY_NETWORK_SELECTION_MODE ****
01-01 12:06:29.073744  1313  1332 D RILC-MTK: Request pRI=0x7fab3cc750 to RIL_CMD_PROXY_3 is busy. total:3 requests pending
01-01 12:06:29.073942  1222  1298 D RILMUXD : [gsm0710muxd] 2408:extract_frames(): fsync() failed (-1, 22 - Invalid argument)
01-01 12:06:29.073996  1222  1298 D RILMUXD : [gsm0710muxd] 1643:gsm0710_base_buffer_get_frame(): Get a complete frame. ch:3, ctrl:239, len:6
01-01 12:06:29.074040  1222  1298 D RILMUXD : [gsm0710muxd] 2383:extract_frames(): Writing 6 byte frame received on channel 3 to /dev/pts/3
01-01 12:06:29.074105  1222  1298 D RILMUXD : [gsm0710muxd] 2403:extract_frames(): write() returned. Written 6/6 bytes of frame to /dev/pts/3
01-01 12:06:29.074148  1222  1298 D RILMUXD : [gsm0710muxd] 2408:extract_frames(): fsync() failed (-1, 22 - Invalid argument)
01-01 12:06:29.075920  1313  1337 I AT      : AT read end: 18
01-01 12:06:29.075988  1313  1337 D AT      : AT< +COPS: 0
01-01 12:06:29.076030  1313  1337 D AT      : RIL_CMD_READER_1 Enter processLine:+COPS: 0
01-01 12:06:29.076072  1313  1337 D AT      : AT< OK
01-01 12:06:29.076110  1313  1337 D AT      : RIL_CMD_READER_1 Enter processLine:OK
01-01 12:06:29.076166  1313  1337 I AT      : AT read start
01-01 12:06:29.076234  1313  1321 D AT      : response received on RIL_CMD_READER_1, tid:548326093888
01-01 12:06:29.076284  1313  1321 D RILC    : RequestComplete, RIL_SOCKET_1
01-01 12:06:29.076335  1313  1321 E RILC    : Send Response to RIL_SOCKET_1
01-01 12:06:29.076443  1313  1321 D RILC-MTK: proxyLoop free  pRI=0x7fab3cc180 p=0x7fab3d6310 
01-01 12:06:29.076483  1313  1321 D RILC-MTK: proxyLoop free  pRequest=0x7fa90c2220
01-01 12:06:29.076525  1313  1321 D RILC-MTK: proxy id:1, proxyName: RIL_CMD_PROXY_3
01-01 12:06:29.076565  1313  1321 D RILC-MTK: OPERATOR pRI=0x7fab3cc3c0 p=0x7fab3d68c0 execute on RIL_CMD_PROXY_3 using channel 1
01-01 12:06:29.076617  1313  1321 D RILC    : callOnRequest for new vendor ril
01-01 12:06:29.076656  1313  1321 D RIL     : onRequest: OPERATOR, datalen = 0
01-01 12:06:29.076693  1313  1321 D RIL     : radioState:10
01-01 12:06:29.076736  1313  1321 D AT      : AT send on RIL_CMD_READER_1, tid:548326093888
01-01 12:06:29.076774  1313  1321 D AT      : AT> AT+COPS?
01-01 12:06:29.076809  1313  1321 I AT      : AT write start
01-01 12:06:29.077152  3079  3442 D RILJ    : responseInts numInts=1 [SUB0]
01-01 12:06:29.077244  3079  3442 D RILJ    : responseInts response[0]=0 [SUB0]
01-01 12:06:29.077369  3079  3442 D RILJ    : [3976]< QUERY_NETWORK_SELECTION_MODE {0} [SUB0]
01-01 12:06:29.077600  1222  1302 D RILMUXD : [gsm0710muxd] 3614:poll_thread(): poll_thread select found
01-01 12:06:29.077656  1222  1302 D RILMUXD : [gsm0710muxd] 1045:pseudo_device_read(): Enter, LackofAtciChannel=0
01-01 12:06:29.077830  1222  1302 D RILMUXD : [gsm0710muxd] 657:write_frame(): Sending frame to channel 3
01-01 12:06:29.077930  1222  1302 D RILMUXD : [gsm0710muxd] 766:write_frame(): Write a frame on channel 3 with length 9
01-01 12:06:29.079246  1222  1298 D RILMUXD : [gsm0710muxd] 1643:gsm0710_base_buffer_get_frame(): Get a complete frame. ch:3, ctrl:239, len:12
01-01 12:06:29.079313  1222  1298 D RILMUXD : [gsm0710muxd] 2383:extract_frames(): Writing 12 byte frame received on channel 3 to /dev/pts/3
01-01 12:06:29.079390  1222  1298 D RILMUXD : [gsm0710muxd] 2403:extract_frames(): write() returned. Written 12/12 bytes of frame to /dev/pts/3
01-01 12:06:29.079437  1222  1298 D RILMUXD : [gsm0710muxd] 2408:extract_frames(): fsync() failed (-1, 22 - Invalid argument)
01-01 12:06:29.079617  1313  1337 I AT      : AT read end: 12
01-01 12:06:29.079638  1222  1298 D RILMUXD : [gsm0710muxd] 1643:gsm0710_base_buffer_get_frame(): Get a complete frame. ch:3, ctrl:239, len:6
01-01 12:06:29.079664  1313  1337 D AT      : AT< +COPS: 0
01-01 12:06:29.079685  1222  1298 D RILMUXD : [gsm0710muxd] 2383:extract_frames(): Writing 6 byte frame received on channel 3 to /dev/pts/3
01-01 12:06:29.079703  1313  1337 D AT      : RIL_CMD_READER_1 Enter processLine:+COPS: 0
01-01 12:06:29.079748  1313  1337 I AT      : AT read start
01-01 12:06:29.079749  1222  1298 D RILMUXD : [gsm0710muxd] 2403:extract_frames(): write() returned. Written 6/6 bytes of frame to /dev/pts/3
01-01 12:06:29.079803  1313  1337 I AT      : AT read end: 6
01-01 12:06:29.079828  1222  1298 D RILMUXD : [gsm0710muxd] 2408:extract_frames(): fsync() failed (-1, 22 - Invalid argument)
01-01 12:06:29.079837  1313  1337 D AT      : AT< OK
01-01 12:06:29.079920  1313  1337 D AT      : RIL_CMD_READER_1 Enter processLine:OK
01-01 12:06:29.079973  1313  1337 I AT      : AT read start
01-01 12:06:29.080021  1313  1321 D AT      : response received on RIL_CMD_READER_1, tid:548326093888
01-01 12:06:29.080077  1313  1321 D AT      : AT send on RIL_CMD_READER_1, tid:548326093888
01-01 12:06:29.080115  1313  1321 D AT      : AT> AT+EOPS?
01-01 12:06:29.080150  1313  1321 I AT      : AT write start
01-01 12:06:29.080295  1222  1302 D RILMUXD : [gsm0710muxd] 3614:poll_thread(): poll_thread select found
01-01 12:06:29.080340  1222  1302 D RILMUXD : [gsm0710muxd] 1045:pseudo_device_read(): Enter, LackofAtciChannel=0
01-01 12:06:29.080389  1222  1302 D RILMUXD : [gsm0710muxd] 657:write_frame(): Sending frame to channel 3
01-01 12:06:29.080477  1222  1302 D RILMUXD : [gsm0710muxd] 766:write_frame(): Write a frame on channel 3 with length 9
01-01 12:06:29.081264  1222  1298 D RILMUXD : [gsm0710muxd] 1643:gsm0710_base_buffer_get_frame(): Get a complete frame. ch:3, ctrl:239, len:24
01-01 12:06:29.081325  1222  1298 D RILMUXD : [gsm0710muxd] 2383:extract_frames(): Writing 24 byte frame received on channel 3 to /dev/pts/3
01-01 12:06:29.081395  1222  1298 D RILMUXD : [gsm0710muxd] 2403:extract_frames(): write() returned. Written 24/24 bytes of frame to /dev/pts/3
01-01 12:06:29.081477  1313  1337 I AT      : AT read end: 24
01-01 12:06:29.081778  1222  1298 D RILMUXD : [gsm0710muxd] 2408:extract_frames(): fsync() failed (-1, 22 - Invalid argument)
01-01 12:06:29.081807  1313  1337 D AT      : AT< +EOPS: 0,2,"46001",0
01-01 12:06:29.081832  1222  1298 D RILMUXD : [gsm0710muxd] 1643:gsm0710_base_buffer_get_frame(): Get a complete frame. ch:3, ctrl:239, len:6
01-01 12:06:29.081847  1313  1337 D AT      : RIL_CMD_READER_1 Enter processLine:+EOPS: 0,2,"46001",0
01-01 12:06:29.081878  1222  1298 D RILMUXD : [gsm0710muxd] 2383:extract_frames(): Writing 6 byte frame received on channel 3 to /dev/pts/3
01-01 12:06:29.081889  1313  1337 I AT      : AT read start
01-01 12:06:29.081946  1222  1298 D RILMUXD : [gsm0710muxd] 2403:extract_frames(): write() returned. Written 6/6 bytes of frame to /dev/pts/3
01-01 12:06:29.081990  1222  1298 D RILMUXD : [gsm0710muxd] 2408:extract_frames(): fsync() failed (-1, 22 - Invalid argument)
01-01 12:06:29.082092  1313  1337 I AT      : AT read end: 6
01-01 12:06:29.082128  1313  1337 D AT      : AT< OK
01-01 12:06:29.082165  1313  1337 D AT      : RIL_CMD_READER_1 Enter processLine:OK
01-01 12:06:29.082216  1313  1337 I AT      : AT read start
01-01 12:06:29.082262  1313  1321 D AT      : response received on RIL_CMD_READER_1, tid:548326093888
01-01 12:06:29.082308  1313  1321 D RIL     : EOPS Get operator code 46001
01-01 12:06:29.082348  1313  1321 D RILC    : RequestComplete, RIL_SOCKET_1
01-01 12:06:29.082405  1313  1321 E RILC    : Send Response to RIL_SOCKET_1
01-01 12:06:29.082489  1313  1321 D RILC-MTK: proxyLoop free  pRI=0x7fab3cc3c0 p=0x7fab3d68c0 
01-01 12:06:29.082531  1313  1321 D RILC-MTK: proxyLoop free  pRequest=0x7fa90c2040
01-01 12:06:29.082570  1313  1321 D RILC-MTK: proxy id:1, proxyName: RIL_CMD_PROXY_3
01-01 12:06:29.082611  1313  1321 D RILC-MTK: DATA_REGISTRATION_STATE pRI=0x7fab3cc6f0 p=0x7fab3d6a80 execute on RIL_CMD_PROXY_3 using channel 1
01-01 12:06:29.082651  1313  1321 D RILC    : callOnRequest for new vendor ril
01-01 12:06:29.082688  1313  1321 D RIL     : onRequest: DATA_REGISTRATION_STATE, datalen = 0
01-01 12:06:29.082723  1313  1321 D RIL     : radioState:10
01-01 12:06:29.082767  1313  1321 D RIL     : request gprs reg state: normal case
01-01 12:06:29.082808  1313  1321 D AT      : AT send on RIL_CMD_READER_1, tid:548326093888
01-01 12:06:29.082846  1313  1321 D AT      : AT> AT+CGREG?
01-01 12:06:29.082880  1313  1321 I AT      : AT write start
01-01 12:06:29.083044  1222  1302 D RILMUXD : [gsm0710muxd] 3614:poll_thread(): poll_thread select found
01-01 12:06:29.083092  1222  1302 D RILMUXD : [gsm0710muxd] 1045:pseudo_device_read(): Enter, LackofAtciChannel=0
01-01 12:06:29.083141  1222  1302 D RILMUXD : [gsm0710muxd] 657:write_frame(): Sending frame to channel 3
01-01 12:06:29.083228  1222  1302 D RILMUXD : [gsm0710muxd] 766:write_frame(): Write a frame on channel 3 with length 10
01-01 12:06:29.084376  1222  1298 D RILMUXD : [gsm0710muxd] 1643:gsm0710_base_buffer_get_frame(): Get a complete frame. ch:3, ctrl:239, len:44
01-01 12:06:29.084476  1222  1298 D RILMUXD : [gsm0710muxd] 2383:extract_frames(): Writing 44 byte frame received on channel 3 to /dev/pts/3
01-01 12:06:29.084516  3079  3079 D GsmSST  : [GsmSST0] handleMessage msg done
01-01 12:06:29.084553  1222  1298 D RILMUXD : [gsm0710muxd] 2403:extract_frames(): write() returned. Written 44/44 bytes of frame to /dev/pts/3
01-01 12:06:29.084601  1222  1298 D RILMUXD : [gsm0710muxd] 2408:extract_frames(): fsync() failed (-1, 22 - Invalid argument)
01-01 12:06:29.085154  3079  3442 D RILJ    : [3977]< OPERATOR {46001} [SUB0]
01-01 12:06:29.085170  1313  1337 I AT      : AT read end: 44
01-01 12:06:29.085218  1313  1337 D AT      : AT< +CGREG: 3,0,"A80F","00CD27B3",2,"0F",0,0
01-01 12:06:29.085260  1313  1337 D AT      : RIL_CMD_READER_1 Enter processLine:+CGREG: 3,0,"A80F","00CD27B3",2,"0F",0,0
01-01 12:06:29.085308  1313  1337 I AT      : AT read start
01-01 12:06:29.085390  1313  1332 D RILC    : SOCKET RIL_SOCKET_1 REQUEST: QUERY_NETWORK_SELECTION_MODE length:8
01-01 12:06:29.085412  3079  3079 D GsmSST  : [GsmSST0] handle EVENT_POLL_STATE_OPERATOR
01-01 12:06:29.085445  1313  1332 I RILC-MTK: create request 45: pRequest=0x7fa90c22c0, pRI=0x7fab3cc630, p=0x7fab3d69a0, pUCI=0x0
01-01 12:06:29.085489  1313  1332 D RILC-MTK: 1:VOICE_REGISTRATION_STATE pRI=0x7fab3cc750 p=0x7fab3d70a0 is queued in RIL_CMD_PROXY_3
01-01 12:06:29.085492  3079  3079 E GsmSST  : [GsmSST0] handlePollStateResult return due to (ar.userObj != mPollingContext)
01-01 12:06:29.085575  3079  3079 D GsmSST  : [GsmSST0] handleMessage msg done
01-01 12:06:29.085578  1222  1298 D RILMUXD : [gsm0710muxd] 1643:gsm0710_base_buffer_get_frame(): Get a complete frame. ch:3, ctrl:239, len:6
01-01 12:06:29.085639  1222  1298 D RILMUXD : [gsm0710muxd] 2383:extract_frames(): Writing 6 byte frame received on channel 3 to /dev/pts/3
01-01 12:06:29.085723  1222  1298 D RILMUXD : [gsm0710muxd] 2403:extract_frames(): write() returned. Written 6/6 bytes of frame to /dev/pts/3
01-01 12:06:29.085775  1222  1298 D RILMUXD : [gsm0710muxd] 2408:extract_frames(): fsync() failed (-1, 22 - Invalid argument)
01-01 12:06:29.085917  1313  1332 D RILC-MTK: **** the last executed cmd for RIL_CMD_PROXY_3 is DATA_REGISTRATION_STATE ****
01-01 12:06:29.085919  1313  1337 I AT      : AT read end: 6
01-01 12:06:29.085963  1313  1337 D AT      : AT< OK
01-01 12:06:29.085966  1313  1332 D RILC-MTK: Request pRI=0x7fab3cc630 to RIL_CMD_PROXY_3 is busy. total:2 requests pending
01-01 12:06:29.086220  3079  3079 D GsmSST  : [GsmSST0] handle EVENT_POLL_STATE_GPRS
01-01 12:06:29.086302  3079  3079 E GsmSST  : [GsmSST0] handlePollStateResult return due to (ar.userObj != mPollingContext)
01-01 12:06:29.086355  3079  3079 D GsmSST  : [GsmSST0] handleMessage msg done
01-01 12:06:29.086485  3079  3079 D GsmSST  : [GsmSST0] handle EVENT_POLL_STATE_REGISTRATION
01-01 12:06:29.086552  3079  3079 E GsmSST  : [GsmSST0] handlePollStateResult return due to (ar.userObj != mPollingContext)
01-01 12:06:29.086604  3079  3079 D GsmSST  : [GsmSST0] handleMessage msg done
01-01 12:06:29.086818  3079  3079 D GsmSST  : [GsmSST0] handle EVENT_POLL_STATE_NETWORK_SELECTION_MODE
01-01 12:06:29.086968  1313  1337 D AT      : RIL_CMD_READER_1 Enter processLine:OK
01-01 12:06:29.087036  1313  1337 I AT      : AT read start
01-01 12:06:29.087085  1313  1321 D AT      : response received on RIL_CMD_READER_1, tid:548326093888
01-01 12:06:29.087137  1313  1321 D RIL     : convertRegState() uiRegState=0 , uiRet=0 
01-01 12:06:29.087141  3079  3079 E GsmSST  : [GsmSST0] handlePollStateResult return due to (ar.userObj != mPollingContext)
01-01 12:06:29.087206  1313  1321 D RIL     : dontChangeCgregFormat=0
01-01 12:06:29.087270  3079  3079 D GsmSST  : [GsmSST0] handleMessage msg done
01-01 12:06:29.087283  1313  1321 E RIL     : it is short CREG CGREG
01-01 12:06:29.087330  1313  1321 E RIL     : rid: 0
01-01 12:06:29.087366  1313  1321 D RIL     : RestrictedStateChanged: 22
01-01 12:06:29.087405  1313  1321 D RIL     : isSimInserted(): rid: 0, sim_inserted_status: 0
01-01 12:06:29.087409  3079  3079 D GsmSST  : [GsmSST0] handle EVENT_POLL_STATE_OPERATOR
01-01 12:06:29.087500  1313  1321 D RIL     : isSimInserted(): pivotSim = 1 ,0
01-01 12:06:29.087526  3079  3079 D GsmSST  : [GsmSST0] opNames:46001 len=5
01-01 12:06:29.087539  1313  1321 D RIL     : isSimInserted(): simInserted = 0
01-01 12:06:29.087579  1313  1321 D RILC    : RequestComplete, RIL_SOCKET_1
01-01 12:06:29.087605  3079  3079 D GsmSST  : [GsmSST0] updateLocatedPlmn(),previous plmn= 46001 ,update to: 46001
01-01 12:06:29.087634  1313  1321 E RILC    : Send Response to RIL_SOCKET_1
01-01 12:06:29.087661  3079  3079 D GsmSST  : [GsmSST0] handleMessage msg done
01-01 12:06:29.087935  1313  1321 D RILC-MTK: proxyLoop free  pRI=0x7fab3cc6f0 p=0x7fab3d6a80 
01-01 12:06:29.087981  1313  1321 D RILC-MTK: proxyLoop free  pRequest=0x7fa90c2080
01-01 12:06:29.088021  1313  1321 D RILC-MTK: proxy id:1, proxyName: RIL_CMD_PROXY_3
01-01 12:06:29.088065  1313  1321 D RILC-MTK: VOICE_REGISTRATION_STATE pRI=0x7fab3cc750 p=0x7fab3d70a0 execute on RIL_CMD_PROXY_3 using channel 1
01-01 12:06:29.088104  1313  1321 D RILC    : callOnRequest for new vendor ril
01-01 12:06:29.088143  1313  1321 D RIL     : onRequest: VOICE_REGISTRATION_STATE, datalen = 0
01-01 12:06:29.088177  1313  1321 D RIL     : radioState:10
01-01 12:06:29.088220  1313  1321 D AT      : AT send on RIL_CMD_READER_1, tid:548326093888
01-01 12:06:29.088256  1313  1321 D AT      : AT> AT+CREG?
01-01 12:06:29.088289  1313  1321 I AT      : AT write start
01-01 12:06:29.088717  3079  3442 D RILJ    : [3978]< DATA_REGISTRATION_STATE {0, -1, -1, 0} [SUB0]
01-01 12:06:29.088996  1222  1302 D RILMUXD : [gsm0710muxd] 3614:poll_thread(): poll_thread select found
01-01 12:06:29.089051  1222  1302 D RILMUXD : [gsm0710muxd] 1045:pseudo_device_read(): Enter, LackofAtciChannel=0
01-01 12:06:29.089105  1222  1302 D RILMUXD : [gsm0710muxd] 657:write_frame(): Sending frame to channel 3
01-01 12:06:29.089198  1222  1302 D RILMUXD : [gsm0710muxd] 766:write_frame(): Write a frame on channel 3 with length 9
01-01 12:06:29.089375  3079  3079 D GsmSST  : [GsmSST0] handle EVENT_POLL_STATE_GPRS
01-01 12:06:29.089460  3079  3079 D GsmSST  : [GsmSST0] set Lac to previous value
01-01 12:06:29.089519  3079  3079 D GsmSST  : [GsmSST0] set Cid to previous value
01-01 12:06:29.089681  3079  3079 D PHONE   : [ServiceState] setDataRegState=1
01-01 12:06:29.089773  3079  3079 D PHONE   : [ServiceState] setProprietaryDataRadioTechnology=0
01-01 12:06:29.089832  3079  3079 D PHONE   : [ServiceState] setDataRadioTechnology=0
01-01 12:06:29.089902  3079  3079 D GsmSST  : [GsmSST0] handlPollStateResultMessage: GsmSST setDataRegState=1 regState=0 dataRadioTechnology=0
01-01 12:06:29.089955  3079  3079 D GsmSST  : [GsmSST0] handleMessage msg done
01-01 12:06:29.090422  1222  1298 D RILMUXD : [gsm0710muxd] 1643:gsm0710_base_buffer_get_frame(): Get a complete frame. ch:3, ctrl:239, len:38
01-01 12:06:29.090512  1222  1298 D RILMUXD : [gsm0710muxd] 2383:extract_frames(): Writing 38 byte frame received on channel 3 to /dev/pts/3
01-01 12:06:29.090592  1222  1298 D RILMUXD : [gsm0710muxd] 2403:extract_frames(): write() returned. Written 38/38 bytes of frame to /dev/pts/3
01-01 12:06:29.090641  1222  1298 D RILMUXD : [gsm0710muxd] 2408:extract_frames(): fsync() failed (-1, 22 - Invalid argument)
01-01 12:06:29.090856  1313  1337 I AT      : AT read end: 38
01-01 12:06:29.090880  1222  1298 D RILMUXD : [gsm0710muxd] 1643:gsm0710_base_buffer_get_frame(): Get a complete frame. ch:3, ctrl:239, len:6
01-01 12:06:29.090904  1313  1337 D AT      : AT< +CREG: 3,0,"A80F","00CD27B3",2,0,0
01-01 12:06:29.090929  1222  1298 D RILMUXD : [gsm0710muxd] 2383:extract_frames(): Writing 6 byte frame received on channel 3 to /dev/pts/3
01-01 12:06:29.090945  1313  1337 D AT      : RIL_CMD_READER_1 Enter processLine:+CREG: 3,0,"A80F","00CD27B3",2,0,0
01-01 12:06:29.090987  1313  1337 I AT      : AT read start
01-01 12:06:29.090992  1222  1298 D RILMUXD : [gsm0710muxd] 2403:extract_frames(): write() returned. Written 6/6 bytes of frame to /dev/pts/3
01-01 12:06:29.091040  1313  1337 I AT      : AT read end: 6
01-01 12:06:29.091067  1222  1298 D RILMUXD : [gsm0710muxd] 2408:extract_frames(): fsync() failed (-1, 22 - Invalid argument)
01-01 12:06:29.091074  1313  1337 D AT      : AT< OK
01-01 12:06:29.091165  1313  1337 D AT      : RIL_CMD_READER_1 Enter processLine:OK
01-01 12:06:29.091217  1313  1337 I AT      : AT read start
01-01 12:06:29.091268  1313  1321 D AT      : response received on RIL_CMD_READER_1, tid:548326093888
01-01 12:06:29.091316  1313  1321 D RIL     : convertRegState() uiRegState=0 , uiRet=0 
01-01 12:06:29.091352  1313  1321 D RIL     : dontChangeFormat=0
01-01 12:06:29.091388  1313  1321 E RIL     : it is short CREG CGREG
01-01 12:06:29.091433  1313  1321 E RIL     : rid: 0
01-01 12:06:29.091470  1313  1321 D RIL     : RestrictedStateChanged: 22
01-01 12:06:29.091510  1313  1321 D RIL     : isSimInserted(): rid: 0, sim_inserted_status: 0
01-01 12:06:29.091548  1313  1321 D RIL     : isSimInserted(): pivotSim = 1 ,0
01-01 12:06:29.091584  1313  1321 D RIL     : isSimInserted(): simInserted = 0
01-01 12:06:29.091622  1313  1321 D RIL     : convertToRilRegState() uiRegState=0 , uiRet=10 
01-01 12:06:29.091662  1313  1321 D RILC    : RequestComplete, RIL_SOCKET_1
01-01 12:06:29.091720  1313  1321 E RILC    : Send Response to RIL_SOCKET_1
01-01 12:06:29.091822  1313  1321 D RILC-MTK: proxyLoop free  pRI=0x7fab3cc750 p=0x7fab3d70a0 
01-01 12:06:29.091861  1313  1321 D RILC-MTK: proxyLoop free  pRequest=0x7fa90c2120
