01-01 12:07:35.484786  1613  2472 V ActivityManager: >>> EXECUTING start of ServiceRecord{112be9f u0 com.google.android.googlequicksearchbox/com.google.android.apps.gsa.search.core.icingsync.UpdateIcingCorporaService} in app ProcessRecord{22bb6c3 8385:com.google.android.googlequicksearchbox:search/u0a42}
01-01 12:07:35.485595  1613  2472 D ActivityManager: SVC-Sent arguments: ServiceRecord{112be9f u0 com.google.android.googlequicksearchbox/com.google.android.apps.gsa.search.core.icingsync.UpdateIcingCorporaService}, app=ProcessRecord{22bb6c3 8385:com.google.android.googlequicksearchbox:search/u0a42}, args=Intent { act=ACTION_UPDATE cmp=com.google.android.googlequicksearchbox/com.google.android.apps.gsa.search.core.icingsync.UpdateIcingCorporaService (has extras) }, flags=0
01-01 12:07:35.486153  1613  2478 V ActivityManager: <<< DONE EXECUTING ServiceRecord{d1bb8f9 u0 com.android.vending/com.google.android.finsky.utils.ExternalReferrer$ExternalReferrerService}: nesting=2, inDestroying=false, app=ProcessRecord{569cc77 8609:com.android.vending/u0a36}
01-01 12:07:35.486746  1613  1659 I PackageManager: Apk copy done
01-01 12:07:35.487241  1613  1659 I PackageManager: mcs_bound
01-01 12:07:35.487475  1613  1659 I PackageManager: startCopy UserHandle{0}: MeasureParams{d0ce51c com.asus.server.azs}
01-01 12:07:35.488586  1613  2478 D ActivityManager: SVC-Executing service done: ServiceRecord{d1bb8f9 u0 com.android.vending/com.google.android.finsky.utils.ExternalReferrer$ExternalReferrerService}, type=1, startId=1, res=3
01-01 12:07:35.488809  1613  2478 V ActivityManager: <<< DONE EXECUTING ServiceRecord{d1bb8f9 u0 com.android.vending/com.google.android.finsky.utils.ExternalReferrer$ExternalReferrerService}: nesting=1, inDestroying=false, app=ProcessRecord{569cc77 8609:com.android.vending/u0a36}
01-01 12:07:35.489580  1613  2478 D ActivityManager: SVC-Executing service done: ServiceRecord{52533c0 u0 com.android.vending/com.google.android.finsky.utils.PermissionPolicies$PermissionPolicyService}, type=2, startId=0, res=0
01-01 12:07:35.489745  1613  2478 V ActivityManager: <<< DONE EXECUTING ServiceRecord{52533c0 u0 com.android.vending/com.google.android.finsky.utils.PermissionPolicies$PermissionPolicyService}: nesting=1, inDestroying=true, app=ProcessRecord{569cc77 8609:com.android.vending/u0a36}
01-01 12:07:35.492390  1613  2476 D ActivityManager: BDC-Finishing receiver: android.os.BinderProxy@c1e6b40
01-01 12:07:35.492398  8385  8385 D ActivityThread: BDC-RECEIVER handled : 0 / ReceiverData{intent=Intent { act=android.intent.action.PACKAGE_ADDED dat=package:cmb.pb flg=0x4000010 cmp=com.google.android.googlequicksearchbox/com.google.android.apps.gsa.search.core.icingsync.IcingCorporaChangedReceiver (has extras) } packageName=com.google.android.googlequicksearchbox resultCode=0 resultData=null resultExtras=null}
01-01 12:07:35.492865  1613  2476 D ActivityManager: BroadcastRecord{d7f6eee u0 android.intent.action.PACKAGE_ADDED}, spend: 35, android.os.BinderProxy@c1e6b40, ActivityInfo{ca831c6 com.google.android.apps.gsa.search.core.icingsync.IcingCorporaChangedReceiver}
01-01 12:07:35.493121  8385  8385 D ActivityThread: SVC-Creating service: CreateServiceData{token=android.os.BinderProxy@3759303 className=com.google.android.apps.gsa.search.core.icingsync.UpdateIcingCorporaService packageName=com.google.android.googlequicksearchbox intent=null}
01-01 12:07:35.493203  1613  2476 D BroadcastQueue: BroadcastRecord{d7f6eee u0 android.intent.action.PACKAGE_ADDED}, #23 ActivityInfo{8f2cef1 com.google.android.apps.gsa.googlequicksearchbox.GelStubAppWatcher}
01-01 12:07:35.496906  1613  2476 D BroadcastQueue: BDC-Delivering broadcast: Intent { act=android.intent.action.PACKAGE_ADDED dat=package:cmb.pb flg=0x4000010 cmp=com.google.android.googlequicksearchbox/com.google.android.apps.gsa.googlequicksearchbox.GelStubAppWatcher (has extras) }, queue=background, ordered=false, app=ProcessRecord{22bb6c3 8385:com.google.android.googlequicksearchbox:search/u0a42}, receiver=android.os.BinderProxy@c1e6b40
01-01 12:07:35.502510  1613  3175 V ActivityManager: >>> EXECUTING destroy of ServiceRecord{d1bb8f9 u0 com.android.vending/com.google.android.finsky.utils.ExternalReferrer$ExternalReferrerService} in app ProcessRecord{569cc77 8609:com.android.vending/u0a36}
01-01 12:07:35.503991  8609  8609 D ActivityThread: SVC-Destroying service: com.google.android.finsky.utils.ExternalReferrer$ExternalReferrerService@66adbc
01-01 12:07:35.504757  8609  8609 D ActivityThread: SVC-STOP_SERVICE handled : 0 / android.os.BinderProxy@b51c5af
01-01 12:07:35.504913  1613  2471 D ActivityManager: SVC-Executing service done: ServiceRecord{d1bb8f9 u0 com.android.vending/com.google.android.finsky.utils.ExternalReferrer$ExternalReferrerService}, type=2, startId=0, res=0
01-01 12:07:35.505073  1613  2471 V ActivityManager: <<< DONE EXECUTING ServiceRecord{d1bb8f9 u0 com.android.vending/com.google.android.finsky.utils.ExternalReferrer$ExternalReferrerService}: nesting=1, inDestroying=true, app=ProcessRecord{569cc77 8609:com.android.vending/u0a36}
01-01 12:07:35.519899  1613  1659 I PackageManager: Apk copy done
01-01 12:07:35.520425  1613  1659 I PackageManager: mcs_check
01-01 12:07:35.520550  1613  1659 I PackageManager: mcs_check(true, 1)
01-01 12:07:35.520692  1613  1659 I PackageManager: mcs_bound
01-01 12:07:35.520899  1613  1659 I PackageManager: startCopy UserHandle{0}: MeasureParams{3b0e6fa com.asus.maxxaudio}
01-01 12:07:35.535753  1613  3012 V ActivityManager: >>> EXECUTING destroy of ServiceRecord{32f4322 u0 com.google.android.gms/.icing.service.LightweightIndexService$LightweightWorkerService} in app ProcessRecord{ab3e25f 3639:com.google.android.gms.persistent/u0a29}
01-01 12:07:35.537236  3639  3639 D ActivityThread: SVC-Destroying service: com.google.android.gms.icing.service.LightweightIndexService$LightweightWorkerService@8843daf
01-01 12:07:35.537854  1613  2478 D ActivityManager: SVC-Executing service done: ServiceRecord{112be9f u0 com.google.android.googlequicksearchbox/com.google.android.apps.gsa.search.core.icingsync.UpdateIcingCorporaService}, type=0, startId=0, res=0
01-01 12:07:35.537882  3639  3639 D ActivityThread: SVC-STOP_SERVICE handled : 0 / android.os.BinderProxy@2baa18e
01-01 12:07:35.538062  1613  2478 V ActivityManager: <<< DONE EXECUTING ServiceRecord{112be9f u0 com.google.android.googlequicksearchbox/com.google.android.apps.gsa.search.core.icingsync.UpdateIcingCorporaService}: nesting=3, inDestroying=false, app=ProcessRecord{22bb6c3 8385:com.google.android.googlequicksearchbox:search/u0a42}
01-01 12:07:35.538476  1613  2478 D ActivityManager: SVC-Executing service done: ServiceRecord{32f4322 u0 com.google.android.gms/.icing.service.LightweightIndexService$LightweightWorkerService}, type=2, startId=0, res=0
01-01 12:07:35.538756  1613  2478 V ActivityManager: <<< DONE EXECUTING ServiceRecord{32f4322 u0 com.google.android.gms/.icing.service.LightweightIndexService$LightweightWorkerService}: nesting=1, inDestroying=true, app=ProcessRecord{ab3e25f 3639:com.google.android.gms.persistent/u0a29}
01-01 12:07:35.539541  8385  8385 D ActivityThread: SVC-CREATE_SERVICE handled : 0 / CreateServiceData{token=android.os.BinderProxy@3759303 className=com.google.android.apps.gsa.search.core.icingsync.UpdateIcingCorporaService packageName=com.google.android.googlequicksearchbox intent=null}
01-01 12:07:35.539996  8385  8385 D ActivityThread: SVC-Calling onStartCommand: com.google.android.apps.gsa.search.core.icingsync.UpdateIcingCorporaService@32cb280, flags=0, startId=1
01-01 12:07:35.540513  8385  8385 D ActivityThread: SVC-SERVICE_ARGS handled : 0 / ServiceArgsData{token=android.os.BinderProxy@3759303 startId=1 args=Intent { act=ACTION_INCREMENTAL_APP_LOGGING cmp=com.google.android.googlequicksearchbox/com.google.android.apps.gsa.search.core.icingsync.UpdateIcingCorporaService (has extras) }}
01-01 12:07:35.540592  1613  2479 D ActivityManager: SVC-Executing service done: ServiceRecord{112be9f u0 com.google.android.googlequicksearchbox/com.google.android.apps.gsa.search.core.icingsync.UpdateIcingCorporaService}, type=1, startId=1, res=3
01-01 12:07:35.540754  1613  2479 V ActivityManager: <<< DONE EXECUTING ServiceRecord{112be9f u0 com.google.android.googlequicksearchbox/com.google.android.apps.gsa.search.core.icingsync.UpdateIcingCorporaService}: nesting=2, inDestroying=false, app=ProcessRecord{22bb6c3 8385:com.google.android.googlequicksearchbox:search/u0a42}
01-01 12:07:35.540955  8385  8385 D ActivityThread: SVC-Calling onStartCommand: com.google.android.apps.gsa.search.core.icingsync.UpdateIcingCorporaService@32cb280, flags=0, startId=2
01-01 12:07:35.541651  8385  8385 D ActivityThread: SVC-SERVICE_ARGS handled : 0 / ServiceArgsData{token=android.os.BinderProxy@3759303 startId=2 args=Intent { act=ACTION_UPDATE cmp=com.google.android.googlequicksearchbox/com.google.android.apps.gsa.search.core.icingsync.UpdateIcingCorporaService (has extras) }}
01-01 12:07:35.541701  1613  2472 D ActivityManager: SVC-Executing service done: ServiceRecord{112be9f u0 com.google.android.googlequicksearchbox/com.google.android.apps.gsa.search.core.icingsync.UpdateIcingCorporaService}, type=1, startId=2, res=3
01-01 12:07:35.541866  1613  2472 V ActivityManager: <<< DONE EXECUTING ServiceRecord{112be9f u0 com.google.android.googlequicksearchbox/com.google.android.apps.gsa.search.core.icingsync.UpdateIcingCorporaService}: nesting=1, inDestroying=false, app=ProcessRecord{22bb6c3 8385:com.google.android.googlequicksearchbox:search/u0a42}
01-01 12:07:35.542526  8385  8385 D ActivityThread: BDC-Calling onReceive: intent=Intent { act=android.intent.action.PACKAGE_ADDED dat=package:cmb.pb flg=0x4000010 cmp=com.google.android.googlequicksearchbox/com.google.android.apps.gsa.googlequicksearchbox.GelStubAppWatcher (has extras) }, receiver=com.google.android.apps.gsa.googlequicksearchbox.GelStubAppWatcher@76b30b9
01-01 12:07:35.543228  1613  3328 D ActivityManager: BDC-Finishing receiver: android.os.BinderProxy@c1e6b40
01-01 12:07:35.543682  1613  3328 D ActivityManager: BroadcastRecord{d7f6eee u0 android.intent.action.PACKAGE_ADDED}, spend: 50, android.os.BinderProxy@c1e6b40, ActivityInfo{8f2cef1 com.google.android.apps.gsa.googlequicksearchbox.GelStubAppWatcher}
01-01 12:07:35.544048  1613  3328 D BroadcastQueue: BroadcastRecord{d7f6eee u0 android.intent.action.PACKAGE_ADDED}, #24 ActivityInfo{9d5ebb5 com.facebook.oxygen.installer.service.PackageReceiver}
01-01 12:07:35.544163  8385  8385 D ActivityThread: BDC-RECEIVER handled : 0 / ReceiverData{intent=Intent { act=android.intent.action.PACKAGE_ADDED dat=package:cmb.pb flg=0x4000010 cmp=com.google.android.googlequicksearchbox/com.google.android.apps.gsa.googlequicksearchbox.GelStubAppWatcher (has extras) } packageName=com.google.android.googlequicksearchbox resultCode=0 resultData=null resultExtras=null}
01-01 12:07:35.559250  1613  1659 I PackageManager: Apk copy done
01-01 12:07:35.559922  1613  1659 I PackageManager: mcs_bound
01-01 12:07:35.560607  1613  1659 I PackageManager: startCopy UserHandle{0}: MeasureParams{80eb4ab www.silead}
01-01 12:07:35.579543  1613  3328 I ActivityManager: Start proc 10947:com.facebook.system/u0a47 for broadcast com.facebook.system/com.facebook.oxygen.installer.service.PackageReceiver
01-01 12:07:35.634210  1613  1640 V ActivityManager: >>> EXECUTING destroy of ServiceRecord{33b4f66 u0 com.google.android.gms/.gass.chimera.AsyncTaskService} in app ProcessRecord{b1e951f 3360:com.google.android.gms/u0a29}
01-01 12:07:35.635411  3360  3360 D ActivityThread: SVC-Destroying service: com.google.android.gms.gass.chimera.AsyncTaskService@58aa758
01-01 12:07:35.635887  3360  3360 D ActivityThread: SVC-STOP_SERVICE handled : 0 / android.os.BinderProxy@b3faaca
01-01 12:07:35.636112  1613  2477 D ActivityManager: SVC-Executing service done: ServiceRecord{33b4f66 u0 com.google.android.gms/.gass.chimera.AsyncTaskService}, type=2, startId=0, res=0
01-01 12:07:35.636296  1613  2477 V ActivityManager: <<< DONE EXECUTING ServiceRecord{33b4f66 u0 com.google.android.gms/.gass.chimera.AsyncTaskService}: nesting=1, inDestroying=true, app=ProcessRecord{b1e951f 3360:com.google.android.gms/u0a29}
01-01 12:07:35.719001  1613  1654 D AutomaticBrightnessController: calculateAmbientLux: [0, 100]: lux=50.0, weight=1005000.0
01-01 12:07:35.719219  1613  1654 D AutomaticBrightnessController: calculateAmbientLux: [-250, 0]: lux=0.0, weight=2468750.0
01-01 12:07:35.719427  1613  1654 D AutomaticBrightnessController: calculateAmbientLux: [-3501, -250]: lux=50.0, weight=2.641275E7
01-01 12:07:35.719618  1613  1654 D AutomaticBrightnessController: calculateAmbientLux: [-3750, -3501]: lux=0.0, weight=1587250.0
01-01 12:07:35.719827  1613  1654 D AutomaticBrightnessController: calculateAmbientLux: [-6260, -3750]: lux=50.0, weight=1.253745E7
01-01 12:07:35.720013  1613  1654 D AutomaticBrightnessController: calculateAmbientLux: [-6510, -6260]: lux=0.0, weight=903752.0
01-01 12:07:35.720204  1613  1654 D AutomaticBrightnessController: calculateAmbientLux: [-8010, -6510]: lux=50.0, weight=4110000.0
01-01 12:07:35.720390  1613  1654 D AutomaticBrightnessController: calculateAmbientLux: [-8261, -8010]: lux=0.0, weight=467988.0
01-01 12:07:35.720583  1613  1654 D AutomaticBrightnessController: calculateAmbientLux: [-8761, -8261]: lux=50.0, weight=744500.0
01-01 12:07:35.720770  1613  1654 D AutomaticBrightnessController: calculateAmbientLux: [-9010, -8761]: lux=0.0, weight=277512.0
01-01 12:07:35.720965  1613  1654 D AutomaticBrightnessController: calculateAmbientLux: [-10000, -9010]: lux=50.0, weight=490048.0
01-01 12:07:35.721148  1613  1654 D AutomaticBrightnessController: calculateAmbientLux: totalWeight=5.1005E7, newAmbientLux=44.407158
01-01 12:07:35.721324  1613  1654 D AutomaticBrightnessController: updateAmbientLux: Scheduling ambient lux update for 973271973271 (in 3998 ms)
01-01 12:07:35.721498  1613  1654 D AutomaticBrightnessController: onSensorChanged: lux = 50.0
01-01 12:07:35.741233  1613  3159 D ActivityManager: ACT-attachApplication pid 10947 to thread android.app.ApplicationThreadProxy@e4b24a
01-01 12:07:36.048451  1613  3159 D PowerManagerService: acquireWakeLockInternal: lock=74235981, flags=0x1, tag="*dexopt*", ws=WorkSource{10047}, uid=1000, pid=1613
01-01 12:07:36.048639  1613  3159 D PowerManagerService: updateWakeLockSummaryLocked: mWakefulness=Awake, mWakeLockSummary=0x1
01-01 12:07:36.048849  1613  3159 D PowerManagerService: updateUserActivitySummaryLocked: mWakefulness=Awake, mUserActivitySummary=0x1, nextTimeout=1019264 (in 49663 ms)
01-01 12:07:36.049223  1613  3159 D DisplayPowerController: requestPowerState: policy=BRIGHT, useProximitySensor=false, screenBrightness=102, screenAutoBrightnessAdjustment=0.8, brightnessSetByUser=true, useAutoBrightness=true, blockScreenOn=false, lowPowerMode=false, boostScreenBrightness=false, dozeScreenBrightness=-1, dozeScreenState=UNKNOWN, waitForNegativeProximity=false
01-01 12:07:36.049295  1613  3159 I PowerManagerService: setBrightness mButtonLight 0.
01-01 12:07:36.049461  1613  3159 D PowerManagerService: updateDisplayPowerStateLocked: mDisplayReady=true, policy=3, mWakefulness=1, mWakeLockSummary=0x1, mUserActivitySummary=0x1, mBootCompleted=true, mScreenBrightnessBoostInProgress=false
01-01 12:07:36.049798  1613  3159 D PowerManagerNotifier: onWakeLockAcquired: flags=1, tag="*dexopt*", packageName=android, ownerUid=1000, ownerPid=1613, workSource=WorkSource{10047}
01-01 12:07:36.078946  1613  1659 I PackageManager: Apk copy done
01-01 12:07:36.080326  1613  1659 I PackageManager: mcs_bound
01-01 12:07:36.080535  1613  1659 I PackageManager: startCopy UserHandle{0}: MeasureParams{913708 com.android.dreams.phototable}
01-01 12:07:36.204852  1613  3159 D PowerManagerService: releaseWakeLockInternal: lock=74235981 [*dexopt*], flags=0x0, total_time=157ms
01-01 12:07:36.205098  1613  3159 D PowerManagerNotifier: onWakeLockReleased: flags=1, tag="*dexopt*", packageName=android, ownerUid=1000, ownerPid=1613, workSource=WorkSource{10047}
01-01 12:07:36.205359  1613  3159 D PowerManagerService: updateWakeLockSummaryLocked: mWakefulness=Awake, mWakeLockSummary=0x1
01-01 12:07:36.205593  1613  3159 D PowerManagerService: updateUserActivitySummaryLocked: mWakefulness=Awake, mUserActivitySummary=0x1, nextTimeout=1019264 (in 49507 ms)
01-01 12:07:36.205904  1613  3159 D DisplayPowerController: requestPowerState: policy=BRIGHT, useProximitySensor=false, screenBrightness=102, screenAutoBrightnessAdjustment=0.8, brightnessSetByUser=true, useAutoBrightness=true, blockScreenOn=false, lowPowerMode=false, boostScreenBrightness=false, dozeScreenBrightness=-1, dozeScreenState=UNKNOWN, waitForNegativeProximity=false
01-01 12:07:36.205982  1613  3159 I PowerManagerService: setBrightness mButtonLight 0.
01-01 12:07:36.206140  1613  3159 D PowerManagerService: updateDisplayPowerStateLocked: mDisplayReady=true, policy=3, mWakefulness=1, mWakeLockSummary=0x1, mUserActivitySummary=0x1, mBootCompleted=true, mScreenBrightnessBoostInProgress=false
01-01 12:07:36.206460  1613  3159 I ActivityManager: ensurePackageDexOpt done duration ms: 158
01-01 12:07:36.219018  1613  1654 D AutomaticBrightnessController: calculateAmbientLux: [0, 100]: lux=0.0, weight=1005000.0
01-01 12:07:36.219222  1613  1654 D AutomaticBrightnessController: calculateAmbientLux: [-500, 0]: lux=50.0, weight=4875000.0
01-01 12:07:36.219402  1613  1654 D AutomaticBrightnessController: calculateAmbientLux: [-750, -500]: lux=0.0, weight=2343750.0
01-01 12:07:36.219591  1613  1654 D AutomaticBrightnessController: calculateAmbientLux: [-4001, -750]: lux=50.0, weight=2.478725E7
01-01 12:07:36.219765  1613  1654 D AutomaticBrightnessController: calculateAmbientLux: [-4250, -4001]: lux=0.0, weight=1462750.0
01-01 12:07:36.219959  1613  1654 D AutomaticBrightnessController: calculateAmbientLux: [-6760, -4250]: lux=50.0, weight=1.128245E7
01-01 12:07:36.220131  1613  1654 D AutomaticBrightnessController: calculateAmbientLux: [-7010, -6760]: lux=0.0, weight=778752.0
01-01 12:07:36.220309  1613  1654 D AutomaticBrightnessController: calculateAmbientLux: [-8510, -7010]: lux=50.0, weight=3360000.0
01-01 12:07:36.220480  1613  1654 D AutomaticBrightnessController: calculateAmbientLux: [-8761, -8510]: lux=0.0, weight=342488.0
01-01 12:07:36.220657  1613  1654 D AutomaticBrightnessController: calculateAmbientLux: [-9261, -8761]: lux=50.0, weight=494500.0
01-01 12:07:36.220828  1613  1654 D AutomaticBrightnessController: calculateAmbientLux: [-9510, -9261]: lux=0.0, weight=153012.0
01-01 12:07:36.221008  1613  1654 D AutomaticBrightnessController: calculateAmbientLux: [-10000, -9510]: lux=50.0, weight=120048.0
01-01 12:07:36.221172  1613  1654 D AutomaticBrightnessController: calculateAmbientLux: totalWeight=5.1005E7, newAmbientLux=44.034164
01-01 12:07:36.221323  1613  1654 D AutomaticBrightnessController: updateAmbientLux: Scheduling ambient lux update for 973771973771 (in 3998 ms)
01-01 12:07:36.221484  1613  1654 D AutomaticBrightnessController: onSensorChanged: lux = 0.0
01-01 12:07:36.413887  1613  2218 D PowerManagerService: userActivityFromNative
01-01 12:07:36.414146  1613  2218 D PowerManagerService: userActivityNoUpdateLocked: eventTime=969964, event=2, flags=0x0, uid=1000
01-01 12:07:36.414330  1613  2218 D PowerManagerNotifier: onUserActivity: event=2, uid=1000
01-01 12:07:36.414728  1613  2218 D PowerManagerService: updateUserActivitySummaryLocked: mWakefulness=Awake, mUserActivitySummary=0x1, nextTimeout=1022964 (in 52998 ms)
01-01 12:07:36.415149  1613  2218 D DisplayPowerController: requestPowerState: policy=BRIGHT, useProximitySensor=false, screenBrightness=102, screenAutoBrightnessAdjustment=0.8, brightnessSetByUser=true, useAutoBrightness=true, blockScreenOn=false, lowPowerMode=false, boostScreenBrightness=false, dozeScreenBrightness=-1, dozeScreenState=UNKNOWN, waitForNegativeProximity=false
01-01 12:07:36.415233  1613  2218 I PowerManagerService: setBrightness mButtonLight 0.
01-01 12:07:36.415503  1613  2218 D PowerManagerService: updateDisplayPowerStateLocked: mDisplayReady=true, policy=3, mWakefulness=1, mWakeLockSummary=0x1, mUserActivitySummary=0x1, mBootCompleted=true, mScreenBrightnessBoostInProgress=false
01-01 12:07:36.489329  1613  1654 D AutomaticBrightnessController: calculateAmbientLux: [0, 100]: lux=50.0, weight=1005000.0
01-01 12:07:36.489566  1613  1654 D AutomaticBrightnessController: calculateAmbientLux: [-270, 0]: lux=0.0, weight=2663550.0
01-01 12:07:36.489756  1613  1654 D AutomaticBrightnessController: calculateAmbientLux: [-770, -270]: lux=50.0, weight=4740000.0
01-01 12:07:36.489942  1613  1654 D AutomaticBrightnessController: calculateAmbientLux: [-1020, -770]: lux=0.0, weight=2276250.0
01-01 12:07:36.490146  1613  1654 D AutomaticBrightnessController: calculateAmbientLux: [-4271, -1020]: lux=50.0, weight=2.390948E7
01-01 12:07:36.490329  1613  1654 D AutomaticBrightnessController: calculateAmbientLux: [-4520, -4271]: lux=0.0, weight=1395520.0
01-01 12:07:36.490532  1613  1654 D AutomaticBrightnessController: calculateAmbientLux: [-7030, -4520]: lux=50.0, weight=1.0604752E7
01-01 12:07:36.490721  1613  1654 D AutomaticBrightnessController: calculateAmbientLux: [-7280, -7030]: lux=0.0, weight=711248.0
01-01 12:07:36.490908  1613  1654 D AutomaticBrightnessController: calculateAmbientLux: [-8780, -7280]: lux=50.0, weight=2955000.0
01-01 12:07:36.491087  1613  1654 D AutomaticBrightnessController: calculateAmbientLux: [-9031, -8780]: lux=0.0, weight=274720.0
01-01 12:07:36.491271  1613  1654 D AutomaticBrightnessController: calculateAmbientLux: [-9531, -9031]: lux=50.0, weight=359500.0
01-01 12:07:36.491448  1613  1654 D AutomaticBrightnessController: calculateAmbientLux: [-9780, -9531]: lux=0.0, weight=85780.0
01-01 12:07:36.491628  1613  1654 D AutomaticBrightnessController: calculateAmbientLux: [-10000, -9780]: lux=50.0, weight=24200.0
01-01 12:07:36.491810  1613  1654 D AutomaticBrightnessController: calculateAmbientLux: totalWeight=5.1005E7, newAmbientLux=42.738884
01-01 12:07:36.491976  1613  1654 D AutomaticBrightnessController: updateAmbientLux: Scheduling ambient lux update for 974041974041 (in 3997 ms)
01-01 12:07:36.492128  1613  1654 D AutomaticBrightnessController: onSensorChanged: lux = 50.0
01-01 12:07:36.545758  1613  2478 D WindowManager: addWindowToListInOrderLocked: win=Window{bbdbad8 u0 } Callers=com.android.server.wm.WindowManagerService.addWindow:2782 com.android.server.wm.Session.addToDisplay:171 android.view.IWindowSession$Stub.onTransact:124 com.android.server.wm.Session.onTransact:133 
01-01 12:07:36.546000  1613  2478 V WindowManager: not Base app: Adding window Window{bbdbad8 u0 } at 7 of 11
01-01 12:07:36.546198  1613  2478 V WindowManager: Looking for focus: 10 = Window{a55768f u0 StatusBar}, flags=-2122055608, canReceive=false
01-01 12:07:36.546357  1613  2478 V WindowManager: findFocusedWindow: Found new focus @ 7 = Window{bbdbad8 u0 }
01-01 12:07:36.546915  1613  2478 V WindowManager: Changing focus from Window{3471f4 u0 com.mediatek.mtklogger/com.mediatek.mtklogger.MainActivity} to Window{bbdbad8 u0 } Callers=com.android.server.wm.WindowManagerService.addWindow:2822 com.android.server.wm.Session.addToDisplay:171 android.view.IWindowSession$Stub.onTransact:124 com.android.server.wm.Session.onTransact:133 
01-01 12:07:36.547179  1613  2478 D WindowManager: Input focus has changed to Window{bbdbad8 u0 }
01-01 12:07:36.549633  1613  1651 I WindowManager: Focus moving from Window{3471f4 u0 com.mediatek.mtklogger/com.mediatek.mtklogger.MainActivity} to Window{bbdbad8 u0 }
01-01 12:07:36.549851  1613  1651 I WindowManager: Gaining focus: Window{bbdbad8 u0 }
01-01 12:07:36.565455  1613  3159 W ActivityManager: Skip forceProcessStateUpTo() to newState 11
01-01 12:07:36.577606  1613  3159 D BroadcastQueue: BDC-Delivering broadcast: Intent { act=android.intent.action.PACKAGE_ADDED dat=package:cmb.pb flg=0x4000010 cmp=com.facebook.system/com.facebook.oxygen.installer.service.PackageReceiver (has extras) }, queue=background, ordered=false, app=ProcessRecord{9c68e31 10947:com.facebook.system/u0a47}, receiver=android.os.BinderProxy@3c3a916
01-01 12:07:36.581524  1613  3012 V ActivityManager: Broadcast sticky: Intent { act=android.intent.action.SIG_STR flg=0x20000010 (has extras) } ordered=false userid=-1 callerApp=ProcessRecord{dcbe4d3 1613:system/1000}
01-01 12:07:36.618180  1613  1639 I WindowStateAnimator:   CREATE SURFACE Surface(name=) IN SESSION android.view.SurfaceSession@7359ed7: pid=6406 format=-2 flags=0x4 / WindowStateAnimator{4d7e297 }
01-01 12:07:36.619575  1613  1639 V WindowManager: Looking for focus: 10 = Window{a55768f u0 StatusBar}, flags=-2122055608, canReceive=false
01-01 12:07:36.619823  1613  1639 V WindowManager: findFocusedWindow: Found new focus @ 7 = Window{bbdbad8 u0 }
01-01 12:07:36.644044  1613  2472 V ActivityManager: bindService: Intent { act=com.google.android.gms.icing.INDEX_SERVICE pkg=com.google.android.gms } type=null conn=android.os.BinderProxy@ebfac84 flags=0x81 callerApp=ProcessRecord{22bb6c3 8385:com.google.android.googlequicksearchbox:search/u0a42}
01-01 12:07:36.644992  1613  2472 D ActivityManager: SVC-Binding service: ServiceRecord{8e20977 u0 com.google.android.gms/.icing.service.IndexService}, app=ProcessRecord{b1e951f 3360:com.google.android.gms/u0a29}, activity=null
01-01 12:07:36.678694  1613  1640 V WindowStateAnimator: finishDrawingLocked: mDrawState=COMMIT_DRAW_PENDING WindowStateAnimator{4d7e297 } in Surface(name=)
01-01 12:07:36.699891  1613  1651 I WindowManager: Losing delayed focus: Window{3471f4 u0 com.mediatek.mtklogger/com.mediatek.mtklogger.MainActivity}
01-01 12:07:36.751526  1613  1659 I PackageManager: Apk copy done
01-01 12:07:36.752753  1613  1659 I PackageManager: mcs_bound
01-01 12:07:36.752981  1613  1659 I PackageManager: startCopy UserHandle{0}: MeasureParams{d9678c6 com.google.android.packageinstaller}
01-01 12:07:36.773940 10947 10947 D ActivityThread: installProvider: context.getPackageName()=com.facebook.system
01-01 12:07:36.774356  1613  1639 V ActivityManager: startService: Intent { act=com.google.android.gms.icing.LIGHTWEIGHT_WORKER_SERVICE pkg=com.google.android.gms } callerApp=ProcessRecord{ab3e25f 3639:com.google.android.gms.persistent/u0a29}
01-01 12:07:36.778434 10947 10947 D ActivityThread: installProvider: context.getPackageName()=com.facebook.system
01-01 12:07:36.783048  1613  2474 D ActivityManager: publishContentProviders: from caller=android.app.ApplicationThreadProxy@4dfd269 (pid=10947)
01-01 12:07:36.796570  1613  1639 V ActivityManager: >>> EXECUTING create of ServiceRecord{b9ec4ee u0 com.google.android.gms/.icing.service.LightweightIndexService$LightweightWorkerService} in app ProcessRecord{ab3e25f 3639:com.google.android.gms.persistent/u0a29}
01-01 12:07:36.802787  1613  1639 V ActivityManager: AMS Creating service ServiceRecord{b9ec4ee u0 com.google.android.gms/.icing.service.LightweightIndexService$LightweightWorkerService}
01-01 12:07:36.803677  1613  1639 V ActivityManager: Sending arguments to: ServiceRecord{b9ec4ee u0 com.google.android.gms/.icing.service.LightweightIndexService$LightweightWorkerService} android.content.Intent$FilterComparison@be3cba59 args=Intent { act=com.google.android.gms.icing.LIGHTWEIGHT_WORKER_SERVICE pkg=com.google.android.gms }
01-01 12:07:36.803858  1613  1639 V ActivityManager: >>> EXECUTING start of ServiceRecord{b9ec4ee u0 com.google.android.gms/.icing.service.LightweightIndexService$LightweightWorkerService} in app ProcessRecord{ab3e25f 3639:com.google.android.gms.persistent/u0a29}
01-01 12:07:36.804319  1613  1639 D ActivityManager: SVC-Sent arguments: ServiceRecord{b9ec4ee u0 com.google.android.gms/.icing.service.LightweightIndexService$LightweightWorkerService}, app=ProcessRecord{ab3e25f 3639:com.google.android.gms.persistent/u0a29}, args=Intent { act=com.google.android.gms.icing.LIGHTWEIGHT_WORKER_SERVICE pkg=com.google.android.gms }, flags=0
01-01 12:07:36.804836  3639  3639 D ActivityThread: SVC-Creating service: CreateServiceData{token=android.os.BinderProxy@69581a8 className=com.google.android.gms.icing.service.LightweightIndexService$LightweightWorkerService packageName=com.google.android.gms intent=null}
01-01 12:07:36.805501  3639  3639 D ActivityThread: SVC-CREATE_SERVICE handled : 0 / CreateServiceData{token=android.os.BinderProxy@69581a8 className=com.google.android.gms.icing.service.LightweightIndexService$LightweightWorkerService packageName=com.google.android.gms intent=null}
01-01 12:07:36.805708  1613  3175 D ActivityManager: SVC-Executing service done: ServiceRecord{b9ec4ee u0 com.google.android.gms/.icing.service.LightweightIndexService$LightweightWorkerService}, type=0, startId=0, res=0
01-01 12:07:36.805792  3639  3639 D ActivityThread: SVC-Calling onStartCommand: com.google.android.gms.icing.service.LightweightIndexService$LightweightWorkerService@b1994c1, flags=0, startId=1
01-01 12:07:36.805871  1613  3175 V ActivityManager: <<< DONE EXECUTING ServiceRecord{b9ec4ee u0 com.google.android.gms/.icing.service.LightweightIndexService$LightweightWorkerService}: nesting=2, inDestroying=false, app=ProcessRecord{ab3e25f 3639:com.google.android.gms.persistent/u0a29}
01-01 12:07:36.807101  1613  3012 D ActivityManager: SVC-Executing service done: ServiceRecord{b9ec4ee u0 com.google.android.gms/.icing.service.LightweightIndexService$LightweightWorkerService}, type=1, startId=1, res=2
01-01 12:07:36.807324  1613  3012 V ActivityManager: <<< DONE EXECUTING ServiceRecord{b9ec4ee u0 com.google.android.gms/.icing.service.LightweightIndexService$LightweightWorkerService}: nesting=1, inDestroying=false, app=ProcessRecord{ab3e25f 3639:com.google.android.gms.persistent/u0a29}
01-01 12:07:36.808566  3639  3639 D ActivityThread: SVC-SERVICE_ARGS handled : 0 / ServiceArgsData{token=android.os.BinderProxy@69581a8 startId=1 args=Intent { act=com.google.android.gms.icing.LIGHTWEIGHT_WORKER_SERVICE pkg=com.google.android.gms }}
01-01 12:07:36.808769  1613  2471 D ActivityManager: getContentProviderImpl: from caller=android.app.ApplicationThreadProxy@ae8d8f (pid=10947, userId=0) to get content provider settings cpr=ContentProviderRecord{8b370fa u0 com.android.providers.settings/.SettingsProvider}
01-01 12:07:36.809014  1613  1659 I PackageManager: Apk copy done
01-01 12:07:36.809071  1613  2471 D ActivityManager: getContentProviderImpl: updateLruProcessLocked cpr.proc=ProcessRecord{dcbe4d3 1613:system/1000}
01-01 12:07:36.809516  1613  1659 I PackageManager: mcs_bound
01-01 12:07:36.809748  1613  1659 I PackageManager: startCopy UserHandle{0}: MeasureParams{101f087 com.android.galaxy4}
01-01 12:07:36.811159 10947 10947 D ActivityThread: holder:android.app.IActivityManager$ContentProviderHolder@47b01d5, holder.provider:android.content.ContentProviderProxy@2acddea
01-01 12:07:36.814692 10947 10947 D ActivityThread: BIND_APPLICATION handled : 0 / AppBindData{appInfo=ApplicationInfo{c55df78 com.facebook.system}}
01-01 12:07:36.816624 10947 10947 D ActivityThread: BDC-Calling onReceive: intent=Intent { act=android.intent.action.PACKAGE_ADDED dat=package:cmb.pb flg=0x4000010 cmp=com.facebook.system/com.facebook.oxygen.installer.service.PackageReceiver (has extras) }, receiver=com.facebook.oxygen.installer.service.PackageReceiver@572eeb6
01-01 12:07:36.817270  1613  2479 D ActivityManager: BDC-Finishing receiver: android.os.BinderProxy@3c3a916
01-01 12:07:36.817523 10947 10947 D ActivityThread: BDC-RECEIVER handled : 0 / ReceiverData{intent=Intent { act=android.intent.action.PACKAGE_ADDED dat=package:cmb.pb flg=0x4000010 cmp=com.facebook.system/com.facebook.oxygen.installer.service.PackageReceiver (has extras) } packageName=com.facebook.system resultCode=0 resultData=null resultExtras=null}
01-01 12:07:36.817787  1613  2479 D ActivityManager: BroadcastRecord{d7f6eee u0 android.intent.action.PACKAGE_ADDED}, spend: 1273, android.os.BinderProxy@3c3a916, ActivityInfo{9d5ebb5 com.facebook.oxygen.installer.service.PackageReceiver}
01-01 12:07:36.818231  1613  2479 D BroadcastQueue: BroadcastRecord{d7f6eee u0 android.intent.action.PACKAGE_ADDED}, #25 ActivityInfo{50e081c com.google.android.apps.docs.receivers.AppPackageAddRemoveReceiver}
01-01 12:07:36.822523  1613  2479 W BroadcastQueue: Reject to launch app com.google.android.apps.docs/10070 for broadcast: App Op 63
01-01 12:07:36.827642  1613  1646 D BroadcastQueue: BroadcastRecord{d7f6eee u0 android.intent.action.PACKAGE_ADDED}, #26 ActivityInfo{f1a2c25 com.facebook.oxygen.appmanager.common.packages.PackageReceiver}
01-01 12:07:36.847419  1613  1659 I PackageManager: Apk copy done
01-01 12:07:36.848826  1613  1659 I PackageManager: mcs_bound
01-01 12:07:36.849091  1613  1659 I PackageManager: startCopy UserHandle{0}: MeasureParams{bc6f3dd com.mediatek.atci.service}
01-01 12:07:36.876378  1613  1659 I PackageManager: Apk copy done
01-01 12:07:36.876942  1613  1659 I PackageManager: mcs_bound
01-01 12:07:36.877189  1613  1659 I PackageManager: startCopy UserHandle{0}: MeasureParams{bf15b52 com.google.android.googlequicksearchbox}
01-01 12:07:36.880663  1613  1646 I ActivityManager: Start proc 10971:com.facebook.appmanager/u0a128 for broadcast com.facebook.appmanager/com.facebook.oxygen.appmanager.common.packages.PackageReceiver
01-01 12:07:36.881824  1613  2475 V ActivityManager: >>> EXECUTING destroy of ServiceRecord{112be9f u0 com.google.android.googlequicksearchbox/com.google.android.apps.gsa.search.core.icingsync.UpdateIcingCorporaService} in app ProcessRecord{22bb6c3 8385:com.google.android.googlequicksearchbox:search/u0a42}
01-01 12:07:36.883227  1613  3175 V ActivityManager: bindService: Intent { act=com.google.android.gms.analytics.service.START cmp=com.google.android.gms/.analytics.service.AnalyticsService (has extras) } type=null conn=android.os.BinderProxy@13641fa flags=0x81 callerApp=ProcessRecord{22942b3 10867:com.ironsource.appcloud.oobe.asus/u0a2}
01-01 12:07:36.884102  8385  8385 D ActivityThread: SVC-Destroying service: com.google.android.apps.gsa.search.core.icingsync.UpdateIcingCorporaService@32cb280
01-01 12:07:36.884135  1613  3175 W ActivityManager: Unable to start service Intent { act=com.google.android.gms.analytics.service.START cmp=com.google.android.gms/.analytics.service.AnalyticsService (has extras) } U=0: not found
01-01 12:07:36.884798  8385  8385 D ActivityThread: SVC-STOP_SERVICE handled : 0 / android.os.BinderProxy@3759303
01-01 12:07:36.885092  1613  3328 D ActivityManager: SVC-Executing service done: ServiceRecord{112be9f u0 com.google.android.googlequicksearchbox/com.google.android.apps.gsa.search.core.icingsync.UpdateIcingCorporaService}, type=2, startId=0, res=0
01-01 12:07:36.885243  1613  3328 V ActivityManager: <<< DONE EXECUTING ServiceRecord{112be9f u0 com.google.android.googlequicksearchbox/com.google.android.apps.gsa.search.core.icingsync.UpdateIcingCorporaService}: nesting=1, inDestroying=true, app=ProcessRecord{22bb6c3 8385:com.google.android.googlequicksearchbox:search/u0a42}
01-01 12:07:36.890736  1613  3328 I ActivityManager: Killing 9732:com.google.android.talk/u0a83 (adj 15): empty #17
01-01 12:07:36.931870  1613  1659 I PackageManager: Apk copy done
01-01 12:07:36.932355  1613  1659 I PackageManager: mcs_bound
01-01 12:07:36.932587  1613  1659 I PackageManager: startCopy UserHandle{0}: MeasureParams{3030e23 com.mediatek.voiceextension}
01-01 12:07:36.959592  1613  1659 I PackageManager: Apk copy done
01-01 12:07:36.960080  1613  1659 I PackageManager: mcs_bound
01-01 12:07:36.960314  1613  1659 I PackageManager: startCopy UserHandle{0}: MeasureParams{8addf20 com.mediatek.bluetooth.dtt}
01-01 12:07:36.970921  1613  1639 D DisplayManagerService: Display listener for pid 9732 died.
01-01 12:07:36.978468  1613  2471 V ActivityManager: bindService: Intent { act=com.google.android.gms.ads.identifier.service.START pkg=com.google.android.gms } type=null conn=android.os.BinderProxy@d9073ab flags=0x1 callerApp=ProcessRecord{22942b3 10867:com.ironsource.appcloud.oobe.asus/u0a2}
01-01 12:07:36.999409  1613  2471 V ActivityManager: >>> EXECUTING create of ServiceRecord{1e665a1 u0 com.google.android.gms/.ads.identifier.service.AdvertisingIdService} in app ProcessRecord{b1e951f 3360:com.google.android.gms/u0a29}
01-01 12:07:37.003866  1613  2471 V ActivityManager: AMS Creating service ServiceRecord{1e665a1 u0 com.google.android.gms/.ads.identifier.service.AdvertisingIdService}
01-01 12:07:37.005105  1613  2471 V ActivityManager: >>> EXECUTING bind of ServiceRecord{1e665a1 u0 com.google.android.gms/.ads.identifier.service.AdvertisingIdService} in app ProcessRecord{b1e951f 3360:com.google.android.gms/u0a29}
01-01 12:07:37.007665  3360  3360 D ActivityThread: SVC-Creating service: CreateServiceData{token=android.os.BinderProxy@9d69dda className=com.google.android.gms.ads.identifier.service.AdvertisingIdService packageName=com.google.android.gms intent=null}
01-01 12:07:37.008234  1613  2471 D ActivityManager: SVC-Binding service: ServiceRecord{1e665a1 u0 com.google.android.gms/.ads.identifier.service.AdvertisingIdService}, app=ProcessRecord{b1e951f 3360:com.google.android.gms/u0a29}, activity=null
01-01 12:07:37.008644  1613  1643 D ActivityManager: SVC-Executing service done: ServiceRecord{1e665a1 u0 com.google.android.gms/.ads.identifier.service.AdvertisingIdService}, type=0, startId=0, res=0
01-01 12:07:37.008672  1613  1640 D ActivityManager: SVC-handleAppDiedLocked: app = ProcessRecord{3e48f6d 9732:com.google.android.talk/u0a83}, app.pid = 9732
01-01 12:07:37.009235  1613  1640 D ActivityManager: removeDyingProviderLocked: cpr=ContentProviderRecord{d9683c6 u0 com.google.android.talk/com.google.android.apps.hangouts.content.EsProvider} always=false inLaunching=false
01-01 12:07:37.009654  1613  1640 D ActivityManager: removeDyingProviderLocked: cpr=ContentProviderRecord{6609f87 u0 com.google.android.talk/com.google.android.apps.hangouts.sms.MmsFileProvider} always=false inLaunching=false
01-01 12:07:37.009986  1613  1640 D ActivityManager: removeDyingProviderLocked: cpr=ContentProviderRecord{1293eb4 u0 com.google.android.talk/android.support.v4.content.FileProvider} always=false inLaunching=false
01-01 12:07:37.010367  1613  1640 D ActivityManager: removeDyingProviderLocked: cpr=ContentProviderRecord{2e2badd u0 com.google.android.talk/com.google.android.apps.hangouts.mergedcontacts.impl.MergedContactProviderImpl} always=false inLaunching=false
01-01 12:07:37.010645  1613  1640 D ActivityManager: SVC-mBroadcastQueues: com.android.server.am.BroadcastQueue@f91c5c8
01-01 12:07:37.010781  1613  1640 D ActivityManager: SVC-mBroadcastQueues: com.android.server.am.BroadcastQueue@c045661
01-01 12:07:37.014761  1613  1659 I PackageManager: Apk copy done
01-01 12:07:37.015505  3360  3360 D ActivityThread: SVC-CREATE_SERVICE handled : 0 / CreateServiceData{token=android.os.BinderProxy@9d69dda className=com.google.android.gms.ads.identifier.service.AdvertisingIdService packageName=com.google.android.gms intent=null}
01-01 12:07:37.015790  3360  3360 V ActivityThread: handleBindService s=com.google.android.gms.ads.identifier.service.AdvertisingIdService@515d20b rebind=false
01-01 12:07:37.016589  1613  1643 V ActivityManager: <<< DONE EXECUTING ServiceRecord{1e665a1 u0 com.google.android.gms/.ads.identifier.service.AdvertisingIdService}: nesting=2, inDestroying=false, app=ProcessRecord{b1e951f 3360:com.google.android.gms/u0a29}
01-01 12:07:37.018402  1613  3158 V ActivityManager: <<< DONE EXECUTING ServiceRecord{1e665a1 u0 com.google.android.gms/.ads.identifier.service.AdvertisingIdService}: nesting=1, inDestroying=false, app=ProcessRecord{b1e951f 3360:com.google.android.gms/u0a29}
01-01 12:07:37.019741  3360  3360 D ActivityThread: SVC-BIND_SERVICE handled : 0 / BindServiceData{token=android.os.BinderProxy@9d69dda intent=Intent { act=com.google.android.gms.ads.identifier.service.START pkg=com.google.android.gms }}
01-01 12:07:37.020353  1613  1659 I PackageManager: mcs_bound
01-01 12:07:37.021921  1613  1659 I PackageManager: startCopy UserHandle{0}: MeasureParams{ec3f0d9 com.asus.zentalk}
01-01 12:07:37.028934  1613  3012 D ActivityManager: SVC-Unbinding service: ServiceRecord{1e665a1 u0 com.google.android.gms/.ads.identifier.service.AdvertisingIdService}, app=ProcessRecord{b1e951f 3360:com.google.android.gms/u0a29}
01-01 12:07:37.029309  1613  3012 V ActivityManager: >>> EXECUTING unbind of ServiceRecord{1e665a1 u0 com.google.android.gms/.ads.identifier.service.AdvertisingIdService} in app ProcessRecord{b1e951f 3360:com.google.android.gms/u0a29}
01-01 12:07:37.030603  1613  3012 V ActivityManager: >>> EXECUTING destroy of ServiceRecord{1e665a1 u0 com.google.android.gms/.ads.identifier.service.AdvertisingIdService} in app ProcessRecord{b1e951f 3360:com.google.android.gms/u0a29}
01-01 12:07:37.032396  3360  3360 D ActivityThread: SVC-UNBIND_SERVICE handled : 0 / BindServiceData{token=android.os.BinderProxy@9d69dda intent=Intent { act=com.google.android.gms.ads.identifier.service.START pkg=com.google.android.gms }}
01-01 12:07:37.032673  3360  3360 D ActivityThread: SVC-Destroying service: com.google.android.gms.ads.identifier.service.AdvertisingIdService@515d20b
01-01 12:07:37.032941  1613  2475 D ActivityManager: SVC-Executing service done: ServiceRecord{1e665a1 u0 com.google.android.gms/.ads.identifier.service.AdvertisingIdService}, type=0, startId=0, res=0
01-01 12:07:37.032962  3360  3360 D ActivityThread: SVC-STOP_SERVICE handled : 0 / android.os.BinderProxy@9d69dda
01-01 12:07:37.033120  1613  2475 V ActivityManager: <<< DONE EXECUTING ServiceRecord{1e665a1 u0 com.google.android.gms/.ads.identifier.service.AdvertisingIdService}: nesting=2, inDestroying=true, app=ProcessRecord{b1e951f 3360:com.google.android.gms/u0a29}
01-01 12:07:37.033570  1613  2475 D ActivityManager: SVC-Executing service done: ServiceRecord{1e665a1 u0 com.google.android.gms/.ads.identifier.service.AdvertisingIdService}, type=2, startId=0, res=0
01-01 12:07:37.033755  1613  2475 V ActivityManager: <<< DONE EXECUTING ServiceRecord{1e665a1 u0 com.google.android.gms/.ads.identifier.service.AdvertisingIdService}: nesting=1, inDestroying=true, app=ProcessRecord{b1e951f 3360:com.google.android.gms/u0a29}
01-01 12:07:37.066466  1613  1659 I PackageManager: Apk copy done
01-01 12:07:37.067043  1613  1659 I PackageManager: mcs_bound
01-01 12:07:37.067602  1613  1659 I PackageManager: startCopy UserHandle{0}: MeasureParams{da5da9e com.android.providers.partnerbookmarks}
01-01 12:07:37.109748  1613  1659 I PackageManager: Apk copy done
01-01 12:07:37.112552  1613  1659 I PackageManager: mcs_bound
01-01 12:07:37.112830  1613  1659 I PackageManager: startCopy UserHandle{0}: MeasureParams{661cd4c com.asus.maxxaudio.audiowizard}
01-01 12:07:37.126477  1613  2479 D ActivityManager: ACT-attachApplication pid 10971 to thread android.app.ApplicationThreadProxy@3671652
01-01 12:07:37.135136  1613  2479 W ActivityManager: Skip forceProcessStateUpTo() to newState 11
01-01 12:07:37.140570  1613  2479 D BroadcastQueue: BDC-Delivering broadcast: Intent { act=android.intent.action.PACKAGE_ADDED dat=package:cmb.pb flg=0x4000010 cmp=com.facebook.appmanager/com.facebook.oxygen.appmanager.common.packages.PackageReceiver (has extras) }, queue=background, ordered=false, app=ProcessRecord{11dad23 10971:com.facebook.appmanager/u0a128}, receiver=android.os.BinderProxy@759220
01-01 12:07:37.159808  1613  1659 I PackageManager: Apk copy done
01-01 12:07:37.160347  1613  1659 I PackageManager: mcs_bound
01-01 12:07:37.160606  1613  1659 I PackageManager: startCopy UserHandle{0}: MeasureParams{8f9c195 com.android.shell}
01-01 12:07:37.207907  1613  1659 I PackageManager: Apk copy done
01-01 12:07:37.208750  1613  1659 I PackageManager: mcs_bound
01-01 12:07:37.209179  1613  1659 I PackageManager: startCopy UserHandle{0}: MeasureParams{99102aa com.mediatek.engineermode}
01-01 12:07:37.249652  1613  1659 I PackageManager: Apk copy done
01-01 12:07:37.250177  1613  1659 I PackageManager: mcs_bound
01-01 12:07:37.250552  1613  1659 I PackageManager: startCopy UserHandle{0}: MeasureParams{d918e4d com.asus.asusincallui}
01-01 12:07:37.298817  1613  1659 I PackageManager: Apk copy done
01-01 12:07:37.299658  1613  1659 I PackageManager: mcs_bound
01-01 12:07:37.300001  1613  1659 I PackageManager: startCopy UserHandle{0}: MeasureParams{ce33d02 dk.icepower.icesound}
01-01 12:07:37.309915  1613  2475 V ActivityManager: >>> EXECUTING destroy of ServiceRecord{b9ec4ee u0 com.google.android.gms/.icing.service.LightweightIndexService$LightweightWorkerService} in app ProcessRecord{ab3e25f 3639:com.google.android.gms.persistent/u0a29}
01-01 12:07:37.313142  3639  3639 D ActivityThread: SVC-Destroying service: com.google.android.gms.icing.service.LightweightIndexService$LightweightWorkerService@b1994c1
01-01 12:07:37.313778  3639  3639 D ActivityThread: SVC-STOP_SERVICE handled : 0 / android.os.BinderProxy@69581a8
01-01 12:07:37.314114  1613  3159 D ActivityManager: SVC-Executing service done: ServiceRecord{b9ec4ee u0 com.google.android.gms/.icing.service.LightweightIndexService$LightweightWorkerService}, type=2, startId=0, res=0
01-01 12:07:37.314294  1613  3159 V ActivityManager: <<< DONE EXECUTING ServiceRecord{b9ec4ee u0 com.google.android.gms/.icing.service.LightweightIndexService$LightweightWorkerService}: nesting=1, inDestroying=true, app=ProcessRecord{ab3e25f 3639:com.google.android.gms.persistent/u0a29}
01-01 12:07:37.338410  1613  1659 I PackageManager: Apk copy done
01-01 12:07:37.338922  1613  1659 I PackageManager: mcs_bound
01-01 12:07:37.339181  1613  1659 I PackageManager: startCopy UserHandle{0}: MeasureParams{ae3c613 com.android.managedprovisioning}
01-01 12:07:37.378145  1613  1659 I PackageManager: Apk copy done
01-01 12:07:37.378756  1613  1659 I PackageManager: mcs_bound
01-01 12:07:37.379383  1613  1659 I PackageManager: startCopy UserHandle{0}: MeasureParams{f075050 com.android.proxyhandler}
01-01 12:07:37.380419 10971 10971 D ActivityThread: installProvider: context.getPackageName()=com.facebook.appmanager
01-01 12:07:37.393401 10971 10971 D ActivityThread: installProvider: context.getPackageName()=com.facebook.appmanager
01-01 12:07:37.399763 10971 10971 D ActivityThread: installProvider: context.getPackageName()=com.facebook.appmanager
01-01 12:07:37.408435  1613  1643 D ActivityManager: publishContentProviders: from caller=android.app.ApplicationThreadProxy@95527d9 (pid=10971)
01-01 12:07:37.412421  1613  2477 D ActivityManager: getContentProviderImpl: from caller=android.app.ApplicationThreadProxy@63c459e (pid=10971, userId=0) to get content provider settings cpr=ContentProviderRecord{8b370fa u0 com.android.providers.settings/.SettingsProvider}
01-01 12:07:37.412739  1613  2477 D ActivityManager: getContentProviderImpl: updateLruProcessLocked cpr.proc=ProcessRecord{dcbe4d3 1613:system/1000}
01-01 12:07:37.414354 10971 10971 D ActivityThread: holder:android.app.IActivityManager$ContentProviderHolder@7e43d6f, holder.provider:android.content.ContentProviderProxy@9c02a7c
01-01 12:07:37.442149  1613  1659 I PackageManager: Apk copy done
01-01 12:07:37.442777  1613  1659 I PackageManager: mcs_bound
01-01 12:07:37.443006  1613  1659 I PackageManager: startCopy UserHandle{0}: MeasureParams{e75c249 com.android.chrome}
01-01 12:07:37.485705  1613  1659 I PackageManager: Apk copy done
01-01 12:07:37.486242  1613  1659 I PackageManager: mcs_bound
01-01 12:07:37.486479  1613  1659 I PackageManager: startCopy UserHandle{0}: MeasureParams{d3ab06f com.mediatek.providers.drm}
01-01 12:07:37.539981  1613  1659 I PackageManager: Apk copy done
01-01 12:07:37.540444  1613  1659 I PackageManager: mcs_bound
01-01 12:07:37.540662  1613  1659 I PackageManager: startCopy UserHandle{0}: MeasureParams{899217c cmb.pb}
01-01 12:07:37.542326  1613  1640 V ActivityManager: Broadcast: Intent { act=com.mediatek.mtklogger.intent.action.LOG_STATE_CHANGED flg=0x10 (has extras) } ordered=false userid=0 callerApp=ProcessRecord{76bab8c 6406:com.mediatek.mtklogger/u0a92}
01-01 12:07:37.543398  1613  1646 V BroadcastQueue: Processing parallel broadcast [background] BroadcastRecord{b13f87f u0 com.mediatek.mtklogger.intent.action.LOG_STATE_CHANGED}, 1 receivers
01-01 12:07:37.543829  1613  1646 D BroadcastQueue: BroadcastRecord{b13f87f u0 com.mediatek.mtklogger.intent.action.LOG_STATE_CHANGED}, #0 BroadcastFilter{e0c8bdf u0 ReceiverList{1f78a7e 6406 com.mediatek.mtklogger/10092/u0 remote:850f439}}
01-01 12:07:37.544183  1613  1646 D BroadcastQueue: BDC-Delivering broadcast: Intent { act=com.mediatek.mtklogger.intent.action.LOG_STATE_CHANGED flg=0x10 (has extras) }, queue=background, ordered=false, filter=BroadcastFilter{e0c8bdf u0 ReceiverList{1f78a7e 6406 com.mediatek.mtklogger/10092/u0 remote:850f439}}, receiver=null
01-01 12:07:37.544758  1613  1646 D BroadcastQueue: Non-ordered [background] BroadcastRecord{b13f87f u0 com.mediatek.mtklogger.intent.action.LOG_STATE_CHANGED}, 1 receivers, Total: 1, Waiting: 0, Processing: 1
01-01 12:07:37.559607  6406  6406 D ActivityThread: BDC-Calling onReceive: intent=Intent { act=com.mediatek.mtklogger.intent.action.LOG_STATE_CHANGED flg=0x10 (has extras) }, ordered=true, receiver=com.mediatek.mtklogger.MainActivity$1@3b2266f, IIntentReceiver=f3467d0
01-01 12:07:37.583311  1613  2474 V WindowManager: Remove Window{bbdbad8 u0 } client=eeea5bb, surface=Surface(name=) Callers=com.android.server.wm.WindowManagerService.removeWindow:2911 com.android.server.wm.Session.remove:190 android.view.IWindowSession$Stub.onTransact:242 com.android.server.wm.Session.onTransact:133 
01-01 12:07:37.585497  1613  2474 V WindowManager: Looking for focus: 10 = Window{a55768f u0 StatusBar}, flags=-2122055608, canReceive=false
