01-01 12:07:34.743904  3360  3360 D ActivityThread: SVC-Destroying service: com.google.android.gms.icing.proxy.AppsMonitorIntentService@2df9f72
01-01 12:07:34.744303  1613  2474 D BroadcastQueue: BroadcastRecord{d7f6eee u0 android.intent.action.PACKAGE_ADDED}, #15 ActivityInfo{4d5c9f3 com.google.android.gms.appinvite.notification.AppInviteInstallReceiver}
01-01 12:07:34.744897  3360  3360 D ActivityThread: SVC-STOP_SERVICE handled : 0 / android.os.BinderProxy@b71347d
01-01 12:07:34.745604  3360  3360 D ActivityThread: SVC-Creating service: CreateServiceData{token=android.os.BinderProxy@9aee104 className=com.google.android.gms.icing.service.IndexService packageName=com.google.android.gms intent=null}
01-01 12:07:34.746520  1613  3158 D ConnectivityService: getActiveNetworkInfo networkInfo = null
01-01 12:07:34.748272  1613  2476 D ConnectivityService: getActiveNetworkInfo networkInfo = null
01-01 12:07:34.748870  1613  2474 D BroadcastQueue: BDC-Delivering broadcast: Intent { act=android.intent.action.PACKAGE_ADDED dat=package:cmb.pb flg=0x4000010 cmp=com.google.android.gms/.appinvite.notification.AppInviteInstallReceiver (has extras) }, queue=background, ordered=false, app=ProcessRecord{b1e951f 3360:com.google.android.gms/u0a29}, receiver=android.os.BinderProxy@26f206c
01-01 12:07:34.753934  1613  2474 D ActivityManager: SVC-Executing service done: ServiceRecord{bce0e53 u0 com.google.android.gms/.icing.proxy.AppsMonitorIntentService}, type=2, startId=0, res=0
01-01 12:07:34.753982  1613  3328 V ActivityManager: startService: Intent { cmp=com.ironsource.appcloud.oobe.asus/io.ironbeast.sdk.ReportService (has extras) } callerApp=ProcessRecord{22942b3 10867:com.ironsource.appcloud.oobe.asus/u0a2}
01-01 12:07:34.755656  1613  3328 V ActivityManager: Sending arguments to: ServiceRecord{b0a1e9b u0 com.ironsource.appcloud.oobe.asus/io.ironbeast.sdk.ReportService} android.content.Intent$FilterComparison@233a606d args=Intent { cmp=com.ironsource.appcloud.oobe.asus/io.ironbeast.sdk.ReportService (has extras) }
01-01 12:07:34.755839  1613  3328 V ActivityManager: >>> EXECUTING start of ServiceRecord{b0a1e9b u0 com.ironsource.appcloud.oobe.asus/io.ironbeast.sdk.ReportService} in app ProcessRecord{22942b3 10867:com.ironsource.appcloud.oobe.asus/u0a2}
01-01 12:07:34.756592  1613  3328 D ActivityManager: SVC-Sent arguments: ServiceRecord{b0a1e9b u0 com.ironsource.appcloud.oobe.asus/io.ironbeast.sdk.ReportService}, app=ProcessRecord{22942b3 10867:com.ironsource.appcloud.oobe.asus/u0a2}, args=Intent { cmp=com.ironsource.appcloud.oobe.asus/io.ironbeast.sdk.ReportService (has extras) }, flags=0
01-01 12:07:34.756953  1613  2474 V ActivityManager: <<< DONE EXECUTING ServiceRecord{bce0e53 u0 com.google.android.gms/.icing.proxy.AppsMonitorIntentService}: nesting=1, inDestroying=true, app=ProcessRecord{b1e951f 3360:com.google.android.gms/u0a29}
01-01 12:07:34.757906  1613  2471 V ActivityManager: startService: Intent { act=com.google.android.gms.icing.START_STICKY cmp=com.google.android.gms/.icing.service.IndexWorkerService } callerApp=ProcessRecord{b1e951f 3360:com.google.android.gms/u0a29}
01-01 12:07:34.760381  1613  2471 V ActivityManager: >>> EXECUTING create of ServiceRecord{78136b0 u0 com.google.android.gms/.icing.service.IndexWorkerService} in app ProcessRecord{b1e951f 3360:com.google.android.gms/u0a29}
01-01 12:07:34.763482  1613  2471 V ActivityManager: AMS Creating service ServiceRecord{78136b0 u0 com.google.android.gms/.icing.service.IndexWorkerService}
01-01 12:07:34.765219  1613  2471 V ActivityManager: Sending arguments to: ServiceRecord{78136b0 u0 com.google.android.gms/.icing.service.IndexWorkerService} android.content.Intent$FilterComparison@17fbd526 args=Intent { act=com.google.android.gms.icing.START_STICKY cmp=com.google.android.gms/.icing.service.IndexWorkerService }
01-01 12:07:34.765289  1613  1639 D ConnectivityService: getActiveNetworkInfo networkInfo = null
01-01 12:07:34.765414  1613  2471 V ActivityManager: >>> EXECUTING start of ServiceRecord{78136b0 u0 com.google.android.gms/.icing.service.IndexWorkerService} in app ProcessRecord{b1e951f 3360:com.google.android.gms/u0a29}
01-01 12:07:34.767335  1613  2471 D ActivityManager: SVC-Sent arguments: ServiceRecord{78136b0 u0 com.google.android.gms/.icing.service.IndexWorkerService}, app=ProcessRecord{b1e951f 3360:com.google.android.gms/u0a29}, args=Intent { act=com.google.android.gms.icing.START_STICKY cmp=com.google.android.gms/.icing.service.IndexWorkerService }, flags=0
01-01 12:07:34.768590  1613  2477 D ConnectivityService: getActiveNetworkInfo networkInfo = null
01-01 12:07:34.769840  1613  1643 D PowerManagerService: acquireWakeLockInternal: lock=95831208, flags=0x1, tag="Icing", ws=WorkSource{10029 com.google.android.gms}, uid=10029, pid=3360
01-01 12:07:34.770163  1613  1643 D PowerManagerService: updateWakeLockSummaryLocked: mWakefulness=Awake, mWakeLockSummary=0x1
01-01 12:07:34.770431  1613  1643 D PowerManagerService: updateUserActivitySummaryLocked: mWakefulness=Awake, mUserActivitySummary=0x1, nextTimeout=1019264 (in 50942 ms)
01-01 12:07:34.770873  1613  1643 D DisplayPowerController: requestPowerState: policy=BRIGHT, useProximitySensor=false, screenBrightness=102, screenAutoBrightnessAdjustment=0.8, brightnessSetByUser=true, useAutoBrightness=true, blockScreenOn=false, lowPowerMode=false, boostScreenBrightness=false, dozeScreenBrightness=-1, dozeScreenState=UNKNOWN, waitForNegativeProximity=false
01-01 12:07:34.770988  1613  1643 I PowerManagerService: setBrightness mButtonLight 0.
01-01 12:07:34.771175  1613  1643 D PowerManagerService: updateDisplayPowerStateLocked: mDisplayReady=true, policy=3, mWakefulness=1, mWakeLockSummary=0x1, mUserActivitySummary=0x1, mBootCompleted=true, mScreenBrightnessBoostInProgress=false
01-01 12:07:34.771853  1613  1643 D PowerManagerNotifier: onWakeLockAcquired: flags=1, tag="Icing", packageName=com.google.android.gms, ownerUid=10029, ownerPid=3360, workSource=WorkSource{10029 com.google.android.gms}
01-01 12:07:34.773541  3360  3360 D ActivityThread: SVC-CREATE_SERVICE handled : 0 / CreateServiceData{token=android.os.BinderProxy@9aee104 className=com.google.android.gms.icing.service.IndexService packageName=com.google.android.gms intent=null}
01-01 12:07:34.773795  1613  3158 D ActivityManager: SVC-Executing service done: ServiceRecord{8e20977 u0 com.google.android.gms/.icing.service.IndexService}, type=0, startId=0, res=0
01-01 12:07:34.773833  3360  3360 V ActivityThread: handleBindService s=com.google.android.gms.icing.service.IndexService@51d36ed rebind=false
01-01 12:07:34.773962  1613  3158 V ActivityManager: <<< DONE EXECUTING ServiceRecord{8e20977 u0 com.google.android.gms/.icing.service.IndexService}: nesting=2, inDestroying=false, app=ProcessRecord{b1e951f 3360:com.google.android.gms/u0a29}
01-01 12:07:34.775775  1613  3328 D ConnectivityService: getActiveNetworkInfo networkInfo = null
01-01 12:07:34.776575  1613  2478 V ActivityManager: <<< DONE EXECUTING ServiceRecord{8e20977 u0 com.google.android.gms/.icing.service.IndexService}: nesting=1, inDestroying=false, app=ProcessRecord{b1e951f 3360:com.google.android.gms/u0a29}
01-01 12:07:34.776688  1613  3328 D PowerManagerService: releaseWakeLockInternal: lock=95831208 [Icing], flags=0x0, total_time=6ms
01-01 12:07:34.776984  1613  3328 D PowerManagerNotifier: onWakeLockReleased: flags=1, tag="Icing", packageName=com.google.android.gms, ownerUid=10029, ownerPid=3360, workSource=WorkSource{10029 com.google.android.gms}
01-01 12:07:34.777271  1613  3328 D PowerManagerService: updateWakeLockSummaryLocked: mWakefulness=Awake, mWakeLockSummary=0x1
01-01 12:07:34.777562  1613  3328 D PowerManagerService: updateUserActivitySummaryLocked: mWakefulness=Awake, mUserActivitySummary=0x1, nextTimeout=1019264 (in 50935 ms)
01-01 12:07:34.778046  1613  3328 D DisplayPowerController: requestPowerState: policy=BRIGHT, useProximitySensor=false, screenBrightness=102, screenAutoBrightnessAdjustment=0.8, brightnessSetByUser=true, useAutoBrightness=true, blockScreenOn=false, lowPowerMode=false, boostScreenBrightness=false, dozeScreenBrightness=-1, dozeScreenState=UNKNOWN, waitForNegativeProximity=false
01-01 12:07:34.778164  1613  3328 I PowerManagerService: setBrightness mButtonLight 0.
01-01 12:07:34.778344  1613  3328 D PowerManagerService: updateDisplayPowerStateLocked: mDisplayReady=true, policy=3, mWakefulness=1, mWakeLockSummary=0x1, mUserActivitySummary=0x1, mBootCompleted=true, mScreenBrightnessBoostInProgress=false
01-01 12:07:34.780517  1613  2475 D ConnectivityService: getActiveNetworkInfo networkInfo = null
01-01 12:07:34.781679  1613  2471 D ActivityManager: SVC-Stopping service: ServiceRecord{78136b0 u0 com.google.android.gms/.icing.service.IndexWorkerService}, app=ProcessRecord{b1e951f 3360:com.google.android.gms/u0a29}
01-01 12:07:34.782074  1613  2471 V ActivityManager: >>> EXECUTING destroy of ServiceRecord{78136b0 u0 com.google.android.gms/.icing.service.IndexWorkerService} in app ProcessRecord{b1e951f 3360:com.google.android.gms/u0a29}
01-01 12:07:34.785321  3360  3360 D ActivityThread: SVC-BIND_SERVICE handled : 0 / BindServiceData{token=android.os.BinderProxy@9aee104 intent=Intent { act=com.google.android.gms.icing.INDEX_SERVICE pkg=com.google.android.gms }}
01-01 12:07:34.785625  3360  3360 D ActivityThread: SVC-Destroying service: com.google.android.gms.icing.proxy.UpdateIcingCorporaService@e7da51f
01-01 12:07:34.786423  1613  2479 D ActivityManager: SVC-Executing service done: ServiceRecord{683e489 u0 com.google.android.gms/.icing.proxy.UpdateIcingCorporaService}, type=2, startId=0, res=0
01-01 12:07:34.786963  3360  3360 D ActivityThread: SVC-STOP_SERVICE handled : 0 / android.os.BinderProxy@ff7cfc3
01-01 12:07:34.786954  1613  2472 V ActivityManager: startService: Intent { cmp=com.ironsource.appcloud.oobe.asus/io.ironbeast.sdk.ReportService (has extras) } callerApp=ProcessRecord{22942b3 10867:com.ironsource.appcloud.oobe.asus/u0a2}
01-01 12:07:34.788394  1613  1659 I PackageManager: Apk copy done
01-01 12:07:34.788754  1613  2472 V ActivityManager: Sending arguments to: ServiceRecord{b0a1e9b u0 com.ironsource.appcloud.oobe.asus/io.ironbeast.sdk.ReportService} android.content.Intent$FilterComparison@233a606d args=Intent { cmp=com.ironsource.appcloud.oobe.asus/io.ironbeast.sdk.ReportService (has extras) }
01-01 12:07:34.788946  1613  2472 V ActivityManager: >>> EXECUTING start of ServiceRecord{b0a1e9b u0 com.ironsource.appcloud.oobe.asus/io.ironbeast.sdk.ReportService} in app ProcessRecord{22942b3 10867:com.ironsource.appcloud.oobe.asus/u0a2}
01-01 12:07:34.789913  1613  2472 D ActivityManager: SVC-Sent arguments: ServiceRecord{b0a1e9b u0 com.ironsource.appcloud.oobe.asus/io.ironbeast.sdk.ReportService}, app=ProcessRecord{22942b3 10867:com.ironsource.appcloud.oobe.asus/u0a2}, args=Intent { cmp=com.ironsource.appcloud.oobe.asus/io.ironbeast.sdk.ReportService (has extras) }, flags=0
01-01 12:07:34.790645  1613  2479 V ActivityManager: <<< DONE EXECUTING ServiceRecord{683e489 u0 com.google.android.gms/.icing.proxy.UpdateIcingCorporaService}: nesting=1, inDestroying=true, app=ProcessRecord{b1e951f 3360:com.google.android.gms/u0a29}
01-01 12:07:34.790720  3360  3360 D ActivityThread: BDC-Calling onReceive: intent=Intent { act=android.intent.action.PACKAGE_ADDED dat=package:cmb.pb flg=0x4000010 cmp=com.google.android.gms/.appinvite.notification.AppInviteInstallReceiver (has extras) }, receiver=com.google.android.gms.appinvite.notification.AppInviteInstallReceiver@c7ac922
01-01 12:07:34.793691  1613  2478 D ConnectivityService: getActiveNetworkInfo networkInfo = null
01-01 12:07:34.797787  1613  3328 D ConnectivityService: getActiveNetworkInfo networkInfo = null
01-01 12:07:34.798504  3360  3360 D ActivityThread: BDC-RECEIVER handled : 0 / ReceiverData{intent=Intent { act=android.intent.action.PACKAGE_ADDED dat=package:cmb.pb flg=0x4000010 cmp=com.google.android.gms/.appinvite.notification.AppInviteInstallReceiver (has extras) } packageName=com.google.android.gms resultCode=0 resultData=null resultExtras=null}
01-01 12:07:34.798650  1613  1639 D ActivityManager: BDC-Finishing receiver: android.os.BinderProxy@26f206c
01-01 12:07:34.799036  3360  3360 D ActivityThread: SVC-Creating service: CreateServiceData{token=android.os.BinderProxy@720556e className=com.google.android.gms.icing.service.IndexWorkerService packageName=com.google.android.gms intent=null}
01-01 12:07:34.799060  1613  1639 D ActivityManager: BroadcastRecord{d7f6eee u0 android.intent.action.PACKAGE_ADDED}, spend: 55, android.os.BinderProxy@26f206c, ActivityInfo{4d5c9f3 com.google.android.gms.appinvite.notification.AppInviteInstallReceiver}
01-01 12:07:34.799381  1613  1639 D BroadcastQueue: BroadcastRecord{d7f6eee u0 android.intent.action.PACKAGE_ADDED}, #16 ActivityInfo{cce1929 com.google.android.gms.backup.FullRestoreTracker$RestoreCompleteReceiver}
01-01 12:07:34.799516  3360  3360 D ActivityThread: SVC-CREATE_SERVICE handled : 0 / CreateServiceData{token=android.os.BinderProxy@720556e className=com.google.android.gms.icing.service.IndexWorkerService packageName=com.google.android.gms intent=null}
01-01 12:07:34.799775  3360  3360 D ActivityThread: SVC-Calling onStartCommand: com.google.android.gms.icing.service.IndexWorkerService@3e0140f, flags=0, startId=1
01-01 12:07:34.800108  3360  3360 D ActivityThread: SVC-SERVICE_ARGS handled : 0 / ServiceArgsData{token=android.os.BinderProxy@720556e startId=1 args=Intent { act=com.google.android.gms.icing.START_STICKY cmp=com.google.android.gms/.icing.service.IndexWorkerService }}
01-01 12:07:34.800715  3360  3360 D ActivityThread: SVC-Destroying service: com.google.android.gms.icing.service.IndexWorkerService@3e0140f
01-01 12:07:34.801827  3360  3360 D ActivityThread: SVC-STOP_SERVICE handled : 0 / android.os.BinderProxy@720556e
01-01 12:07:34.805383  1613  1639 D BroadcastQueue: BDC-Delivering broadcast: Intent { act=android.intent.action.PACKAGE_ADDED dat=package:cmb.pb flg=0x4000010 cmp=com.google.android.gms/.backup.FullRestoreTracker$RestoreCompleteReceiver (has extras) }, queue=background, ordered=false, app=ProcessRecord{ab3e25f 3639:com.google.android.gms.persistent/u0a29}, receiver=android.os.BinderProxy@20a40fb
01-01 12:07:34.805678  1613  1659 I PackageManager: init_copy idx=51: MeasureParams{e2164ae com.mediatek}
01-01 12:07:34.806046  1613  1659 I PackageManager: init_copy idx=52: MeasureParams{d79124f com.android.bluetooth}
01-01 12:07:34.806324  1613  1659 I PackageManager: init_copy idx=53: MeasureParams{83b0ddc com.asus.res.defaulttheme}
01-01 12:07:34.806591  1613  1659 I PackageManager: init_copy idx=54: MeasureParams{3861ee5 com.example}
01-01 12:07:34.806864  1613  1659 I PackageManager: init_copy idx=55: MeasureParams{7a31dba com.google.android.apps.photos}
01-01 12:07:34.807112  1613  1659 I PackageManager: init_copy idx=56: MeasureParams{b5e846b com.android.printspooler}
01-01 12:07:34.807386  1613  1659 I PackageManager: init_copy idx=57: MeasureParams{9592bc8 com.cloudmosa.puffinFree}
01-01 12:07:34.807666  1613  1659 I PackageManager: init_copy idx=58: MeasureParams{afec461 com.asus.lockscreen}
01-01 12:07:34.807951 10867 10867 D ActivityThread: SVC-Creating service: CreateServiceData{token=android.os.BinderProxy@d62e73f className=io.ironbeast.sdk.ReportService packageName=com.ironsource.appcloud.oobe.asus intent=null}
01-01 12:07:34.809220  3639  3639 D ActivityThread: BDC-Calling onReceive: intent=Intent { act=android.intent.action.PACKAGE_ADDED dat=package:cmb.pb flg=0x4000010 cmp=com.google.android.gms/.backup.FullRestoreTracker$RestoreCompleteReceiver (has extras) }, receiver=com.google.android.gms.backup.FullRestoreTracker$RestoreCompleteReceiver@62b558d
01-01 12:07:34.809448  1613  1659 I PackageManager: init_copy idx=59: MeasureParams{2555b86 com.asus.launcher}
01-01 12:07:34.809790  1613  1659 I PackageManager: init_copy idx=60: MeasureParams{fdefc47 com.google.android.apps.maps}
01-01 12:07:34.809935  3639  3639 D ActivityThread: BDC-RECEIVER handled : 0 / ReceiverData{intent=Intent { act=android.intent.action.PACKAGE_ADDED dat=package:cmb.pb flg=0x4000010 cmp=com.google.android.gms/.backup.FullRestoreTracker$RestoreCompleteReceiver (has extras) } packageName=com.google.android.gms resultCode=0 resultData=null resultExtras=null}
01-01 12:07:34.810099  1613  1659 I PackageManager: init_copy idx=61: MeasureParams{8b93c74 com.android.dreams.basic}
01-01 12:07:34.810384  1613  1659 I PackageManager: init_copy idx=62: MeasureParams{d02459d com.android.noisefield}
01-01 12:07:34.810670  1613  1659 I PackageManager: init_copy idx=63: MeasureParams{f9baa12 com.android.vpndialogs}
01-01 12:07:34.810972  1613  1659 I PackageManager: init_copy idx=64: MeasureParams{f0515e3 com.asus.gallery}
01-01 12:07:34.811260  1613  1659 I PackageManager: init_copy idx=65: MeasureParams{267abe0 com.ironsource.appcloud.oobe.asus}
01-01 12:07:34.811528  1613  1659 I PackageManager: init_copy idx=66: MeasureParams{bc29e99 com.mediatek.wifitest}
01-01 12:07:34.811825  1613  1659 I PackageManager: init_copy idx=67: MeasureParams{186555e com.google.android.apps.messaging}
01-01 12:07:34.812099  1613  1659 I PackageManager: init_copy idx=68: MeasureParams{8e92d3f org.simalliance.openmobileapi.uicc1terminal}
01-01 12:07:34.812386  1613  1659 I PackageManager: init_copy idx=69: MeasureParams{4cba60c com.mediatek.lbs.em2.ui}
01-01 12:07:34.812972  1613  1659 I PackageManager: init_copy idx=70: MeasureParams{958b55 com.asus.themeapp}
01-01 12:07:34.813323  1613  1659 I PackageManager: init_copy idx=71: MeasureParams{8de696a com.asus.dm}
01-01 12:07:34.815948  1613  1659 I PackageManager: init_copy idx=72: MeasureParams{ccd5e5b com.asus.livedemoservice}
01-01 12:07:34.816257  1613  1659 I PackageManager: init_copy idx=73: MeasureParams{b9316f8 com.facebook.system}
01-01 12:07:34.816532  1613  1659 I PackageManager: init_copy idx=74: MeasureParams{a7087d1 com.android.server.telecom}
01-01 12:07:34.816605  1613  2472 V ActivityManager: bindService: Intent { pkg=com.google.android.gms cmp=com.google.android.gms/.common.internal.SharedPreferencesService } type=null conn=android.os.BinderProxy@7f1b236 flags=0x1 callerApp=ProcessRecord{b1e951f 3360:com.google.android.gms/u0a29}
01-01 12:07:34.816788  1613  1659 I PackageManager: init_copy idx=75: MeasureParams{1f98537 com.cloudmosa.puffinConfig}
01-01 12:07:34.817122  1613  1659 I PackageManager: init_copy idx=76: MeasureParams{d5eaaa4 com.mediatek.miravision.ui}
01-01 12:07:34.817403  1613  1659 I PackageManager: init_copy idx=77: MeasureParams{61ebbc2 com.fw.upgrade.sysoper}
01-01 12:07:34.817650  1613  1659 I PackageManager: init_copy idx=78: MeasureParams{82dcd10 com.android.phasebeam}
01-01 12:07:34.817926  1613  1659 I PackageManager: mcs_bound
01-01 12:07:34.818132  1613  1659 I PackageManager: startCopy UserHandle{0}: MeasureParams{6fae53e com.asus.packageinstaller}
01-01 12:07:34.818646  1613  2472 V ActivityManager: >>> EXECUTING create of ServiceRecord{2cde42f u0 com.google.android.gms/.common.internal.SharedPreferencesService} in app ProcessRecord{b1e951f 3360:com.google.android.gms/u0a29}
01-01 12:07:34.816575  1613  1639 D ActivityManager: SVC-Executing service done: ServiceRecord{78136b0 u0 com.google.android.gms/.icing.service.IndexWorkerService}, type=0, startId=0, res=0
01-01 12:07:34.822718  1613  2472 V ActivityManager: AMS Creating service ServiceRecord{2cde42f u0 com.google.android.gms/.common.internal.SharedPreferencesService}
01-01 12:07:34.824320  1613  2472 V ActivityManager: >>> EXECUTING bind of ServiceRecord{2cde42f u0 com.google.android.gms/.common.internal.SharedPreferencesService} in app ProcessRecord{b1e951f 3360:com.google.android.gms/u0a29}
01-01 12:07:34.825615  1613  2472 D ActivityManager: SVC-Binding service: ServiceRecord{2cde42f u0 com.google.android.gms/.common.internal.SharedPreferencesService}, app=ProcessRecord{b1e951f 3360:com.google.android.gms/u0a29}, activity=null
01-01 12:07:34.826082  1613  3158 V ActivityManager: startService: Intent { act=com.google.android.gms.icing.START_STICKY cmp=com.google.android.gms/.icing.service.IndexWorkerService } callerApp=ProcessRecord{b1e951f 3360:com.google.android.gms/u0a29}
01-01 12:07:34.828530  1613  3158 V ActivityManager: >>> EXECUTING create of ServiceRecord{88aaa3c u0 com.google.android.gms/.icing.service.IndexWorkerService} in app ProcessRecord{b1e951f 3360:com.google.android.gms/u0a29}
01-01 12:07:34.831593  1613  3158 V ActivityManager: AMS Creating service ServiceRecord{88aaa3c u0 com.google.android.gms/.icing.service.IndexWorkerService}
01-01 12:07:34.832529  1613  3158 V ActivityManager: Sending arguments to: ServiceRecord{88aaa3c u0 com.google.android.gms/.icing.service.IndexWorkerService} android.content.Intent$FilterComparison@17fbd526 args=Intent { act=com.google.android.gms.icing.START_STICKY cmp=com.google.android.gms/.icing.service.IndexWorkerService }
01-01 12:07:34.832711  1613  3158 V ActivityManager: >>> EXECUTING start of ServiceRecord{88aaa3c u0 com.google.android.gms/.icing.service.IndexWorkerService} in app ProcessRecord{b1e951f 3360:com.google.android.gms/u0a29}
01-01 12:07:34.833982  1613  3158 D ActivityManager: SVC-Sent arguments: ServiceRecord{88aaa3c u0 com.google.android.gms/.icing.service.IndexWorkerService}, app=ProcessRecord{b1e951f 3360:com.google.android.gms/u0a29}, args=Intent { act=com.google.android.gms.icing.START_STICKY cmp=com.google.android.gms/.icing.service.IndexWorkerService }, flags=0
01-01 12:07:34.834432  1613  1639 V ActivityManager: <<< DONE EXECUTING ServiceRecord{78136b0 u0 com.google.android.gms/.icing.service.IndexWorkerService}: nesting=3, inDestroying=true, app=ProcessRecord{b1e951f 3360:com.google.android.gms/u0a29}
01-01 12:07:34.834901  1613  1639 D ActivityManager: SVC-Executing service done: ServiceRecord{78136b0 u0 com.google.android.gms/.icing.service.IndexWorkerService}, type=1, startId=1, res=1
01-01 12:07:34.835089  1613  1639 V ActivityManager: <<< DONE EXECUTING ServiceRecord{78136b0 u0 com.google.android.gms/.icing.service.IndexWorkerService}: nesting=2, inDestroying=true, app=ProcessRecord{b1e951f 3360:com.google.android.gms/u0a29}
01-01 12:07:34.835651  1613  1639 D ActivityManager: SVC-Executing service done: ServiceRecord{78136b0 u0 com.google.android.gms/.icing.service.IndexWorkerService}, type=2, startId=0, res=0
01-01 12:07:34.835840  1613  1639 V ActivityManager: <<< DONE EXECUTING ServiceRecord{78136b0 u0 com.google.android.gms/.icing.service.IndexWorkerService}: nesting=1, inDestroying=true, app=ProcessRecord{b1e951f 3360:com.google.android.gms/u0a29}
01-01 12:07:34.836043  1613  2477 D PowerManagerService: acquireWakeLockInternal: lock=95831208, flags=0x1, tag="Icing", ws=WorkSource{10029 com.google.android.gms}, uid=10029, pid=3360
01-01 12:07:34.836382  1613  2477 D PowerManagerService: updateWakeLockSummaryLocked: mWakefulness=Awake, mWakeLockSummary=0x1
01-01 12:07:34.836655  1613  2477 D PowerManagerService: updateUserActivitySummaryLocked: mWakefulness=Awake, mUserActivitySummary=0x1, nextTimeout=1019264 (in 50876 ms)
01-01 12:07:34.836690  1613  1639 D ActivityManager: BDC-Finishing receiver: android.os.BinderProxy@20a40fb
01-01 12:07:34.836972  1613  2477 D DisplayPowerController: requestPowerState: policy=BRIGHT, useProximitySensor=false, screenBrightness=102, screenAutoBrightnessAdjustment=0.8, brightnessSetByUser=true, useAutoBrightness=true, blockScreenOn=false, lowPowerMode=false, boostScreenBrightness=false, dozeScreenBrightness=-1, dozeScreenState=UNKNOWN, waitForNegativeProximity=false
01-01 12:07:34.837022  1613  1639 D ActivityManager: BroadcastRecord{d7f6eee u0 android.intent.action.PACKAGE_ADDED}, spend: 38, android.os.BinderProxy@20a40fb, ActivityInfo{cce1929 com.google.android.gms.backup.FullRestoreTracker$RestoreCompleteReceiver}
01-01 12:07:34.837062  1613  2477 I PowerManagerService: setBrightness mButtonLight 0.
01-01 12:07:34.837228  1613  2477 D PowerManagerService: updateDisplayPowerStateLocked: mDisplayReady=true, policy=3, mWakefulness=1, mWakeLockSummary=0x1, mUserActivitySummary=0x1, mBootCompleted=true, mScreenBrightnessBoostInProgress=false
01-01 12:07:34.837541  1613  2477 D PowerManagerNotifier: onWakeLockAcquired: flags=1, tag="Icing", packageName=com.google.android.gms, ownerUid=10029, ownerPid=3360, workSource=WorkSource{10029 com.google.android.gms}
01-01 12:07:34.837324  1613  1639 D BroadcastQueue: BroadcastRecord{d7f6eee u0 android.intent.action.PACKAGE_ADDED}, #17 ActivityInfo{950f3c5 com.google.android.gms.gcm.GcmPackageTracker$GcmPackageChangeReceiver}
01-01 12:07:34.842360  3360  3360 D ActivityThread: SVC-Creating service: CreateServiceData{token=android.os.BinderProxy@e805a7a className=com.google.android.gms.common.internal.SharedPreferencesService packageName=com.google.android.gms intent=null}
01-01 12:07:34.845986  3360  3360 D ActivityThread: SVC-CREATE_SERVICE handled : 0 / CreateServiceData{token=android.os.BinderProxy@e805a7a className=com.google.android.gms.common.internal.SharedPreferencesService packageName=com.google.android.gms intent=null}
01-01 12:07:34.846614  3360  3360 V ActivityThread: handleBindService s=com.google.android.gms.common.internal.SharedPreferencesService@c93e22b rebind=false
01-01 12:07:34.850452  1613  1639 D BroadcastQueue: BDC-Delivering broadcast: Intent { act=android.intent.action.PACKAGE_ADDED dat=package:cmb.pb flg=0x4000010 cmp=com.google.android.gms/.gcm.GcmPackageTracker$GcmPackageChangeReceiver (has extras) }, queue=background, ordered=false, app=ProcessRecord{ab3e25f 3639:com.google.android.gms.persistent/u0a29}, receiver=android.os.BinderProxy@20a40fb
01-01 12:07:34.854660  1613  1639 D ActivityManager: SVC-Executing service done: ServiceRecord{2cde42f u0 com.google.android.gms/.common.internal.SharedPreferencesService}, type=0, startId=0, res=0
01-01 12:07:34.855280  1613  1643 V ActivityManager: <<< DONE EXECUTING ServiceRecord{2cde42f u0 com.google.android.gms/.common.internal.SharedPreferencesService}: nesting=2, inDestroying=false, app=ProcessRecord{b1e951f 3360:com.google.android.gms/u0a29}
01-01 12:07:34.855999  3360  3360 D ActivityThread: SVC-BIND_SERVICE handled : 0 / BindServiceData{token=android.os.BinderProxy@e805a7a intent=Intent { pkg=com.google.android.gms cmp=com.google.android.gms/.common.internal.SharedPreferencesService }}
01-01 12:07:34.856637  3360  3360 D ActivityThread: SVC-Creating service: CreateServiceData{token=android.os.BinderProxy@2229688 className=com.google.android.gms.icing.service.IndexWorkerService packageName=com.google.android.gms intent=null}
01-01 12:07:34.857173  3639  3639 D ActivityThread: BDC-Calling onReceive: intent=Intent { act=android.intent.action.PACKAGE_ADDED dat=package:cmb.pb flg=0x4000010 cmp=com.google.android.gms/.gcm.GcmPackageTracker$GcmPackageChangeReceiver (has extras) }, receiver=com.google.android.gms.gcm.GcmPackageTracker$GcmPackageChangeReceiver@c929342
01-01 12:07:34.857190  3360  3360 D ActivityThread: SVC-CREATE_SERVICE handled : 0 / CreateServiceData{token=android.os.BinderProxy@2229688 className=com.google.android.gms.icing.service.IndexWorkerService packageName=com.google.android.gms intent=null}
01-01 12:07:34.857581  3360  3360 D ActivityThread: SVC-Calling onStartCommand: com.google.android.gms.icing.service.IndexWorkerService@7c7b821, flags=0, startId=1
01-01 12:07:34.858105  1613  1639 V ActivityManager: <<< DONE EXECUTING ServiceRecord{2cde42f u0 com.google.android.gms/.common.internal.SharedPreferencesService}: nesting=1, inDestroying=false, app=ProcessRecord{b1e951f 3360:com.google.android.gms/u0a29}
01-01 12:07:34.859202  3360  3360 D ActivityThread: SVC-SERVICE_ARGS handled : 0 / ServiceArgsData{token=android.os.BinderProxy@2229688 startId=1 args=Intent { act=com.google.android.gms.icing.START_STICKY cmp=com.google.android.gms/.icing.service.IndexWorkerService }}
01-01 12:07:34.859275  1613  1639 D ActivityManager: SVC-Executing service done: ServiceRecord{88aaa3c u0 com.google.android.gms/.icing.service.IndexWorkerService}, type=0, startId=0, res=0
01-01 12:07:34.859425  1613  1639 V ActivityManager: <<< DONE EXECUTING ServiceRecord{88aaa3c u0 com.google.android.gms/.icing.service.IndexWorkerService}: nesting=2, inDestroying=false, app=ProcessRecord{b1e951f 3360:com.google.android.gms/u0a29}
01-01 12:07:34.859825  1613  1639 D ActivityManager: SVC-Executing service done: ServiceRecord{88aaa3c u0 com.google.android.gms/.icing.service.IndexWorkerService}, type=1, startId=1, res=1
01-01 12:07:34.859995  1613  1639 V ActivityManager: <<< DONE EXECUTING ServiceRecord{88aaa3c u0 com.google.android.gms/.icing.service.IndexWorkerService}: nesting=1, inDestroying=false, app=ProcessRecord{b1e951f 3360:com.google.android.gms/u0a29}
01-01 12:07:34.871948  1613  1639 V ActivityManager: bindService: Intent { act=com.google.android.gms.icing.LIGHTWEIGHT_INDEX_SERVICE pkg=com.google.android.gms } type=null conn=android.os.BinderProxy@11c011a flags=0x81 callerApp=ProcessRecord{b1e951f 3360:com.google.android.gms/u0a29}
01-01 12:07:34.876226 10867 10867 D ActivityThread: SVC-CREATE_SERVICE handled : 0 / CreateServiceData{token=android.os.BinderProxy@d62e73f className=io.ironbeast.sdk.ReportService packageName=com.ironsource.appcloud.oobe.asus intent=null}
01-01 12:07:34.876279  1613  3175 D ActivityManager: SVC-Executing service done: ServiceRecord{b0a1e9b u0 com.ironsource.appcloud.oobe.asus/io.ironbeast.sdk.ReportService}, type=0, startId=0, res=0
01-01 12:07:34.876812 10867 10867 D ActivityThread: SVC-Calling onStartCommand: io.ironbeast.sdk.ReportService@f4bd80c, flags=0, startId=1
01-01 12:07:34.877510 10867 10867 D ActivityThread: SVC-SERVICE_ARGS handled : 0 / ServiceArgsData{token=android.os.BinderProxy@d62e73f startId=1 args=Intent { cmp=com.ironsource.appcloud.oobe.asus/io.ironbeast.sdk.ReportService (has extras) }}
01-01 12:07:34.880648 10867 10867 D ActivityThread: SVC-Calling onStartCommand: io.ironbeast.sdk.ReportService@f4bd80c, flags=0, startId=2
01-01 12:07:34.881134 10867 10867 D ActivityThread: SVC-SERVICE_ARGS handled : 0 / ServiceArgsData{token=android.os.BinderProxy@d62e73f startId=2 args=Intent { cmp=com.ironsource.appcloud.oobe.asus/io.ironbeast.sdk.ReportService (has extras) }}
01-01 12:07:34.881612 10867 10867 D ActivityThread: SVC-Calling onStartCommand: io.ironbeast.sdk.ReportService@f4bd80c, flags=0, startId=3
01-01 12:07:34.882112 10867 10867 D ActivityThread: SVC-SERVICE_ARGS handled : 0 / ServiceArgsData{token=android.os.BinderProxy@d62e73f startId=3 args=Intent { cmp=com.ironsource.appcloud.oobe.asus/io.ironbeast.sdk.ReportService (has extras) }}
01-01 12:07:34.882555 10867 10867 D ActivityThread: SVC-Calling onStartCommand: io.ironbeast.sdk.ReportService@f4bd80c, flags=0, startId=4
01-01 12:07:34.883801 10867 10867 D ActivityThread: SVC-SERVICE_ARGS handled : 0 / ServiceArgsData{token=android.os.BinderProxy@d62e73f startId=4 args=Intent { cmp=com.ironsource.appcloud.oobe.asus/io.ironbeast.sdk.ReportService (has extras) }}
01-01 12:07:34.902446  1613  3012 D ConnectivityService: getActiveNetworkInfo networkInfo = null
01-01 12:07:34.903118  3639  3639 D ActivityThread: BDC-RECEIVER handled : 0 / ReceiverData{intent=Intent { act=android.intent.action.PACKAGE_ADDED dat=package:cmb.pb flg=0x4000010 cmp=com.google.android.gms/.gcm.GcmPackageTracker$GcmPackageChangeReceiver (has extras) } packageName=com.google.android.gms resultCode=0 resultData=null resultExtras=null}
01-01 12:07:34.903138  1613  1639 V ActivityManager: >>> EXECUTING create of ServiceRecord{7762e28 u0 com.google.android.gms/.icing.service.LightweightIndexService} in app ProcessRecord{ab3e25f 3639:com.google.android.gms.persistent/u0a29}
01-01 12:07:34.907002  1613  1639 V ActivityManager: AMS Creating service ServiceRecord{7762e28 u0 com.google.android.gms/.icing.service.LightweightIndexService}
01-01 12:07:34.907816  1613  1639 V ActivityManager: >>> EXECUTING bind of ServiceRecord{7762e28 u0 com.google.android.gms/.icing.service.LightweightIndexService} in app ProcessRecord{ab3e25f 3639:com.google.android.gms.persistent/u0a29}
01-01 12:07:34.908866  3639  3639 D ActivityThread: SVC-Creating service: CreateServiceData{token=android.os.BinderProxy@a52ff53 className=com.google.android.gms.icing.service.LightweightIndexService packageName=com.google.android.gms intent=null}
01-01 12:07:34.909406  3639  3639 D ActivityThread: SVC-CREATE_SERVICE handled : 0 / CreateServiceData{token=android.os.BinderProxy@a52ff53 className=com.google.android.gms.icing.service.LightweightIndexService packageName=com.google.android.gms intent=null}
01-01 12:07:34.909679  3639  3639 V ActivityThread: handleBindService s=com.google.android.gms.icing.service.LightweightIndexService@c543090 rebind=false
01-01 12:07:34.910238  1613  1639 D ActivityManager: SVC-Binding service: ServiceRecord{7762e28 u0 com.google.android.gms/.icing.service.LightweightIndexService}, app=ProcessRecord{ab3e25f 3639:com.google.android.gms.persistent/u0a29}, activity=null
01-01 12:07:34.910642  1613  3175 V ActivityManager: <<< DONE EXECUTING ServiceRecord{b0a1e9b u0 com.ironsource.appcloud.oobe.asus/io.ironbeast.sdk.ReportService}: nesting=5, inDestroying=false, app=ProcessRecord{22942b3 10867:com.ironsource.appcloud.oobe.asus/u0a2}
01-01 12:07:34.912284  1613  3175 D ActivityManager: SVC-Executing service done: ServiceRecord{b0a1e9b u0 com.ironsource.appcloud.oobe.asus/io.ironbeast.sdk.ReportService}, type=1, startId=1, res=2
01-01 12:07:34.914617  1613  2471 V ActivityManager: <<< DONE EXECUTING ServiceRecord{7762e28 u0 com.google.android.gms/.icing.service.LightweightIndexService}: nesting=2, inDestroying=false, app=ProcessRecord{ab3e25f 3639:com.google.android.gms.persistent/u0a29}
01-01 12:07:34.914944  1613  2479 D ActivityManager: SVC-Unbinding service: ServiceRecord{4fe58bc u0 com.google.android.gms/.ads.identifier.service.AdvertisingIdService}, app=ProcessRecord{b1e951f 3360:com.google.android.gms/u0a29}
01-01 12:07:34.915286  1613  2479 V ActivityManager: >>> EXECUTING unbind of ServiceRecord{4fe58bc u0 com.google.android.gms/.ads.identifier.service.AdvertisingIdService} in app ProcessRecord{b1e951f 3360:com.google.android.gms/u0a29}
01-01 12:07:34.916438  1613  2479 V ActivityManager: >>> EXECUTING destroy of ServiceRecord{4fe58bc u0 com.google.android.gms/.ads.identifier.service.AdvertisingIdService} in app ProcessRecord{b1e951f 3360:com.google.android.gms/u0a29}
01-01 12:07:34.917174  3360  3360 D ActivityThread: SVC-UNBIND_SERVICE handled : 0 / BindServiceData{token=android.os.BinderProxy@8c8f06c intent=Intent { act=com.google.android.gms.ads.identifier.service.START pkg=com.google.android.gms }}
01-01 12:07:34.917791  1613  1643 D ActivityManager: SVC-Unbinding service: ServiceRecord{2cde42f u0 com.google.android.gms/.common.internal.SharedPreferencesService}, app=ProcessRecord{b1e951f 3360:com.google.android.gms/u0a29}
01-01 12:07:34.917863  3360  3360 D ActivityThread: SVC-Destroying service: com.google.android.gms.ads.identifier.service.AdvertisingIdService@6577635
01-01 12:07:34.918130  1613  1643 V ActivityManager: >>> EXECUTING unbind of ServiceRecord{2cde42f u0 com.google.android.gms/.common.internal.SharedPreferencesService} in app ProcessRecord{b1e951f 3360:com.google.android.gms/u0a29}
01-01 12:07:34.918159  3360  3360 D ActivityThread: SVC-STOP_SERVICE handled : 0 / android.os.BinderProxy@8c8f06c
01-01 12:07:34.919016  1613  1643 V ActivityManager: >>> EXECUTING destroy of ServiceRecord{2cde42f u0 com.google.android.gms/.common.internal.SharedPreferencesService} in app ProcessRecord{b1e951f 3360:com.google.android.gms/u0a29}
01-01 12:07:34.920065  3360  3360 D ActivityThread: SVC-UNBIND_SERVICE handled : 0 / BindServiceData{token=android.os.BinderProxy@e805a7a intent=Intent { pkg=com.google.android.gms cmp=com.google.android.gms/.common.internal.SharedPreferencesService }}
01-01 12:07:34.920350  1613  3175 V ActivityManager: <<< DONE EXECUTING ServiceRecord{b0a1e9b u0 com.ironsource.appcloud.oobe.asus/io.ironbeast.sdk.ReportService}: nesting=4, inDestroying=false, app=ProcessRecord{22942b3 10867:com.ironsource.appcloud.oobe.asus/u0a2}
01-01 12:07:34.920993  3639  3639 D ActivityThread: SVC-BIND_SERVICE handled : 0 / BindServiceData{token=android.os.BinderProxy@a52ff53 intent=Intent { act=com.google.android.gms.icing.LIGHTWEIGHT_INDEX_SERVICE pkg=com.google.android.gms }}
01-01 12:07:34.921539  3360  3360 D ActivityThread: SVC-Destroying service: com.google.android.gms.common.internal.SharedPreferencesService@c93e22b
01-01 12:07:34.921844  3360  3360 D ActivityThread: SVC-STOP_SERVICE handled : 0 / android.os.BinderProxy@e805a7a
01-01 12:07:34.922336  1613  3175 D ActivityManager: SVC-Executing service done: ServiceRecord{b0a1e9b u0 com.ironsource.appcloud.oobe.asus/io.ironbeast.sdk.ReportService}, type=1, startId=2, res=2
01-01 12:07:34.922567  1613  3175 V ActivityManager: <<< DONE EXECUTING ServiceRecord{b0a1e9b u0 com.ironsource.appcloud.oobe.asus/io.ironbeast.sdk.ReportService}: nesting=3, inDestroying=false, app=ProcessRecord{22942b3 10867:com.ironsource.appcloud.oobe.asus/u0a2}
01-01 12:07:34.923013  1613  3175 D ActivityManager: SVC-Executing service done: ServiceRecord{b0a1e9b u0 com.ironsource.appcloud.oobe.asus/io.ironbeast.sdk.ReportService}, type=1, startId=3, res=2
01-01 12:07:34.923197  1613  3175 V ActivityManager: <<< DONE EXECUTING ServiceRecord{b0a1e9b u0 com.ironsource.appcloud.oobe.asus/io.ironbeast.sdk.ReportService}: nesting=2, inDestroying=false, app=ProcessRecord{22942b3 10867:com.ironsource.appcloud.oobe.asus/u0a2}
01-01 12:07:34.923692  1613  3175 D ActivityManager: SVC-Executing service done: ServiceRecord{b0a1e9b u0 com.ironsource.appcloud.oobe.asus/io.ironbeast.sdk.ReportService}, type=1, startId=4, res=2
01-01 12:07:34.923946  1613  3175 V ActivityManager: <<< DONE EXECUTING ServiceRecord{b0a1e9b u0 com.ironsource.appcloud.oobe.asus/io.ironbeast.sdk.ReportService}: nesting=1, inDestroying=false, app=ProcessRecord{22942b3 10867:com.ironsource.appcloud.oobe.asus/u0a2}
01-01 12:07:34.924770  1613  3175 D ActivityManager: BDC-Finishing receiver: android.os.BinderProxy@20a40fb
01-01 12:07:34.925190  1613  3175 D ActivityManager: BroadcastRecord{d7f6eee u0 android.intent.action.PACKAGE_ADDED}, spend: 88, android.os.BinderProxy@20a40fb, ActivityInfo{950f3c5 com.google.android.gms.gcm.GcmPackageTracker$GcmPackageChangeReceiver}
01-01 12:07:34.925564  1613  3175 D BroadcastQueue: BroadcastRecord{d7f6eee u0 android.intent.action.PACKAGE_ADDED}, #18 ActivityInfo{55b7224 com.google.android.partnersetup.RlzPingBroadcastReceiver}
01-01 12:07:34.914619  1613  1659 I PackageManager: Apk copy done
01-01 12:07:34.931930  1613  1659 I PackageManager: init_copy idx=78: MeasureParams{6914e6 com.android.carrierconfig}
01-01 12:07:34.933664  1613  1659 I PackageManager: init_copy idx=79: MeasureParams{1002a27 com.android.defcontainer}
01-01 12:07:34.934006  1613  1659 I PackageManager: init_copy idx=80: MeasureParams{b1404d4 com.mediatek.omacp}
01-01 12:07:34.934287  1613  1659 I PackageManager: init_copy idx=81: MeasureParams{f6d67d com.asus.ia.asusapp}
01-01 12:07:34.934532  1613  1659 I PackageManager: init_copy idx=82: MeasureParams{219972 com.asus.hardwarestub}
01-01 12:07:34.934805  1613  1659 I PackageManager: init_copy idx=83: MeasureParams{b3b41c3 com.wind.emode}
01-01 12:07:34.935077  1613  1659 I PackageManager: init_copy idx=84: MeasureParams{6169a40 com.asus.configupdater}
01-01 12:07:34.936367  1613  1659 I PackageManager: init_copy idx=85: MeasureParams{81f5d79 com.google.android.gm}
01-01 12:07:34.936769  1613  1659 I PackageManager: init_copy idx=86: MeasureParams{86bdabe com.mediatek.flp.em}
01-01 12:07:34.938530  1613  1659 I PackageManager: init_copy idx=87: MeasureParams{f86371f com.android.systemui}
01-01 12:07:34.952176  1613  1659 I PackageManager: init_copy idx=88: MeasureParams{1eb1a6c com.android.phone}
01-01 12:07:34.952595  1613  1659 I PackageManager: init_copy idx=89: MeasureParams{eaf5835 com.monotype.android.font.felbridge}
01-01 12:07:34.952878  1613  1659 I PackageManager: init_copy idx=90: MeasureParams{b86e4ca com.android.providers.calendar}
01-01 12:07:34.953115  1613  1659 I PackageManager: init_copy idx=91: MeasureParams{61263b com.android.vending}
01-01 12:07:34.953342  1613  1659 I PackageManager: init_copy idx=92: MeasureParams{fa57158 com.mediatek.schpwronoff}
01-01 12:07:34.953566  1613  1659 I PackageManager: init_copy idx=93: MeasureParams{40a42b1 android}
01-01 12:07:34.953808  1613  1659 I PackageManager: init_copy idx=94: MeasureParams{e968396 com.android.certinstaller}
01-01 12:07:34.954055  1613  1659 I PackageManager: init_copy idx=95: MeasureParams{bac4b04 com.android.providers.telephony}
01-01 12:07:34.954290  1613  1659 I PackageManager: init_copy idx=96: MeasureParams{4f58ed com.google.android.webview}
01-01 12:07:34.954425  1613  1659 I PackageManager: mcs_bound
01-01 12:07:34.954619  1613  1659 I PackageManager: startCopy UserHandle{0}: MeasureParams{6a0af9f com.asus.easylauncher}
01-01 12:07:34.969154  1613  3175 I ActivityManager: Start proc 10928:com.google.android.partnersetup/u0a33 for broadcast com.google.android.partnersetup/.RlzPingBroadcastReceiver
01-01 12:07:34.973128  1613  3012 V ActivityManager: startService: Intent { act=com.google.android.gms.icing.LIGHTWEIGHT_WORKER_SERVICE pkg=com.google.android.gms } callerApp=ProcessRecord{ab3e25f 3639:com.google.android.gms.persistent/u0a29}
01-01 12:07:34.973206  1613  3175 D ActivityManager: SVC-Executing service done: ServiceRecord{7762e28 u0 com.google.android.gms/.icing.service.LightweightIndexService}, type=0, startId=0, res=0
01-01 12:07:34.993065  1613  3012 V ActivityManager: >>> EXECUTING create of ServiceRecord{32f4322 u0 com.google.android.gms/.icing.service.LightweightIndexService$LightweightWorkerService} in app ProcessRecord{ab3e25f 3639:com.google.android.gms.persistent/u0a29}
01-01 12:07:34.996298  1613  3012 V ActivityManager: AMS Creating service ServiceRecord{32f4322 u0 com.google.android.gms/.icing.service.LightweightIndexService$LightweightWorkerService}
01-01 12:07:34.997286  1613  3012 V ActivityManager: Sending arguments to: ServiceRecord{32f4322 u0 com.google.android.gms/.icing.service.LightweightIndexService$LightweightWorkerService} android.content.Intent$FilterComparison@be3cba59 args=Intent { act=com.google.android.gms.icing.LIGHTWEIGHT_WORKER_SERVICE pkg=com.google.android.gms }
01-01 12:07:34.997473  1613  3012 V ActivityManager: >>> EXECUTING start of ServiceRecord{32f4322 u0 com.google.android.gms/.icing.service.LightweightIndexService$LightweightWorkerService} in app ProcessRecord{ab3e25f 3639:com.google.android.gms.persistent/u0a29}
01-01 12:07:34.998938  3639  3639 D ActivityThread: SVC-Creating service: CreateServiceData{token=android.os.BinderProxy@2baa18e className=com.google.android.gms.icing.service.LightweightIndexService$LightweightWorkerService packageName=com.google.android.gms intent=null}
01-01 12:07:34.999170  1613  3012 D ActivityManager: SVC-Sent arguments: ServiceRecord{32f4322 u0 com.google.android.gms/.icing.service.LightweightIndexService$LightweightWorkerService}, app=ProcessRecord{ab3e25f 3639:com.google.android.gms.persistent/u0a29}, args=Intent { act=com.google.android.gms.icing.LIGHTWEIGHT_WORKER_SERVICE pkg=com.google.android.gms }, flags=0
01-01 12:07:35.000198  3639  3639 D ActivityThread: SVC-CREATE_SERVICE handled : 0 / CreateServiceData{token=android.os.BinderProxy@2baa18e className=com.google.android.gms.icing.service.LightweightIndexService$LightweightWorkerService packageName=com.google.android.gms intent=null}
01-01 12:07:35.000351  1613  3175 V ActivityManager: <<< DONE EXECUTING ServiceRecord{7762e28 u0 com.google.android.gms/.icing.service.LightweightIndexService}: nesting=1, inDestroying=false, app=ProcessRecord{ab3e25f 3639:com.google.android.gms.persistent/u0a29}
01-01 12:07:35.000555  3639  3639 D ActivityThread: SVC-Calling onStartCommand: com.google.android.gms.icing.service.LightweightIndexService$LightweightWorkerService@8843daf, flags=0, startId=1
01-01 12:07:35.001985  1613  2472 D AlarmManager: manual remove option = PendingIntent{fe021b3: PendingIntentRecord{3a270c7 com.ironsource.appcloud.oobe.asus startService}}
01-01 12:07:35.002938  1613  2472 D AlarmManager: remove(operation) changed bounds; rebatching operation = PendingIntent{fe021b3: PendingIntentRecord{3a270c7 com.ironsource.appcloud.oobe.asus startService}}
01-01 12:07:35.003114  1613  2472 D AlarmManager: rebatchAllAlarmsLocked begin oldBatches count = 80
01-01 12:07:35.003211  1613  2472 D AlarmManager: rebatchAllAlarmsLocked  batch.size() = 1
01-01 12:07:35.003324  1613  2472 D AlarmManager:  whichBatch = -1
01-01 12:07:35.003401  1613  3175 D ActivityManager: SVC-Executing service done: ServiceRecord{4fe58bc u0 com.google.android.gms/.ads.identifier.service.AdvertisingIdService}, type=0, startId=0, res=0
01-01 12:07:35.003436  1613  2472 D AlarmManager: rebatchAllAlarmsLocked  batch.size() = 1
01-01 12:07:35.003528  1613  2472 D AlarmManager:  whichBatch = -1
01-01 12:07:35.003542  1613  3175 V ActivityManager: <<< DONE EXECUTING ServiceRecord{4fe58bc u0 com.google.android.gms/.ads.identifier.service.AdvertisingIdService}: nesting=2, inDestroying=true, app=ProcessRecord{b1e951f 3360:com.google.android.gms/u0a29}
01-01 12:07:35.003634  1613  2472 D AlarmManager: rebatchAllAlarmsLocked  batch.size() = 1
01-01 12:07:35.003773  1613  2472 D AlarmManager:  whichBatch = -2
01-01 12:07:35.003895  1613  2472 D AlarmManager: rebatchAllAlarmsLocked  batch.size() = 1
01-01 12:07:35.003950  1613  3175 D ActivityManager: SVC-Executing service done: ServiceRecord{4fe58bc u0 com.google.android.gms/.ads.identifier.service.AdvertisingIdService}, type=2, startId=0, res=0
01-01 12:07:35.004001  1613  2472 D AlarmManager:  whichBatch = -1
01-01 12:07:35.004108  1613  2472 D AlarmManager: rebatchAllAlarmsLocked  batch.size() = 1
01-01 12:07:35.004091  1613  3175 V ActivityManager: <<< DONE EXECUTING ServiceRecord{4fe58bc u0 com.google.android.gms/.ads.identifier.service.AdvertisingIdService}: nesting=1, inDestroying=true, app=ProcessRecord{b1e951f 3360:com.google.android.gms/u0a29}
01-01 12:07:35.004207  1613  2472 D AlarmManager:  whichBatch = -1
01-01 12:07:35.004316  1613  2472 D AlarmManager: rebatchAllAlarmsLocked  batch.size() = 1
01-01 12:07:35.004402  1613  2472 D AlarmManager:  whichBatch = -1
01-01 12:07:35.004508  1613  2472 D AlarmManager: rebatchAllAlarmsLocked  batch.size() = 1
01-01 12:07:35.004611  1613  2472 D AlarmManager:  whichBatch = -1
01-01 12:07:35.004719  1613  2472 D AlarmManager: rebatchAllAlarmsLocked  batch.size() = 1
01-01 12:07:35.004766  1613  3175 D ActivityManager: SVC-Executing service done: ServiceRecord{2cde42f u0 com.google.android.gms/.common.internal.SharedPreferencesService}, type=0, startId=0, res=0
01-01 12:07:35.004814  1613  2472 D AlarmManager:  whichBatch = -1
01-01 12:07:35.004906  1613  3175 V ActivityManager: <<< DONE EXECUTING ServiceRecord{2cde42f u0 com.google.android.gms/.common.internal.SharedPreferencesService}: nesting=2, inDestroying=true, app=ProcessRecord{b1e951f 3360:com.google.android.gms/u0a29}
01-01 12:07:35.004920  1613  2472 D AlarmManager: rebatchAllAlarmsLocked  batch.size() = 1
01-01 12:07:35.005011  1613  2472 D AlarmManager:  whichBatch = -1
01-01 12:07:35.005127  1613  2472 D AlarmManager: rebatchAllAlarmsLocked  batch.size() = 1
01-01 12:07:35.005229  1613  2472 D AlarmManager:  whichBatch = -1
01-01 12:07:35.005264  1613  3175 D ActivityManager: SVC-Executing service done: ServiceRecord{2cde42f u0 com.google.android.gms/.common.internal.SharedPreferencesService}, type=2, startId=0, res=0
01-01 12:07:35.005340  1613  2472 D AlarmManager: rebatchAllAlarmsLocked  batch.size() = 1
01-01 12:07:35.005414  3639  3639 D ActivityThread: SVC-SERVICE_ARGS handled : 0 / ServiceArgsData{token=android.os.BinderProxy@2baa18e startId=1 args=Intent { act=com.google.android.gms.icing.LIGHTWEIGHT_WORKER_SERVICE pkg=com.google.android.gms }}
01-01 12:07:35.005412  1613  3175 V ActivityManager: <<< DONE EXECUTING ServiceRecord{2cde42f u0 com.google.android.gms/.common.internal.SharedPreferencesService}: nesting=1, inDestroying=true, app=ProcessRecord{b1e951f 3360:com.google.android.gms/u0a29}
01-01 12:07:35.005560  1613  2472 D AlarmManager:  whichBatch = -1
01-01 12:07:35.005682  1613  2472 D AlarmManager: rebatchAllAlarmsLocked  batch.size() = 1
01-01 12:07:35.005774  1613  2472 D AlarmManager:  whichBatch = -1
01-01 12:07:35.005885  1613  2472 D AlarmManager: rebatchAllAlarmsLocked  batch.size() = 1
01-01 12:07:35.005972  1613  2472 D AlarmManager:  whichBatch = -1
01-01 12:07:35.006105  1613  2472 D AlarmManager: rebatchAllAlarmsLocked  batch.size() = 1
01-01 12:07:35.006200  1613  2472 D AlarmManager:  whichBatch = -1
01-01 12:07:35.006314  1613  2472 D AlarmManager: rebatchAllAlarmsLocked  batch.size() = 1
01-01 12:07:35.006341  1613  3175 D ActivityManager: SVC-Executing service done: ServiceRecord{32f4322 u0 com.google.android.gms/.icing.service.LightweightIndexService$LightweightWorkerService}, type=0, startId=0, res=0
01-01 12:07:35.006402  1613  2472 D AlarmManager:  whichBatch = -1
01-01 12:07:35.006486  1613  3175 V ActivityManager: <<< DONE EXECUTING ServiceRecord{32f4322 u0 com.google.android.gms/.icing.service.LightweightIndexService$LightweightWorkerService}: nesting=2, inDestroying=false, app=ProcessRecord{ab3e25f 3639:com.google.android.gms.persistent/u0a29}
01-01 12:07:35.006511  1613  2472 D AlarmManager: rebatchAllAlarmsLocked  batch.size() = 1
01-01 12:07:35.006600  1613  2472 D AlarmManager:  whichBatch = -1
01-01 12:07:35.006710  1613  2472 D AlarmManager: rebatchAllAlarmsLocked  batch.size() = 1
01-01 12:07:35.006798  1613  2472 D AlarmManager:  whichBatch = -1
