01-01 12:07:37.585719  1613  2474 V WindowManager: findFocusedWindow: Found new focus @ 6 = Window{3471f4 u0 com.mediatek.mtklogger/com.mediatek.mtklogger.MainActivity}
01-01 12:07:37.586408  1613  2474 V WindowManager: Changing focus from Window{bbdbad8 u0  EXITING} to Window{3471f4 u0 com.mediatek.mtklogger/com.mediatek.mtklogger.MainActivity} Callers=com.android.server.wm.WindowManagerService.removeWindowLocked:2984 com.android.server.wm.WindowManagerService.removeWindow:2911 com.android.server.wm.Session.remove:190 android.view.IWindowSession$Stub.onTransact:242 
01-01 12:07:37.586665  1613  2474 D WindowManager: Input focus has changed to Window{3471f4 u0 com.mediatek.mtklogger/com.mediatek.mtklogger.MainActivity}
01-01 12:07:37.592563  1613  1651 I WindowManager: Focus moving from Window{bbdbad8 u0  EXITING} to Window{3471f4 u0 com.mediatek.mtklogger/com.mediatek.mtklogger.MainActivity}
01-01 12:07:37.592701  1613  1651 I WindowManager: Gaining focus: Window{3471f4 u0 com.mediatek.mtklogger/com.mediatek.mtklogger.MainActivity}
01-01 12:07:37.592980  1613  1651 I WindowManager: Losing focus: Window{bbdbad8 u0  EXITING}
01-01 12:07:37.598098  1613  1643 V InputMethodManagerService: windowGainedFocus: android.os.BinderProxy@d8441d0 controlFlags=#0 softInputMode=#20 windowFlags=#1810100
01-01 12:07:37.598489  1613  1643 W InputMethodManagerService: Window already focused, ignoring focus gain of: com.android.internal.view.IInputMethodClient$Stub$Proxy@ca31daa attribute=null, token = android.os.BinderProxy@71797c7
01-01 12:07:37.618072  1613  3175 V ActivityManager: bindService: Intent { act=android.media.IMediaScannerService cmp=com.android.providers.media/.MediaScannerService } type=null conn=android.os.BinderProxy@ff99d9b flags=0x1 callerApp=ProcessRecord{76bab8c 6406:com.mediatek.mtklogger/u0a92}
01-01 12:07:37.619797  1613  3175 V ActivityManager: >>> EXECUTING create of ServiceRecord{c22f911 u0 com.android.providers.media/.MediaScannerService} in app ProcessRecord{d5f6759 10724:android.process.media/u0a25}
01-01 12:07:37.627119  1613  3175 V ActivityManager: AMS Creating service ServiceRecord{c22f911 u0 com.android.providers.media/.MediaScannerService}
01-01 12:07:37.627981  1613  3175 V ActivityManager: >>> EXECUTING bind of ServiceRecord{c22f911 u0 com.android.providers.media/.MediaScannerService} in app ProcessRecord{d5f6759 10724:android.process.media/u0a25}
01-01 12:07:37.628628  1613  3175 D ActivityManager: SVC-Binding service: ServiceRecord{c22f911 u0 com.android.providers.media/.MediaScannerService}, app=ProcessRecord{d5f6759 10724:android.process.media/u0a25}, activity=null
01-01 12:07:37.634799  1613  1659 I PackageManager: Apk copy done
01-01 12:07:37.645143 10724 10724 D ActivityThread: SVC-Creating service: CreateServiceData{token=android.os.BinderProxy@60ff554 className=com.android.providers.media.MediaScannerService packageName=com.android.providers.media intent=null}
01-01 12:07:37.646149  1613  1659 I PackageManager: mcs_bound
01-01 12:07:37.650279  1613  1659 I PackageManager: startCopy UserHandle{0}: MeasureParams{34f3a05 com.asus.livedemo}
01-01 12:07:37.675262 10724 10724 D ActivityThread: SVC-CREATE_SERVICE handled : 0 / CreateServiceData{token=android.os.BinderProxy@60ff554 className=com.android.providers.media.MediaScannerService packageName=com.android.providers.media intent=null}
01-01 12:07:37.675665  1613  1639 D ActivityManager: SVC-Executing service done: ServiceRecord{c22f911 u0 com.android.providers.media/.MediaScannerService}, type=0, startId=0, res=0
01-01 12:07:37.675856  1613  1639 V ActivityManager: <<< DONE EXECUTING ServiceRecord{c22f911 u0 com.android.providers.media/.MediaScannerService}: nesting=2, inDestroying=false, app=ProcessRecord{d5f6759 10724:android.process.media/u0a25}
01-01 12:07:37.683682 10724 10724 V ActivityThread: handleBindService s=com.android.providers.media.MediaScannerService@4833cfd rebind=false
01-01 12:07:37.686014  1613  1640 V ActivityManager: <<< DONE EXECUTING ServiceRecord{c22f911 u0 com.android.providers.media/.MediaScannerService}: nesting=1, inDestroying=false, app=ProcessRecord{d5f6759 10724:android.process.media/u0a25}
01-01 12:07:37.687120 10971 10971 D ActivityThread: BIND_APPLICATION handled : 0 / AppBindData{appInfo=ApplicationInfo{b34e0fe com.facebook.appmanager}}
01-01 12:07:37.690671 10971 10971 D ActivityThread: BDC-Calling onReceive: intent=Intent { act=android.intent.action.PACKAGE_ADDED dat=package:cmb.pb flg=0x4000010 cmp=com.facebook.appmanager/com.facebook.oxygen.appmanager.common.packages.PackageReceiver (has extras) }, receiver=com.facebook.oxygen.appmanager.common.packages.PackageReceiver@485605f
01-01 12:07:37.691253 10724 10724 D ActivityThread: SVC-BIND_SERVICE handled : 0 / BindServiceData{token=android.os.BinderProxy@60ff554 intent=Intent { act=android.media.IMediaScannerService cmp=com.android.providers.media/.MediaScannerService }}
01-01 12:07:37.706123  1613  2472 V ActivityManager: startService: Intent { cmp=com.android.providers.media/.MediaScannerService (has extras) } callerApp=ProcessRecord{d5f6759 10724:android.process.media/u0a25}
01-01 12:07:37.708144  1613  2472 V ActivityManager: Sending arguments to: ServiceRecord{c22f911 u0 com.android.providers.media/.MediaScannerService} android.content.Intent$FilterComparison@3bd44ba0 args=Intent { cmp=com.android.providers.media/.MediaScannerService (has extras) }
01-01 12:07:37.708369  1613  2472 V ActivityManager: >>> EXECUTING start of ServiceRecord{c22f911 u0 com.android.providers.media/.MediaScannerService} in app ProcessRecord{d5f6759 10724:android.process.media/u0a25}
01-01 12:07:37.715752  1613  2472 D ActivityManager: SVC-Sent arguments: ServiceRecord{c22f911 u0 com.android.providers.media/.MediaScannerService}, app=ProcessRecord{d5f6759 10724:android.process.media/u0a25}, args=Intent { cmp=com.android.providers.media/.MediaScannerService (has extras) }, flags=0
01-01 12:07:37.716984 10724 10724 D ActivityThread: SVC-Calling onStartCommand: com.android.providers.media.MediaScannerService@4833cfd, flags=0, startId=1
01-01 12:07:37.722977  1613  1659 I PackageManager: Apk copy done
01-01 12:07:37.723537  1613  1659 I PackageManager: mcs_bound
01-01 12:07:37.724214  1613  1659 I PackageManager: startCopy UserHandle{0}: MeasureParams{1476a5a com.asus.UpdateLauncher}
01-01 12:07:37.735012 10724 10724 D ActivityThread: SVC-SERVICE_ARGS handled : 0 / ServiceArgsData{token=android.os.BinderProxy@60ff554 startId=1 args=Intent { cmp=com.android.providers.media/.MediaScannerService (has extras) }}
01-01 12:07:37.736017  1613  3175 D ActivityManager: SVC-Executing service done: ServiceRecord{c22f911 u0 com.android.providers.media/.MediaScannerService}, type=1, startId=1, res=3
01-01 12:07:37.736288  1613  3175 V ActivityManager: <<< DONE EXECUTING ServiceRecord{c22f911 u0 com.android.providers.media/.MediaScannerService}: nesting=1, inDestroying=false, app=ProcessRecord{d5f6759 10724:android.process.media/u0a25}
01-01 12:07:37.785693  1613  2475 V AlarmManager: APP set(PendingIntent{2ad154d: PendingIntentRecord{6bdb802 com.google.android.gms startService}}) : type=0 triggerAtTime=1451668067781 win=-1 tElapsed=981333 maxElapsed=981333 interval=0 flags=0x0
01-01 12:07:37.786735  1613  2475 D AlarmManager:  whichBatch = -1
01-01 12:07:37.786963  1613  2475 D AlarmManager: set alarm to RTC 981333
01-01 12:07:37.789140  1613  2471 V ActivityManager: startService: Intent { cmp=com.google.android.gms/com.google.android.libraries.social.mediamonitor.MediaMonitorIntentService (has extras) } callerApp=ProcessRecord{b1e951f 3360:com.google.android.gms/u0a29}
01-01 12:07:37.792173  1613  2471 V ActivityManager: >>> EXECUTING create of ServiceRecord{642513 u0 com.google.android.gms/com.google.android.libraries.social.mediamonitor.MediaMonitorIntentService} in app ProcessRecord{b1e951f 3360:com.google.android.gms/u0a29}
01-01 12:07:37.797180  1613  2471 V ActivityManager: AMS Creating service ServiceRecord{642513 u0 com.google.android.gms/com.google.android.libraries.social.mediamonitor.MediaMonitorIntentService}
01-01 12:07:37.797543  1613  1659 I PackageManager: Apk copy done
01-01 12:07:37.798173  1613  1659 I PackageManager: mcs_bound
01-01 12:07:37.798399  1613  1659 I PackageManager: startCopy UserHandle{0}: MeasureParams{96be48b com.google.android.feedback}
01-01 12:07:37.805719  1613  2471 V ActivityManager: Sending arguments to: ServiceRecord{642513 u0 com.google.android.gms/com.google.android.libraries.social.mediamonitor.MediaMonitorIntentService} android.content.Intent$FilterComparison@8a88b3b6 args=Intent { cmp=com.google.android.gms/com.google.android.libraries.social.mediamonitor.MediaMonitorIntentService (has extras) }
01-01 12:07:37.806031  1613  2471 V ActivityManager: >>> EXECUTING start of ServiceRecord{642513 u0 com.google.android.gms/com.google.android.libraries.social.mediamonitor.MediaMonitorIntentService} in app ProcessRecord{b1e951f 3360:com.google.android.gms/u0a29}
01-01 12:07:37.806236  3360  3360 D ActivityThread: SVC-Creating service: CreateServiceData{token=android.os.BinderProxy@b1fdb01 className=com.google.android.libraries.social.mediamonitor.MediaMonitorIntentService packageName=com.google.android.gms intent=null}
01-01 12:07:37.806951  1613  2471 D ActivityManager: SVC-Sent arguments: ServiceRecord{642513 u0 com.google.android.gms/com.google.android.libraries.social.mediamonitor.MediaMonitorIntentService}, app=ProcessRecord{b1e951f 3360:com.google.android.gms/u0a29}, args=Intent { cmp=com.google.android.gms/com.google.android.libraries.social.mediamonitor.MediaMonitorIntentService (has extras) }, flags=0
01-01 12:07:37.807810  1613  3328 V ActivityManager: startService: Intent { act=package_event cmp=com.facebook.appmanager/com.facebook.oxygen.appmanager.update.core.UpdateService (has extras) } callerApp=ProcessRecord{11dad23 10971:com.facebook.appmanager/u0a128}
01-01 12:07:37.810337  1613  3328 V ActivityManager: >>> EXECUTING create of ServiceRecord{da1c350 u0 com.facebook.appmanager/com.facebook.oxygen.appmanager.update.core.UpdateService} in app ProcessRecord{11dad23 10971:com.facebook.appmanager/u0a128}
01-01 12:07:37.813530  1613  3159 D PowerManagerService: acquireWakeLockInternal: lock=121813321, flags=0x1, tag="wake:com.google.android.gms/com.google.android.libraries.social.mediamonitor.MediaMonitorIntentService", ws=null, uid=10029, pid=3360
01-01 12:07:37.813804  1613  3159 D PowerManagerService: updateWakeLockSummaryLocked: mWakefulness=Awake, mWakeLockSummary=0x1
01-01 12:07:37.814124  1613  3159 D PowerManagerService: updateUserActivitySummaryLocked: mWakefulness=Awake, mUserActivitySummary=0x1, nextTimeout=1022964 (in 51598 ms)
01-01 12:07:37.814545  1613  3159 D DisplayPowerController: requestPowerState: policy=BRIGHT, useProximitySensor=false, screenBrightness=102, screenAutoBrightnessAdjustment=0.8, brightnessSetByUser=true, useAutoBrightness=true, blockScreenOn=false, lowPowerMode=false, boostScreenBrightness=false, dozeScreenBrightness=-1, dozeScreenState=UNKNOWN, waitForNegativeProximity=false
01-01 12:07:37.814631  1613  3159 I PowerManagerService: setBrightness mButtonLight 0.
01-01 12:07:37.814808  1613  3159 D PowerManagerService: updateDisplayPowerStateLocked: mDisplayReady=true, policy=3, mWakefulness=1, mWakeLockSummary=0x1, mUserActivitySummary=0x1, mBootCompleted=true, mScreenBrightnessBoostInProgress=false
01-01 12:07:37.815169  1613  3159 D PowerManagerNotifier: onWakeLockAcquired: flags=1, tag="wake:com.google.android.gms/com.google.android.libraries.social.mediamonitor.MediaMonitorIntentService", packageName=com.google.android.gms, ownerUid=10029, ownerPid=3360, workSource=null
01-01 12:07:37.821599  1613  3328 V ActivityManager: AMS Creating service ServiceRecord{da1c350 u0 com.facebook.appmanager/com.facebook.oxygen.appmanager.update.core.UpdateService}
01-01 12:07:37.823836  1613  3328 V ActivityManager: Sending arguments to: ServiceRecord{da1c350 u0 com.facebook.appmanager/com.facebook.oxygen.appmanager.update.core.UpdateService} android.content.Intent$FilterComparison@3154147b args=Intent { act=package_event cmp=com.facebook.appmanager/com.facebook.oxygen.appmanager.update.core.UpdateService (has extras) }
01-01 12:07:37.824029  1613  3328 V ActivityManager: >>> EXECUTING start of ServiceRecord{da1c350 u0 com.facebook.appmanager/com.facebook.oxygen.appmanager.update.core.UpdateService} in app ProcessRecord{11dad23 10971:com.facebook.appmanager/u0a128}
01-01 12:07:37.824563  1613  3328 D ActivityManager: SVC-Sent arguments: ServiceRecord{da1c350 u0 com.facebook.appmanager/com.facebook.oxygen.appmanager.update.core.UpdateService}, app=ProcessRecord{11dad23 10971:com.facebook.appmanager/u0a128}, args=Intent { act=package_event cmp=com.facebook.appmanager/com.facebook.oxygen.appmanager.update.core.UpdateService (has extras) }, flags=0
01-01 12:07:37.825493  1613  2475 D ActivityManager: getContentProviderImpl: from caller=android.app.ApplicationThreadProxy@353524e (pid=3360, userId=0) to get content provider com.google.android.googlequicksearchbox.icing cpr=ContentProviderRecord{2697ebe u0 com.google.android.googlequicksearchbox/com.google.android.apps.gsa.search.core.icingsync.InternalIcingCorporaProvider}
01-01 12:07:37.825824  1613  2475 D ActivityManager: getContentProviderImpl: updateLruProcessLocked cpr.proc=ProcessRecord{22bb6c3 8385:com.google.android.googlequicksearchbox:search/u0a42}
01-01 12:07:37.827782  1613  3158 D ActivityManager: BDC-Finishing receiver: android.os.BinderProxy@759220
01-01 12:07:37.828076 10971 10971 D ActivityThread: BDC-RECEIVER handled : 0 / ReceiverData{intent=Intent { act=android.intent.action.PACKAGE_ADDED dat=package:cmb.pb flg=0x4000010 cmp=com.facebook.appmanager/com.facebook.oxygen.appmanager.common.packages.PackageReceiver (has extras) } packageName=com.facebook.appmanager resultCode=0 resultData=null resultExtras=null}
01-01 12:07:37.833760  1613  3158 D ActivityManager: BroadcastRecord{d7f6eee u0 android.intent.action.PACKAGE_ADDED}, spend: 1006, android.os.BinderProxy@759220, ActivityInfo{f1a2c25 com.facebook.oxygen.appmanager.common.packages.PackageReceiver}
01-01 12:07:37.834367  1613  3158 D BroadcastQueue: Non-ordered [background] BroadcastRecord{d7f6eee u0 android.intent.action.PACKAGE_ADDED}, 27 receivers, Total: 15076, Waiting: 1400, Processing: 13676
01-01 12:07:37.834675  1613  3158 V BroadcastQueue: Processing ordered broadcast [background] BroadcastRecord{3e1ff6f u0 com.asus.dm.DMService.delayBootCompleted}, 1 receivers
01-01 12:07:37.835053  1613  3158 D BroadcastQueue: BroadcastRecord{3e1ff6f u0 com.asus.dm.DMService.delayBootCompleted}, #0 ActivityInfo{163bfa3 com.asus.dm.BootCompletedReceiver}
01-01 12:07:37.838420  3360  3712 D ActivityThread: holder:android.app.IActivityManager$ContentProviderHolder@510bda6, holder.provider:android.content.ContentProviderProxy@64d83e7
01-01 12:07:37.844488 10971 10971 D ActivityThread: SVC-Creating service: CreateServiceData{token=android.os.BinderProxy@c3211d6 className=com.facebook.oxygen.appmanager.update.core.UpdateService packageName=com.facebook.appmanager intent=null}
01-01 12:07:37.854691  1613  3158 D BroadcastQueue: BDC-Delivering broadcast: Intent { act=com.asus.dm.DMService.delayBootCompleted flg=0x114 cmp=com.asus.dm/.BootCompletedReceiver (has extras) }, queue=background, ordered=true, app=ProcessRecord{395dcec 10569:com.asus.dm/1000}, receiver=android.os.BinderProxy@aa728b5
01-01 12:07:37.868327 10569 10569 D ActivityThread: BDC-Calling onReceive: intent=Intent { act=com.asus.dm.DMService.delayBootCompleted flg=0x114 cmp=com.asus.dm/.BootCompletedReceiver (has extras) }, receiver=com.asus.dm.BootCompletedReceiver@3b74042
01-01 12:07:37.880112  3360  3360 D ActivityThread: SVC-CREATE_SERVICE handled : 0 / CreateServiceData{token=android.os.BinderProxy@b1fdb01 className=com.google.android.libraries.social.mediamonitor.MediaMonitorIntentService packageName=com.google.android.gms intent=null}
01-01 12:07:37.880280  1613  3175 D ActivityManager: SVC-Executing service done: ServiceRecord{642513 u0 com.google.android.gms/com.google.android.libraries.social.mediamonitor.MediaMonitorIntentService}, type=0, startId=0, res=0
01-01 12:07:37.880446  1613  3175 V ActivityManager: <<< DONE EXECUTING ServiceRecord{642513 u0 com.google.android.gms/com.google.android.libraries.social.mediamonitor.MediaMonitorIntentService}: nesting=2, inDestroying=false, app=ProcessRecord{b1e951f 3360:com.google.android.gms/u0a29}
01-01 12:07:37.880465  3360  3360 D ActivityThread: SVC-Calling onStartCommand: com.google.android.libraries.social.mediamonitor.MediaMonitorIntentService@12e263d, flags=0, startId=1
01-01 12:07:37.882471  3360  3360 D ActivityThread: SVC-SERVICE_ARGS handled : 0 / ServiceArgsData{token=android.os.BinderProxy@b1fdb01 startId=1 args=Intent { cmp=com.google.android.gms/com.google.android.libraries.social.mediamonitor.MediaMonitorIntentService (has extras) }}
01-01 12:07:37.882566  1613  3012 D ActivityManager: SVC-Executing service done: ServiceRecord{642513 u0 com.google.android.gms/com.google.android.libraries.social.mediamonitor.MediaMonitorIntentService}, type=1, startId=1, res=2
01-01 12:07:37.882749  1613  3012 V ActivityManager: <<< DONE EXECUTING ServiceRecord{642513 u0 com.google.android.gms/com.google.android.libraries.social.mediamonitor.MediaMonitorIntentService}: nesting=1, inDestroying=false, app=ProcessRecord{b1e951f 3360:com.google.android.gms/u0a29}
01-01 12:07:37.883724  1613  1640 D ActivityManager: getContentProviderImpl: from caller=android.app.ApplicationThreadProxy@1e7c47c (pid=3360, userId=0) to get content provider media cpr=ContentProviderRecord{c96554b u0 com.android.providers.media/.MediaProvider}
01-01 12:07:37.885832  3360 10992 D ActivityThread: holder:android.app.IActivityManager$ContentProviderHolder@f647783, holder.provider:android.content.ContentProviderProxy@c82fd00
01-01 12:07:37.896807 10569 10569 D ActivityThread: BDC-RECEIVER handled : 0 / ReceiverData{intent=Intent { act=com.asus.dm.DMService.delayBootCompleted flg=0x114 cmp=com.asus.dm/.BootCompletedReceiver (has extras) } packageName=com.asus.dm resultCode=0 resultData=null resultExtras=null}
01-01 12:07:37.898267  1613  2474 D ActivityManager: BDC-Finishing receiver: android.os.BinderProxy@aa728b5
01-01 12:07:37.898706  1613  2474 D ActivityManager: BroadcastRecord{3e1ff6f u0 com.asus.dm.DMService.delayBootCompleted}, spend: 64, android.os.BinderProxy@aa728b5, ActivityInfo{163bfa3 com.asus.dm.BootCompletedReceiver}
01-01 12:07:37.899371  1613  1613 D AlarmManager: onSendFinished begin
01-01 12:07:37.899372  1613  2474 D BroadcastQueue: Ordered [background] BroadcastRecord{3e1ff6f u0 com.asus.dm.DMService.delayBootCompleted}, 1 receivers, Total: 8851, Waiting: 8786, Processing: 65
01-01 12:07:37.899756  1613  1613 D PowerManagerService: releaseWakeLockInternal: lock=133743169 [*alarm*], flags=0x0, total_time=8845ms
01-01 12:07:37.899979  1613  1613 D PowerManagerNotifier: onWakeLockReleased: flags=1, tag="*alarm*", packageName=android, ownerUid=1000, ownerPid=1613, workSource=WorkSource{1000}
01-01 12:07:37.900478  1613  1613 D PowerManagerService: updateWakeLockSummaryLocked: mWakefulness=Awake, mWakeLockSummary=0x1
01-01 12:07:37.900707  1613  1613 D PowerManagerService: updateUserActivitySummaryLocked: mWakefulness=Awake, mUserActivitySummary=0x1, nextTimeout=1022964 (in 51512 ms)
01-01 12:07:37.901035  1613  1613 D DisplayPowerController: requestPowerState: policy=BRIGHT, useProximitySensor=false, screenBrightness=102, screenAutoBrightnessAdjustment=0.8, brightnessSetByUser=true, useAutoBrightness=true, blockScreenOn=false, lowPowerMode=false, boostScreenBrightness=false, dozeScreenBrightness=-1, dozeScreenState=UNKNOWN, waitForNegativeProximity=false
01-01 12:07:37.901130  1613  1613 I PowerManagerService: setBrightness mButtonLight 0.
01-01 12:07:37.901318  1613  1613 D PowerManagerService: updateDisplayPowerStateLocked: mDisplayReady=true, policy=3, mWakefulness=1, mWakeLockSummary=0x1, mUserActivitySummary=0x1, mBootCompleted=true, mScreenBrightnessBoostInProgress=false
01-01 12:07:37.911671  1613  1659 I PackageManager: Apk copy done
01-01 12:07:37.913422  1613  1659 I PackageManager: mcs_bound
01-01 12:07:37.913692  1613  1659 I PackageManager: startCopy UserHandle{0}: MeasureParams{114d968 com.google.android.marvin.talkback}
01-01 12:07:37.999440  1613  1659 I PackageManager: Apk copy done
01-01 12:07:38.000968  1613  1659 I PackageManager: mcs_bound
01-01 12:07:38.001205  1613  1659 I PackageManager: startCopy UserHandle{0}: MeasureParams{e8e7181 com.asus.contacts.theme.dark}
01-01 12:07:38.051989  1613  3175 V ActivityManager: startService: Intent { cmp=com.android.providers.media/.MediaScannerService (has extras) } callerApp=ProcessRecord{d5f6759 10724:android.process.media/u0a25}
01-01 12:07:38.059523  1613  3175 V ActivityManager: Sending arguments to: ServiceRecord{c22f911 u0 com.android.providers.media/.MediaScannerService} android.content.Intent$FilterComparison@3bd44ba0 args=Intent { cmp=com.android.providers.media/.MediaScannerService (has extras) }
01-01 12:07:38.059663  1613  3175 V ActivityManager: >>> EXECUTING start of ServiceRecord{c22f911 u0 com.android.providers.media/.MediaScannerService} in app ProcessRecord{d5f6759 10724:android.process.media/u0a25}
01-01 12:07:38.060842  1613  3175 D ActivityManager: SVC-Sent arguments: ServiceRecord{c22f911 u0 com.android.providers.media/.MediaScannerService}, app=ProcessRecord{d5f6759 10724:android.process.media/u0a25}, args=Intent { cmp=com.android.providers.media/.MediaScannerService (has extras) }, flags=0
01-01 12:07:38.063356 10724 10724 D ActivityThread: SVC-Calling onStartCommand: com.android.providers.media.MediaScannerService@4833cfd, flags=0, startId=2
01-01 12:07:38.081435  1613  2477 D ActivityManager: SVC-Executing service done: ServiceRecord{c22f911 u0 com.android.providers.media/.MediaScannerService}, type=1, startId=2, res=3
01-01 12:07:38.081477 10724 10724 D ActivityThread: SVC-SERVICE_ARGS handled : 0 / ServiceArgsData{token=android.os.BinderProxy@60ff554 startId=2 args=Intent { cmp=com.android.providers.media/.MediaScannerService (has extras) }}
01-01 12:07:38.081646  1613  2477 V ActivityManager: <<< DONE EXECUTING ServiceRecord{c22f911 u0 com.android.providers.media/.MediaScannerService}: nesting=1, inDestroying=false, app=ProcessRecord{d5f6759 10724:android.process.media/u0a25}
01-01 12:07:38.083938  1613  2476 D PowerManagerService: releaseWakeLockInternal: lock=121813321 [wake:com.google.android.gms/com.google.android.libraries.social.mediamonitor.MediaMonitorIntentService], flags=0x0, total_time=270ms
01-01 12:07:38.084239  1613  2476 D PowerManagerNotifier: onWakeLockReleased: flags=1, tag="wake:com.google.android.gms/com.google.android.libraries.social.mediamonitor.MediaMonitorIntentService", packageName=com.google.android.gms, ownerUid=10029, ownerPid=3360, workSource=null
01-01 12:07:38.084882  1613  2476 D PowerManagerService: updateWakeLockSummaryLocked: mWakefulness=Awake, mWakeLockSummary=0x1
01-01 12:07:38.085160  1613  2476 D PowerManagerService: updateUserActivitySummaryLocked: mWakefulness=Awake, mUserActivitySummary=0x1, nextTimeout=1022964 (in 51327 ms)
01-01 12:07:38.085533  1613  2476 D DisplayPowerController: requestPowerState: policy=BRIGHT, useProximitySensor=false, screenBrightness=102, screenAutoBrightnessAdjustment=0.8, brightnessSetByUser=true, useAutoBrightness=true, blockScreenOn=false, lowPowerMode=false, boostScreenBrightness=false, dozeScreenBrightness=-1, dozeScreenState=UNKNOWN, waitForNegativeProximity=false
01-01 12:07:38.085628  1613  2476 I PowerManagerService: setBrightness mButtonLight 0.
01-01 12:07:38.085809  1613  2476 D PowerManagerService: updateDisplayPowerStateLocked: mDisplayReady=true, policy=3, mWakefulness=1, mWakeLockSummary=0x1, mUserActivitySummary=0x1, mBootCompleted=true, mScreenBrightnessBoostInProgress=false
01-01 12:07:38.087466  1613  2476 D ActivityManager: getContentProviderImpl: from caller=android.app.ApplicationThreadProxy@696455a (pid=3360, userId=0) to get content provider com.google.android.googlequicksearchbox.icing cpr=ContentProviderRecord{2697ebe u0 com.google.android.googlequicksearchbox/com.google.android.apps.gsa.search.core.icingsync.InternalIcingCorporaProvider}
01-01 12:07:38.088418  1613  1659 I PackageManager: Apk copy done
01-01 12:07:38.088944  1613  1659 I PackageManager: mcs_bound
01-01 12:07:38.089160  1613  1659 I PackageManager: startCopy UserHandle{0}: MeasureParams{401d226 com.asus.keyboard}
01-01 12:07:38.098913  1613  2479 V ActivityManager: >>> EXECUTING destroy of ServiceRecord{642513 u0 com.google.android.gms/com.google.android.libraries.social.mediamonitor.MediaMonitorIntentService} in app ProcessRecord{b1e951f 3360:com.google.android.gms/u0a29}
01-01 12:07:38.099521  3360  3712 D ActivityThread: holder:android.app.IActivityManager$ContentProviderHolder@d636c18, holder.provider:android.content.ContentProviderProxy@d48671
01-01 12:07:38.105594  3360  3360 D ActivityThread: SVC-Destroying service: com.google.android.libraries.social.mediamonitor.MediaMonitorIntentService@12e263d
01-01 12:07:38.106316  3360  3360 D ActivityThread: SVC-STOP_SERVICE handled : 0 / android.os.BinderProxy@b1fdb01
01-01 12:07:38.106655  1613  3175 D ActivityManager: SVC-Executing service done: ServiceRecord{642513 u0 com.google.android.gms/com.google.android.libraries.social.mediamonitor.MediaMonitorIntentService}, type=2, startId=0, res=0
01-01 12:07:38.106856  1613  3175 V ActivityManager: <<< DONE EXECUTING ServiceRecord{642513 u0 com.google.android.gms/com.google.android.libraries.social.mediamonitor.MediaMonitorIntentService}: nesting=1, inDestroying=true, app=ProcessRecord{b1e951f 3360:com.google.android.gms/u0a29}
01-01 12:07:38.123837 10971 10971 D ActivityThread: SVC-CREATE_SERVICE handled : 0 / CreateServiceData{token=android.os.BinderProxy@c3211d6 className=com.facebook.oxygen.appmanager.update.core.UpdateService packageName=com.facebook.appmanager intent=null}
01-01 12:07:38.123965  1613  2479 D ActivityManager: SVC-Executing service done: ServiceRecord{da1c350 u0 com.facebook.appmanager/com.facebook.oxygen.appmanager.update.core.UpdateService}, type=0, startId=0, res=0
01-01 12:07:38.124123  1613  2479 V ActivityManager: <<< DONE EXECUTING ServiceRecord{da1c350 u0 com.facebook.appmanager/com.facebook.oxygen.appmanager.update.core.UpdateService}: nesting=2, inDestroying=false, app=ProcessRecord{11dad23 10971:com.facebook.appmanager/u0a128}
01-01 12:07:38.124472 10971 10971 D ActivityThread: SVC-Calling onStartCommand: com.facebook.oxygen.appmanager.update.core.UpdateService@444fc57, flags=0, startId=1
01-01 12:07:38.125681  1613  3158 D ActivityManager: SVC-Executing service done: ServiceRecord{da1c350 u0 com.facebook.appmanager/com.facebook.oxygen.appmanager.update.core.UpdateService}, type=1, startId=1, res=2
01-01 12:07:38.125686 10971 10971 D ActivityThread: SVC-SERVICE_ARGS handled : 0 / ServiceArgsData{token=android.os.BinderProxy@c3211d6 startId=1 args=Intent { act=package_event cmp=com.facebook.appmanager/com.facebook.oxygen.appmanager.update.core.UpdateService (has extras) }}
01-01 12:07:38.126030  1613  3158 V ActivityManager: <<< DONE EXECUTING ServiceRecord{da1c350 u0 com.facebook.appmanager/com.facebook.oxygen.appmanager.update.core.UpdateService}: nesting=1, inDestroying=false, app=ProcessRecord{11dad23 10971:com.facebook.appmanager/u0a128}
01-01 12:07:38.146874  1613  1659 I PackageManager: Apk copy done
01-01 12:07:38.147500  1613  3328 D ActivityManager: getContentProviderImpl: from caller=android.app.ApplicationThreadProxy@4b9238b (pid=3360, userId=0) to get content provider com.google.android.googlequicksearchbox.icing cpr=ContentProviderRecord{2697ebe u0 com.google.android.googlequicksearchbox/com.google.android.apps.gsa.search.core.icingsync.InternalIcingCorporaProvider}
01-01 12:07:38.149581  1613  1659 I PackageManager: mcs_bound
01-01 12:07:38.149845  1613  1659 I PackageManager: startCopy UserHandle{0}: MeasureParams{2323e67 com.mediatek.hetcomm}
01-01 12:07:38.154515  3360  3712 D ActivityThread: holder:android.app.IActivityManager$ContentProviderHolder@7d9dc56, holder.provider:android.content.ContentProviderProxy@96934d7
01-01 12:07:38.159851  1613  2471 V SettingsProvider: packageValueForCallResult, name = device_provisioned, value : 1
01-01 12:07:38.179436  1613  1643 V AlarmManager: APP set(PendingIntent{42aac68: PendingIntentRecord{9e847f9 com.facebook.appmanager startService}}) : type=1 triggerAtTime=1451754220047 win=-1 tElapsed=87133599 maxElapsed=151755000 interval=0 flags=0x0
01-01 12:07:38.180407  1613  1643 D AlarmManager: remove(operation) changed bounds; rebatching operation = PendingIntent{42aac68: PendingIntentRecord{9e847f9 com.facebook.appmanager startService}}
01-01 12:07:38.180582  1613  1643 D AlarmManager: rebatchAllAlarmsLocked begin oldBatches count = 82
01-01 12:07:38.180721  1613  1643 D AlarmManager: rebatchAllAlarmsLocked  batch.size() = 1
01-01 12:07:38.180894  1613  1643 D AlarmManager:  whichBatch = -1
01-01 12:07:38.181012  1613  1643 D AlarmManager: rebatchAllAlarmsLocked  batch.size() = 1
01-01 12:07:38.181121  1613  1643 D AlarmManager:  whichBatch = -1
01-01 12:07:38.181254  1613  1643 D AlarmManager: rebatchAllAlarmsLocked  batch.size() = 1
01-01 12:07:38.181688  1613  1643 D AlarmManager:  whichBatch = -1
01-01 12:07:38.181811  1613  1643 D AlarmManager: rebatchAllAlarmsLocked  batch.size() = 1
01-01 12:07:38.181902  1613  1643 D AlarmManager:  whichBatch = -1
01-01 12:07:38.182012  1613  1643 D AlarmManager: rebatchAllAlarmsLocked  batch.size() = 1
01-01 12:07:38.182119  1613  1643 D AlarmManager:  whichBatch = -2
01-01 12:07:38.182229  1613  1643 D AlarmManager: rebatchAllAlarmsLocked  batch.size() = 1
01-01 12:07:38.182316  1613  1643 D AlarmManager:  whichBatch = -1
01-01 12:07:38.182419  1613  1643 D AlarmManager: rebatchAllAlarmsLocked  batch.size() = 1
01-01 12:07:38.182516  1613  1643 D AlarmManager:  whichBatch = -1
01-01 12:07:38.182621  1613  1643 D AlarmManager: rebatchAllAlarmsLocked  batch.size() = 1
01-01 12:07:38.182731  1613  1643 D AlarmManager:  whichBatch = -1
01-01 12:07:38.182836  1613  1643 D AlarmManager: rebatchAllAlarmsLocked  batch.size() = 1
01-01 12:07:38.182934  1613  1643 D AlarmManager:  whichBatch = -1
01-01 12:07:38.183042  1613  1643 D AlarmManager: rebatchAllAlarmsLocked  batch.size() = 1
01-01 12:07:38.183135  1613  1643 D AlarmManager:  whichBatch = -1
01-01 12:07:38.183242  1613  1643 D AlarmManager: rebatchAllAlarmsLocked  batch.size() = 1
01-01 12:07:38.183329  1613  1643 D AlarmManager:  whichBatch = -1
01-01 12:07:38.183437  1613  1643 D AlarmManager: rebatchAllAlarmsLocked  batch.size() = 1
01-01 12:07:38.183527  1613  1643 D AlarmManager:  whichBatch = -1
01-01 12:07:38.184589  1613  1643 D AlarmManager: rebatchAllAlarmsLocked  batch.size() = 1
01-01 12:07:38.184751  1613  1643 D AlarmManager:  whichBatch = -1
01-01 12:07:38.184887  1613  1643 D AlarmManager: rebatchAllAlarmsLocked  batch.size() = 1
01-01 12:07:38.184999  1613  1643 D AlarmManager:  whichBatch = -1
01-01 12:07:38.185128  1613  1643 D AlarmManager: rebatchAllAlarmsLocked  batch.size() = 1
01-01 12:07:38.185239  1613  1643 D AlarmManager:  whichBatch = -1
01-01 12:07:38.185358  1613  1643 D AlarmManager: rebatchAllAlarmsLocked  batch.size() = 1
01-01 12:07:38.185457  1613  1643 D AlarmManager:  whichBatch = -1
01-01 12:07:38.185576  1613  1643 D AlarmManager: rebatchAllAlarmsLocked  batch.size() = 1
01-01 12:07:38.185674  1613  1643 D AlarmManager:  whichBatch = -1
01-01 12:07:38.185790  1613  1643 D AlarmManager: rebatchAllAlarmsLocked  batch.size() = 1
01-01 12:07:38.185888  1613  1643 D AlarmManager:  whichBatch = -1
01-01 12:07:38.186005  1613  1643 D AlarmManager: rebatchAllAlarmsLocked  batch.size() = 1
01-01 12:07:38.186091  1613  1643 D AlarmManager:  whichBatch = -1
01-01 12:07:38.186207  1613  1643 D AlarmManager: rebatchAllAlarmsLocked  batch.size() = 1
01-01 12:07:38.186302  1613  1643 D AlarmManager:  whichBatch = -1
01-01 12:07:38.186441  1613  1643 D AlarmManager: rebatchAllAlarmsLocked  batch.size() = 1
01-01 12:07:38.186542  1613  1643 D AlarmManager:  whichBatch = -1
01-01 12:07:38.186656  1613  1643 D AlarmManager: rebatchAllAlarmsLocked  batch.size() = 1
01-01 12:07:38.186745  1613  1643 D AlarmManager:  whichBatch = -1
01-01 12:07:38.186857  1613  1643 D AlarmManager: rebatchAllAlarmsLocked  batch.size() = 1
01-01 12:07:38.186945  1613  1643 D AlarmManager:  whichBatch = -1
01-01 12:07:38.187058  1613  1643 D AlarmManager: rebatchAllAlarmsLocked  batch.size() = 1
01-01 12:07:38.187161  1613  1643 D AlarmManager:  whichBatch = -1
01-01 12:07:38.187276  1613  1643 D AlarmManager: rebatchAllAlarmsLocked  batch.size() = 1
01-01 12:07:38.187380  1613  1643 D AlarmManager:  whichBatch = -1
01-01 12:07:38.187503  1613  1643 D AlarmManager: rebatchAllAlarmsLocked  batch.size() = 1
01-01 12:07:38.187607  1613  1643 D AlarmManager:  whichBatch = -1
01-01 12:07:38.187895  1613  1643 D AlarmManager: rebatchAllAlarmsLocked  batch.size() = 1
01-01 12:07:38.188160  1613  1643 D AlarmManager:  whichBatch = -1
01-01 12:07:38.188318  1613  1643 D AlarmManager: rebatchAllAlarmsLocked  batch.size() = 1
01-01 12:07:38.188447  1613  1643 D AlarmManager:  whichBatch = -1
01-01 12:07:38.188584  1613  1643 D AlarmManager: rebatchAllAlarmsLocked  batch.size() = 1
01-01 12:07:38.188685  1613  1643 D AlarmManager:  whichBatch = -1
01-01 12:07:38.188898  1613  1643 D AlarmManager: rebatchAllAlarmsLocked  batch.size() = 1
01-01 12:07:38.189020  1613  1643 D AlarmManager:  whichBatch = -1
01-01 12:07:38.189186  1613  1643 D AlarmManager: rebatchAllAlarmsLocked  batch.size() = 1
01-01 12:07:38.189301  1613  1643 D AlarmManager:  whichBatch = -1
01-01 12:07:38.189424  1613  1643 D AlarmManager: rebatchAllAlarmsLocked  batch.size() = 1
01-01 12:07:38.189536  1613  1643 D AlarmManager:  whichBatch = -1
01-01 12:07:38.189708  1613  1643 D AlarmManager: rebatchAllAlarmsLocked  batch.size() = 1
01-01 12:07:38.189813  1613  1643 D AlarmManager:  whichBatch = -1
01-01 12:07:38.189930  1613  1643 D AlarmManager: rebatchAllAlarmsLocked  batch.size() = 1
01-01 12:07:38.190027  1613  1643 D AlarmManager:  whichBatch = -1
01-01 12:07:38.190179  1613  1643 D AlarmManager: rebatchAllAlarmsLocked  batch.size() = 1
01-01 12:07:38.190277  1613  1643 D AlarmManager:  whichBatch = -1
01-01 12:07:38.190409  1613  1643 D AlarmManager: rebatchAllAlarmsLocked  batch.size() = 1
01-01 12:07:38.190508  1613  1643 D AlarmManager:  whichBatch = -1
01-01 12:07:38.190624  1613  1643 D AlarmManager: rebatchAllAlarmsLocked  batch.size() = 1
01-01 12:07:38.190717  1613  1643 D AlarmManager:  whichBatch = -1
01-01 12:07:38.190859  1613  1643 D AlarmManager: rebatchAllAlarmsLocked  batch.size() = 1
01-01 12:07:38.190958  1613  1643 D AlarmManager:  whichBatch = -1
01-01 12:07:38.191074  1613  1643 D AlarmManager: rebatchAllAlarmsLocked  batch.size() = 1
01-01 12:07:38.191220  1613  1643 D AlarmManager:  whichBatch = -1
01-01 12:07:38.191337  1613  1643 D AlarmManager: rebatchAllAlarmsLocked  batch.size() = 1
01-01 12:07:38.191438  1613  1643 D AlarmManager:  whichBatch = -1
01-01 12:07:38.191566  1613  1643 D AlarmManager: rebatchAllAlarmsLocked  batch.size() = 1
01-01 12:07:38.191677  1613  1643 D AlarmManager:  whichBatch = -1
01-01 12:07:38.191856  1613  1643 D AlarmManager: rebatchAllAlarmsLocked  batch.size() = 1
01-01 12:07:38.191993  1613  1643 D AlarmManager:  whichBatch = -1
01-01 12:07:38.192122  1613  1643 D AlarmManager: rebatchAllAlarmsLocked  batch.size() = 1
01-01 12:07:38.192219  1613  1643 D AlarmManager:  whichBatch = -1
01-01 12:07:38.192334  1613  1643 D AlarmManager: rebatchAllAlarmsLocked  batch.size() = 1
01-01 12:07:38.192426  1613  1643 D AlarmManager:  whichBatch = -1
01-01 12:07:38.192543  1613  1643 D AlarmManager: rebatchAllAlarmsLocked  batch.size() = 1
01-01 12:07:38.192652  1613  1643 D AlarmManager:  whichBatch = -1
01-01 12:07:38.192774  1613  1643 D AlarmManager: rebatchAllAlarmsLocked  batch.size() = 1
01-01 12:07:38.192955  1613  1643 D AlarmManager:  whichBatch = -1
01-01 12:07:38.193088  1613  1643 D AlarmManager: rebatchAllAlarmsLocked  batch.size() = 1
01-01 12:07:38.193196  1613  1643 D AlarmManager:  whichBatch = -1
01-01 12:07:38.193327  1613  1643 D AlarmManager: rebatchAllAlarmsLocked  batch.size() = 1
01-01 12:07:38.193445  1613  1643 D AlarmManager:  whichBatch = -1
01-01 12:07:38.193568  1613  1643 D AlarmManager: rebatchAllAlarmsLocked  batch.size() = 1
01-01 12:07:38.193667  1613  1643 D AlarmManager:  whichBatch = -1
01-01 12:07:38.193817  1613  1643 D AlarmManager: rebatchAllAlarmsLocked  batch.size() = 1
01-01 12:07:38.193922  1613  1643 D AlarmManager:  whichBatch = -1
01-01 12:07:38.194052  1613  1643 D AlarmManager: rebatchAllAlarmsLocked  batch.size() = 1
01-01 12:07:38.194156  1613  1643 D AlarmManager:  whichBatch = -1
01-01 12:07:38.194287  1613  1643 D AlarmManager: rebatchAllAlarmsLocked  batch.size() = 1
01-01 12:07:38.194381  1613  1643 D AlarmManager:  whichBatch = -1
01-01 12:07:38.194507  1613  1643 D AlarmManager: rebatchAllAlarmsLocked  batch.size() = 1
01-01 12:07:38.194602  1613  1643 D AlarmManager:  whichBatch = -1
01-01 12:07:38.194862  1613  1643 D AlarmManager: rebatchAllAlarmsLocked  batch.size() = 1
01-01 12:07:38.195021  1613  1643 D AlarmManager:  whichBatch = -1
01-01 12:07:38.195149  1613  1643 D AlarmManager: rebatchAllAlarmsLocked  batch.size() = 1
01-01 12:07:38.195250  1613  1643 D AlarmManager:  whichBatch = -1
01-01 12:07:38.195372  1613  1643 D AlarmManager: rebatchAllAlarmsLocked  batch.size() = 1
01-01 12:07:38.195461  1613  1643 D AlarmManager:  whichBatch = -1
01-01 12:07:38.195575  1613  1643 D AlarmManager: rebatchAllAlarmsLocked  batch.size() = 1
01-01 12:07:38.195663  1613  1643 D AlarmManager:  whichBatch = -1
01-01 12:07:38.195774  1613  1643 D AlarmManager: rebatchAllAlarmsLocked  batch.size() = 1
01-01 12:07:38.195870  1613  1643 D AlarmManager:  whichBatch = -1
01-01 12:07:38.195983  1613  1643 D AlarmManager: rebatchAllAlarmsLocked  batch.size() = 1
01-01 12:07:38.196069  1613  1643 D AlarmManager:  whichBatch = -1
01-01 12:07:38.196182  1613  1643 D AlarmManager: rebatchAllAlarmsLocked  batch.size() = 1
01-01 12:07:38.196277  1613  1643 D AlarmManager:  whichBatch = -1
01-01 12:07:38.196391  1613  1643 D AlarmManager: rebatchAllAlarmsLocked  batch.size() = 1
01-01 12:07:38.196479  1613  1643 D AlarmManager:  whichBatch = -1
01-01 12:07:38.196595  1613  1643 D AlarmManager: rebatchAllAlarmsLocked  batch.size() = 1
01-01 12:07:38.196731  1613  1643 D AlarmManager:  whichBatch = -1
01-01 12:07:38.196848  1613  1643 D AlarmManager: rebatchAllAlarmsLocked  batch.size() = 1
01-01 12:07:38.196952  1613  1643 D AlarmManager:  whichBatch = -1
01-01 12:07:38.197083  1613  1643 D AlarmManager: rebatchAllAlarmsLocked  batch.size() = 1
01-01 12:07:38.197186  1613  1643 D AlarmManager:  whichBatch = -1
01-01 12:07:38.197311  1613  1643 D AlarmManager: rebatchAllAlarmsLocked  batch.size() = 1
01-01 12:07:38.197414  1613  1643 D AlarmManager:  whichBatch = -1
01-01 12:07:38.197538  1613  1643 D AlarmManager: rebatchAllAlarmsLocked  batch.size() = 1
01-01 12:07:38.197638  1613  1643 D AlarmManager:  whichBatch = -1
01-01 12:07:38.197984  1613  1643 D AlarmManager: rebatchAllAlarmsLocked  batch.size() = 1
01-01 12:07:38.198119  1613  1643 D AlarmManager:  whichBatch = -1
01-01 12:07:38.198281  1613  1643 D AlarmManager: rebatchAllAlarmsLocked  batch.size() = 1
01-01 12:07:38.198391  1613  1643 D AlarmManager:  whichBatch = -1
01-01 12:07:38.198517  1613  1643 D AlarmManager: rebatchAllAlarmsLocked  batch.size() = 1
01-01 12:07:38.198699  1613  1643 D AlarmManager:  whichBatch = -1
01-01 12:07:38.198784  1613  2476 V ActivityManager: Broadcast: Intent { act=com.google.android.gms.icing.IME_NOTIFICATION flg=0x10 pkg=com.google.android.apps.inputmethod.cantonese (has extras) } ordered=false userid=0 callerApp=ProcessRecord{b1e951f 3360:com.google.android.gms/u0a29}
01-01 12:07:38.198825  1613  1643 D AlarmManager: rebatchAllAlarmsLocked  batch.size() = 1
01-01 12:07:38.198927  1613  1643 D AlarmManager:  whichBatch = -1
01-01 12:07:38.199046  1613  1643 D AlarmManager: rebatchAllAlarmsLocked  batch.size() = 1
01-01 12:07:38.199164  1613  1643 D AlarmManager:  whichBatch = -1
01-01 12:07:38.199296  1613  1643 D AlarmManager: rebatchAllAlarmsLocked  batch.size() = 1
01-01 12:07:38.199411  1613  1643 D AlarmManager:  whichBatch = -1
01-01 12:07:38.199535  1613  1643 D AlarmManager: rebatchAllAlarmsLocked  batch.size() = 1
01-01 12:07:38.199629  1613  1643 D AlarmManager:  whichBatch = -1
01-01 12:07:38.199745  1613  1643 D AlarmManager: rebatchAllAlarmsLocked  batch.size() = 1
01-01 12:07:38.199846  1613  1643 D AlarmManager:  whichBatch = -1
01-01 12:07:38.199973  1613  1643 D AlarmManager: rebatchAllAlarmsLocked  batch.size() = 1
01-01 12:07:38.200073  1613  1643 D AlarmManager:  whichBatch = -1
01-01 12:07:38.200203  1613  1643 D AlarmManager: rebatchAllAlarmsLocked  batch.size() = 1
01-01 12:07:38.200301  1613  1643 D AlarmManager:  whichBatch = -1
01-01 12:07:38.200431  1613  1643 D AlarmManager: rebatchAllAlarmsLocked  batch.size() = 1
01-01 12:07:38.200532  1613  1643 D AlarmManager:  whichBatch = -1
01-01 12:07:38.200648  1613  1643 D AlarmManager: rebatchAllAlarmsLocked  batch.size() = 1
01-01 12:07:38.200748  1613  1643 D AlarmManager:  whichBatch = -1
01-01 12:07:38.200878  1613  1643 D AlarmManager: rebatchAllAlarmsLocked  batch.size() = 1
01-01 12:07:38.200982  1613  1643 D AlarmManager:  whichBatch = -1
01-01 12:07:38.201122  1613  1643 D AlarmManager: rebatchAllAlarmsLocked  batch.size() = 1
01-01 12:07:38.201226  1613  1643 D AlarmManager:  whichBatch = -1
01-01 12:07:38.201360  1613  1643 D AlarmManager: rebatchAllAlarmsLocked  batch.size() = 1
01-01 12:07:38.201460  1613  1643 D AlarmManager:  whichBatch = -1
01-01 12:07:38.201585  1613  1643 D AlarmManager: rebatchAllAlarmsLocked  batch.size() = 1
01-01 12:07:38.201680  1613  1643 D AlarmManager:  whichBatch = -1
01-01 12:07:38.201755  1613  2472 V ActivityManager: Broadcast: Intent { act=com.google.android.gms.icing.IME_NOTIFICATION flg=0x10 pkg=com.google.android.apps.inputmethod.hindi (has extras) } ordered=false userid=0 callerApp=ProcessRecord{b1e951f 3360:com.google.android.gms/u0a29}
01-01 12:07:38.201825  1613  1643 D AlarmManager: set alarm to RTC 981334
01-01 12:07:38.201913  1613  1643 D AlarmManager:  whichBatch = -1
01-01 12:07:38.202449  1613  1659 I PackageManager: Apk copy done
01-01 12:07:38.208397  1613  1659 I PackageManager: mcs_bound
01-01 12:07:38.208629  1613  1659 I PackageManager: startCopy UserHandle{0}: MeasureParams{9122414 com.asus.sensorapi.service}
01-01 12:07:38.208971  1613  2474 V ActivityManager: Broadcast: Intent { act=com.google.android.gms.icing.IME_NOTIFICATION flg=0x10 pkg=com.google.android.apps.inputmethod.zhuyin (has extras) } ordered=false userid=0 callerApp=ProcessRecord{b1e951f 3360:com.google.android.gms/u0a29}
01-01 12:07:38.210917  1613  3012 V ActivityManager: Broadcast: Intent { act=com.google.android.gms.icing.IME_NOTIFICATION flg=0x10 pkg=com.android.inputmethod.latin (has extras) } ordered=false userid=0 callerApp=ProcessRecord{b1e951f 3360:com.google.android.gms/u0a29}
01-01 12:07:38.215262  1613  3175 V ActivityManager: Broadcast: Intent { act=com.google.android.gms.icing.IME_NOTIFICATION flg=0x10 pkg=com.google.android.inputmethod.korean (has extras) } ordered=false userid=0 callerApp=ProcessRecord{b1e951f 3360:com.google.android.gms/u0a29}
01-01 12:07:38.217161  1613  2478 V ActivityManager: Broadcast: Intent { act=com.google.android.gms.icing.IME_NOTIFICATION flg=0x10 pkg=com.google.android.inputmethod.pinyin (has extras) } ordered=false userid=0 callerApp=ProcessRecord{b1e951f 3360:com.google.android.gms/u0a29}
01-01 12:07:38.218404  1613  2472 V ActivityManager: startService: Intent { act=login_checkpoint cmp=com.facebook.appmanager/com.facebook.oxygen.appmanager.sso.SsoService } callerApp=ProcessRecord{11dad23 10971:com.facebook.appmanager/u0a128}
01-01 12:07:38.220398  1613  2472 V ActivityManager: >>> EXECUTING create of ServiceRecord{3322714 u0 com.facebook.appmanager/com.facebook.oxygen.appmanager.sso.SsoService} in app ProcessRecord{11dad23 10971:com.facebook.appmanager/u0a128}
01-01 12:07:38.224708  1613  2472 V ActivityManager: AMS Creating service ServiceRecord{3322714 u0 com.facebook.appmanager/com.facebook.oxygen.appmanager.sso.SsoService}
01-01 12:07:38.225985  1613  2472 V ActivityManager: Sending arguments to: ServiceRecord{3322714 u0 com.facebook.appmanager/com.facebook.oxygen.appmanager.sso.SsoService} android.content.Intent$FilterComparison@c2c69cb9 args=Intent { act=login_checkpoint cmp=com.facebook.appmanager/com.facebook.oxygen.appmanager.sso.SsoService }
01-01 12:07:38.226177  1613  2472 V ActivityManager: >>> EXECUTING start of ServiceRecord{3322714 u0 com.facebook.appmanager/com.facebook.oxygen.appmanager.sso.SsoService} in app ProcessRecord{11dad23 10971:com.facebook.appmanager/u0a128}
01-01 12:07:38.226671  1613  2472 D ActivityManager: SVC-Sent arguments: ServiceRecord{3322714 u0 com.facebook.appmanager/com.facebook.oxygen.appmanager.sso.SsoService}, app=ProcessRecord{11dad23 10971:com.facebook.appmanager/u0a128}, args=Intent { act=login_checkpoint cmp=com.facebook.appmanager/com.facebook.oxygen.appmanager.sso.SsoService }, flags=0
01-01 12:07:38.228086  1613  1643 V ActivityManager: Broadcast: Intent { act=com.google.android.gms.icing.IME_NOTIFICATION flg=0x10 pkg=com.google.android.inputmethod.japanese (has extras) } ordered=false userid=0 callerApp=ProcessRecord{b1e951f 3360:com.google.android.gms/u0a29}
01-01 12:07:38.232287 10971 10971 D ActivityThread: SVC-Creating service: CreateServiceData{token=android.os.BinderProxy@da12279 className=com.facebook.oxygen.appmanager.sso.SsoService packageName=com.facebook.appmanager intent=null}
01-01 12:07:38.232478  1613  2479 V ActivityManager: Broadcast: Intent { act=com.google.android.gms.icing.IME_NOTIFICATION flg=0x10 pkg=com.google.android.inputmethod.latin.dogfood (has extras) } ordered=false userid=0 callerApp=ProcessRecord{b1e951f 3360:com.google.android.gms/u0a29}
01-01 12:07:38.234443  1613  3158 V ActivityManager: Broadcast: Intent { act=com.google.android.gms.icing.IME_NOTIFICATION flg=0x10 pkg=com.google.android.inputmethod.latin (has extras) } ordered=false userid=0 callerApp=ProcessRecord{b1e951f 3360:com.google.android.gms/u0a29}
01-01 12:07:38.236318  1613  2477 V ActivityManager: Broadcast: Intent { act=com.google.android.gms.icing.IME_NOTIFICATION flg=0x10 pkg=com.google.android.apps.inputmethod.cantonese (has extras) } ordered=false userid=0 callerApp=ProcessRecord{b1e951f 3360:com.google.android.gms/u0a29}
01-01 12:07:38.238192  1613  2471 V ActivityManager: Broadcast: Intent { act=com.google.android.gms.icing.IME_NOTIFICATION flg=0x10 pkg=com.google.android.apps.inputmethod.hindi (has extras) } ordered=false userid=0 callerApp=ProcessRecord{b1e951f 3360:com.google.android.gms/u0a29}
01-01 12:07:38.241254  1613  3175 V ActivityManager: Broadcast: Intent { act=com.google.android.gms.icing.IME_NOTIFICATION flg=0x10 pkg=com.google.android.apps.inputmethod.zhuyin (has extras) } ordered=false userid=0 callerApp=ProcessRecord{b1e951f 3360:com.google.android.gms/u0a29}
01-01 12:07:38.243738  1613  2476 V ActivityManager: Broadcast: Intent { act=com.google.android.gms.icing.IME_NOTIFICATION flg=0x10 pkg=com.android.inputmethod.latin (has extras) } ordered=false userid=0 callerApp=ProcessRecord{b1e951f 3360:com.google.android.gms/u0a29}
01-01 12:07:38.245605  1613  2478 V ActivityManager: Broadcast: Intent { act=com.google.android.gms.icing.IME_NOTIFICATION flg=0x10 pkg=com.google.android.inputmethod.korean (has extras) } ordered=false userid=0 callerApp=ProcessRecord{b1e951f 3360:com.google.android.gms/u0a29}
01-01 12:07:38.247273  1613  1659 I PackageManager: Apk copy done
01-01 12:07:38.247953  1613  1659 I PackageManager: mcs_bound
01-01 12:07:38.248627  1613  1659 I PackageManager: startCopy UserHandle{0}: MeasureParams{f2fa4bd com.android.wallpaper.livepicker}
01-01 12:07:38.250252  1613  2474 V ActivityManager: Broadcast: Intent { act=com.google.android.gms.icing.IME_NOTIFICATION flg=0x10 pkg=com.google.android.inputmethod.pinyin (has extras) } ordered=false userid=0 callerApp=ProcessRecord{b1e951f 3360:com.google.android.gms/u0a29}
01-01 12:07:38.252286  1613  1640 V ActivityManager: Broadcast: Intent { act=com.google.android.gms.icing.IME_NOTIFICATION flg=0x10 pkg=com.google.android.inputmethod.japanese (has extras) } ordered=false userid=0 callerApp=ProcessRecord{b1e951f 3360:com.google.android.gms/u0a29}
01-01 12:07:38.258208  1613  2471 V ActivityManager: Broadcast: Intent { act=com.google.android.gms.icing.IME_NOTIFICATION flg=0x10 pkg=com.google.android.inputmethod.latin.dogfood (has extras) } ordered=false userid=0 callerApp=ProcessRecord{b1e951f 3360:com.google.android.gms/u0a29}
01-01 12:07:38.260457  1613  2478 V ActivityManager: Broadcast: Intent { act=com.google.android.gms.icing.IME_NOTIFICATION flg=0x10 pkg=com.google.android.inputmethod.latin (has extras) } ordered=false userid=0 callerApp=ProcessRecord{b1e951f 3360:com.google.android.gms/u0a29}
01-01 12:07:38.261277  1613  2475 V AlarmManager: APP set(PendingIntent{1baebbd: PendingIntentRecord{a7ebcbb com.facebook.appmanager startService}}) : type=1 triggerAtTime=1451668958256 win=-1 tElapsed=1871808 maxElapsed=2546805 interval=0 flags=0x0
01-01 12:07:38.262238  1613  2475 D AlarmManager: remove(operation) changed bounds; rebatching operation = PendingIntent{1baebbd: PendingIntentRecord{a7ebcbb com.facebook.appmanager startService}}
