01-01 12:07:38.262366  1613  2475 D AlarmManager: rebatchAllAlarmsLocked begin oldBatches count = 82
01-01 12:07:38.262445  1613  2475 D AlarmManager: rebatchAllAlarmsLocked  batch.size() = 1
01-01 12:07:38.262579  1613  2475 D AlarmManager:  whichBatch = -1
01-01 12:07:38.262691  1613  2475 D AlarmManager: rebatchAllAlarmsLocked  batch.size() = 1
01-01 12:07:38.262793  1613  2475 D AlarmManager:  whichBatch = -1
01-01 12:07:38.262903  1613  2475 D AlarmManager: rebatchAllAlarmsLocked  batch.size() = 1
01-01 12:07:38.262991  1613  2475 D AlarmManager:  whichBatch = -1
01-01 12:07:38.263145  1613  2475 D AlarmManager: rebatchAllAlarmsLocked  batch.size() = 1
01-01 12:07:38.263235  1613  2475 D AlarmManager:  whichBatch = -1
01-01 12:07:38.263341  1613  2475 D AlarmManager: rebatchAllAlarmsLocked  batch.size() = 1
01-01 12:07:38.263437  1613  2475 D AlarmManager:  whichBatch = -2
01-01 12:07:38.263551  1613  2475 D AlarmManager: rebatchAllAlarmsLocked  batch.size() = 1
01-01 12:07:38.263645  1613  2475 D AlarmManager:  whichBatch = -1
01-01 12:07:38.263761  1613  2475 D AlarmManager: rebatchAllAlarmsLocked  batch.size() = 1
01-01 12:07:38.263863  1613  2475 D AlarmManager:  whichBatch = -1
01-01 12:07:38.263971  1613  2475 D AlarmManager: rebatchAllAlarmsLocked  batch.size() = 1
01-01 12:07:38.264131  1613  2475 D AlarmManager:  whichBatch = -1
01-01 12:07:38.264311  1613  2475 D AlarmManager: rebatchAllAlarmsLocked  batch.size() = 1
01-01 12:07:38.264410  1613  2475 D AlarmManager:  whichBatch = -1
01-01 12:07:38.264519  1613  2475 D AlarmManager: rebatchAllAlarmsLocked  batch.size() = 1
01-01 12:07:38.264605  1613  2475 D AlarmManager:  whichBatch = -1
01-01 12:07:38.264715  1613  2475 D AlarmManager: rebatchAllAlarmsLocked  batch.size() = 1
01-01 12:07:38.264805  1613  2475 D AlarmManager:  whichBatch = -1
01-01 12:07:38.264911  1613  2475 D AlarmManager: rebatchAllAlarmsLocked  batch.size() = 1
01-01 12:07:38.265010  1613  2475 D AlarmManager:  whichBatch = -1
01-01 12:07:38.265120  1613  2475 D AlarmManager: rebatchAllAlarmsLocked  batch.size() = 1
01-01 12:07:38.265209  1613  2475 D AlarmManager:  whichBatch = -1
01-01 12:07:38.265345  1613  2475 D AlarmManager: rebatchAllAlarmsLocked  batch.size() = 1
01-01 12:07:38.265441  1613  2475 D AlarmManager:  whichBatch = -1
01-01 12:07:38.265923  1613  2475 D AlarmManager: rebatchAllAlarmsLocked  batch.size() = 1
01-01 12:07:38.266097  1613  2475 D AlarmManager:  whichBatch = -1
01-01 12:07:38.266240  1613  2475 D AlarmManager: rebatchAllAlarmsLocked  batch.size() = 1
01-01 12:07:38.266343  1613  2475 D AlarmManager:  whichBatch = -1
01-01 12:07:38.266441  1613  3159 D PowerManagerService: releaseWakeLockInternal: lock=95831208 [Icing], flags=0x0, total_time=3430ms
01-01 12:07:38.266461  1613  2475 D AlarmManager: rebatchAllAlarmsLocked  batch.size() = 1
01-01 12:07:38.266560  1613  2475 D AlarmManager:  whichBatch = -1
01-01 12:07:38.266681  1613  2475 D AlarmManager: rebatchAllAlarmsLocked  batch.size() = 1
01-01 12:07:38.266772  1613  2475 D AlarmManager:  whichBatch = -1
01-01 12:07:38.266883  1613  2475 D AlarmManager: rebatchAllAlarmsLocked  batch.size() = 1
01-01 12:07:38.266955  1613  3159 D PowerManagerNotifier: onWakeLockReleased: flags=1, tag="Icing", packageName=com.google.android.gms, ownerUid=10029, ownerPid=3360, workSource=WorkSource{10029 com.google.android.gms}
01-01 12:07:38.266973  1613  2475 D AlarmManager:  whichBatch = -1
01-01 12:07:38.267130  1613  2475 D AlarmManager: rebatchAllAlarmsLocked  batch.size() = 1
01-01 12:07:38.267217  1613  2475 D AlarmManager:  whichBatch = -1
01-01 12:07:38.267231  1613  3159 D PowerManagerService: updateWakeLockSummaryLocked: mWakefulness=Awake, mWakeLockSummary=0x0
01-01 12:07:38.267327  1613  2475 D AlarmManager: rebatchAllAlarmsLocked  batch.size() = 1
01-01 12:07:38.267413  1613  2475 D AlarmManager:  whichBatch = -1
01-01 12:07:38.267456  1613  3159 D PowerManagerService: updateUserActivitySummaryLocked: mWakefulness=Awake, mUserActivitySummary=0x1, nextTimeout=1022964 (in 51145 ms)
01-01 12:07:38.267518  1613  2475 D AlarmManager: rebatchAllAlarmsLocked  batch.size() = 1
01-01 12:07:38.267602  1613  2475 D AlarmManager:  whichBatch = -1
01-01 12:07:38.267924  1613  2475 D AlarmManager: rebatchAllAlarmsLocked  batch.size() = 1
01-01 12:07:38.267977  1613  3159 D DisplayPowerController: requestPowerState: policy=BRIGHT, useProximitySensor=false, screenBrightness=102, screenAutoBrightnessAdjustment=0.8, brightnessSetByUser=true, useAutoBrightness=true, blockScreenOn=false, lowPowerMode=false, boostScreenBrightness=false, dozeScreenBrightness=-1, dozeScreenState=UNKNOWN, waitForNegativeProximity=false
01-01 12:07:38.268053  1613  3159 I PowerManagerService: setBrightness mButtonLight 0.
01-01 12:07:38.268057  1613  2475 D AlarmManager:  whichBatch = -1
01-01 12:07:38.268237  1613  2475 D AlarmManager: rebatchAllAlarmsLocked  batch.size() = 1
01-01 12:07:38.268291  1613  3159 D PowerManagerService: updateDisplayPowerStateLocked: mDisplayReady=true, policy=3, mWakefulness=1, mWakeLockSummary=0x0, mUserActivitySummary=0x1, mBootCompleted=true, mScreenBrightnessBoostInProgress=false
01-01 12:07:38.268332  1613  2475 D AlarmManager:  whichBatch = -1
01-01 12:07:38.268452  1613  2475 D AlarmManager: rebatchAllAlarmsLocked  batch.size() = 1
01-01 12:07:38.268473  1613  3159 D PowerManagerService: Releasing suspend blocker "PowerManagerService.WakeLocks".
01-01 12:07:38.268546  1613  2475 D AlarmManager:  whichBatch = -1
01-01 12:07:38.268661  1613  2475 D AlarmManager: rebatchAllAlarmsLocked  batch.size() = 1
01-01 12:07:38.268754  1613  2475 D AlarmManager:  whichBatch = -1
01-01 12:07:38.268878  1613  2475 D AlarmManager: rebatchAllAlarmsLocked  batch.size() = 1
01-01 12:07:38.268978  1613  2475 D AlarmManager:  whichBatch = -1
01-01 12:07:38.269112  1613  2475 D AlarmManager: rebatchAllAlarmsLocked  batch.size() = 1
01-01 12:07:38.269224  1613  2475 D AlarmManager:  whichBatch = -1
01-01 12:07:38.269342  1613  2475 D AlarmManager: rebatchAllAlarmsLocked  batch.size() = 1
01-01 12:07:38.269453  1613  2475 D AlarmManager:  whichBatch = -1
01-01 12:07:38.269631  1613  2475 D AlarmManager: rebatchAllAlarmsLocked  batch.size() = 1
01-01 12:07:38.269734  1613  2475 D AlarmManager:  whichBatch = -1
01-01 12:07:38.269848  1613  2475 D AlarmManager: rebatchAllAlarmsLocked  batch.size() = 1
01-01 12:07:38.269954  1613  2475 D AlarmManager:  whichBatch = -1
01-01 12:07:38.270384  1613  2475 D AlarmManager: rebatchAllAlarmsLocked  batch.size() = 1
01-01 12:07:38.270563  1613  2475 D AlarmManager:  whichBatch = -1
01-01 12:07:38.270735  1613  2475 D AlarmManager: rebatchAllAlarmsLocked  batch.size() = 1
01-01 12:07:38.270865  1613  2475 D AlarmManager:  whichBatch = -1
01-01 12:07:38.270999  1613  2475 D AlarmManager: rebatchAllAlarmsLocked  batch.size() = 1
01-01 12:07:38.271119  1613  2475 D AlarmManager:  whichBatch = -1
01-01 12:07:38.271280  1613  2475 D AlarmManager: rebatchAllAlarmsLocked  batch.size() = 1
01-01 12:07:38.271473  1613  2475 D AlarmManager:  whichBatch = -1
01-01 12:07:38.271622  1613  2475 D AlarmManager: rebatchAllAlarmsLocked  batch.size() = 1
01-01 12:07:38.271731  1613  2475 D AlarmManager:  whichBatch = -1
01-01 12:07:38.271861  1613  2475 D AlarmManager: rebatchAllAlarmsLocked  batch.size() = 1
01-01 12:07:38.271989  1613  2475 D AlarmManager:  whichBatch = -1
01-01 12:07:38.272121  1613  2475 D AlarmManager: rebatchAllAlarmsLocked  batch.size() = 1
01-01 12:07:38.272230  1613  2475 D AlarmManager:  whichBatch = -1
01-01 12:07:38.272355  1613  2475 D AlarmManager: rebatchAllAlarmsLocked  batch.size() = 1
01-01 12:07:38.272455  1613  2475 D AlarmManager:  whichBatch = -1
01-01 12:07:38.272586  1613  2475 D AlarmManager: rebatchAllAlarmsLocked  batch.size() = 1
01-01 12:07:38.272683  1613  2475 D AlarmManager:  whichBatch = -1
01-01 12:07:38.272798  1613  2475 D AlarmManager: rebatchAllAlarmsLocked  batch.size() = 1
01-01 12:07:38.272909  1613  2475 D AlarmManager:  whichBatch = -1
01-01 12:07:38.273025  1613  2475 D AlarmManager: rebatchAllAlarmsLocked  batch.size() = 1
01-01 12:07:38.273118  1613  2475 D AlarmManager:  whichBatch = -1
01-01 12:07:38.273286  1613  2475 D AlarmManager: rebatchAllAlarmsLocked  batch.size() = 1
01-01 12:07:38.273395  1613  2475 D AlarmManager:  whichBatch = -1
01-01 12:07:38.273528  1613  2475 D AlarmManager: rebatchAllAlarmsLocked  batch.size() = 1
01-01 12:07:38.273763  1613  2475 D AlarmManager:  whichBatch = -1
01-01 12:07:38.273918  1613  2475 D AlarmManager: rebatchAllAlarmsLocked  batch.size() = 1
01-01 12:07:38.274015  1613  2475 D AlarmManager:  whichBatch = -1
01-01 12:07:38.274186  1613  2475 D AlarmManager: rebatchAllAlarmsLocked  batch.size() = 1
01-01 12:07:38.274280  1613  2475 D AlarmManager:  whichBatch = -1
01-01 12:07:38.274401  1613  2475 D AlarmManager: rebatchAllAlarmsLocked  batch.size() = 1
01-01 12:07:38.274493  1613  2475 D AlarmManager:  whichBatch = -1
01-01 12:07:38.274604  1613  2475 D AlarmManager: rebatchAllAlarmsLocked  batch.size() = 1
01-01 12:07:38.274688  1613  2475 D AlarmManager:  whichBatch = -1
01-01 12:07:38.274796  1613  2475 D AlarmManager: rebatchAllAlarmsLocked  batch.size() = 1
01-01 12:07:38.274887  1613  2475 D AlarmManager:  whichBatch = -1
01-01 12:07:38.274996  1613  2475 D AlarmManager: rebatchAllAlarmsLocked  batch.size() = 1
01-01 12:07:38.275783  1613  2475 D AlarmManager:  whichBatch = -1
01-01 12:07:38.275938  1613  2475 D AlarmManager: rebatchAllAlarmsLocked  batch.size() = 1
01-01 12:07:38.276048  1613  2475 D AlarmManager:  whichBatch = -1
01-01 12:07:38.276174  1613  2475 D AlarmManager: rebatchAllAlarmsLocked  batch.size() = 1
01-01 12:07:38.276289  1613  2475 D AlarmManager:  whichBatch = -1
01-01 12:07:38.276428  1613  2475 D AlarmManager: rebatchAllAlarmsLocked  batch.size() = 1
01-01 12:07:38.276522  1613  2475 D AlarmManager:  whichBatch = -1
01-01 12:07:38.276679  1613  2475 D AlarmManager: rebatchAllAlarmsLocked  batch.size() = 1
01-01 12:07:38.276768  1613  2475 D AlarmManager:  whichBatch = -1
01-01 12:07:38.276878  1613  2475 D AlarmManager: rebatchAllAlarmsLocked  batch.size() = 1
01-01 12:07:38.277038  1613  2475 D AlarmManager:  whichBatch = -1
01-01 12:07:38.277153  1613  2475 D AlarmManager: rebatchAllAlarmsLocked  batch.size() = 1
01-01 12:07:38.277241  1613  2475 D AlarmManager:  whichBatch = -1
01-01 12:07:38.277352  1613  2475 D AlarmManager: rebatchAllAlarmsLocked  batch.size() = 1
01-01 12:07:38.277441  1613  2475 D AlarmManager:  whichBatch = -1
01-01 12:07:38.277566  1613  2475 D AlarmManager: rebatchAllAlarmsLocked  batch.size() = 1
01-01 12:07:38.277664  1613  2475 D AlarmManager:  whichBatch = -1
01-01 12:07:38.277875  1613  2475 D AlarmManager: rebatchAllAlarmsLocked  batch.size() = 1
01-01 12:07:38.277985  1613  2475 D AlarmManager:  whichBatch = -1
01-01 12:07:38.278130  1613  2475 D AlarmManager: rebatchAllAlarmsLocked  batch.size() = 1
01-01 12:07:38.278236  1613  2475 D AlarmManager:  whichBatch = -1
01-01 12:07:38.278377  1613  2475 D AlarmManager: rebatchAllAlarmsLocked  batch.size() = 1
01-01 12:07:38.278478  1613  2475 D AlarmManager:  whichBatch = -1
01-01 12:07:38.278616  1613  2475 D AlarmManager: rebatchAllAlarmsLocked  batch.size() = 1
01-01 12:07:38.278739  1613  2475 D AlarmManager:  whichBatch = -1
01-01 12:07:38.278870  1613  2475 D AlarmManager: rebatchAllAlarmsLocked  batch.size() = 1
01-01 12:07:38.278976  1613  2475 D AlarmManager:  whichBatch = -1
01-01 12:07:38.279104  1613  2475 D AlarmManager: rebatchAllAlarmsLocked  batch.size() = 1
01-01 12:07:38.279206  1613  2475 D AlarmManager:  whichBatch = -1
01-01 12:07:38.279332  1613  2475 D AlarmManager: rebatchAllAlarmsLocked  batch.size() = 1
01-01 12:07:38.279433  1613  2475 D AlarmManager:  whichBatch = -1
01-01 12:07:38.279555  1613  2475 D AlarmManager: rebatchAllAlarmsLocked  batch.size() = 1
01-01 12:07:38.279684  1613  2475 D AlarmManager:  whichBatch = -1
01-01 12:07:38.279805  1613  2475 D AlarmManager: rebatchAllAlarmsLocked  batch.size() = 1
01-01 12:07:38.279916  1613  2475 D AlarmManager:  whichBatch = -1
01-01 12:07:38.280044  1613  2475 D AlarmManager: rebatchAllAlarmsLocked  batch.size() = 1
01-01 12:07:38.280146  1613  2475 D AlarmManager:  whichBatch = -1
01-01 12:07:38.280263  1613  2475 D AlarmManager: rebatchAllAlarmsLocked  batch.size() = 1
01-01 12:07:38.280430  1613  2475 D AlarmManager:  whichBatch = -1
01-01 12:07:38.280545  1613  2475 D AlarmManager: rebatchAllAlarmsLocked  batch.size() = 1
01-01 12:07:38.280638  1613  2475 D AlarmManager:  whichBatch = -1
01-01 12:07:38.280751  1613  2475 D AlarmManager: rebatchAllAlarmsLocked  batch.size() = 1
01-01 12:07:38.280844  1613  2475 D AlarmManager:  whichBatch = -1
01-01 12:07:38.280968  1613  2475 D AlarmManager: rebatchAllAlarmsLocked  batch.size() = 1
01-01 12:07:38.281063  1613  2475 D AlarmManager:  whichBatch = -1
01-01 12:07:38.281209  1613  2475 D AlarmManager: rebatchAllAlarmsLocked  batch.size() = 1
01-01 12:07:38.281321  1613  2475 D AlarmManager:  whichBatch = -1
01-01 12:07:38.281504  1613  2475 D AlarmManager: rebatchAllAlarmsLocked  batch.size() = 1
01-01 12:07:38.281598  1613  2475 D AlarmManager:  whichBatch = -1
01-01 12:07:38.281715  1613  2475 D AlarmManager: rebatchAllAlarmsLocked  batch.size() = 1
01-01 12:07:38.281805  1613  2475 D AlarmManager:  whichBatch = -1
01-01 12:07:38.281926  1613  2475 D AlarmManager: rebatchAllAlarmsLocked  batch.size() = 1
01-01 12:07:38.281972  1613  2474 D ActivityManager: SVC-Stopping service: ServiceRecord{88aaa3c u0 com.google.android.gms/.icing.service.IndexWorkerService}, app=ProcessRecord{b1e951f 3360:com.google.android.gms/u0a29}
01-01 12:07:38.282017  1613  2475 D AlarmManager:  whichBatch = -1
01-01 12:07:38.282135  1613  2475 D AlarmManager: rebatchAllAlarmsLocked  batch.size() = 1
01-01 12:07:38.282295  1613  2474 V ActivityManager: >>> EXECUTING destroy of ServiceRecord{88aaa3c u0 com.google.android.gms/.icing.service.IndexWorkerService} in app ProcessRecord{b1e951f 3360:com.google.android.gms/u0a29}
01-01 12:07:38.282437  1613  2475 D AlarmManager:  whichBatch = -1
01-01 12:07:38.282594  1613  2475 D AlarmManager: rebatchAllAlarmsLocked  batch.size() = 1
01-01 12:07:38.282699  1613  2475 D AlarmManager:  whichBatch = -1
01-01 12:07:38.282835  1613  2475 D AlarmManager: rebatchAllAlarmsLocked  batch.size() = 1
01-01 12:07:38.283140  1613  2475 D AlarmManager:  whichBatch = -1
01-01 12:07:38.283321  1613  2475 D AlarmManager: rebatchAllAlarmsLocked  batch.size() = 1
01-01 12:07:38.283441  1613  2475 D AlarmManager:  whichBatch = -1
01-01 12:07:38.283583  1613  2475 D AlarmManager: rebatchAllAlarmsLocked  batch.size() = 1
01-01 12:07:38.283705  1613  2475 D AlarmManager:  whichBatch = -1
01-01 12:07:38.283825  1613  2475 D AlarmManager: rebatchAllAlarmsLocked  batch.size() = 1
01-01 12:07:38.283913  1613  2475 D AlarmManager:  whichBatch = -1
01-01 12:07:38.284059  1613  2475 D AlarmManager: set alarm to RTC 981333
01-01 12:07:38.284158  1613  2475 D AlarmManager:  whichBatch = -1
01-01 12:07:38.284305  1613  2479 V ActivityManager: startService: Intent { cmp=com.android.providers.media/.MediaScannerService (has extras) } callerApp=ProcessRecord{d5f6759 10724:android.process.media/u0a25}
01-01 12:07:38.285100  3360  3360 D ActivityThread: SVC-Destroying service: com.google.android.gms.icing.service.IndexWorkerService@7c7b821
01-01 12:07:38.285941  1613  2479 V ActivityManager: Sending arguments to: ServiceRecord{c22f911 u0 com.android.providers.media/.MediaScannerService} android.content.Intent$FilterComparison@3bd44ba0 args=Intent { cmp=com.android.providers.media/.MediaScannerService (has extras) }
01-01 12:07:38.286153  1613  2479 V ActivityManager: >>> EXECUTING start of ServiceRecord{c22f911 u0 com.android.providers.media/.MediaScannerService} in app ProcessRecord{d5f6759 10724:android.process.media/u0a25}
01-01 12:07:38.287214  1613  2479 D ActivityManager: SVC-Sent arguments: ServiceRecord{c22f911 u0 com.android.providers.media/.MediaScannerService}, app=ProcessRecord{d5f6759 10724:android.process.media/u0a25}, args=Intent { cmp=com.android.providers.media/.MediaScannerService (has extras) }, flags=0
01-01 12:07:38.287944 10724 10724 D ActivityThread: SVC-Calling onStartCommand: com.android.providers.media.MediaScannerService@4833cfd, flags=0, startId=3
01-01 12:07:38.288672  3360  3360 D ActivityThread: SVC-STOP_SERVICE handled : 0 / android.os.BinderProxy@2229688
01-01 12:07:38.288836  1613  3175 D ActivityManager: SVC-Executing service done: ServiceRecord{88aaa3c u0 com.google.android.gms/.icing.service.IndexWorkerService}, type=2, startId=0, res=0
01-01 12:07:38.289030  1613  3175 V ActivityManager: <<< DONE EXECUTING ServiceRecord{88aaa3c u0 com.google.android.gms/.icing.service.IndexWorkerService}: nesting=1, inDestroying=true, app=ProcessRecord{b1e951f 3360:com.google.android.gms/u0a29}
01-01 12:07:38.293641  1613  2471 D ActivityManager: SVC-Executing service done: ServiceRecord{3322714 u0 com.facebook.appmanager/com.facebook.oxygen.appmanager.sso.SsoService}, type=0, startId=0, res=0
01-01 12:07:38.293675 10971 10971 D ActivityThread: SVC-CREATE_SERVICE handled : 0 / CreateServiceData{token=android.os.BinderProxy@da12279 className=com.facebook.oxygen.appmanager.sso.SsoService packageName=com.facebook.appmanager intent=null}
01-01 12:07:38.293845  1613  2471 V ActivityManager: <<< DONE EXECUTING ServiceRecord{3322714 u0 com.facebook.appmanager/com.facebook.oxygen.appmanager.sso.SsoService}: nesting=2, inDestroying=false, app=ProcessRecord{11dad23 10971:com.facebook.appmanager/u0a128}
01-01 12:07:38.294490 10971 10971 D ActivityThread: SVC-Calling onStartCommand: com.facebook.oxygen.appmanager.sso.SsoService@457636c, flags=0, startId=1
01-01 12:07:38.295132  1613  2476 D ActivityManager: SVC-Executing service done: ServiceRecord{3322714 u0 com.facebook.appmanager/com.facebook.oxygen.appmanager.sso.SsoService}, type=1, startId=1, res=2
01-01 12:07:38.295226 10971 10971 D ActivityThread: SVC-SERVICE_ARGS handled : 0 / ServiceArgsData{token=android.os.BinderProxy@da12279 startId=1 args=Intent { act=login_checkpoint cmp=com.facebook.appmanager/com.facebook.oxygen.appmanager.sso.SsoService }}
01-01 12:07:38.295333  1613  2476 V ActivityManager: <<< DONE EXECUTING ServiceRecord{3322714 u0 com.facebook.appmanager/com.facebook.oxygen.appmanager.sso.SsoService}: nesting=1, inDestroying=false, app=ProcessRecord{11dad23 10971:com.facebook.appmanager/u0a128}
01-01 12:07:38.297270  1613  2478 D ActivityManager: SVC-Executing service done: ServiceRecord{c22f911 u0 com.android.providers.media/.MediaScannerService}, type=1, startId=3, res=3
01-01 12:07:38.297482  1613  2478 V ActivityManager: <<< DONE EXECUTING ServiceRecord{c22f911 u0 com.android.providers.media/.MediaScannerService}: nesting=1, inDestroying=false, app=ProcessRecord{d5f6759 10724:android.process.media/u0a25}
01-01 12:07:38.297495 10724 10724 D ActivityThread: SVC-SERVICE_ARGS handled : 0 / ServiceArgsData{token=android.os.BinderProxy@60ff554 startId=3 args=Intent { cmp=com.android.providers.media/.MediaScannerService (has extras) }}
01-01 12:07:38.304314  1613  1659 I PackageManager: Apk copy done
01-01 12:07:38.304869  1613  1659 I PackageManager: mcs_bound
01-01 12:07:38.305098  1613  1659 I PackageManager: startCopy UserHandle{0}: MeasureParams{11a5a03 com.tripadvisor.tripadvisor}
01-01 12:07:38.489552  1613  1654 D AutomaticBrightnessController: calculateAmbientLux: [0, 100]: lux=0.0, weight=1005000.0
01-01 12:07:38.489768  1613  1654 D AutomaticBrightnessController: calculateAmbientLux: [-2000, 0]: lux=50.0, weight=1.8E7
01-01 12:07:38.489948  1613  1654 D AutomaticBrightnessController: calculateAmbientLux: [-2270, -2000]: lux=0.0, weight=2123550.0
01-01 12:07:38.490153  1613  1654 D AutomaticBrightnessController: calculateAmbientLux: [-2770, -2270]: lux=50.0, weight=3740000.0
01-01 12:07:38.490333  1613  1654 D AutomaticBrightnessController: calculateAmbientLux: [-3020, -2770]: lux=0.0, weight=1776250.0
01-01 12:07:38.490530  1613  1654 D AutomaticBrightnessController: calculateAmbientLux: [-6271, -3020]: lux=50.0, weight=1.740748E7
01-01 12:07:38.490702  1613  1654 D AutomaticBrightnessController: calculateAmbientLux: [-6520, -6271]: lux=0.0, weight=897520.0
01-01 12:07:38.490888  1613  1654 D AutomaticBrightnessController: calculateAmbientLux: [-9030, -6520]: lux=50.0, weight=5584752.0
01-01 12:07:38.491060  1613  1654 D AutomaticBrightnessController: calculateAmbientLux: [-9280, -9030]: lux=0.0, weight=211248.0
01-01 12:07:38.491238  1613  1654 D AutomaticBrightnessController: calculateAmbientLux: [-10000, -9280]: lux=50.0, weight=259200.0
01-01 12:07:38.491402  1613  1654 D AutomaticBrightnessController: calculateAmbientLux: totalWeight=5.1005E7, newAmbientLux=44.104923
01-01 12:07:38.491564  1613  1654 D AutomaticBrightnessController: updateAmbientLux: Scheduling ambient lux update for 976041976041 (in 3998 ms)
01-01 12:07:38.491695  1613  1654 D AutomaticBrightnessController: onSensorChanged: lux = 0.0
01-01 12:07:38.738925  1613  1654 D AutomaticBrightnessController: calculateAmbientLux: [0, 100]: lux=50.0, weight=1005000.0
01-01 12:07:38.739125  1613  1654 D AutomaticBrightnessController: calculateAmbientLux: [-250, 0]: lux=0.0, weight=2468750.0
01-01 12:07:38.739307  1613  1654 D AutomaticBrightnessController: calculateAmbientLux: [-2250, -250]: lux=50.0, weight=1.75E7
01-01 12:07:38.739484  1613  1654 D AutomaticBrightnessController: calculateAmbientLux: [-2520, -2250]: lux=0.0, weight=2056050.0
01-01 12:07:38.739664  1613  1654 D AutomaticBrightnessController: calculateAmbientLux: [-3020, -2520]: lux=50.0, weight=3615000.0
01-01 12:07:38.739839  1613  1654 D AutomaticBrightnessController: calculateAmbientLux: [-3270, -3020]: lux=0.0, weight=1713750.0
01-01 12:07:38.740034  1613  1654 D AutomaticBrightnessController: calculateAmbientLux: [-6521, -3270]: lux=50.0, weight=1.659473E7
01-01 12:07:38.740207  1613  1654 D AutomaticBrightnessController: calculateAmbientLux: [-6770, -6521]: lux=0.0, weight=835272.0
01-01 12:07:38.740390  1613  1654 D AutomaticBrightnessController: calculateAmbientLux: [-9280, -6770]: lux=50.0, weight=4957248.0
01-01 12:07:38.740560  1613  1654 D AutomaticBrightnessController: calculateAmbientLux: [-9530, -9280]: lux=0.0, weight=148752.0
01-01 12:07:38.740739  1613  1654 D AutomaticBrightnessController: calculateAmbientLux: [-10000, -9530]: lux=50.0, weight=110448.0
01-01 12:07:38.740909  1613  1654 D AutomaticBrightnessController: calculateAmbientLux: totalWeight=5.1005E7, newAmbientLux=42.919743
01-01 12:07:38.741060  1613  1654 D AutomaticBrightnessController: updateAmbientLux: Scheduling ambient lux update for 976291976291 (in 3998 ms)
01-01 12:07:38.741196  1613  1654 D AutomaticBrightnessController: onSensorChanged: lux = 50.0
01-01 12:07:38.829144  1613  1659 I PackageManager: Apk copy done
01-01 12:07:38.830800  1613  1659 I PackageManager: mcs_bound
01-01 12:07:38.831228  1613  1659 I PackageManager: startCopy UserHandle{0}: MeasureParams{db6cfb9 com.google.android.onetimeinitializer}
01-01 12:07:38.868324  1613  1659 I PackageManager: Apk copy done
01-01 12:07:38.870656  1613  1659 I PackageManager: mcs_bound
01-01 12:07:38.870861  1613  1659 I PackageManager: startCopy UserHandle{0}: MeasureParams{1de935f com.asus.quickmemoservice}
01-01 12:07:38.879588  1613  2475 V ActivityManager: startService: Intent { cmp=com.android.providers.media/.MediaScannerService (has extras) } callerApp=ProcessRecord{d5f6759 10724:android.process.media/u0a25}
01-01 12:07:38.881239  1613  2475 V ActivityManager: Sending arguments to: ServiceRecord{c22f911 u0 com.android.providers.media/.MediaScannerService} android.content.Intent$FilterComparison@3bd44ba0 args=Intent { cmp=com.android.providers.media/.MediaScannerService (has extras) }
01-01 12:07:38.881402  1613  2475 V ActivityManager: >>> EXECUTING start of ServiceRecord{c22f911 u0 com.android.providers.media/.MediaScannerService} in app ProcessRecord{d5f6759 10724:android.process.media/u0a25}
01-01 12:07:38.882434  1613  2475 D ActivityManager: SVC-Sent arguments: ServiceRecord{c22f911 u0 com.android.providers.media/.MediaScannerService}, app=ProcessRecord{d5f6759 10724:android.process.media/u0a25}, args=Intent { cmp=com.android.providers.media/.MediaScannerService (has extras) }, flags=0
01-01 12:07:38.883176 10724 10724 D ActivityThread: SVC-Calling onStartCommand: com.android.providers.media.MediaScannerService@4833cfd, flags=0, startId=4
01-01 12:07:38.894001 10724 10724 D ActivityThread: SVC-SERVICE_ARGS handled : 0 / ServiceArgsData{token=android.os.BinderProxy@60ff554 startId=4 args=Intent { cmp=com.android.providers.media/.MediaScannerService (has extras) }}
01-01 12:07:38.894844  1613  2478 D ActivityManager: SVC-Executing service done: ServiceRecord{c22f911 u0 com.android.providers.media/.MediaScannerService}, type=1, startId=4, res=3
01-01 12:07:38.895028  1613  2478 V ActivityManager: <<< DONE EXECUTING ServiceRecord{c22f911 u0 com.android.providers.media/.MediaScannerService}: nesting=1, inDestroying=false, app=ProcessRecord{d5f6759 10724:android.process.media/u0a25}
01-01 12:07:38.918179  1613  2218 D PowerManagerService: userActivityFromNative
01-01 12:07:38.918423  1613  2218 D PowerManagerService: userActivityNoUpdateLocked: eventTime=972468, event=2, flags=0x0, uid=1000
01-01 12:07:38.918609  1613  2218 D PowerManagerNotifier: onUserActivity: event=2, uid=1000
01-01 12:07:38.918994  1613  2218 D PowerManagerService: updateUserActivitySummaryLocked: mWakefulness=Awake, mUserActivitySummary=0x1, nextTimeout=1025468 (in 52997 ms)
01-01 12:07:38.919409  1613  2218 D DisplayPowerController: requestPowerState: policy=BRIGHT, useProximitySensor=false, screenBrightness=102, screenAutoBrightnessAdjustment=0.8, brightnessSetByUser=true, useAutoBrightness=true, blockScreenOn=false, lowPowerMode=false, boostScreenBrightness=false, dozeScreenBrightness=-1, dozeScreenState=UNKNOWN, waitForNegativeProximity=false
01-01 12:07:38.919487  1613  2218 I PowerManagerService: setBrightness mButtonLight 0.
01-01 12:07:38.919659  1613  2218 D PowerManagerService: updateDisplayPowerStateLocked: mDisplayReady=true, policy=3, mWakefulness=1, mWakeLockSummary=0x0, mUserActivitySummary=0x1, mBootCompleted=true, mScreenBrightnessBoostInProgress=false
01-01 12:07:38.921215  1613  1659 I PackageManager: Apk copy done
01-01 12:07:38.921736  1613  1659 I PackageManager: mcs_bound
01-01 12:07:38.922108  1613  1659 I PackageManager: startCopy UserHandle{0}: MeasureParams{cebae75 com.asus.mobilemanager}
01-01 12:07:38.990536  1613  1659 I PackageManager: Apk copy done
01-01 12:07:38.991170  1613  1659 I PackageManager: mcs_bound
01-01 12:07:38.991739  1613  1659 I PackageManager: startCopy UserHandle{0}: MeasureParams{2ff1e0a com.mediatek.fwk.plugin}
01-01 12:07:38.993298  1613  1654 D AutomaticBrightnessController: calculateAmbientLux: [0, 100]: lux=0.0, weight=1005000.0
01-01 12:07:38.993515  1613  1654 D AutomaticBrightnessController: calculateAmbientLux: [-254, 0]: lux=50.0, weight=2507742.0
01-01 12:07:38.993753  1613  1654 D AutomaticBrightnessController: calculateAmbientLux: [-504, -254]: lux=0.0, weight=2405250.0
01-01 12:07:38.993947  1613  1654 D AutomaticBrightnessController: calculateAmbientLux: [-2504, -504]: lux=50.0, weight=1.6992E7
01-01 12:07:38.994122  1613  1654 D AutomaticBrightnessController: calculateAmbientLux: [-2774, -2504]: lux=0.0, weight=1987470.0
01-01 12:07:38.994302  1613  1654 D AutomaticBrightnessController: calculateAmbientLux: [-3274, -2774]: lux=50.0, weight=3488000.0
01-01 12:07:38.994474  1613  1654 D AutomaticBrightnessController: calculateAmbientLux: [-3524, -3274]: lux=0.0, weight=1650250.0
01-01 12:07:38.994672  1613  1654 D AutomaticBrightnessController: calculateAmbientLux: [-6775, -3524]: lux=50.0, weight=1.5768976E7
01-01 12:07:38.994844  1613  1654 D AutomaticBrightnessController: calculateAmbientLux: [-7024, -6775]: lux=0.0, weight=772024.0
01-01 12:07:38.995035  1613  1654 D AutomaticBrightnessController: calculateAmbientLux: [-9534, -7024]: lux=50.0, weight=4319712.0
01-01 12:07:38.995205  1613  1654 D AutomaticBrightnessController: calculateAmbientLux: [-9784, -9534]: lux=0.0, weight=85248.0
01-01 12:07:38.995383  1613  1654 D AutomaticBrightnessController: calculateAmbientLux: [-10000, -9784]: lux=50.0, weight=23328.0
01-01 12:07:38.995544  1613  1654 D AutomaticBrightnessController: calculateAmbientLux: totalWeight=5.1005E7, newAmbientLux=42.25052
01-01 12:07:38.995696  1613  1654 D AutomaticBrightnessController: updateAmbientLux: Scheduling ambient lux update for 976545976545 (in 3998 ms)
01-01 12:07:38.995822  1613  1654 D AutomaticBrightnessController: onSensorChanged: lux = 0.0
01-01 12:07:39.057951  1613  1639 V ActivityManager: startService: Intent { cmp=com.android.providers.media/.MediaScannerService (has extras) } callerApp=ProcessRecord{d5f6759 10724:android.process.media/u0a25}
01-01 12:07:39.059586  1613  1639 V ActivityManager: Sending arguments to: ServiceRecord{c22f911 u0 com.android.providers.media/.MediaScannerService} android.content.Intent$FilterComparison@3bd44ba0 args=Intent { cmp=com.android.providers.media/.MediaScannerService (has extras) }
01-01 12:07:39.059782  1613  1639 V ActivityManager: >>> EXECUTING start of ServiceRecord{c22f911 u0 com.android.providers.media/.MediaScannerService} in app ProcessRecord{d5f6759 10724:android.process.media/u0a25}
01-01 12:07:39.060876  1613  1639 D ActivityManager: SVC-Sent arguments: ServiceRecord{c22f911 u0 com.android.providers.media/.MediaScannerService}, app=ProcessRecord{d5f6759 10724:android.process.media/u0a25}, args=Intent { cmp=com.android.providers.media/.MediaScannerService (has extras) }, flags=0
01-01 12:07:39.063723 10724 10724 D ActivityThread: SVC-Calling onStartCommand: com.android.providers.media.MediaScannerService@4833cfd, flags=0, startId=5
01-01 12:07:39.074664 10724 10724 D ActivityThread: SVC-SERVICE_ARGS handled : 0 / ServiceArgsData{token=android.os.BinderProxy@60ff554 startId=5 args=Intent { cmp=com.android.providers.media/.MediaScannerService (has extras) }}
01-01 12:07:39.075104  1613  2472 D ActivityManager: SVC-Executing service done: ServiceRecord{c22f911 u0 com.android.providers.media/.MediaScannerService}, type=1, startId=5, res=3
01-01 12:07:39.075271  1613  2472 V ActivityManager: <<< DONE EXECUTING ServiceRecord{c22f911 u0 com.android.providers.media/.MediaScannerService}: nesting=1, inDestroying=false, app=ProcessRecord{d5f6759 10724:android.process.media/u0a25}
01-01 12:07:39.076460  1613  1659 I PackageManager: Apk copy done
01-01 12:07:39.076638  1613  3158 D WindowManager: addWindowToListInOrderLocked: win=Window{b2f86b9 u0 } Callers=com.android.server.wm.WindowManagerService.addWindow:2782 com.android.server.wm.Session.addToDisplay:171 android.view.IWindowSession$Stub.onTransact:124 com.android.server.wm.Session.onTransact:133 
01-01 12:07:39.076822  1613  3158 V WindowManager: not Base app: Adding window Window{b2f86b9 u0 } at 7 of 11
01-01 12:07:39.077035  1613  3158 V WindowManager: Looking for focus: 10 = Window{a55768f u0 StatusBar}, flags=-2122055608, canReceive=false
01-01 12:07:39.077228  1613  3158 V WindowManager: findFocusedWindow: Found new focus @ 7 = Window{b2f86b9 u0 }
01-01 12:07:39.077353  1613  1659 I PackageManager: mcs_bound
01-01 12:07:39.077545  1613  1659 I PackageManager: startCopy UserHandle{0}: MeasureParams{783067b com.asus.powersaver}
01-01 12:07:39.077868  1613  3158 V WindowManager: Changing focus from Window{3471f4 u0 com.mediatek.mtklogger/com.mediatek.mtklogger.MainActivity} to Window{b2f86b9 u0 } Callers=com.android.server.wm.WindowManagerService.addWindow:2822 com.android.server.wm.Session.addToDisplay:171 android.view.IWindowSession$Stub.onTransact:124 com.android.server.wm.Session.onTransact:133 
01-01 12:07:39.078188  1613  3158 D WindowManager: Input focus has changed to Window{b2f86b9 u0 }
01-01 12:07:39.079922  1613  1651 I WindowManager: Focus moving from Window{3471f4 u0 com.mediatek.mtklogger/com.mediatek.mtklogger.MainActivity} to Window{b2f86b9 u0 }
01-01 12:07:39.080054  1613  1651 I WindowManager: Gaining focus: Window{b2f86b9 u0 }
01-01 12:07:39.122065  1613  2474 I WindowStateAnimator:   CREATE SURFACE Surface(name=) IN SESSION android.view.SurfaceSession@7359ed7: pid=6406 format=-2 flags=0x4 / WindowStateAnimator{a5eeafe }
01-01 12:07:39.122902  1613  2474 V WindowManager: Looking for focus: 10 = Window{a55768f u0 StatusBar}, flags=-2122055608, canReceive=false
01-01 12:07:39.123113  1613  2474 V WindowManager: findFocusedWindow: Found new focus @ 7 = Window{b2f86b9 u0 }
01-01 12:07:39.132295  1613  1613 V ActivityManager: Broadcast: Intent { act=android.intent.action.DROPBOX_ENTRY_ADDED flg=0x10 (has extras) } ordered=false userid=0 callerApp=ProcessRecord{dcbe4d3 1613:system/1000}
01-01 12:07:39.136045  1613  1659 I PackageManager: Apk copy done
01-01 12:07:39.136593  1613  1659 I PackageManager: mcs_bound
01-01 12:07:39.136833  1613  1659 I PackageManager: startCopy UserHandle{0}: MeasureParams{a55bcf1 com.android.inputdevices}
01-01 12:07:39.184616  1613  2475 V WindowStateAnimator: finishDrawingLocked: mDrawState=COMMIT_DRAW_PENDING WindowStateAnimator{a5eeafe } in Surface(name=)
01-01 12:07:39.203707  1613  1651 I WindowManager: Losing delayed focus: Window{3471f4 u0 com.mediatek.mtklogger/com.mediatek.mtklogger.MainActivity}
01-01 12:07:39.243256  1613  1654 D AutomaticBrightnessController: calculateAmbientLux: [0, 100]: lux=50.0, weight=1005000.0
01-01 12:07:39.243526  1613  1654 D AutomaticBrightnessController: calculateAmbientLux: [-250, 0]: lux=0.0, weight=2468750.0
01-01 12:07:39.243763  1613  1654 D AutomaticBrightnessController: calculateAmbientLux: [-504, -250]: lux=50.0, weight=2444242.0
01-01 12:07:39.243975  1613  1654 D AutomaticBrightnessController: calculateAmbientLux: [-754, -504]: lux=0.0, weight=2342750.0
01-01 12:07:39.244171  1613  1654 D AutomaticBrightnessController: calculateAmbientLux: [-2754, -754]: lux=50.0, weight=1.6492E7
01-01 12:07:39.244357  1613  1654 D AutomaticBrightnessController: calculateAmbientLux: [-3024, -2754]: lux=0.0, weight=1919970.0
01-01 12:07:39.244549  1613  1654 D AutomaticBrightnessController: calculateAmbientLux: [-3524, -3024]: lux=50.0, weight=3363000.0
01-01 12:07:39.244734  1613  1654 D AutomaticBrightnessController: calculateAmbientLux: [-3774, -3524]: lux=0.0, weight=1587750.0
01-01 12:07:39.244942  1613  1654 D AutomaticBrightnessController: calculateAmbientLux: [-7025, -3774]: lux=50.0, weight=1.4956226E7
01-01 12:07:39.245140  1613  1654 D AutomaticBrightnessController: calculateAmbientLux: [-7274, -7025]: lux=0.0, weight=709776.0
01-01 12:07:39.245348  1613  1654 D AutomaticBrightnessController: calculateAmbientLux: [-9784, -7274]: lux=50.0, weight=3692208.0
01-01 12:07:39.245529  1613  1654 D AutomaticBrightnessController: calculateAmbientLux: [-10000, -9784]: lux=0.0, weight=23328.0
01-01 12:07:39.245708  1613  1654 D AutomaticBrightnessController: calculateAmbientLux: totalWeight=5.1005E7, newAmbientLux=41.12604
01-01 12:07:39.245877  1613  1654 D AutomaticBrightnessController: updateAmbientLux: Scheduling ambient lux update for 976795976795 (in 3997 ms)
01-01 12:07:39.246031  1613  1654 D AutomaticBrightnessController: onSensorChanged: lux = 50.0
01-01 12:07:39.290711  1613  1659 I PackageManager: Apk copy done
01-01 12:07:39.291249  1613  1659 I PackageManager: mcs_bound
01-01 12:07:39.291478  1613  1659 I PackageManager: startCopy UserHandle{0}: MeasureParams{7318f57 com.zinio.android.settings}
01-01 12:07:39.346380  1613  1659 I PackageManager: Apk copy done
01-01 12:07:39.346877  1613  1659 I PackageManager: mcs_bound
01-01 12:07:39.347118  1613  1659 I PackageManager: startCopy UserHandle{0}: MeasureParams{a78372d com.android.keychain}
01-01 12:07:39.356652  1613  2472 V ActivityManager: startService: Intent { cmp=com.android.providers.media/.MediaScannerService (has extras) } callerApp=ProcessRecord{d5f6759 10724:android.process.media/u0a25}
01-01 12:07:39.358420  1613  2472 V ActivityManager: Sending arguments to: ServiceRecord{c22f911 u0 com.android.providers.media/.MediaScannerService} android.content.Intent$FilterComparison@3bd44ba0 args=Intent { cmp=com.android.providers.media/.MediaScannerService (has extras) }
01-01 12:07:39.358560  1613  2472 V ActivityManager: >>> EXECUTING start of ServiceRecord{c22f911 u0 com.android.providers.media/.MediaScannerService} in app ProcessRecord{d5f6759 10724:android.process.media/u0a25}
01-01 12:07:39.360232  1613  2472 D ActivityManager: SVC-Sent arguments: ServiceRecord{c22f911 u0 com.android.providers.media/.MediaScannerService}, app=ProcessRecord{d5f6759 10724:android.process.media/u0a25}, args=Intent { cmp=com.android.providers.media/.MediaScannerService (has extras) }, flags=0
01-01 12:07:39.362422 10724 10724 D ActivityThread: SVC-Calling onStartCommand: com.android.providers.media.MediaScannerService@4833cfd, flags=0, startId=6
01-01 12:07:39.375447 10724 10724 D ActivityThread: SVC-SERVICE_ARGS handled : 0 / ServiceArgsData{token=android.os.BinderProxy@60ff554 startId=6 args=Intent { cmp=com.android.providers.media/.MediaScannerService (has extras) }}
01-01 12:07:39.376801  1613  3158 D ActivityManager: SVC-Executing service done: ServiceRecord{c22f911 u0 com.android.providers.media/.MediaScannerService}, type=1, startId=6, res=3
01-01 12:07:39.376958  1613  3158 V ActivityManager: <<< DONE EXECUTING ServiceRecord{c22f911 u0 com.android.providers.media/.MediaScannerService}: nesting=1, inDestroying=false, app=ProcessRecord{d5f6759 10724:android.process.media/u0a25}
01-01 12:07:39.408927  1613  1659 I PackageManager: Apk copy done
01-01 12:07:39.409896  1613  1659 I PackageManager: mcs_bound
01-01 12:07:39.410166  1613  1659 I PackageManager: startCopy UserHandle{0}: MeasureParams{e2164ae com.mediatek}
01-01 12:07:39.476209  1613  1659 I PackageManager: Apk copy done
01-01 12:07:39.476837  1613  1659 I PackageManager: mcs_bound
01-01 12:07:39.477058  1613  1659 I PackageManager: startCopy UserHandle{0}: MeasureParams{d79124f com.android.bluetooth}
01-01 12:07:39.490375  1613  1654 D AutomaticBrightnessController: calculateAmbientLux: [0, 100]: lux=0.0, weight=1005000.0
01-01 12:07:39.490681  1613  1654 D AutomaticBrightnessController: calculateAmbientLux: [-247, 0]: lux=50.0, weight=2439495.5
01-01 12:07:39.490903  1613  1654 D AutomaticBrightnessController: calculateAmbientLux: [-497, -247]: lux=0.0, weight=2407000.0
01-01 12:07:39.491093  1613  1654 D AutomaticBrightnessController: calculateAmbientLux: [-751, -497]: lux=50.0, weight=2381504.0
01-01 12:07:39.491294  1613  1654 D AutomaticBrightnessController: calculateAmbientLux: [-1001, -751]: lux=0.0, weight=2281000.5
01-01 12:07:39.491629  1613  1654 D AutomaticBrightnessController: calculateAmbientLux: [-3001, -1001]: lux=50.0, weight=1.5998E7
01-01 12:07:39.491888  1613  1654 D AutomaticBrightnessController: calculateAmbientLux: [-3271, -3001]: lux=0.0, weight=1853280.0
01-01 12:07:39.492120  1613  1654 D AutomaticBrightnessController: calculateAmbientLux: [-3771, -3271]: lux=50.0, weight=3239500.0
01-01 12:07:39.492301  1613  1654 D AutomaticBrightnessController: calculateAmbientLux: [-4021, -3771]: lux=0.0, weight=1526000.0
01-01 12:07:39.492520  1613  1654 D AutomaticBrightnessController: calculateAmbientLux: [-7272, -4021]: lux=50.0, weight=1.4153228E7
01-01 12:07:39.492702  1613  1654 D AutomaticBrightnessController: calculateAmbientLux: [-7521, -7272]: lux=0.0, weight=648272.0
01-01 12:07:39.492931  1613  1654 D AutomaticBrightnessController: calculateAmbientLux: [-10000, -7521]: lux=50.0, weight=3072720.0
01-01 12:07:39.493107  1613  1654 D AutomaticBrightnessController: calculateAmbientLux: totalWeight=5.1005E7, newAmbientLux=40.47098
01-01 12:07:39.493300  1613  1654 D AutomaticBrightnessController: updateAmbientLux: Scheduling ambient lux update for 977042977042 (in 3997 ms)
01-01 12:07:39.493450  1613  1654 D AutomaticBrightnessController: onSensorChanged: lux = 0.0
01-01 12:07:39.546010  1613  1659 I PackageManager: Apk copy done
01-01 12:07:39.546519  1613  1659 I PackageManager: mcs_bound
01-01 12:07:39.546737  1613  1659 I PackageManager: startCopy UserHandle{0}: MeasureParams{83b0ddc com.asus.res.defaulttheme}
01-01 12:07:39.547539  1613  3175 V ActivityManager: startService: Intent { cmp=com.android.providers.media/.MediaScannerService (has extras) } callerApp=ProcessRecord{d5f6759 10724:android.process.media/u0a25}
01-01 12:07:39.549323  1613  3175 V ActivityManager: Sending arguments to: ServiceRecord{c22f911 u0 com.android.providers.media/.MediaScannerService} android.content.Intent$FilterComparison@3bd44ba0 args=Intent { cmp=com.android.providers.media/.MediaScannerService (has extras) }
01-01 12:07:39.549456  1613  3175 V ActivityManager: >>> EXECUTING start of ServiceRecord{c22f911 u0 com.android.providers.media/.MediaScannerService} in app ProcessRecord{d5f6759 10724:android.process.media/u0a25}
01-01 12:07:39.550571  1613  3175 D ActivityManager: SVC-Sent arguments: ServiceRecord{c22f911 u0 com.android.providers.media/.MediaScannerService}, app=ProcessRecord{d5f6759 10724:android.process.media/u0a25}, args=Intent { cmp=com.android.providers.media/.MediaScannerService (has extras) }, flags=0
01-01 12:07:39.551409 10724 10724 D ActivityThread: SVC-Calling onStartCommand: com.android.providers.media.MediaScannerService@4833cfd, flags=0, startId=7
01-01 12:07:39.568057  1613  2472 D ActivityManager: SVC-Executing service done: ServiceRecord{c22f911 u0 com.android.providers.media/.MediaScannerService}, type=1, startId=7, res=3
01-01 12:07:39.568119 10724 10724 D ActivityThread: SVC-SERVICE_ARGS handled : 0 / ServiceArgsData{token=android.os.BinderProxy@60ff554 startId=7 args=Intent { cmp=com.android.providers.media/.MediaScannerService (has extras) }}
01-01 12:07:39.568267  1613  2472 V ActivityManager: <<< DONE EXECUTING ServiceRecord{c22f911 u0 com.android.providers.media/.MediaScannerService}: nesting=1, inDestroying=false, app=ProcessRecord{d5f6759 10724:android.process.media/u0a25}
01-01 12:07:39.609873  1613  1659 I PackageManager: Apk copy done
01-01 12:07:39.611739  1613  1659 I PackageManager: mcs_bound
01-01 12:07:39.612164  1613  1659 I PackageManager: startCopy UserHandle{0}: MeasureParams{3861ee5 com.example}
01-01 12:07:39.691105  1613  1659 I PackageManager: Apk copy done
01-01 12:07:39.692627  1613  1659 I PackageManager: mcs_bound
01-01 12:07:39.692865  1613  1659 I PackageManager: startCopy UserHandle{0}: MeasureParams{7a31dba com.google.android.apps.photos}
01-01 12:07:39.735776  1613  2476 V ActivityManager: startService: Intent { cmp=com.android.providers.media/.MediaScannerService (has extras) } callerApp=ProcessRecord{d5f6759 10724:android.process.media/u0a25}
01-01 12:07:39.740838  1613  1654 D AutomaticBrightnessController: calculateAmbientLux: [0, 100]: lux=50.0, weight=1005000.0
01-01 12:07:39.741064  1613  1654 D AutomaticBrightnessController: calculateAmbientLux: [-250, 0]: lux=0.0, weight=2468750.0
01-01 12:07:39.741288  1613  1654 D AutomaticBrightnessController: calculateAmbientLux: [-497, -250]: lux=50.0, weight=2377745.5
01-01 12:07:39.741522  1613  1654 D AutomaticBrightnessController: calculateAmbientLux: [-747, -497]: lux=0.0, weight=2344500.0
01-01 12:07:39.741719  1613  1654 D AutomaticBrightnessController: calculateAmbientLux: [-1001, -747]: lux=50.0, weight=2318004.5
01-01 12:07:39.741926  1613  1654 D AutomaticBrightnessController: calculateAmbientLux: [-1251, -1001]: lux=0.0, weight=2218500.0
01-01 12:07:39.742132  1613  1654 D AutomaticBrightnessController: calculateAmbientLux: [-3251, -1251]: lux=50.0, weight=1.5498E7
01-01 12:07:39.742393  1613  1654 D AutomaticBrightnessController: calculateAmbientLux: [-3521, -3251]: lux=0.0, weight=1785780.0
01-01 12:07:39.742603  1613  1654 D AutomaticBrightnessController: calculateAmbientLux: [-4021, -3521]: lux=50.0, weight=3114500.0
01-01 12:07:39.742787  1613  1654 D AutomaticBrightnessController: calculateAmbientLux: [-4271, -4021]: lux=0.0, weight=1463500.0
01-01 12:07:39.743017  1613  1654 D AutomaticBrightnessController: calculateAmbientLux: [-7522, -4271]: lux=50.0, weight=1.334048E7
01-01 12:07:39.743254  1613  1654 D AutomaticBrightnessController: calculateAmbientLux: [-7771, -7522]: lux=0.0, weight=586020.0
01-01 12:07:39.743501  1613  1654 D AutomaticBrightnessController: calculateAmbientLux: [-10000, -7771]: lux=50.0, weight=2484220.0
01-01 12:07:39.743693  1613  1654 D AutomaticBrightnessController: calculateAmbientLux: totalWeight=5.1005E7, newAmbientLux=39.347073
01-01 12:07:39.743860  1613  1654 D AutomaticBrightnessController: updateAmbientLux: Scheduling ambient lux update for 977292977292 (in 3996 ms)
01-01 12:07:39.744020  1613  1654 D AutomaticBrightnessController: onSensorChanged: lux = 50.0
01-01 12:07:39.748737  1613  2476 V ActivityManager: Sending arguments to: ServiceRecord{c22f911 u0 com.android.providers.media/.MediaScannerService} android.content.Intent$FilterComparison@3bd44ba0 args=Intent { cmp=com.android.providers.media/.MediaScannerService (has extras) }
01-01 12:07:39.748926  1613  2476 V ActivityManager: >>> EXECUTING start of ServiceRecord{c22f911 u0 com.android.providers.media/.MediaScannerService} in app ProcessRecord{d5f6759 10724:android.process.media/u0a25}
01-01 12:07:39.750080  1613  2476 D ActivityManager: SVC-Sent arguments: ServiceRecord{c22f911 u0 com.android.providers.media/.MediaScannerService}, app=ProcessRecord{d5f6759 10724:android.process.media/u0a25}, args=Intent { cmp=com.android.providers.media/.MediaScannerService (has extras) }, flags=0
01-01 12:07:39.750632 10724 10724 D ActivityThread: SVC-Calling onStartCommand: com.android.providers.media.MediaScannerService@4833cfd, flags=0, startId=8
01-01 12:07:39.765223 10724 10724 D ActivityThread: SVC-SERVICE_ARGS handled : 0 / ServiceArgsData{token=android.os.BinderProxy@60ff554 startId=8 args=Intent { cmp=com.android.providers.media/.MediaScannerService (has extras) }}
01-01 12:07:39.767490  1613  2477 D ActivityManager: SVC-Executing service done: ServiceRecord{c22f911 u0 com.android.providers.media/.MediaScannerService}, type=1, startId=8, res=3
01-01 12:07:39.767780  1613  2477 V ActivityManager: <<< DONE EXECUTING ServiceRecord{c22f911 u0 com.android.providers.media/.MediaScannerService}: nesting=1, inDestroying=false, app=ProcessRecord{d5f6759 10724:android.process.media/u0a25}
01-01 12:07:39.777403  1613  1659 I PackageManager: Apk copy done
01-01 12:07:39.778910  1613  1659 I PackageManager: mcs_bound
01-01 12:07:39.779290  1613  1659 I PackageManager: startCopy UserHandle{0}: MeasureParams{b5e846b com.android.printspooler}
01-01 12:07:39.818229  1613  2472 V ActivityManager: Broadcast: Intent { act=com.mediatek.mtklogger.intent.action.LOG_STATE_CHANGED flg=0x10 (has extras) } ordered=false userid=0 callerApp=ProcessRecord{76bab8c 6406:com.mediatek.mtklogger/u0a92}
01-01 12:07:39.819376  1613  1646 V BroadcastQueue: Processing parallel broadcast [background] BroadcastRecord{477a25f u0 com.mediatek.mtklogger.intent.action.LOG_STATE_CHANGED}, 1 receivers
01-01 12:07:39.819699  1613  1646 D BroadcastQueue: BroadcastRecord{477a25f u0 com.mediatek.mtklogger.intent.action.LOG_STATE_CHANGED}, #0 BroadcastFilter{e0c8bdf u0 ReceiverList{1f78a7e 6406 com.mediatek.mtklogger/10092/u0 remote:850f439}}
01-01 12:07:39.820011  1613  1646 D BroadcastQueue: BDC-Delivering broadcast: Intent { act=com.mediatek.mtklogger.intent.action.LOG_STATE_CHANGED flg=0x10 (has extras) }, queue=background, ordered=false, filter=BroadcastFilter{e0c8bdf u0 ReceiverList{1f78a7e 6406 com.mediatek.mtklogger/10092/u0 remote:850f439}}, receiver=null
01-01 12:07:39.820567  1613  1646 D BroadcastQueue: Non-ordered [background] BroadcastRecord{477a25f u0 com.mediatek.mtklogger.intent.action.LOG_STATE_CHANGED}, 1 receivers, Total: 1, Waiting: 0, Processing: 1
01-01 12:07:39.822443  6406  6406 D ActivityThread: BDC-Calling onReceive: intent=Intent { act=com.mediatek.mtklogger.intent.action.LOG_STATE_CHANGED flg=0x10 (has extras) }, ordered=true, receiver=com.mediatek.mtklogger.MainActivity$1@3b2266f, IIntentReceiver=f3467d0
01-01 12:07:39.849716  1613  3012 V WindowManager: Remove Window{b2f86b9 u0 } client=94a080, surface=Surface(name=) Callers=com.android.server.wm.WindowManagerService.removeWindow:2911 com.android.server.wm.Session.remove:190 android.view.IWindowSession$Stub.onTransact:242 com.android.server.wm.Session.onTransact:133 
01-01 12:07:39.858236  1613  3012 V WindowManager: Looking for focus: 10 = Window{a55768f u0 StatusBar}, flags=-2122055608, canReceive=false
01-01 12:07:39.858498  1613  3012 V WindowManager: findFocusedWindow: Found new focus @ 6 = Window{3471f4 u0 com.mediatek.mtklogger/com.mediatek.mtklogger.MainActivity}
01-01 12:07:39.863645  1613  3012 V WindowManager: Changing focus from Window{b2f86b9 u0  EXITING} to Window{3471f4 u0 com.mediatek.mtklogger/com.mediatek.mtklogger.MainActivity} Callers=com.android.server.wm.WindowManagerService.removeWindowLocked:2984 com.android.server.wm.WindowManagerService.removeWindow:2911 com.android.server.wm.Session.remove:190 android.view.IWindowSession$Stub.onTransact:242 
01-01 12:07:39.864296  1613  3012 D WindowManager: Input focus has changed to Window{3471f4 u0 com.mediatek.mtklogger/com.mediatek.mtklogger.MainActivity}
01-01 12:07:39.871251  1613  1651 I WindowManager: Focus moving from Window{b2f86b9 u0  EXITING} to Window{3471f4 u0 com.mediatek.mtklogger/com.mediatek.mtklogger.MainActivity}
01-01 12:07:39.871393  1613  1651 I WindowManager: Gaining focus: Window{3471f4 u0 com.mediatek.mtklogger/com.mediatek.mtklogger.MainActivity}
